-----------------------------------------------------------------------------------------------------------------------------------------
      name:  <unnamed>
       log:  /Users/saul/Dropbox/Remote Work Startups/main/spec/log/firm_mechanisms_wage_gap.log
  log type:  text
 opened on:  28 May 2025, 06:01:19

. 
. 
. // 0) Globals + setup
. do "../src/globals.do"

. global raw_data "../data/raw"

. global processed_data  "../data/processed"

. global results "../results/raw"

. global clean_results "../results/cleaned"

. 
. 
. 
end of do-file

. local result_dir "$results/`specname'"

. capture mkdir "`result_dir'"

. 
. // 1) Load & prepare once
. use "$processed_data/firm_panel.dta", clear

. gen seniority_4 = !inrange(seniority_levels,1,3)

. 
. // interactions
. gen var8  = covid*rent
(3,186 missing values generated)

. gen var9  = covid*rent*remote
(3,186 missing values generated)

. gen var10 = teleworkable*covid*rent
(3,186 missing values generated)

. gen var11 = covid*hhi_1000
(34 missing values generated)

. gen var12 = covid*hhi_1000*remote
(34 missing values generated)

. gen var13 = teleworkable*covid*hhi_1000
(34 missing values generated)

. gen var14 = covid*seniority_4

. gen var15 = covid*seniority_4*remote

. gen var16 = teleworkable*covid*seniority_4

. 
. 
. // pick your mechanism here
. local mech    sd_wage    // or: p90_p10_gap

. local mech_label  sdw 

. 
. // generate interactions
. gen var17 = covid*`mech'
(399 missing values generated)

. gen var18 = covid*`mech'*remote
(399 missing values generated)

. gen var19 = teleworkable*covid*`mech'
(399 missing values generated)

. 
. 
. 
. // 2) postfile definition
. capture postclose handle

. tempfile out

. postfile handle ///
>     str8   model_type  /// "OLS", "IV"
>     str244 spec        ///
>     str40  param       ///
>     double coef se pval pre_mean rkf nobs /// <-- exactly five numeric columns
>     using `out', replace
(file /var/folders/hg/s3xm9w393gxby64_zklmhgbc0000gn/T//S_39148.000001 not found)

. 
. 
. 
. * ────────────────────────────────────────────────────────
. * 2) Redefine your specs list (16 total)
. * ────────────────────────────────────────────────────────
. 
. local specs ///
>   "baseline" ///
>   "rent" "hhi" "seniority" "`mech_label'" ///
>   "rent_hhi" "rent_seniority" "rent_`mech_label'" "hhi_seniority" "hhi_`mech_label'" "seniority_`mech_label'" ///
>   "rent_hhi_seniority" "rent_hhi_`mech_label'" "rent_seniority_`mech_label'" "hhi_seniority_`mech_label'" ///
>   "rent_hhi_seniority_`mech_label'"

. 
. 
. drop if missing(rent, hhi_1000, seniority_4, sd_wage, p90_p10_gap)
(3,544 observations deleted)

. 
. 
. * ────────────────────────────────────────────────────────
. * 3) Define spec_… locals for OLS exog, IV exog, instruments & endogenous
. *    (indices correspond to word positions in `specs`)
. * ────────────────────────────────────────────────────────
. 
. //  1) baseline
. local spec_ols_exog1  var4

. local spec_iv_exog1   var4

. local spec_instr1     var6 var7

. local spec_endo1      var3 var5

. 
. //  2) rent
. local spec_ols_exog2  var4 var8  var9

. local spec_iv_exog2   var4 var8

. local spec_instr2     var6 var7 var10

. local spec_endo2      var3 var5 var9

. 
. //  3) hhi
. local spec_ols_exog3  var4 var11 var12

. local spec_iv_exog3   var4 var11

. local spec_instr3     var6 var7 var13

. local spec_endo3      var3 var5 var12

. 
. //  4) seniority
. local spec_ols_exog4  var4 var14 var15

. local spec_iv_exog4   var4 var14

. local spec_instr4     var6 var7 var16

. local spec_endo4      var3 var5 var15

. 
. //  5) `mech'
. local spec_ols_exog5  var4 var17 var18

. local spec_iv_exog5   var4 var17

. local spec_instr5     var6 var7 var19

. local spec_endo5      var3 var5 var18

. 
. //  6) rent_hhi
. local spec_ols_exog6  var4 var8 var9 var11 var12

. local spec_iv_exog6   var4 var8 var11

. local spec_instr6     var6 var7 var10 var13

. local spec_endo6      var3 var5 var9 var12

. 
. //  7) rent_seniority
. local spec_ols_exog7  var4 var8 var9 var14 var15

. local spec_iv_exog7   var4 var8 var14

. local spec_instr7     var6 var7 var10 var16

. local spec_endo7      var3 var5 var9 var15

. 
. //  8) rent_`mech'
. local spec_ols_exog8  var4 var8 var9 var17 var18

. local spec_iv_exog8   var4 var8 var17

. local spec_instr8     var6 var7 var10 var19

. local spec_endo8      var3 var5 var9 var18

. 
. //  9) hhi_seniority
. local spec_ols_exog9  var4 var11 var12 var14 var15

. local spec_iv_exog9   var4 var11 var14

. local spec_instr9     var6 var7 var13 var16

. local spec_endo9      var3 var5 var12 var15

. 
. // 10) hhi_`mech'
. local spec_ols_exog10 var4 var11 var12 var17 var18

. local spec_iv_exog10  var4 var11 var17

. local spec_instr10    var6 var7 var13 var19

. local spec_endo10     var3 var5 var12 var18

. 
. // 11) `mech'_seniority
. local spec_ols_exog11 var4 var17 var18 var14 var15

. local spec_iv_exog11  var4 var17 var14

. local spec_instr11    var6 var7 var19 var16

. local spec_endo11     var3 var5 var18 var15

. 
. // 12) rent_hhi_seniority
. local spec_ols_exog12 var4 var8 var9 var11 var12 var14 var15

. local spec_iv_exog12  var4 var8 var11 var14

. local spec_instr12    var6 var7 var10 var13 var16

. local spec_endo12     var3 var5 var9 var12 var15

. 
. // 13) rent_hhi_`mech'
. local spec_ols_exog13 var4 var8 var9 var11 var12 var17 var18

. local spec_iv_exog13  var4 var8 var11 var17

. local spec_instr13    var6 var7 var10 var13 var19

. local spec_endo13     var3 var5 var9 var12 var18

. 
. // 14) rent_seniority_`mech'
. local spec_ols_exog14 var4 var8 var9 var14 var15 var17 var18

. local spec_iv_exog14  var4 var8 var14 var17

. local spec_instr14    var6 var7 var10 var16 var19

. local spec_endo14     var3 var5 var9 var15 var18

. 
. // 15) hhi_seniority_`mech'
. local spec_ols_exog15 var4 var11 var12 var14 var15 var17 var18

. local spec_iv_exog15  var4 var11 var14 var17

. local spec_instr15    var6 var7 var13 var16 var19

. local spec_endo15     var3 var5 var12 var15 var18

. 
. // 16) rent_hhi_seniority_`mech'
. local spec_ols_exog16 var4 var8 var9 var11 var12 var14 var15 var17 var18

. local spec_iv_exog16  var4 var8 var11 var14 var17

. local spec_instr16    var6 var7 var10 var13 var16 var19

. local spec_endo16     var3 var5 var9 var12 var15 var18

. 
. 
. 
. 
. * ─── SPEC 1: Baseline on the full sample ────────────────────────
. display as text "→ Spec 1: baseline (full sample)"
→ Spec 1: baseline (full sample)

. 
. summarize growth_rate_we if covid == 0, meanonly

. local pre_mean = r(mean)

. 
. // 1a) OLS
. reghdfe growth_rate_we var3 var5 var4, ///
>     absorb(firm_id yh) vce(cluster firm_id)
(MWFE estimator converged in 4 iterations)

HDFE Linear regression                            Number of obs   =     38,436
Absorbing 2 HDFE groups                           F(   3,   3206) =      25.89
Statistics robust to heteroskedasticity           Prob > F        =     0.0000
                                                  R-squared       =     0.3517
                                                  Adj R-squared   =     0.2925
                                                  Within R-sq.    =     0.0060
Number of clusters (firm_id) =      3,207         Root MSE        =     0.1849

                            (Std. err. adjusted for 3,207 clusters in firm_id)
------------------------------------------------------------------------------
             |               Robust
growth_rat~e | Coefficient  std. err.      t    P>|t|     [95% conf. interval]
-------------+----------------------------------------------------------------
        var3 |    .001143   .0048988     0.23   0.816    -.0084622    .0107481
        var5 |   .0702579   .0251245     2.80   0.005     .0209963    .1195195
        var4 |  -.1199826   .0224273    -5.35   0.000    -.1639559   -.0760093
       _cons |   .1023288   .0013003    78.69   0.000     .0997792    .1048783
------------------------------------------------------------------------------

Absorbed degrees of freedom:
-----------------------------------------------------+
 Absorbed FE | Categories  - Redundant  = Num. Coefs |
-------------+---------------------------------------|
     firm_id |      3207        3207           0    *|
          yh |        12           1          11     |
-----------------------------------------------------+
* = FE nested within cluster; treated as redundant for DoF computation

. local N = e(N)

. foreach p in var3 var5 {
  2.     local b    = _b[`p']
  3.     local se   = _se[`p']
  4.     local t    = `b'/`se'
  5.     local pval = 2*ttail(e(df_r), abs(`t'))
  6.     post handle ("OLS") ("baseline") ("`p'") ///
>                 (`b') (`se') (`pval') (`pre_mean') ///
>                 (.) (`N')
  7. }

. 
. // 1b) IV
. ivreghdfe growth_rate_we (var3 var5 = var6 var7) var4, ///
>     absorb(firm_id yh) vce(cluster firm_id) savefirst
(MWFE estimator converged in 4 iterations)

Stored estimation results
-------------------------
---------------------------------------------------------------------------
             |           Dependent  Number of        
        Name | Command    variable     param.  Title 
-------------+-------------------------------------------------------------
_ivreg2_var3 | ivreg2         var3          3  First-stage regression: var3
_ivreg2_var5 | ivreg2         var5          3  First-stage regression: var5
---------------------------------------------------------------------------

IV (2SLS) estimation
--------------------

Estimates efficient for homoskedasticity only
Statistics robust to heteroskedasticity and clustering on firm_id

Number of clusters (firm_id) =    3207                Number of obs =    38436
                                                      F(  3,  3206) =    23.39
                                                      Prob > F      =   0.0000
Total (centered) SS     =   1211.55256                Centered R2   =   0.0044
Total (uncentered) SS   =   1211.55256                Uncentered R2 =   0.0044
Residual SS             =  1206.217364                Root MSE      =    .1772

------------------------------------------------------------------------------
             |               Robust
growth_rat~e | Coefficient  std. err.      t    P>|t|     [95% conf. interval]
-------------+----------------------------------------------------------------
        var3 |   .0101047   .0090651     1.11   0.265    -.0076692    .0278786
        var5 |   .1572477    .100132     1.57   0.116    -.0390816     .353577
        var4 |  -.1972322   .0860413    -2.29   0.022    -.3659337   -.0285306
------------------------------------------------------------------------------
Underidentification test (Kleibergen-Paap rk LM statistic):             21.761
                                                   Chi-sq(1) P-val =    0.0000
------------------------------------------------------------------------------
Weak identification test (Cragg-Donald Wald F statistic):             1259.992
                         (Kleibergen-Paap rk Wald F statistic):         14.561
Stock-Yogo weak ID test critical values: 10% maximal IV size              7.03
                                         15% maximal IV size              4.58
                                         20% maximal IV size              3.95
                                         25% maximal IV size              3.63
Source: Stock-Yogo (2005).  Reproduced by permission.
NB: Critical values are for Cragg-Donald F statistic and i.i.d. errors.
------------------------------------------------------------------------------
Hansen J statistic (overidentification test of all instruments):         0.000
                                                 (equation exactly identified)
------------------------------------------------------------------------------
Instrumented:         var3 var5
Included instruments: var4
Excluded instruments: var6 var7
Partialled-out:       _cons
                      nb: total SS, model F and R2s are after partialling-out;
                          any small-sample adjustments include partialled-out
                          variables in regressor count K
------------------------------------------------------------------------------

Absorbed degrees of freedom:
-----------------------------------------------------+
 Absorbed FE | Categories  - Redundant  = Num. Coefs |
-------------+---------------------------------------|
     firm_id |      3207        3207           0    *|
          yh |        12           1          11     |
-----------------------------------------------------+
* = FE nested within cluster; treated as redundant for DoF computation

. local rkf = e(rkf)

. local N   = e(N)

. foreach p in var3 var5 {
  2.     local b    = _b[`p']
  3.     local se   = _se[`p']
  4.     local t    = `b'/`se'
  5.     local pval = 2*ttail(e(df_r), abs(`t'))
  6.     post handle ("IV") ("baseline") ("`p'") ///
>                 (`b') (`se') (`pval') (`pre_mean') ///
>                 (`rkf') (`N')
  7. }

. 
. // 2) Restrict for mechanism specs
. // Align sample with wage-dispersion mechanisms: require all mechanism vars
. 
. 
. * ────────────────────────────────────────────────────────
. * 4) Update your loop to run 2→n automatically
. * ────────────────────────────────────────────────────────
. local n = wordcount("`specs'")    // now 16

. forvalues i = 2/16 {
  2.     local spec    : word `i' of `specs'
  3.     local ols_exog "`spec_ols_exog`i''"
  4.     local iv_exog  "`spec_iv_exog`i''"
  5.     local instr    "`spec_instr`i''"
  6.     local endo     "`spec_endo`i''"
  7. 
.     display as text "→ Spec `i': `spec'"
  8. 
.     summarize growth_rate_we if covid == 0, meanonly
  9.     local pre_mean = r(mean)
 10. 
.     // 4a) OLS
.     reghdfe growth_rate_we var3 var5 `ols_exog', ///
>         absorb(firm_id yh) vce(cluster firm_id)
 11.     local N = e(N)
 12.     foreach p in var3 var5 {
 13.         local b    = _b[`p']
 14.         local se   = _se[`p']
 15.         local t    = `b'/`se'
 16.         local pval = 2*ttail(e(df_r), abs(`t'))
 17.         post handle ("OLS") ("`spec'") ("`p'") ///
>                     (`b') (`se') (`pval') (`pre_mean') ///
>                     (.) (`N')
 18.     }
 19. 
.     // 4b) IV
.     ivreghdfe growth_rate_we (`endo' = `instr') `iv_exog', ///
>         absorb(firm_id yh) vce(cluster firm_id) savefirst
 20.     local rkf = e(rkf)
 21.     local N   = e(N)
 22.     foreach p in var3 var5 {
 23.         local b    = _b[`p']
 24.         local se   = _se[`p']
 25.         local t    = `b'/`se'
 26.         local pval = 2*ttail(e(df_r), abs(`t'))
 27.         post handle ("IV") ("`spec'") ("`p'") ///
>                     (`b') (`se') (`pval') (`pre_mean') ///
>                     (`rkf') (`N')
 28.     }
 29. }
→ Spec 2: rent
(MWFE estimator converged in 4 iterations)

HDFE Linear regression                            Number of obs   =     38,436
Absorbing 2 HDFE groups                           F(   5,   3206) =      16.33
Statistics robust to heteroskedasticity           Prob > F        =     0.0000
                                                  R-squared       =     0.3518
                                                  Adj R-squared   =     0.2925
                                                  Within R-sq.    =     0.0061
Number of clusters (firm_id) =      3,207         Root MSE        =     0.1849

                            (Std. err. adjusted for 3,207 clusters in firm_id)
------------------------------------------------------------------------------
             |               Robust
growth_rat~e | Coefficient  std. err.      t    P>|t|     [95% conf. interval]
-------------+----------------------------------------------------------------
        var3 |   .0068644   .0113855     0.60   0.547    -.0154593     .029188
        var5 |   .0706849   .0256151     2.76   0.006     .0204613    .1209084
        var4 |  -.1184136   .0227323    -5.21   0.000    -.1629849   -.0738423
        var8 |  -.0001224   .0002203    -0.56   0.579    -.0005543    .0003096
        var9 |  -.0001068   .0003289    -0.32   0.745    -.0007517     .000538
       _cons |   .1039091   .0029548    35.17   0.000     .0981156    .1097026
------------------------------------------------------------------------------

Absorbed degrees of freedom:
-----------------------------------------------------+
 Absorbed FE | Categories  - Redundant  = Num. Coefs |
-------------+---------------------------------------|
     firm_id |      3207        3207           0    *|
          yh |        12           1          11     |
-----------------------------------------------------+
* = FE nested within cluster; treated as redundant for DoF computation
(MWFE estimator converged in 4 iterations)

Stored estimation results
-------------------------
---------------------------------------------------------------------------
             |           Dependent  Number of        
        Name | Command    variable     param.  Title 
-------------+-------------------------------------------------------------
_ivreg2_var3 | ivreg2         var3          5  First-stage regression: var3
_ivreg2_var5 | ivreg2         var5          5  First-stage regression: var5
_ivreg2_var9 | ivreg2         var9          5  First-stage regression: var9
---------------------------------------------------------------------------

IV (2SLS) estimation
--------------------

Estimates efficient for homoskedasticity only
Statistics robust to heteroskedasticity and clustering on firm_id

Number of clusters (firm_id) =    3207                Number of obs =    38436
                                                      F(  5,  3206) =    15.21
                                                      Prob > F      =   0.0000
Total (centered) SS     =   1211.55256                Centered R2   =  -0.0082
Total (uncentered) SS   =   1211.55256                Uncentered R2 =  -0.0082
Residual SS             =  1221.521767                Root MSE      =    .1783

------------------------------------------------------------------------------
             |               Robust
growth_rat~e | Coefficient  std. err.      t    P>|t|     [95% conf. interval]
-------------+----------------------------------------------------------------
        var3 |  -.1129942   .0433674    -2.61   0.009    -.1980248   -.0279636
        var5 |   .1392547   .0993296     1.40   0.161    -.0555012    .3340106
        var9 |   .0046281   .0016255     2.85   0.004      .001441    .0078152
        var4 |  -.1936906   .0870423    -2.23   0.026    -.3643547   -.0230264
        var8 |  -.0037082   .0012223    -3.03   0.002    -.0061047   -.0013117
------------------------------------------------------------------------------
Underidentification test (Kleibergen-Paap rk LM statistic):             31.643
                                                   Chi-sq(1) P-val =    0.0000
------------------------------------------------------------------------------
Weak identification test (Cragg-Donald Wald F statistic):              467.517
                         (Kleibergen-Paap rk Wald F statistic):         11.267
Stock-Yogo weak ID test critical values:                       <not available>
------------------------------------------------------------------------------
Hansen J statistic (overidentification test of all instruments):         0.000
                                                 (equation exactly identified)
------------------------------------------------------------------------------
Instrumented:         var3 var5 var9
Included instruments: var4 var8
Excluded instruments: var6 var7 var10
Partialled-out:       _cons
                      nb: total SS, model F and R2s are after partialling-out;
                          any small-sample adjustments include partialled-out
                          variables in regressor count K
------------------------------------------------------------------------------

Absorbed degrees of freedom:
-----------------------------------------------------+
 Absorbed FE | Categories  - Redundant  = Num. Coefs |
-------------+---------------------------------------|
     firm_id |      3207        3207           0    *|
          yh |        12           1          11     |
-----------------------------------------------------+
* = FE nested within cluster; treated as redundant for DoF computation
→ Spec 3: hhi
(MWFE estimator converged in 4 iterations)

HDFE Linear regression                            Number of obs   =     38,436
Absorbing 2 HDFE groups                           F(   5,   3206) =      28.72
Statistics robust to heteroskedasticity           Prob > F        =     0.0000
                                                  R-squared       =     0.3550
                                                  Adj R-squared   =     0.2960
                                                  Within R-sq.    =     0.0110
Number of clusters (firm_id) =      3,207         Root MSE        =     0.1845

                            (Std. err. adjusted for 3,207 clusters in firm_id)
------------------------------------------------------------------------------
             |               Robust
growth_rat~e | Coefficient  std. err.      t    P>|t|     [95% conf. interval]
-------------+----------------------------------------------------------------
        var3 |  -.0185788   .0068321    -2.72   0.007    -.0319746    -.005183
        var5 |   .0625241   .0248609     2.51   0.012     .0137792    .1112689
        var4 |  -.1225251   .0223206    -5.49   0.000    -.1662892   -.0787609
       var11 |   4.82e-06   3.16e-06     1.52   0.128    -1.39e-06     .000011
       var12 |   .0000211   5.55e-06     3.80   0.000     .0000102     .000032
       _cons |   .1009205   .0017063    59.14   0.000     .0975749    .1042661
------------------------------------------------------------------------------

Absorbed degrees of freedom:
-----------------------------------------------------+
 Absorbed FE | Categories  - Redundant  = Num. Coefs |
-------------+---------------------------------------|
     firm_id |      3207        3207           0    *|
          yh |        12           1          11     |
-----------------------------------------------------+
* = FE nested within cluster; treated as redundant for DoF computation
(MWFE estimator converged in 4 iterations)

Stored estimation results
-------------------------
----------------------------------------------------------------------------
             |           Dependent  Number of        
        Name | Command    variable     param.  Title 
-------------+--------------------------------------------------------------
_ivreg2_var3 | ivreg2         var3          5  First-stage regression: var3
_ivreg2_var5 | ivreg2         var5          5  First-stage regression: var5
_ivreg2_v~12 | ivreg2        var12          5  First-stage regression: var12
----------------------------------------------------------------------------

IV (2SLS) estimation
--------------------

Estimates efficient for homoskedasticity only
Statistics robust to heteroskedasticity and clustering on firm_id

Number of clusters (firm_id) =    3207                Number of obs =    38436
                                                      F(  5,  3206) =    27.41
                                                      Prob > F      =   0.0000
Total (centered) SS     =   1211.55256                Centered R2   =   0.0090
Total (uncentered) SS   =   1211.55256                Uncentered R2 =   0.0090
Residual SS             =  1200.670379                Root MSE      =    .1768

------------------------------------------------------------------------------
             |               Robust
growth_rat~e | Coefficient  std. err.      t    P>|t|     [95% conf. interval]
-------------+----------------------------------------------------------------
        var3 |  -.0392236   .0184724    -2.12   0.034    -.0754424   -.0030047
        var5 |   .0368556   .1019686     0.36   0.718    -.1630748    .2367859
       var12 |   .0000532   .0000176     3.02   0.003     .0000187    .0000877
        var4 |  -.1046241   .0878494    -1.19   0.234    -.2768707    .0676225
       var11 |  -.0000173   .0000125    -1.38   0.167    -.0000418    7.23e-06
------------------------------------------------------------------------------
Underidentification test (Kleibergen-Paap rk LM statistic):             23.416
                                                   Chi-sq(1) P-val =    0.0000
------------------------------------------------------------------------------
Weak identification test (Cragg-Donald Wald F statistic):              796.220
                         (Kleibergen-Paap rk Wald F statistic):         10.144
Stock-Yogo weak ID test critical values:                       <not available>
------------------------------------------------------------------------------
Hansen J statistic (overidentification test of all instruments):         0.000
                                                 (equation exactly identified)
------------------------------------------------------------------------------
Instrumented:         var3 var5 var12
Included instruments: var4 var11
Excluded instruments: var6 var7 var13
Partialled-out:       _cons
                      nb: total SS, model F and R2s are after partialling-out;
                          any small-sample adjustments include partialled-out
                          variables in regressor count K
------------------------------------------------------------------------------

Absorbed degrees of freedom:
-----------------------------------------------------+
 Absorbed FE | Categories  - Redundant  = Num. Coefs |
-------------+---------------------------------------|
     firm_id |      3207        3207           0    *|
          yh |        12           1          11     |
-----------------------------------------------------+
* = FE nested within cluster; treated as redundant for DoF computation
→ Spec 4: seniority
(MWFE estimator converged in 4 iterations)

HDFE Linear regression                            Number of obs   =     38,436
Absorbing 2 HDFE groups                           F(   5,   3206) =      23.85
Statistics robust to heteroskedasticity           Prob > F        =     0.0000
                                                  R-squared       =     0.3533
                                                  Adj R-squared   =     0.2942
                                                  Within R-sq.    =     0.0084
Number of clusters (firm_id) =      3,207         Root MSE        =     0.1847

                            (Std. err. adjusted for 3,207 clusters in firm_id)
------------------------------------------------------------------------------
             |               Robust
growth_rat~e | Coefficient  std. err.      t    P>|t|     [95% conf. interval]
-------------+----------------------------------------------------------------
        var3 |   .0239486   .0238158     1.01   0.315    -.0227472    .0706444
        var5 |   .0675955   .0246614     2.74   0.006     .0192418    .1159492
        var4 |  -.1251995   .0219734    -5.70   0.000     -.168283   -.0821161
       var14 |  -.0326845   .0196644    -1.66   0.097    -.0712406    .0058716
       var15 |  -.0289236   .0245444    -1.18   0.239    -.0770478    .0192007
       _cons |   .1156258   .0079392    14.56   0.000     .1000594    .1311922
------------------------------------------------------------------------------

Absorbed degrees of freedom:
-----------------------------------------------------+
 Absorbed FE | Categories  - Redundant  = Num. Coefs |
-------------+---------------------------------------|
     firm_id |      3207        3207           0    *|
          yh |        12           1          11     |
-----------------------------------------------------+
* = FE nested within cluster; treated as redundant for DoF computation
(MWFE estimator converged in 4 iterations)

Stored estimation results
-------------------------
----------------------------------------------------------------------------
             |           Dependent  Number of        
        Name | Command    variable     param.  Title 
-------------+--------------------------------------------------------------
_ivreg2_var3 | ivreg2         var3          5  First-stage regression: var3
_ivreg2_var5 | ivreg2         var5          5  First-stage regression: var5
_ivreg2_v~15 | ivreg2        var15          5  First-stage regression: var15
----------------------------------------------------------------------------

IV (2SLS) estimation
--------------------

Estimates efficient for homoskedasticity only
Statistics robust to heteroskedasticity and clustering on firm_id

Number of clusters (firm_id) =    3207                Number of obs =    38436
                                                      F(  5,  3206) =    22.28
                                                      Prob > F      =   0.0000
Total (centered) SS     =   1211.55256                Centered R2   =   0.0075
Total (uncentered) SS   =   1211.55256                Uncentered R2 =   0.0075
Residual SS             =  1202.467085                Root MSE      =    .1769

------------------------------------------------------------------------------
             |               Robust
growth_rat~e | Coefficient  std. err.      t    P>|t|     [95% conf. interval]
-------------+----------------------------------------------------------------
        var3 |   -.037135   .0673848    -0.55   0.582    -.1692568    .0949867
        var5 |   .1217415   .0964189     1.26   0.207    -.0673075    .3107905
       var15 |   .0434546   .0681868     0.64   0.524    -.0902396    .1771488
        var4 |   -.173081   .0825296    -2.10   0.036    -.3348971   -.0112649
       var14 |   -.088627    .053684    -1.65   0.099    -.1938853    .0166314
------------------------------------------------------------------------------
Underidentification test (Kleibergen-Paap rk LM statistic):             21.815
                                                   Chi-sq(1) P-val =    0.0000
------------------------------------------------------------------------------
Weak identification test (Cragg-Donald Wald F statistic):              846.730
                         (Kleibergen-Paap rk Wald F statistic):          9.836
Stock-Yogo weak ID test critical values:                       <not available>
------------------------------------------------------------------------------
Hansen J statistic (overidentification test of all instruments):         0.000
                                                 (equation exactly identified)
------------------------------------------------------------------------------
Instrumented:         var3 var5 var15
Included instruments: var4 var14
Excluded instruments: var6 var7 var16
Partialled-out:       _cons
                      nb: total SS, model F and R2s are after partialling-out;
                          any small-sample adjustments include partialled-out
                          variables in regressor count K
------------------------------------------------------------------------------

Absorbed degrees of freedom:
-----------------------------------------------------+
 Absorbed FE | Categories  - Redundant  = Num. Coefs |
-------------+---------------------------------------|
     firm_id |      3207        3207           0    *|
          yh |        12           1          11     |
-----------------------------------------------------+
* = FE nested within cluster; treated as redundant for DoF computation
→ Spec 5: sdw
(MWFE estimator converged in 4 iterations)

HDFE Linear regression                            Number of obs   =     38,436
Absorbing 2 HDFE groups                           F(   5,   3206) =      18.50
Statistics robust to heteroskedasticity           Prob > F        =     0.0000
                                                  R-squared       =     0.3524
                                                  Adj R-squared   =     0.2931
                                                  Within R-sq.    =     0.0069
Number of clusters (firm_id) =      3,207         Root MSE        =     0.1848

                            (Std. err. adjusted for 3,207 clusters in firm_id)
------------------------------------------------------------------------------
             |               Robust
growth_rat~e | Coefficient  std. err.      t    P>|t|     [95% conf. interval]
-------------+----------------------------------------------------------------
        var3 |  -.0436116   .0130695    -3.34   0.001    -.0692371   -.0179862
        var5 |   .0664393   .0250799     2.65   0.008     .0172651    .1156135
        var4 |  -.1188131   .0223884    -5.31   0.000    -.1627101   -.0749161
       var17 |  -5.48e-07   3.26e-07    -1.68   0.093    -1.19e-06    9.14e-08
       var18 |   1.80e-06   5.14e-07     3.51   0.000     7.95e-07    2.81e-06
       _cons |   .1078674   .0034394    31.36   0.000     .1011238    .1146111
------------------------------------------------------------------------------

Absorbed degrees of freedom:
-----------------------------------------------------+
 Absorbed FE | Categories  - Redundant  = Num. Coefs |
-------------+---------------------------------------|
     firm_id |      3207        3207           0    *|
          yh |        12           1          11     |
-----------------------------------------------------+
* = FE nested within cluster; treated as redundant for DoF computation
(MWFE estimator converged in 4 iterations)

Stored estimation results
-------------------------
----------------------------------------------------------------------------
             |           Dependent  Number of        
        Name | Command    variable     param.  Title 
-------------+--------------------------------------------------------------
_ivreg2_var3 | ivreg2         var3          5  First-stage regression: var3
_ivreg2_var5 | ivreg2         var5          5  First-stage regression: var5
_ivreg2_v~18 | ivreg2        var18          5  First-stage regression: var18
----------------------------------------------------------------------------

IV (2SLS) estimation
--------------------

Estimates efficient for homoskedasticity only
Statistics robust to heteroskedasticity and clustering on firm_id

Number of clusters (firm_id) =    3207                Number of obs =    38436
                                                      F(  5,  3206) =    17.01
                                                      Prob > F      =   0.0000
Total (centered) SS     =   1211.55256                Centered R2   =   0.0056
Total (uncentered) SS   =   1211.55256                Uncentered R2 =   0.0056
Residual SS             =  1204.714966                Root MSE      =    .1771

------------------------------------------------------------------------------
             |               Robust
growth_rat~e | Coefficient  std. err.      t    P>|t|     [95% conf. interval]
-------------+----------------------------------------------------------------
        var3 |  -.0732597   .0362498    -2.02   0.043    -.1443349   -.0021845
        var5 |    .135586   .1003095     1.35   0.177    -.0610911    .3322632
       var18 |   3.29e-06   1.50e-06     2.19   0.028     3.46e-07    6.23e-06
        var4 |  -.1803858   .0860268    -2.10   0.036    -.3490589   -.0117126
       var17 |  -1.69e-06   1.07e-06    -1.58   0.115    -3.80e-06    4.10e-07
------------------------------------------------------------------------------
Underidentification test (Kleibergen-Paap rk LM statistic):             21.368
                                                   Chi-sq(1) P-val =    0.0000
------------------------------------------------------------------------------
Weak identification test (Cragg-Donald Wald F statistic):              808.953
                         (Kleibergen-Paap rk Wald F statistic):          9.352
Stock-Yogo weak ID test critical values:                       <not available>
------------------------------------------------------------------------------
Hansen J statistic (overidentification test of all instruments):         0.000
                                                 (equation exactly identified)
------------------------------------------------------------------------------
Instrumented:         var3 var5 var18
Included instruments: var4 var17
Excluded instruments: var6 var7 var19
Partialled-out:       _cons
                      nb: total SS, model F and R2s are after partialling-out;
                          any small-sample adjustments include partialled-out
                          variables in regressor count K
------------------------------------------------------------------------------

Absorbed degrees of freedom:
-----------------------------------------------------+
 Absorbed FE | Categories  - Redundant  = Num. Coefs |
-------------+---------------------------------------|
     firm_id |      3207        3207           0    *|
          yh |        12           1          11     |
-----------------------------------------------------+
* = FE nested within cluster; treated as redundant for DoF computation
→ Spec 6: rent_hhi
(MWFE estimator converged in 4 iterations)

HDFE Linear regression                            Number of obs   =     38,436
Absorbing 2 HDFE groups                           F(   7,   3206) =      21.08
Statistics robust to heteroskedasticity           Prob > F        =     0.0000
                                                  R-squared       =     0.3550
                                                  Adj R-squared   =     0.2960
                                                  Within R-sq.    =     0.0110
Number of clusters (firm_id) =      3,207         Root MSE        =     0.1845

                            (Std. err. adjusted for 3,207 clusters in firm_id)
------------------------------------------------------------------------------
             |               Robust
growth_rat~e | Coefficient  std. err.      t    P>|t|     [95% conf. interval]
-------------+----------------------------------------------------------------
        var3 |  -.0157384   .0129601    -1.21   0.225    -.0411494    .0096726
        var5 |   .0625722   .0254219     2.46   0.014     .0127273    .1124171
        var4 |  -.1213616   .0226561    -5.36   0.000    -.1657834   -.0769397
        var8 |  -.0000909   .0002219    -0.41   0.682     -.000526    .0003442
        var9 |  -.0000432   .0003266    -0.13   0.895    -.0006835    .0005971
       var11 |   4.77e-06   3.18e-06     1.50   0.134    -1.47e-06     .000011
       var12 |    .000021   5.60e-06     3.75   0.000       .00001     .000032
       _cons |    .102118   .0033505    30.48   0.000     .0955487    .1086873
------------------------------------------------------------------------------

Absorbed degrees of freedom:
-----------------------------------------------------+
 Absorbed FE | Categories  - Redundant  = Num. Coefs |
-------------+---------------------------------------|
     firm_id |      3207        3207           0    *|
          yh |        12           1          11     |
-----------------------------------------------------+
* = FE nested within cluster; treated as redundant for DoF computation
(MWFE estimator converged in 4 iterations)

Stored estimation results
-------------------------
----------------------------------------------------------------------------
             |           Dependent  Number of        
        Name | Command    variable     param.  Title 
-------------+--------------------------------------------------------------
_ivreg2_var3 | ivreg2         var3          7  First-stage regression: var3
_ivreg2_var5 | ivreg2         var5          7  First-stage regression: var5
_ivreg2_var9 | ivreg2         var9          7  First-stage regression: var9
_ivreg2_v~12 | ivreg2        var12          7  First-stage regression: var12
----------------------------------------------------------------------------

IV (2SLS) estimation
--------------------

Estimates efficient for homoskedasticity only
Statistics robust to heteroskedasticity and clustering on firm_id

Number of clusters (firm_id) =    3207                Number of obs =    38436
                                                      F(  7,  3206) =    20.83
                                                      Prob > F      =   0.0000
Total (centered) SS     =   1211.55256                Centered R2   =  -0.0001
Total (uncentered) SS   =   1211.55256                Uncentered R2 =  -0.0001
Residual SS             =  1211.733592                Root MSE      =    .1776

------------------------------------------------------------------------------
             |               Robust
growth_rat~e | Coefficient  std. err.      t    P>|t|     [95% conf. interval]
-------------+----------------------------------------------------------------
        var3 |  -.1567987   .0444104    -3.53   0.000    -.2438744   -.0697231
        var5 |   .0257572   .1009018     0.26   0.799    -.1720815    .2235959
        var9 |   .0044682   .0016214     2.76   0.006     .0012891    .0076473
       var12 |   .0000496   .0000177     2.80   0.005     .0000149    .0000843
        var4 |   -.107123   .0885179    -1.21   0.226    -.2806804    .0664344
        var8 |  -.0034709   .0012245    -2.83   0.005    -.0058719     -.00107
       var11 |  -.0000149   .0000126    -1.18   0.239    -.0000397    9.91e-06
------------------------------------------------------------------------------
Underidentification test (Kleibergen-Paap rk LM statistic):             31.715
                                                   Chi-sq(1) P-val =    0.0000
------------------------------------------------------------------------------
Weak identification test (Cragg-Donald Wald F statistic):              327.146
                         (Kleibergen-Paap rk Wald F statistic):          8.405
Stock-Yogo weak ID test critical values:                       <not available>
------------------------------------------------------------------------------
Hansen J statistic (overidentification test of all instruments):         0.000
                                                 (equation exactly identified)
------------------------------------------------------------------------------
Instrumented:         var3 var5 var9 var12
Included instruments: var4 var8 var11
Excluded instruments: var6 var7 var10 var13
Partialled-out:       _cons
                      nb: total SS, model F and R2s are after partialling-out;
                          any small-sample adjustments include partialled-out
                          variables in regressor count K
------------------------------------------------------------------------------

Absorbed degrees of freedom:
-----------------------------------------------------+
 Absorbed FE | Categories  - Redundant  = Num. Coefs |
-------------+---------------------------------------|
     firm_id |      3207        3207           0    *|
          yh |        12           1          11     |
-----------------------------------------------------+
* = FE nested within cluster; treated as redundant for DoF computation
→ Spec 7: rent_seniority
(MWFE estimator converged in 4 iterations)

HDFE Linear regression                            Number of obs   =     38,436
Absorbing 2 HDFE groups                           F(   7,   3206) =      17.47
Statistics robust to heteroskedasticity           Prob > F        =     0.0000
                                                  R-squared       =     0.3534
                                                  Adj R-squared   =     0.2942
                                                  Within R-sq.    =     0.0085
Number of clusters (firm_id) =      3,207         Root MSE        =     0.1847

                            (Std. err. adjusted for 3,207 clusters in firm_id)
------------------------------------------------------------------------------
             |               Robust
growth_rat~e | Coefficient  std. err.      t    P>|t|     [95% conf. interval]
-------------+----------------------------------------------------------------
        var3 |   .0284387   .0255434     1.11   0.266    -.0216442    .0785217
        var5 |    .068073   .0251572     2.71   0.007     .0187473    .1173987
        var4 |  -.1240339   .0222641    -5.57   0.000    -.1676872   -.0803806
        var8 |  -.0000875   .0002194    -0.40   0.690    -.0005177    .0003426
        var9 |  -.0000925   .0003261    -0.28   0.777    -.0007319    .0005468
       var14 |  -.0324758   .0196345    -1.65   0.098    -.0709731    .0060216
       var15 |  -.0285963   .0245544    -1.16   0.244    -.0767402    .0195477
       _cons |   .1166675   .0083842    13.92   0.000     .1002285    .1331066
------------------------------------------------------------------------------

Absorbed degrees of freedom:
-----------------------------------------------------+
 Absorbed FE | Categories  - Redundant  = Num. Coefs |
-------------+---------------------------------------|
     firm_id |      3207        3207           0    *|
          yh |        12           1          11     |
-----------------------------------------------------+
* = FE nested within cluster; treated as redundant for DoF computation
(MWFE estimator converged in 4 iterations)

Stored estimation results
-------------------------
----------------------------------------------------------------------------
             |           Dependent  Number of        
        Name | Command    variable     param.  Title 
-------------+--------------------------------------------------------------
_ivreg2_var3 | ivreg2         var3          7  First-stage regression: var3
_ivreg2_var5 | ivreg2         var5          7  First-stage regression: var5
_ivreg2_var9 | ivreg2         var9          7  First-stage regression: var9
_ivreg2_v~15 | ivreg2        var15          7  First-stage regression: var15
----------------------------------------------------------------------------

IV (2SLS) estimation
--------------------

Estimates efficient for homoskedasticity only
Statistics robust to heteroskedasticity and clustering on firm_id

Number of clusters (firm_id) =    3207                Number of obs =    38436
                                                      F(  7,  3206) =    16.12
                                                      Prob > F      =   0.0000
Total (centered) SS     =   1211.55256                Centered R2   =  -0.0025
Total (uncentered) SS   =   1211.55256                Uncentered R2 =  -0.0025
Residual SS             =  1214.589087                Root MSE      =    .1778

------------------------------------------------------------------------------
             |               Robust
growth_rat~e | Coefficient  std. err.      t    P>|t|     [95% conf. interval]
-------------+----------------------------------------------------------------
        var3 |  -.1503917    .079084    -1.90   0.057     -.305452    .0046686
        var5 |   .1086627   .0957794     1.13   0.257    -.0791323    .2964577
        var9 |    .004267    .001564     2.73   0.006     .0012005    .0073335
       var15 |   .0423446   .0691418     0.61   0.540     -.093222    .1779111
        var4 |  -.1726076   .0835322    -2.07   0.039    -.3363894   -.0088257
        var8 |  -.0033708   .0011765    -2.86   0.004    -.0056776   -.0010639
       var14 |  -.0840507   .0542345    -1.55   0.121    -.1903885     .022287
------------------------------------------------------------------------------
Underidentification test (Kleibergen-Paap rk LM statistic):             31.202
                                                   Chi-sq(1) P-val =    0.0000
------------------------------------------------------------------------------
Weak identification test (Cragg-Donald Wald F statistic):              342.892
                         (Kleibergen-Paap rk Wald F statistic):          8.354
Stock-Yogo weak ID test critical values:                       <not available>
------------------------------------------------------------------------------
Hansen J statistic (overidentification test of all instruments):         0.000
                                                 (equation exactly identified)
------------------------------------------------------------------------------
Instrumented:         var3 var5 var9 var15
Included instruments: var4 var8 var14
Excluded instruments: var6 var7 var10 var16
Partialled-out:       _cons
                      nb: total SS, model F and R2s are after partialling-out;
                          any small-sample adjustments include partialled-out
                          variables in regressor count K
------------------------------------------------------------------------------

Absorbed degrees of freedom:
-----------------------------------------------------+
 Absorbed FE | Categories  - Redundant  = Num. Coefs |
-------------+---------------------------------------|
     firm_id |      3207        3207           0    *|
          yh |        12           1          11     |
-----------------------------------------------------+
* = FE nested within cluster; treated as redundant for DoF computation
→ Spec 8: rent_sdw
(MWFE estimator converged in 4 iterations)

HDFE Linear regression                            Number of obs   =     38,436
Absorbing 2 HDFE groups                           F(   7,   3206) =      13.73
Statistics robust to heteroskedasticity           Prob > F        =     0.0000
                                                  R-squared       =     0.3524
                                                  Adj R-squared   =     0.2931
                                                  Within R-sq.    =     0.0070
Number of clusters (firm_id) =      3,207         Root MSE        =     0.1848

                            (Std. err. adjusted for 3,207 clusters in firm_id)
------------------------------------------------------------------------------
             |               Robust
growth_rat~e | Coefficient  std. err.      t    P>|t|     [95% conf. interval]
-------------+----------------------------------------------------------------
        var3 |  -.0378472   .0165008    -2.29   0.022    -.0702003   -.0054941
        var5 |   .0668363   .0255768     2.61   0.009     .0166878    .1169848
        var4 |  -.1173478   .0226968    -5.17   0.000    -.1618494   -.0728461
        var8 |  -.0001159   .0002209    -0.52   0.600    -.0005489    .0003171
        var9 |  -.0000957   .0003286    -0.29   0.771    -.0007399    .0005486
       var17 |  -5.34e-07   3.27e-07    -1.64   0.102    -1.17e-06    1.06e-07
       var18 |   1.78e-06   5.16e-07     3.45   0.001     7.68e-07    2.79e-06
       _cons |   .1092346   .0040867    26.73   0.000     .1012218    .1172473
------------------------------------------------------------------------------

Absorbed degrees of freedom:
-----------------------------------------------------+
 Absorbed FE | Categories  - Redundant  = Num. Coefs |
-------------+---------------------------------------|
     firm_id |      3207        3207           0    *|
          yh |        12           1          11     |
-----------------------------------------------------+
* = FE nested within cluster; treated as redundant for DoF computation
(MWFE estimator converged in 4 iterations)

Stored estimation results
-------------------------
----------------------------------------------------------------------------
             |           Dependent  Number of        
        Name | Command    variable     param.  Title 
-------------+--------------------------------------------------------------
_ivreg2_var3 | ivreg2         var3          7  First-stage regression: var3
_ivreg2_var5 | ivreg2         var5          7  First-stage regression: var5
_ivreg2_var9 | ivreg2         var9          7  First-stage regression: var9
_ivreg2_v~18 | ivreg2        var18          7  First-stage regression: var18
----------------------------------------------------------------------------

IV (2SLS) estimation
--------------------

Estimates efficient for homoskedasticity only
Statistics robust to heteroskedasticity and clustering on firm_id

Number of clusters (firm_id) =    3207                Number of obs =    38436
                                                      F(  7,  3206) =    12.94
                                                      Prob > F      =   0.0000
Total (centered) SS     =   1211.55256                Centered R2   =  -0.0049
Total (uncentered) SS   =   1211.55256                Uncentered R2 =  -0.0049
Residual SS             =  1217.509774                Root MSE      =     .178

------------------------------------------------------------------------------
             |               Robust
growth_rat~e | Coefficient  std. err.      t    P>|t|     [95% conf. interval]
-------------+----------------------------------------------------------------
        var3 |  -.1826339   .0527159    -3.46   0.001    -.2859942   -.0792736
        var5 |   .1205025   .0994373     1.21   0.226    -.0744647    .3154697
        var9 |   .0043056   .0016084     2.68   0.007      .001152    .0074593
       var18 |   3.06e-06   1.54e-06     1.98   0.048     3.04e-08    6.08e-06
        var4 |  -.1784954   .0869486    -2.05   0.040    -.3489759   -.0080149
        var8 |  -.0034283   .0012113    -2.83   0.005    -.0058034   -.0010533
       var17 |  -1.55e-06   1.10e-06    -1.41   0.158    -3.71e-06    6.02e-07
------------------------------------------------------------------------------
Underidentification test (Kleibergen-Paap rk LM statistic):             30.209
                                                   Chi-sq(1) P-val =    0.0000
------------------------------------------------------------------------------
Weak identification test (Cragg-Donald Wald F statistic):              337.405
                         (Kleibergen-Paap rk Wald F statistic):          7.980
Stock-Yogo weak ID test critical values:                       <not available>
------------------------------------------------------------------------------
Hansen J statistic (overidentification test of all instruments):         0.000
                                                 (equation exactly identified)
------------------------------------------------------------------------------
Instrumented:         var3 var5 var9 var18
Included instruments: var4 var8 var17
Excluded instruments: var6 var7 var10 var19
Partialled-out:       _cons
                      nb: total SS, model F and R2s are after partialling-out;
                          any small-sample adjustments include partialled-out
                          variables in regressor count K
------------------------------------------------------------------------------

Absorbed degrees of freedom:
-----------------------------------------------------+
 Absorbed FE | Categories  - Redundant  = Num. Coefs |
-------------+---------------------------------------|
     firm_id |      3207        3207           0    *|
          yh |        12           1          11     |
-----------------------------------------------------+
* = FE nested within cluster; treated as redundant for DoF computation
→ Spec 9: hhi_seniority
(MWFE estimator converged in 4 iterations)

HDFE Linear regression                            Number of obs   =     38,436
Absorbing 2 HDFE groups                           F(   7,   3206) =      21.92
Statistics robust to heteroskedasticity           Prob > F        =     0.0000
                                                  R-squared       =     0.3553
                                                  Adj R-squared   =     0.2962
                                                  Within R-sq.    =     0.0114
Number of clusters (firm_id) =      3,207         Root MSE        =     0.1844

                            (Std. err. adjusted for 3,207 clusters in firm_id)
------------------------------------------------------------------------------
             |               Robust
growth_rat~e | Coefficient  std. err.      t    P>|t|     [95% conf. interval]
-------------+----------------------------------------------------------------
        var3 |   -.021632   .0263224    -0.82   0.411    -.0732424    .0299784
        var5 |   .0644076   .0246208     2.62   0.009     .0161334    .1126818
        var4 |  -.1261419   .0220191    -5.73   0.000    -.1693149   -.0829689
       var11 |   2.72e-06   3.07e-06     0.89   0.375    -3.29e-06    8.73e-06
       var12 |   .0000199   5.90e-06     3.38   0.001     8.37e-06    .0000315
       var14 |  -.0267149   .0197905    -1.35   0.177    -.0655182    .0120884
       var15 |   .0023572   .0251289     0.09   0.925    -.0469131    .0516275
       _cons |   .1124035    .008284    13.57   0.000     .0961611    .1286459
------------------------------------------------------------------------------

Absorbed degrees of freedom:
-----------------------------------------------------+
 Absorbed FE | Categories  - Redundant  = Num. Coefs |
-------------+---------------------------------------|
     firm_id |      3207        3207           0    *|
          yh |        12           1          11     |
-----------------------------------------------------+
* = FE nested within cluster; treated as redundant for DoF computation
(MWFE estimator converged in 4 iterations)

Stored estimation results
-------------------------
----------------------------------------------------------------------------
             |           Dependent  Number of        
        Name | Command    variable     param.  Title 
-------------+--------------------------------------------------------------
_ivreg2_var3 | ivreg2         var3          7  First-stage regression: var3
_ivreg2_var5 | ivreg2         var5          7  First-stage regression: var5
_ivreg2_v~12 | ivreg2        var12          7  First-stage regression: var12
_ivreg2_v~15 | ivreg2        var15          7  First-stage regression: var15
----------------------------------------------------------------------------

IV (2SLS) estimation
--------------------

Estimates efficient for homoskedasticity only
Statistics robust to heteroskedasticity and clustering on firm_id

Number of clusters (firm_id) =    3207                Number of obs =    38436
                                                      F(  7,  3206) =    22.02
                                                      Prob > F      =   0.0000
Total (centered) SS     =   1211.55256                Centered R2   =   0.0090
Total (uncentered) SS   =   1211.55256                Uncentered R2 =   0.0090
Residual SS             =  1200.658132                Root MSE      =    .1768

------------------------------------------------------------------------------
             |               Robust
growth_rat~e | Coefficient  std. err.      t    P>|t|     [95% conf. interval]
-------------+----------------------------------------------------------------
        var3 |  -.1588283   .0717414    -2.21   0.027     -.299492   -.0181645
        var5 |   .0556966   .1010561     0.55   0.582    -.1424445    .2538377
       var12 |   .0000557   .0000177     3.15   0.002      .000021    .0000903
       var15 |   .1197043   .0681462     1.76   0.079    -.0139102    .2533189
        var4 |   -.120659   .0868561    -1.39   0.165    -.2909581    .0496402
       var11 |  -.0000213   .0000124    -1.71   0.087    -.0000457    3.08e-06
       var14 |  -.1122402   .0541751    -2.07   0.038    -.2184615   -.0060189
------------------------------------------------------------------------------
Underidentification test (Kleibergen-Paap rk LM statistic):             23.678
                                                   Chi-sq(1) P-val =    0.0000
------------------------------------------------------------------------------
Weak identification test (Cragg-Donald Wald F statistic):              597.009
                         (Kleibergen-Paap rk Wald F statistic):          7.701
Stock-Yogo weak ID test critical values:                       <not available>
------------------------------------------------------------------------------
Hansen J statistic (overidentification test of all instruments):         0.000
                                                 (equation exactly identified)
------------------------------------------------------------------------------
Instrumented:         var3 var5 var12 var15
Included instruments: var4 var11 var14
Excluded instruments: var6 var7 var13 var16
Partialled-out:       _cons
                      nb: total SS, model F and R2s are after partialling-out;
                          any small-sample adjustments include partialled-out
                          variables in regressor count K
------------------------------------------------------------------------------

Absorbed degrees of freedom:
-----------------------------------------------------+
 Absorbed FE | Categories  - Redundant  = Num. Coefs |
-------------+---------------------------------------|
     firm_id |      3207        3207           0    *|
          yh |        12           1          11     |
-----------------------------------------------------+
* = FE nested within cluster; treated as redundant for DoF computation
→ Spec 10: hhi_sdw
(MWFE estimator converged in 4 iterations)

HDFE Linear regression                            Number of obs   =     38,436
Absorbing 2 HDFE groups                           F(   7,   3206) =      21.96
Statistics robust to heteroskedasticity           Prob > F        =     0.0000
                                                  R-squared       =     0.3553
                                                  Adj R-squared   =     0.2962
                                                  Within R-sq.    =     0.0114
Number of clusters (firm_id) =      3,207         Root MSE        =     0.1844

                            (Std. err. adjusted for 3,207 clusters in firm_id)
------------------------------------------------------------------------------
             |               Robust
growth_rat~e | Coefficient  std. err.      t    P>|t|     [95% conf. interval]
-------------+----------------------------------------------------------------
        var3 |   -.051249   .0129869    -3.95   0.000    -.0767123   -.0257856
        var5 |   .0603665   .0248248     2.43   0.015     .0116923    .1090407
        var4 |  -.1216712   .0222847    -5.46   0.000    -.1653649   -.0779776
       var11 |   4.89e-06   3.17e-06     1.54   0.123    -1.32e-06    .0000111
       var12 |   .0000199   5.62e-06     3.54   0.000     8.88e-06    .0000309
       var17 |  -5.44e-07   3.21e-07    -1.69   0.090    -1.17e-06    8.54e-08
       var18 |   1.37e-06   5.10e-07     2.69   0.007     3.72e-07    2.37e-06
       _cons |   .1063216   .0033548    31.69   0.000     .0997439    .1128994
------------------------------------------------------------------------------

Absorbed degrees of freedom:
-----------------------------------------------------+
 Absorbed FE | Categories  - Redundant  = Num. Coefs |
-------------+---------------------------------------|
     firm_id |      3207        3207           0    *|
          yh |        12           1          11     |
-----------------------------------------------------+
* = FE nested within cluster; treated as redundant for DoF computation
(MWFE estimator converged in 4 iterations)

Stored estimation results
-------------------------
----------------------------------------------------------------------------
             |           Dependent  Number of        
        Name | Command    variable     param.  Title 
-------------+--------------------------------------------------------------
_ivreg2_var3 | ivreg2         var3          7  First-stage regression: var3
_ivreg2_var5 | ivreg2         var5          7  First-stage regression: var5
_ivreg2_v~12 | ivreg2        var12          7  First-stage regression: var12
_ivreg2_v~18 | ivreg2        var18          7  First-stage regression: var18
----------------------------------------------------------------------------

IV (2SLS) estimation
--------------------

Estimates efficient for homoskedasticity only
Statistics robust to heteroskedasticity and clustering on firm_id

Number of clusters (firm_id) =    3207                Number of obs =    38436
                                                      F(  7,  3206) =    20.68
                                                      Prob > F      =   0.0000
Total (centered) SS     =   1211.55256                Centered R2   =   0.0096
Total (uncentered) SS   =   1211.55256                Uncentered R2 =   0.0096
Residual SS             =  1199.885736                Root MSE      =    .1767

------------------------------------------------------------------------------
             |               Robust
growth_rat~e | Coefficient  std. err.      t    P>|t|     [95% conf. interval]
-------------+----------------------------------------------------------------
        var3 |  -.0774842   .0421652    -1.84   0.066    -.1601576    .0051893
        var5 |   .0320815   .1020689     0.31   0.753    -.1680455    .2322084
       var12 |     .00005   .0000171     2.92   0.003     .0000165    .0000836
       var18 |   1.63e-06   1.67e-06     0.98   0.329    -1.65e-06    4.90e-06
        var4 |   -.101012   .0878288    -1.15   0.250    -.2732182    .0711942
       var11 |  -.0000158    .000012    -1.32   0.188    -.0000394    7.74e-06
       var17 |  -8.24e-07   1.21e-06    -0.68   0.497    -3.20e-06    1.55e-06
------------------------------------------------------------------------------
Underidentification test (Kleibergen-Paap rk LM statistic):             22.971
                                                   Chi-sq(1) P-val =    0.0000
------------------------------------------------------------------------------
Weak identification test (Cragg-Donald Wald F statistic):              586.401
                         (Kleibergen-Paap rk Wald F statistic):          7.399
Stock-Yogo weak ID test critical values:                       <not available>
------------------------------------------------------------------------------
Hansen J statistic (overidentification test of all instruments):         0.000
                                                 (equation exactly identified)
------------------------------------------------------------------------------
Instrumented:         var3 var5 var12 var18
Included instruments: var4 var11 var17
Excluded instruments: var6 var7 var13 var19
Partialled-out:       _cons
                      nb: total SS, model F and R2s are after partialling-out;
                          any small-sample adjustments include partialled-out
                          variables in regressor count K
------------------------------------------------------------------------------

Absorbed degrees of freedom:
-----------------------------------------------------+
 Absorbed FE | Categories  - Redundant  = Num. Coefs |
-------------+---------------------------------------|
     firm_id |      3207        3207           0    *|
          yh |        12           1          11     |
-----------------------------------------------------+
* = FE nested within cluster; treated as redundant for DoF computation
→ Spec 11: seniority_sdw
(MWFE estimator converged in 4 iterations)

HDFE Linear regression                            Number of obs   =     38,436
Absorbing 2 HDFE groups                           F(   7,   3206) =      18.88
Statistics robust to heteroskedasticity           Prob > F        =     0.0000
                                                  R-squared       =     0.3539
                                                  Adj R-squared   =     0.2947
                                                  Within R-sq.    =     0.0092
Number of clusters (firm_id) =      3,207         Root MSE        =     0.1846

                            (Std. err. adjusted for 3,207 clusters in firm_id)
------------------------------------------------------------------------------
             |               Robust
growth_rat~e | Coefficient  std. err.      t    P>|t|     [95% conf. interval]
-------------+----------------------------------------------------------------
        var3 |  -.0162999    .026615    -0.61   0.540    -.0684841    .0358843
        var5 |   .0642842   .0245867     2.61   0.009     .0160769    .1124914
        var4 |  -.1241161    .021904    -5.67   0.000    -.1670633   -.0811689
       var17 |  -4.12e-07   3.19e-07    -1.29   0.197    -1.04e-06    2.14e-07
       var18 |   1.58e-06   4.99e-07     3.16   0.002     5.99e-07    2.55e-06
       var14 |  -.0321287   .0197794    -1.62   0.104    -.0709102    .0066528
       var15 |  -.0277182   .0245911    -1.13   0.260    -.0759341    .0204976
       _cons |    .119586   .0084828    14.10   0.000     .1029537    .1362183
------------------------------------------------------------------------------

Absorbed degrees of freedom:
-----------------------------------------------------+
 Absorbed FE | Categories  - Redundant  = Num. Coefs |
-------------+---------------------------------------|
     firm_id |      3207        3207           0    *|
          yh |        12           1          11     |
-----------------------------------------------------+
* = FE nested within cluster; treated as redundant for DoF computation
(MWFE estimator converged in 4 iterations)

Stored estimation results
-------------------------
----------------------------------------------------------------------------
             |           Dependent  Number of        
        Name | Command    variable     param.  Title 
-------------+--------------------------------------------------------------
_ivreg2_var3 | ivreg2         var3          7  First-stage regression: var3
_ivreg2_var5 | ivreg2         var5          7  First-stage regression: var5
_ivreg2_v~18 | ivreg2        var18          7  First-stage regression: var18
_ivreg2_v~15 | ivreg2        var15          7  First-stage regression: var15
----------------------------------------------------------------------------

IV (2SLS) estimation
--------------------

Estimates efficient for homoskedasticity only
Statistics robust to heteroskedasticity and clustering on firm_id

Number of clusters (firm_id) =    3207                Number of obs =    38436
                                                      F(  7,  3206) =    18.05
                                                      Prob > F      =   0.0000
Total (centered) SS     =   1211.55256                Centered R2   =   0.0083
Total (uncentered) SS   =   1211.55256                Uncentered R2 =   0.0083
Residual SS             =  1201.512881                Root MSE      =    .1768

------------------------------------------------------------------------------
             |               Robust
growth_rat~e | Coefficient  std. err.      t    P>|t|     [95% conf. interval]
-------------+----------------------------------------------------------------
        var3 |  -.1114729   .0725756    -1.54   0.125    -.2537722    .0308265
        var5 |   .1048535   .0972296     1.08   0.281    -.0857849    .2954919
       var18 |   2.81e-06   1.43e-06     1.97   0.049     9.43e-09    5.60e-06
       var15 |   .0459201   .0697381     0.66   0.510    -.0908157    .1826558
        var4 |  -.1598358   .0830766    -1.92   0.054    -.3227244    .0030528
       var17 |  -1.29e-06   1.04e-06    -1.24   0.216    -3.33e-06    7.51e-07
       var14 |  -.0884131   .0552886    -1.60   0.110    -.1968177    .0199914
------------------------------------------------------------------------------
Underidentification test (Kleibergen-Paap rk LM statistic):             21.458
                                                   Chi-sq(1) P-val =    0.0000
------------------------------------------------------------------------------
Weak identification test (Cragg-Donald Wald F statistic):              616.023
                         (Kleibergen-Paap rk Wald F statistic):          7.149
Stock-Yogo weak ID test critical values:                       <not available>
------------------------------------------------------------------------------
Hansen J statistic (overidentification test of all instruments):         0.000
                                                 (equation exactly identified)
------------------------------------------------------------------------------
Instrumented:         var3 var5 var18 var15
Included instruments: var4 var17 var14
Excluded instruments: var6 var7 var19 var16
Partialled-out:       _cons
                      nb: total SS, model F and R2s are after partialling-out;
                          any small-sample adjustments include partialled-out
                          variables in regressor count K
------------------------------------------------------------------------------

Absorbed degrees of freedom:
-----------------------------------------------------+
 Absorbed FE | Categories  - Redundant  = Num. Coefs |
-------------+---------------------------------------|
     firm_id |      3207        3207           0    *|
          yh |        12           1          11     |
-----------------------------------------------------+
* = FE nested within cluster; treated as redundant for DoF computation
→ Spec 12: rent_hhi_seniority
(MWFE estimator converged in 4 iterations)

HDFE Linear regression                            Number of obs   =     38,436
Absorbing 2 HDFE groups                           F(   9,   3206) =      17.40
Statistics robust to heteroskedasticity           Prob > F        =     0.0000
                                                  R-squared       =     0.3553
                                                  Adj R-squared   =     0.2962
                                                  Within R-sq.    =     0.0114
Number of clusters (firm_id) =      3,207         Root MSE        =     0.1844

                            (Std. err. adjusted for 3,207 clusters in firm_id)
------------------------------------------------------------------------------
             |               Robust
growth_rat~e | Coefficient  std. err.      t    P>|t|     [95% conf. interval]
-------------+----------------------------------------------------------------
        var3 |  -.0188575     .02893    -0.65   0.515    -.0755808    .0378657
        var5 |    .064524   .0251572     2.56   0.010     .0151982    .1138499
        var4 |  -.1250999   .0223322    -5.60   0.000    -.1688868    -.081313
        var8 |  -.0000797   .0002212    -0.36   0.718    -.0005134    .0003539
        var9 |  -.0000463   .0003257    -0.14   0.887    -.0006849    .0005922
       var11 |   2.69e-06   3.09e-06     0.87   0.384    -3.37e-06    8.75e-06
       var12 |   .0000199   5.96e-06     3.33   0.001     8.19e-06    .0000316
       var14 |  -.0265875   .0197643    -1.35   0.179    -.0653395    .0121645
       var15 |   .0024374   .0251137     0.10   0.923    -.0468031    .0516779
       _cons |   .1133965   .0089402    12.68   0.000     .0958674    .1309257
------------------------------------------------------------------------------

Absorbed degrees of freedom:
-----------------------------------------------------+
 Absorbed FE | Categories  - Redundant  = Num. Coefs |
-------------+---------------------------------------|
     firm_id |      3207        3207           0    *|
          yh |        12           1          11     |
-----------------------------------------------------+
* = FE nested within cluster; treated as redundant for DoF computation
(MWFE estimator converged in 4 iterations)

Stored estimation results
-------------------------
----------------------------------------------------------------------------
             |           Dependent  Number of        
        Name | Command    variable     param.  Title 
-------------+--------------------------------------------------------------
_ivreg2_var3 | ivreg2         var3          9  First-stage regression: var3
_ivreg2_var5 | ivreg2         var5          9  First-stage regression: var5
_ivreg2_var9 | ivreg2         var9          9  First-stage regression: var9
_ivreg2_v~12 | ivreg2        var12          9  First-stage regression: var12
_ivreg2_v~15 | ivreg2        var15          9  First-stage regression: var15
----------------------------------------------------------------------------

IV (2SLS) estimation
--------------------

Estimates efficient for homoskedasticity only
Statistics robust to heteroskedasticity and clustering on firm_id

Number of clusters (firm_id) =    3207                Number of obs =    38436
                                                      F(  9,  3206) =    17.69
                                                      Prob > F      =   0.0000
Total (centered) SS     =   1211.55256                Centered R2   =   0.0003
Total (uncentered) SS   =   1211.55256                Uncentered R2 =   0.0003
Residual SS             =    1211.1496                Root MSE      =    .1776

------------------------------------------------------------------------------
             |               Robust
growth_rat~e | Coefficient  std. err.      t    P>|t|     [95% conf. interval]
-------------+----------------------------------------------------------------
        var3 |  -.2699356   .0832479    -3.24   0.001    -.4331601   -.1067111
        var5 |    .045316   .1002102     0.45   0.651    -.1511666    .2417986
        var9 |   .0043768   .0016105     2.72   0.007     .0012191    .0075345
       var12 |   .0000527   .0000179     2.94   0.003     .0000176    .0000877
       var15 |   .1151833   .0686195     1.68   0.093    -.0193593    .2497258
        var4 |  -.1234421   .0877292    -1.41   0.160    -.2954531    .0485688
        var8 |  -.0033842    .001218    -2.78   0.005    -.0057722   -.0009961
       var11 |  -.0000188   .0000127    -1.48   0.139    -.0000437    6.13e-06
       var14 |   -.104832    .054314    -1.93   0.054    -.2113257    .0016617
------------------------------------------------------------------------------
Underidentification test (Kleibergen-Paap rk LM statistic):             31.207
                                                   Chi-sq(1) P-val =    0.0000
------------------------------------------------------------------------------
Weak identification test (Cragg-Donald Wald F statistic):              256.356
                         (Kleibergen-Paap rk Wald F statistic):          6.617
Stock-Yogo weak ID test critical values:                       <not available>
------------------------------------------------------------------------------
Hansen J statistic (overidentification test of all instruments):         0.000
                                                 (equation exactly identified)
------------------------------------------------------------------------------
Instrumented:         var3 var5 var9 var12 var15
Included instruments: var4 var8 var11 var14
Excluded instruments: var6 var7 var10 var13 var16
Partialled-out:       _cons
                      nb: total SS, model F and R2s are after partialling-out;
                          any small-sample adjustments include partialled-out
                          variables in regressor count K
------------------------------------------------------------------------------

Absorbed degrees of freedom:
-----------------------------------------------------+
 Absorbed FE | Categories  - Redundant  = Num. Coefs |
-------------+---------------------------------------|
     firm_id |      3207        3207           0    *|
          yh |        12           1          11     |
-----------------------------------------------------+
* = FE nested within cluster; treated as redundant for DoF computation
→ Spec 13: rent_hhi_sdw
(MWFE estimator converged in 4 iterations)

HDFE Linear regression                            Number of obs   =     38,436
Absorbing 2 HDFE groups                           F(   9,   3206) =      17.45
Statistics robust to heteroskedasticity           Prob > F        =     0.0000
                                                  R-squared       =     0.3553
                                                  Adj R-squared   =     0.2962
                                                  Within R-sq.    =     0.0114
Number of clusters (firm_id) =      3,207         Root MSE        =     0.1844

                            (Std. err. adjusted for 3,207 clusters in firm_id)
------------------------------------------------------------------------------
             |               Robust
growth_rat~e | Coefficient  std. err.      t    P>|t|     [95% conf. interval]
-------------+----------------------------------------------------------------
        var3 |  -.0481866   .0166289    -2.90   0.004    -.0807909   -.0155823
        var5 |   .0604559    .025386     2.38   0.017     .0106815    .1102302
        var4 |   -.120607   .0226227    -5.33   0.000    -.1649634   -.0762506
        var8 |  -.0000836   .0002225    -0.38   0.707    -.0005198    .0003526
        var9 |  -.0000432   .0003267    -0.13   0.895    -.0006837    .0005974
       var11 |   4.85e-06   3.19e-06     1.52   0.129    -1.41e-06    .0000111
       var12 |   .0000198   5.67e-06     3.49   0.000     8.69e-06    .0000309
       var17 |  -5.35e-07   3.22e-07    -1.66   0.097    -1.17e-06    9.62e-08
       var18 |   1.36e-06   5.11e-07     2.66   0.008     3.56e-07    2.36e-06
       _cons |   .1073355   .0041642    25.78   0.000     .0991707    .1155003
------------------------------------------------------------------------------

Absorbed degrees of freedom:
-----------------------------------------------------+
 Absorbed FE | Categories  - Redundant  = Num. Coefs |
-------------+---------------------------------------|
     firm_id |      3207        3207           0    *|
          yh |        12           1          11     |
-----------------------------------------------------+
* = FE nested within cluster; treated as redundant for DoF computation
(MWFE estimator converged in 4 iterations)

Stored estimation results
-------------------------
----------------------------------------------------------------------------
             |           Dependent  Number of        
        Name | Command    variable     param.  Title 
-------------+--------------------------------------------------------------
_ivreg2_var3 | ivreg2         var3          9  First-stage regression: var3
_ivreg2_var5 | ivreg2         var5          9  First-stage regression: var5
_ivreg2_var9 | ivreg2         var9          9  First-stage regression: var9
_ivreg2_v~12 | ivreg2        var12          9  First-stage regression: var12
_ivreg2_v~18 | ivreg2        var18          9  First-stage regression: var18
----------------------------------------------------------------------------

IV (2SLS) estimation
--------------------

Estimates efficient for homoskedasticity only
Statistics robust to heteroskedasticity and clustering on firm_id

Number of clusters (firm_id) =    3207                Number of obs =    38436
                                                      F(  9,  3206) =    17.14
                                                      Prob > F      =   0.0000
Total (centered) SS     =   1211.55256                Centered R2   =   0.0012
Total (uncentered) SS   =   1211.55256                Uncentered R2 =   0.0012
Residual SS             =   1210.10489                Root MSE      =    .1775

------------------------------------------------------------------------------
             |               Robust
growth_rat~e | Coefficient  std. err.      t    P>|t|     [95% conf. interval]
-------------+----------------------------------------------------------------
        var3 |  -.1869655   .0559193    -3.34   0.001    -.2966068   -.0773243
        var5 |   .0220622   .1010415     0.22   0.827    -.1760503    .2201747
        var9 |   .0043205   .0016223     2.66   0.008     .0011397    .0075012
       var12 |   .0000469   .0000172     2.72   0.007     .0000131    .0000807
       var18 |   1.44e-06   1.71e-06     0.84   0.402    -1.92e-06    4.80e-06
        var4 |  -.1040203   .0885547    -1.17   0.240    -.2776499    .0696093
        var8 |  -.0033469   .0012261    -2.73   0.006    -.0057509   -.0009429
       var11 |  -.0000136   .0000122    -1.12   0.263    -.0000376    .0000103
       var17 |  -7.00e-07   1.24e-06    -0.56   0.573    -3.14e-06    1.73e-06
------------------------------------------------------------------------------
Underidentification test (Kleibergen-Paap rk LM statistic):             30.650
                                                   Chi-sq(1) P-val =    0.0000
------------------------------------------------------------------------------
Weak identification test (Cragg-Donald Wald F statistic):              255.119
                         (Kleibergen-Paap rk Wald F statistic):          6.455
Stock-Yogo weak ID test critical values:                       <not available>
------------------------------------------------------------------------------
Hansen J statistic (overidentification test of all instruments):         0.000
                                                 (equation exactly identified)
------------------------------------------------------------------------------
Instrumented:         var3 var5 var9 var12 var18
Included instruments: var4 var8 var11 var17
Excluded instruments: var6 var7 var10 var13 var19
Partialled-out:       _cons
                      nb: total SS, model F and R2s are after partialling-out;
                          any small-sample adjustments include partialled-out
                          variables in regressor count K
------------------------------------------------------------------------------

Absorbed degrees of freedom:
-----------------------------------------------------+
 Absorbed FE | Categories  - Redundant  = Num. Coefs |
-------------+---------------------------------------|
     firm_id |      3207        3207           0    *|
          yh |        12           1          11     |
-----------------------------------------------------+
* = FE nested within cluster; treated as redundant for DoF computation
→ Spec 14: rent_seniority_sdw
(MWFE estimator converged in 4 iterations)

HDFE Linear regression                            Number of obs   =     38,436
Absorbing 2 HDFE groups                           F(   9,   3206) =      14.96
Statistics robust to heteroskedasticity           Prob > F        =     0.0000
                                                  R-squared       =     0.3539
                                                  Adj R-squared   =     0.2947
                                                  Within R-sq.    =     0.0093
Number of clusters (firm_id) =      3,207         Root MSE        =     0.1846

                            (Std. err. adjusted for 3,207 clusters in firm_id)
------------------------------------------------------------------------------
             |               Robust
growth_rat~e | Coefficient  std. err.      t    P>|t|     [95% conf. interval]
-------------+----------------------------------------------------------------
        var3 |  -.0119123   .0280715    -0.42   0.671    -.0669521    .0431275
        var5 |   .0647051   .0250841     2.58   0.010     .0155226    .1138876
        var4 |  -.1230193   .0221965    -5.54   0.000    -.1665401   -.0794985
        var8 |   -.000084   .0002199    -0.38   0.702    -.0005152    .0003471
        var9 |   -.000081   .0003257    -0.25   0.804    -.0007197    .0005577
       var14 |  -.0319552   .0197475    -1.62   0.106    -.0706743    .0067639
       var15 |  -.0274096   .0245964    -1.11   0.265    -.0756358    .0208166
       var17 |  -4.03e-07   3.20e-07    -1.26   0.209    -1.03e-06    2.25e-07
       var18 |   1.56e-06   5.00e-07     3.12   0.002     5.79e-07    2.54e-06
       _cons |   .1205089   .0087924    13.71   0.000     .1032696    .1377482
------------------------------------------------------------------------------

Absorbed degrees of freedom:
-----------------------------------------------------+
 Absorbed FE | Categories  - Redundant  = Num. Coefs |
-------------+---------------------------------------|
     firm_id |      3207        3207           0    *|
          yh |        12           1          11     |
-----------------------------------------------------+
* = FE nested within cluster; treated as redundant for DoF computation
(MWFE estimator converged in 4 iterations)

Stored estimation results
-------------------------
----------------------------------------------------------------------------
             |           Dependent  Number of        
        Name | Command    variable     param.  Title 
-------------+--------------------------------------------------------------
_ivreg2_var3 | ivreg2         var3          9  First-stage regression: var3
_ivreg2_var5 | ivreg2         var5          9  First-stage regression: var5
_ivreg2_var9 | ivreg2         var9          9  First-stage regression: var9
_ivreg2_v~15 | ivreg2        var15          9  First-stage regression: var15
_ivreg2_v~18 | ivreg2        var18          9  First-stage regression: var18
----------------------------------------------------------------------------

IV (2SLS) estimation
--------------------

Estimates efficient for homoskedasticity only
Statistics robust to heteroskedasticity and clustering on firm_id

Number of clusters (firm_id) =    3207                Number of obs =    38436
                                                      F(  9,  3206) =    14.25
                                                      Prob > F      =   0.0000
Total (centered) SS     =   1211.55256                Centered R2   =   0.0001
Total (uncentered) SS   =   1211.55256                Uncentered R2 =   0.0001
Residual SS             =  1211.463614                Root MSE      =    .1776

------------------------------------------------------------------------------
             |               Robust
growth_rat~e | Coefficient  std. err.      t    P>|t|     [95% conf. interval]
-------------+----------------------------------------------------------------
        var3 |  -.2127192   .0814384    -2.61   0.009    -.3723957   -.0530426
        var5 |   .0939354   .0964034     0.97   0.330     -.095083    .2829539
        var9 |   .0039583   .0015505     2.55   0.011     .0009181    .0069984
       var15 |   .0450196   .0703515     0.64   0.522    -.0929188    .1829581
       var18 |   2.62e-06   1.46e-06     1.79   0.073    -2.43e-07    5.49e-06
        var4 |  -.1604776   .0839137    -1.91   0.056    -.3250075    .0040523
        var8 |  -.0031048   .0011683    -2.66   0.008    -.0053955    -.000814
       var14 |  -.0845159   .0555817    -1.52   0.128    -.1934952    .0244634
       var17 |  -1.18e-06   1.06e-06    -1.11   0.267    -3.26e-06    9.01e-07
------------------------------------------------------------------------------
Underidentification test (Kleibergen-Paap rk LM statistic):             29.963
                                                   Chi-sq(1) P-val =    0.0000
------------------------------------------------------------------------------
Weak identification test (Cragg-Donald Wald F statistic):              265.275
                         (Kleibergen-Paap rk Wald F statistic):          6.367
Stock-Yogo weak ID test critical values:                       <not available>
------------------------------------------------------------------------------
Hansen J statistic (overidentification test of all instruments):         0.000
                                                 (equation exactly identified)
------------------------------------------------------------------------------
Instrumented:         var3 var5 var9 var15 var18
Included instruments: var4 var8 var14 var17
Excluded instruments: var6 var7 var10 var16 var19
Partialled-out:       _cons
                      nb: total SS, model F and R2s are after partialling-out;
                          any small-sample adjustments include partialled-out
                          variables in regressor count K
------------------------------------------------------------------------------

Absorbed degrees of freedom:
-----------------------------------------------------+
 Absorbed FE | Categories  - Redundant  = Num. Coefs |
-------------+---------------------------------------|
     firm_id |      3207        3207           0    *|
          yh |        12           1          11     |
-----------------------------------------------------+
* = FE nested within cluster; treated as redundant for DoF computation
→ Spec 15: hhi_seniority_sdw
(MWFE estimator converged in 4 iterations)

HDFE Linear regression                            Number of obs   =     38,436
Absorbing 2 HDFE groups                           F(   9,   3206) =      18.18
Statistics robust to heteroskedasticity           Prob > F        =     0.0000
                                                  R-squared       =     0.3555
                                                  Adj R-squared   =     0.2965
                                                  Within R-sq.    =     0.0118
Number of clusters (firm_id) =      3,207         Root MSE        =     0.1844

                            (Std. err. adjusted for 3,207 clusters in firm_id)
------------------------------------------------------------------------------
             |               Robust
growth_rat~e | Coefficient  std. err.      t    P>|t|     [95% conf. interval]
-------------+----------------------------------------------------------------
        var3 |    -.05067   .0280611    -1.81   0.071    -.1056894    .0043495
        var5 |    .062013   .0245567     2.53   0.012     .0138645    .1101614
        var4 |  -.1251498   .0219522    -5.70   0.000    -.1681916    -.082108
       var11 |   2.86e-06   3.09e-06     0.93   0.354    -3.19e-06    8.92e-06
       var12 |   .0000185   6.00e-06     3.09   0.002     6.75e-06    .0000303
       var14 |  -.0256072   .0199741    -1.28   0.200    -.0647706    .0135561
       var15 |   .0004157   .0252308     0.02   0.987    -.0490544    .0498859
       var17 |  -4.52e-07   3.20e-07    -1.41   0.158    -1.08e-06    1.75e-07
       var18 |   1.30e-06   5.04e-07     2.58   0.010     3.11e-07    2.29e-06
       _cons |    .116435   .0086464    13.47   0.000      .099482     .133388
------------------------------------------------------------------------------

Absorbed degrees of freedom:
-----------------------------------------------------+
 Absorbed FE | Categories  - Redundant  = Num. Coefs |
-------------+---------------------------------------|
     firm_id |      3207        3207           0    *|
          yh |        12           1          11     |
-----------------------------------------------------+
* = FE nested within cluster; treated as redundant for DoF computation
(MWFE estimator converged in 4 iterations)

Stored estimation results
-------------------------
----------------------------------------------------------------------------
             |           Dependent  Number of        
        Name | Command    variable     param.  Title 
-------------+--------------------------------------------------------------
_ivreg2_var3 | ivreg2         var3          9  First-stage regression: var3
_ivreg2_var5 | ivreg2         var5          9  First-stage regression: var5
_ivreg2_v~12 | ivreg2        var12          9  First-stage regression: var12
_ivreg2_v~15 | ivreg2        var15          9  First-stage regression: var15
_ivreg2_v~18 | ivreg2        var18          9  First-stage regression: var18
----------------------------------------------------------------------------

IV (2SLS) estimation
--------------------

Estimates efficient for homoskedasticity only
Statistics robust to heteroskedasticity and clustering on firm_id

Number of clusters (firm_id) =    3207                Number of obs =    38436
                                                      F(  9,  3206) =    17.94
                                                      Prob > F      =   0.0000
Total (centered) SS     =   1211.55256                Centered R2   =   0.0096
Total (uncentered) SS   =   1211.55256                Uncentered R2 =   0.0096
Residual SS             =  1199.876815                Root MSE      =    .1767

------------------------------------------------------------------------------
             |               Robust
growth_rat~e | Coefficient  std. err.      t    P>|t|     [95% conf. interval]
-------------+----------------------------------------------------------------
        var3 |  -.1877258   .0773992    -2.43   0.015    -.3394828   -.0359688
        var5 |   .0517385   .1013485     0.51   0.610     -.146976     .250453
       var12 |   .0000519   .0000171     3.03   0.002     .0000183    .0000855
       var15 |   .1174466   .0687021     1.71   0.087    -.0172579    .2521511
       var18 |   1.31e-06   1.64e-06     0.80   0.424    -1.90e-06    4.53e-06
        var4 |  -.1176685    .086972    -1.35   0.176     -.288195    .0528579
       var11 |  -.0000196   .0000119    -1.65   0.098    -.0000429    3.65e-06
       var14 |  -.1115651   .0549541    -2.03   0.042    -.2193138   -.0038163
       var17 |  -4.74e-07   1.21e-06    -0.39   0.694    -2.84e-06    1.89e-06
------------------------------------------------------------------------------
Underidentification test (Kleibergen-Paap rk LM statistic):             23.195
                                                   Chi-sq(1) P-val =    0.0000
------------------------------------------------------------------------------
Weak identification test (Cragg-Donald Wald F statistic):              469.164
                         (Kleibergen-Paap rk Wald F statistic):          5.992
Stock-Yogo weak ID test critical values:                       <not available>
------------------------------------------------------------------------------
Hansen J statistic (overidentification test of all instruments):         0.000
                                                 (equation exactly identified)
------------------------------------------------------------------------------
Instrumented:         var3 var5 var12 var15 var18
Included instruments: var4 var11 var14 var17
Excluded instruments: var6 var7 var13 var16 var19
Partialled-out:       _cons
                      nb: total SS, model F and R2s are after partialling-out;
                          any small-sample adjustments include partialled-out
                          variables in regressor count K
------------------------------------------------------------------------------

Absorbed degrees of freedom:
-----------------------------------------------------+
 Absorbed FE | Categories  - Redundant  = Num. Coefs |
-------------+---------------------------------------|
     firm_id |      3207        3207           0    *|
          yh |        12           1          11     |
-----------------------------------------------------+
* = FE nested within cluster; treated as redundant for DoF computation
→ Spec 16: rent_hhi_seniority_sdw
(MWFE estimator converged in 4 iterations)

HDFE Linear regression                            Number of obs   =     38,436
Absorbing 2 HDFE groups                           F(  11,   3206) =      15.11
Statistics robust to heteroskedasticity           Prob > F        =     0.0000
                                                  R-squared       =     0.3556
                                                  Adj R-squared   =     0.2965
                                                  Within R-sq.    =     0.0118
Number of clusters (firm_id) =      3,207         Root MSE        =     0.1844

                            (Std. err. adjusted for 3,207 clusters in firm_id)
------------------------------------------------------------------------------
             |               Robust
growth_rat~e | Coefficient  std. err.      t    P>|t|     [95% conf. interval]
-------------+----------------------------------------------------------------
        var3 |  -.0478114    .030291    -1.58   0.115     -.107203    .0115802
        var5 |   .0621478    .025092     2.48   0.013     .0129499    .1113458
        var4 |  -.1241904   .0222672    -5.58   0.000    -.1678497   -.0805311
        var8 |  -.0000743   .0002218    -0.33   0.738    -.0005092    .0003607
        var9 |   -.000044   .0003258    -0.14   0.893    -.0006828    .0005948
       var11 |   2.83e-06   3.11e-06     0.91   0.363    -3.28e-06    8.94e-06
       var12 |   .0000184   6.05e-06     3.05   0.002     6.58e-06    .0000303
       var14 |  -.0255183   .0199506    -1.28   0.201    -.0646355    .0135989
       var15 |   .0005243   .0252181     0.02   0.983     -.048921    .0499695
       var17 |  -4.44e-07   3.21e-07    -1.38   0.167    -1.07e-06    1.85e-07
       var18 |   1.29e-06   5.06e-07     2.55   0.011     2.97e-07    2.28e-06
       _cons |   .1172982    .009159    12.81   0.000     .0993401    .1352562
------------------------------------------------------------------------------

Absorbed degrees of freedom:
-----------------------------------------------------+
 Absorbed FE | Categories  - Redundant  = Num. Coefs |
-------------+---------------------------------------|
     firm_id |      3207        3207           0    *|
          yh |        12           1          11     |
-----------------------------------------------------+
* = FE nested within cluster; treated as redundant for DoF computation
(MWFE estimator converged in 4 iterations)

Stored estimation results
-------------------------
----------------------------------------------------------------------------
             |           Dependent  Number of        
        Name | Command    variable     param.  Title 
-------------+--------------------------------------------------------------
_ivreg2_var3 | ivreg2         var3         11  First-stage regression: var3
_ivreg2_var5 | ivreg2         var5         11  First-stage regression: var5
_ivreg2_var9 | ivreg2         var9         11  First-stage regression: var9
_ivreg2_v~12 | ivreg2        var12         11  First-stage regression: var12
_ivreg2_v~15 | ivreg2        var15         11  First-stage regression: var15
_ivreg2_v~18 | ivreg2        var18         11  First-stage regression: var18
----------------------------------------------------------------------------

IV (2SLS) estimation
--------------------

Estimates efficient for homoskedasticity only
Statistics robust to heteroskedasticity and clustering on firm_id

Number of clusters (firm_id) =    3207                Number of obs =    38436
                                                      F( 11,  3206) =    15.19
                                                      Prob > F      =   0.0000
Total (centered) SS     =   1211.55256                Centered R2   =   0.0018
Total (uncentered) SS   =   1211.55256                Uncentered R2 =   0.0018
Residual SS             =  1209.348554                Root MSE      =    .1774

------------------------------------------------------------------------------
             |               Robust
growth_rat~e | Coefficient  std. err.      t    P>|t|     [95% conf. interval]
-------------+----------------------------------------------------------------
        var3 |  -.2909133   .0862563    -3.37   0.001    -.4600363   -.1217903
        var5 |    .042529   .1005233     0.42   0.672    -.1545675    .2396255
        var9 |   .0042009   .0016099     2.61   0.009     .0010443    .0073575
       var12 |   .0000494   .0000174     2.84   0.005     .0000153    .0000834
       var15 |   .1136693   .0691122     1.64   0.100    -.0218392    .2491778
       var18 |   1.13e-06   1.69e-06     0.67   0.505    -2.18e-06    4.44e-06
        var4 |  -.1209751   .0878872    -1.38   0.169     -.293296    .0513458
        var8 |   -.003238   .0012185    -2.66   0.008    -.0056272   -.0008489
       var11 |  -.0000174   .0000122    -1.43   0.153    -.0000413    6.50e-06
       var14 |   -.104925   .0550795    -1.90   0.057    -.2129197    .0030697
       var17 |  -3.67e-07   1.24e-06    -0.30   0.767    -2.80e-06    2.07e-06
------------------------------------------------------------------------------
Underidentification test (Kleibergen-Paap rk LM statistic):             30.066
                                                   Chi-sq(1) P-val =    0.0000
------------------------------------------------------------------------------
Weak identification test (Cragg-Donald Wald F statistic):              207.717
                         (Kleibergen-Paap rk Wald F statistic):          5.284
Stock-Yogo weak ID test critical values:                       <not available>
------------------------------------------------------------------------------
Hansen J statistic (overidentification test of all instruments):         0.000
                                                 (equation exactly identified)
------------------------------------------------------------------------------
Instrumented:         var3 var5 var9 var12 var15 var18
Included instruments: var4 var8 var11 var14 var17
Excluded instruments: var6 var7 var10 var13 var16 var19
Partialled-out:       _cons
                      nb: total SS, model F and R2s are after partialling-out;
                          any small-sample adjustments include partialled-out
                          variables in regressor count K
------------------------------------------------------------------------------

Absorbed degrees of freedom:
-----------------------------------------------------+
 Absorbed FE | Categories  - Redundant  = Num. Coefs |
-------------+---------------------------------------|
     firm_id |      3207        3207           0    *|
          yh |        12           1          11     |
-----------------------------------------------------+
* = FE nested within cluster; treated as redundant for DoF computation

. 
. 
. // 5) Close & export
. postclose handle

. use `out', clear

. export delimited using "`result_dir'/consolidated_results.csv", ///
>     replace delimiter(",") quote
file ../results/raw/firm_mechanisms_wage_gap/consolidated_results.csv saved

. 
. display as result "→ CSV written to `result_dir'/consolidated_results.csv"
→ CSV written to ../results/raw/firm_mechanisms_wage_gap/consolidated_results.csv

. capture log close
