-----------------------------------------------------------------------------------------------------------------------------------------
      name:  <unnamed>
       log:  /Users/saul/Dropbox/Remote Work Startups/main/spec/log/firm_mechanisms_lean.log
  log type:  text
 opened on:   5 Jun 2025, 10:01:38

. 
. 
. // 0) Globals + setup
. do "../src/globals.do"

. global raw_data "../data/raw"

. global processed_data  "../data/processed"

. global results "../results/raw"

. global clean_results "../results/cleaned"

. 
. 
. 
end of do-file

. local result_dir "$results/`specname'"

. capture mkdir "`result_dir'"

. 
. // 1) Load & prepare once
. use "$processed_data/firm_panel.dta", clear

. gen seniority_4 = !inrange(seniority_levels,1,3)

. 
. // interactions
. gen var8  = covid*rent
(3,186 missing values generated)

. gen var11 = covid*hhi_1000
(34 missing values generated)

. gen var14 = covid*seniority_4

. 
. 
. // pick your mechanism here
. // local mech    sd_wage    // or: p90_p10_gap
. // local mech_label  sdw 
. 
. local mech    p90_p10_gap

. local mech_label  gap

. 
. 
. gen var17 = covid*`mech'
(37 missing values generated)

. 
. 
. 
. capture postclose handle

. tempfile out

. postfile handle ///
>     str8   model_type  /// 
>     str244 spec        ///
>     str40  param       ///
>     double coef se pval pre_mean rkf nobs /// 
>     using `out', replace
(file /var/folders/hg/s3xm9w393gxby64_zklmhgbc0000gn/T//S_56802.000001 not found)

. 
. 
. 
. * ────────────────────────────────────────────────────────
. * 2) Redefine your specs list (16 total)
. * ────────────────────────────────────────────────────────
. 
. local specs ///
>   "baseline" ///
>   "rent" "hhi" "seniority" "`mech_label'" ///
>   "rent_hhi" "rent_seniority" "rent_`mech_label'" "hhi_seniority" "hhi_`mech_label'" "seniority_`mech_label'" ///
>   "rent_hhi_seniority" "rent_hhi_`mech_label'" "rent_seniority_`mech_label'" "hhi_seniority_`mech_label'" ///
>   "rent_hhi_seniority_`mech_label'"

. 
. 
. // drop if missing(rent, hhi_1000, seniority_4, sd_wage, p90_p10_gap)
. 
. 
. * ────────────────────────────────────────────────────────
. * 3) Define spec_… locals for OLS exog, IV exog, instruments & endogenous
. *    (indices correspond to word positions in `specs`)
. * ────────────────────────────────────────────────────────
. 
. //  1) baseline
. local spec_ols_exog1  var4

. local spec_iv_exog1   var4

. local spec_instr1     var6 var7

. local spec_endo1      var3 var5

. 
. //  2) rent
. local spec_ols_exog2  var4 var8  

. local spec_iv_exog2   var4 var8

. local spec_instr2     var6 var7 

. local spec_endo2      var3 var5 

. 
. //  3) hhi
. local spec_ols_exog3  var4 var11 

. local spec_iv_exog3   var4 var11

. local spec_instr3     var6 var7 

. local spec_endo3      var3 var5 

. 
. //  4) seniority
. local spec_ols_exog4  var4 var14 

. local spec_iv_exog4   var4 var14

. local spec_instr4     var6 var7 

. local spec_endo4      var3 var5 

. 
. //  5) `mech'
. local spec_ols_exog5  var4 var17 

. local spec_iv_exog5   var4 var17

. local spec_instr5     var6 var7 

. local spec_endo5      var3 var5 

. 
. //  6) rent_hhi
. local spec_ols_exog6  var4 var8  var11 

. local spec_iv_exog6   var4 var8 var11

. local spec_instr6     var6 var7  

. local spec_endo6      var3 var5  

. 
. //  7) rent_seniority
. local spec_ols_exog7  var4 var8  var14 

. local spec_iv_exog7   var4 var8 var14

. local spec_instr7     var6 var7  

. local spec_endo7      var3 var5  

. 
. //  8) rent_`mech'
. local spec_ols_exog8  var4 var8  var17 

. local spec_iv_exog8   var4 var8 var17

. local spec_instr8     var6 var7  

. local spec_endo8      var3 var5  

. 
. //  9) hhi_seniority
. local spec_ols_exog9  var4 var11  var14 

. local spec_iv_exog9   var4 var11 var14

. local spec_instr9     var6 var7  

. local spec_endo9      var3 var5  

. 
. // 10) hhi_`mech'
. local spec_ols_exog10 var4 var11  var17 

. local spec_iv_exog10  var4 var11 var17

. local spec_instr10    var6 var7  

. local spec_endo10     var3 var5  

. 
. // 11) `mech'_seniority
. local spec_ols_exog11 var4 var17  var14 

. local spec_iv_exog11  var4 var17 var14

. local spec_instr11    var6 var7  

. local spec_endo11     var3 var5  

. 
. // 12) rent_hhi_seniority
. local spec_ols_exog12 var4 var8  var11  var14 

. local spec_iv_exog12  var4 var8 var11 var14

. local spec_instr12    var6 var7   

. local spec_endo12     var3 var5   

. 
. // 13) rent_hhi_`mech'
. local spec_ols_exog13 var4 var8  var11  var17 

. local spec_iv_exog13  var4 var8 var11 var17

. local spec_instr13    var6 var7   

. local spec_endo13     var3 var5   

. 
. // 14) rent_seniority_`mech'
. local spec_ols_exog14 var4 var8  var14  var17 

. local spec_iv_exog14  var4 var8 var14 var17

. local spec_instr14    var6 var7   

. local spec_endo14     var3 var5   

. 
. // 15) hhi_seniority_`mech'
. local spec_ols_exog15 var4 var11  var14  var17 

. local spec_iv_exog15  var4 var11 var14 var17

. local spec_instr15    var6 var7   

. local spec_endo15     var3 var5   

. 
. // 16) rent_hhi_seniority_`mech'
. local spec_ols_exog16 var4 var8  var11  var14  var17 

. local spec_iv_exog16  var4 var8 var11 var14 var17

. local spec_instr16    var6 var7    

. local spec_endo16     var3 var5    

. 
. 
. 
. 
. * ─── SPEC 1: Baseline on the full sample ────────────────────────
. display as text "→ Spec 1: baseline (full sample)"
→ Spec 1: baseline (full sample)

. 
. summarize growth_rate_we if covid == 0, meanonly

. local pre_mean = r(mean)

. 
. // 1a) OLS
. reghdfe growth_rate_we var3 var5 var4, ///
>     absorb(firm_id yh) vce(cluster firm_id)
(MWFE estimator converged in 4 iterations)

HDFE Linear regression                            Number of obs   =     41,980
Absorbing 2 HDFE groups                           F(   3,   3507) =      24.67
Statistics robust to heteroskedasticity           Prob > F        =     0.0000
                                                  R-squared       =     0.3488
                                                  Adj R-squared   =     0.2892
                                                  Within R-sq.    =     0.0055
Number of clusters (firm_id) =      3,508         Root MSE        =     0.1853

                            (Std. err. adjusted for 3,508 clusters in firm_id)
------------------------------------------------------------------------------
             |               Robust
growth_rat~e | Coefficient  std. err.      t    P>|t|     [95% conf. interval]
-------------+----------------------------------------------------------------
        var3 |   .0032223   .0046965     0.69   0.493    -.0059859    .0124305
        var5 |   .0699523   .0236946     2.95   0.003     .0234957     .116409
        var4 |   -.117261   .0211647    -5.54   0.000    -.1587573   -.0757646
       _cons |   .0998093   .0012425    80.33   0.000     .0973732    .1022453
------------------------------------------------------------------------------

Absorbed degrees of freedom:
-----------------------------------------------------+
 Absorbed FE | Categories  - Redundant  = Num. Coefs |
-------------+---------------------------------------|
     firm_id |      3508        3508           0    *|
          yh |        12           1          11     |
-----------------------------------------------------+
* = FE nested within cluster; treated as redundant for DoF computation

. local N = e(N)

. foreach p in var3 var5 {
  2.     local b    = _b[`p']
  3.     local se   = _se[`p']
  4.     local t    = `b'/`se'
  5.     local pval = 2*ttail(e(df_r), abs(`t'))
  6.     post handle ("OLS") ("baseline") ("`p'") ///
>                 (`b') (`se') (`pval') (`pre_mean') ///
>                 (.) (`N')
  7. }

. 
. // 1b) IV
. ivreghdfe growth_rate_we (var3 var5 = var6 var7) var4, ///
>     absorb(firm_id yh) vce(cluster firm_id) savefirst
(MWFE estimator converged in 4 iterations)

Stored estimation results
-------------------------
---------------------------------------------------------------------------
             |           Dependent  Number of        
        Name | Command    variable     param.  Title 
-------------+-------------------------------------------------------------
_ivreg2_var3 | ivreg2         var3          3  First-stage regression: var3
_ivreg2_var5 | ivreg2         var5          3  First-stage regression: var5
---------------------------------------------------------------------------

IV (2SLS) estimation
--------------------

Estimates efficient for homoskedasticity only
Statistics robust to heteroskedasticity and clustering on firm_id

Number of clusters (firm_id) =    3508                Number of obs =    41980
                                                      F(  3,  3507) =    22.94
                                                      Prob > F      =   0.0000
Total (centered) SS     =   1327.10484                Centered R2   =   0.0022
Total (uncentered) SS   =   1327.10484                Uncentered R2 =   0.0022
Residual SS             =  1324.192664                Root MSE      =    .1776

------------------------------------------------------------------------------
             |               Robust
growth_rat~e | Coefficient  std. err.      t    P>|t|     [95% conf. interval]
-------------+----------------------------------------------------------------
        var3 |   .0057809   .0093488     0.62   0.536    -.0125488    .0241105
        var5 |   .2088021   .1017564     2.05   0.040     .0092944    .4083098
        var4 |   -.236576   .0865024    -2.73   0.006     -.406176    -.066976
------------------------------------------------------------------------------
Underidentification test (Kleibergen-Paap rk LM statistic):             25.467
                                                   Chi-sq(1) P-val =    0.0000
------------------------------------------------------------------------------
Weak identification test (Cragg-Donald Wald F statistic):             1388.072
                         (Kleibergen-Paap rk Wald F statistic):         16.530
Stock-Yogo weak ID test critical values: 10% maximal IV size              7.03
                                         15% maximal IV size              4.58
                                         20% maximal IV size              3.95
                                         25% maximal IV size              3.63
Source: Stock-Yogo (2005).  Reproduced by permission.
NB: Critical values are for Cragg-Donald F statistic and i.i.d. errors.
------------------------------------------------------------------------------
Hansen J statistic (overidentification test of all instruments):         0.000
                                                 (equation exactly identified)
------------------------------------------------------------------------------
Instrumented:         var3 var5
Included instruments: var4
Excluded instruments: var6 var7
Partialled-out:       _cons
                      nb: total SS, model F and R2s are after partialling-out;
                          any small-sample adjustments include partialled-out
                          variables in regressor count K
------------------------------------------------------------------------------

Absorbed degrees of freedom:
-----------------------------------------------------+
 Absorbed FE | Categories  - Redundant  = Num. Coefs |
-------------+---------------------------------------|
     firm_id |      3508        3508           0    *|
          yh |        12           1          11     |
-----------------------------------------------------+
* = FE nested within cluster; treated as redundant for DoF computation

. local rkf = e(rkf)

. local N   = e(N)

. foreach p in var3 var5 {
  2.     local b    = _b[`p']
  3.     local se   = _se[`p']
  4.     local t    = `b'/`se'
  5.     local pval = 2*ttail(e(df_r), abs(`t'))
  6.     post handle ("IV") ("baseline") ("`p'") ///
>                 (`b') (`se') (`pval') (`pre_mean') ///
>                 (`rkf') (`N')
  7. }

. 
. // 2) Restrict for mechanism specs
. // Align sample with wage-dispersion mechanisms: require all mechanism vars
. 
. 
. * ────────────────────────────────────────────────────────
. * 4) Update your loop to run 2→n automatically
. * ────────────────────────────────────────────────────────
. local n = wordcount("`specs'")    // now 16

. forvalues i = 2/16 {
  2.     local spec    : word `i' of `specs'
  3.     local ols_exog "`spec_ols_exog`i''"
  4.     local iv_exog  "`spec_iv_exog`i''"
  5.     local instr    "`spec_instr`i''"
  6.     local endo     "`spec_endo`i''"
  7. 
.     display as text "→ Spec `i': `spec'"
  8. 
.     summarize growth_rate_we if covid == 0, meanonly
  9.     local pre_mean = r(mean)
 10. 
.     // 4a) OLS
.     reghdfe growth_rate_we var3 var5 `ols_exog', ///
>         absorb(firm_id yh) vce(cluster firm_id)
 11.     local N = e(N)
 12.     foreach p in var3 var5 {
 13.         local b    = _b[`p']
 14.         local se   = _se[`p']
 15.         local t    = `b'/`se'
 16.         local pval = 2*ttail(e(df_r), abs(`t'))
 17.         post handle ("OLS") ("`spec'") ("`p'") ///
>                     (`b') (`se') (`pval') (`pre_mean') ///
>                     (.) (`N')
 18.     }
 19. 
.     // 4b) IV
.     ivreghdfe growth_rate_we (`endo' = `instr') `iv_exog', ///
>         absorb(firm_id yh) vce(cluster firm_id) savefirst
 20.     local rkf = e(rkf)
 21.     local N   = e(N)
 22.     foreach p in var3 var5 {
 23.         local b    = _b[`p']
 24.         local se   = _se[`p']
 25.         local t    = `b'/`se'
 26.         local pval = 2*ttail(e(df_r), abs(`t'))
 27.         post handle ("IV") ("`spec'") ("`p'") ///
>                     (`b') (`se') (`pval') (`pre_mean') ///
>                     (`rkf') (`N')
 28.     }
 29. }
→ Spec 2: rent
(MWFE estimator converged in 4 iterations)

HDFE Linear regression                            Number of obs   =     38,794
Absorbing 2 HDFE groups                           F(   4,   3241) =      17.66
Statistics robust to heteroskedasticity           Prob > F        =     0.0000
                                                  R-squared       =     0.3498
                                                  Adj R-squared   =     0.2903
                                                  Within R-sq.    =     0.0055
Number of clusters (firm_id) =      3,242         Root MSE        =     0.1864

                            (Std. err. adjusted for 3,242 clusters in firm_id)
------------------------------------------------------------------------------
             |               Robust
growth_rat~e | Coefficient  std. err.      t    P>|t|     [95% conf. interval]
-------------+----------------------------------------------------------------
        var3 |   .0040306   .0048934     0.82   0.410    -.0055639    .0136252
        var5 |   .0679618   .0250552     2.71   0.007     .0188362    .1170873
        var4 |  -.1132191   .0224107    -5.05   0.000    -.1571596   -.0692785
        var8 |  -.0001956   .0001343    -1.46   0.145    -.0004589    .0000677
       _cons |    .104223   .0023088    45.14   0.000     .0996962    .1087498
------------------------------------------------------------------------------

Absorbed degrees of freedom:
-----------------------------------------------------+
 Absorbed FE | Categories  - Redundant  = Num. Coefs |
-------------+---------------------------------------|
     firm_id |      3242        3242           0    *|
          yh |        12           1          11     |
-----------------------------------------------------+
* = FE nested within cluster; treated as redundant for DoF computation
(MWFE estimator converged in 4 iterations)

Stored estimation results
-------------------------
---------------------------------------------------------------------------
             |           Dependent  Number of        
        Name | Command    variable     param.  Title 
-------------+-------------------------------------------------------------
_ivreg2_var3 | ivreg2         var3          4  First-stage regression: var3
_ivreg2_var5 | ivreg2         var5          4  First-stage regression: var5
---------------------------------------------------------------------------

IV (2SLS) estimation
--------------------

Estimates efficient for homoskedasticity only
Statistics robust to heteroskedasticity and clustering on firm_id

Number of clusters (firm_id) =    3242                Number of obs =    38794
                                                      F(  4,  3241) =    16.68
                                                      Prob > F      =   0.0000
Total (centered) SS     =  1241.191065                Centered R2   =   0.0017
Total (uncentered) SS   =  1241.191065                Uncentered R2 =   0.0017
Residual SS             =  1239.127351                Root MSE      =    .1788

------------------------------------------------------------------------------
             |               Robust
growth_rat~e | Coefficient  std. err.      t    P>|t|     [95% conf. interval]
-------------+----------------------------------------------------------------
        var3 |   .0167541   .0100499     1.67   0.096    -.0029507    .0364588
        var5 |   .2063129   .1107407     1.86   0.063     -.010816    .4234418
        var4 |  -.2343102   .0942455    -2.49   0.013    -.4190971   -.0495234
        var8 |  -.0002962   .0001494    -1.98   0.048    -.0005891   -3.18e-06
------------------------------------------------------------------------------
Underidentification test (Kleibergen-Paap rk LM statistic):             22.055
                                                   Chi-sq(1) P-val =    0.0000
------------------------------------------------------------------------------
Weak identification test (Cragg-Donald Wald F statistic):             1165.516
                         (Kleibergen-Paap rk Wald F statistic):         14.170
Stock-Yogo weak ID test critical values: 10% maximal IV size              7.03
                                         15% maximal IV size              4.58
                                         20% maximal IV size              3.95
                                         25% maximal IV size              3.63
Source: Stock-Yogo (2005).  Reproduced by permission.
NB: Critical values are for Cragg-Donald F statistic and i.i.d. errors.
------------------------------------------------------------------------------
Hansen J statistic (overidentification test of all instruments):         0.000
                                                 (equation exactly identified)
------------------------------------------------------------------------------
Instrumented:         var3 var5
Included instruments: var4 var8
Excluded instruments: var6 var7
Partialled-out:       _cons
                      nb: total SS, model F and R2s are after partialling-out;
                          any small-sample adjustments include partialled-out
                          variables in regressor count K
------------------------------------------------------------------------------

Absorbed degrees of freedom:
-----------------------------------------------------+
 Absorbed FE | Categories  - Redundant  = Num. Coefs |
-------------+---------------------------------------|
     firm_id |      3242        3242           0    *|
          yh |        12           1          11     |
-----------------------------------------------------+
* = FE nested within cluster; treated as redundant for DoF computation
→ Spec 3: hhi
(MWFE estimator converged in 4 iterations)

HDFE Linear regression                            Number of obs   =     41,946
Absorbing 2 HDFE groups                           F(   4,   3501) =      38.70
Statistics robust to heteroskedasticity           Prob > F        =     0.0000
                                                  R-squared       =     0.3520
                                                  Adj R-squared   =     0.2927
                                                  Within R-sq.    =     0.0114
Number of clusters (firm_id) =      3,502         Root MSE        =     0.1844

                            (Std. err. adjusted for 3,502 clusters in firm_id)
------------------------------------------------------------------------------
             |               Robust
growth_rat~e | Coefficient  std. err.      t    P>|t|     [95% conf. interval]
-------------+----------------------------------------------------------------
        var3 |    .004159   .0047353     0.88   0.380    -.0051254    .0134433
        var5 |   .0732922   .0231138     3.17   0.002     .0279743    .1186101
        var4 |  -.1291719   .0207722    -6.22   0.000    -.1698987   -.0884452
       var11 |   .0000193   2.52e-06     7.69   0.000     .0000144    .0000243
       _cons |   .0917866   .0017021    53.93   0.000     .0884495    .0951238
------------------------------------------------------------------------------

Absorbed degrees of freedom:
-----------------------------------------------------+
 Absorbed FE | Categories  - Redundant  = Num. Coefs |
-------------+---------------------------------------|
     firm_id |      3502        3502           0    *|
          yh |        12           1          11     |
-----------------------------------------------------+
* = FE nested within cluster; treated as redundant for DoF computation
(MWFE estimator converged in 4 iterations)

Stored estimation results
-------------------------
---------------------------------------------------------------------------
             |           Dependent  Number of        
        Name | Command    variable     param.  Title 
-------------+-------------------------------------------------------------
_ivreg2_var3 | ivreg2         var3          4  First-stage regression: var3
_ivreg2_var5 | ivreg2         var5          4  First-stage regression: var5
---------------------------------------------------------------------------

IV (2SLS) estimation
--------------------

Estimates efficient for homoskedasticity only
Statistics robust to heteroskedasticity and clustering on firm_id

Number of clusters (firm_id) =    3502                Number of obs =    41946
                                                      F(  4,  3501) =    36.95
                                                      Prob > F      =   0.0000
Total (centered) SS     =  1321.526286                Centered R2   =   0.0092
Total (uncentered) SS   =  1321.526286                Uncentered R2 =   0.0092
Residual SS             =   1309.30663                Root MSE      =    .1767

------------------------------------------------------------------------------
             |               Robust
growth_rat~e | Coefficient  std. err.      t    P>|t|     [95% conf. interval]
-------------+----------------------------------------------------------------
        var3 |   .0191606   .0093035     2.06   0.040     .0009199    .0374014
        var5 |   .1656982   .0948853     1.75   0.081    -.0203379    .3517343
        var4 |  -.2125169   .0811473    -2.62   0.009    -.3716177    -.053416
       var11 |   .0000196   2.52e-06     7.77   0.000     .0000146    .0000245
------------------------------------------------------------------------------
Underidentification test (Kleibergen-Paap rk LM statistic):             25.121
                                                   Chi-sq(1) P-val =    0.0000
------------------------------------------------------------------------------
Weak identification test (Cragg-Donald Wald F statistic):             1393.215
                         (Kleibergen-Paap rk Wald F statistic):         16.284
Stock-Yogo weak ID test critical values: 10% maximal IV size              7.03
                                         15% maximal IV size              4.58
                                         20% maximal IV size              3.95
                                         25% maximal IV size              3.63
Source: Stock-Yogo (2005).  Reproduced by permission.
NB: Critical values are for Cragg-Donald F statistic and i.i.d. errors.
------------------------------------------------------------------------------
Hansen J statistic (overidentification test of all instruments):         0.000
                                                 (equation exactly identified)
------------------------------------------------------------------------------
Instrumented:         var3 var5
Included instruments: var4 var11
Excluded instruments: var6 var7
Partialled-out:       _cons
                      nb: total SS, model F and R2s are after partialling-out;
                          any small-sample adjustments include partialled-out
                          variables in regressor count K
------------------------------------------------------------------------------

Absorbed degrees of freedom:
-----------------------------------------------------+
 Absorbed FE | Categories  - Redundant  = Num. Coefs |
-------------+---------------------------------------|
     firm_id |      3502        3502           0    *|
          yh |        12           1          11     |
-----------------------------------------------------+
* = FE nested within cluster; treated as redundant for DoF computation
→ Spec 4: seniority
(MWFE estimator converged in 4 iterations)

HDFE Linear regression                            Number of obs   =     41,980
Absorbing 2 HDFE groups                           F(   4,   3507) =      32.36
Statistics robust to heteroskedasticity           Prob > F        =     0.0000
                                                  R-squared       =     0.3508
                                                  Adj R-squared   =     0.2913
                                                  Within R-sq.    =     0.0085
Number of clusters (firm_id) =      3,508         Root MSE        =     0.1850

                            (Std. err. adjusted for 3,508 clusters in firm_id)
------------------------------------------------------------------------------
             |               Robust
growth_rat~e | Coefficient  std. err.      t    P>|t|     [95% conf. interval]
-------------+----------------------------------------------------------------
        var3 |  -.0009644   .0046662    -0.21   0.836    -.0101131    .0081843
        var5 |    .072678   .0232149     3.13   0.002      .027162     .118194
        var4 |  -.1278693   .0207307    -6.17   0.000    -.1685147   -.0872238
       var14 |  -.0616063   .0099362    -6.20   0.000    -.0810876    -.042125
       _cons |   .1242679   .0039248    31.66   0.000     .1165728     .131963
------------------------------------------------------------------------------

Absorbed degrees of freedom:
-----------------------------------------------------+
 Absorbed FE | Categories  - Redundant  = Num. Coefs |
-------------+---------------------------------------|
     firm_id |      3508        3508           0    *|
          yh |        12           1          11     |
-----------------------------------------------------+
* = FE nested within cluster; treated as redundant for DoF computation
(MWFE estimator converged in 4 iterations)

Stored estimation results
-------------------------
---------------------------------------------------------------------------
             |           Dependent  Number of        
        Name | Command    variable     param.  Title 
-------------+-------------------------------------------------------------
_ivreg2_var3 | ivreg2         var3          4  First-stage regression: var3
_ivreg2_var5 | ivreg2         var5          4  First-stage regression: var5
---------------------------------------------------------------------------

IV (2SLS) estimation
--------------------

Estimates efficient for homoskedasticity only
Statistics robust to heteroskedasticity and clustering on firm_id

Number of clusters (firm_id) =    3508                Number of obs =    41980
                                                      F(  4,  3507) =    30.11
                                                      Prob > F      =   0.0000
Total (centered) SS     =   1327.10484                Centered R2   =   0.0073
Total (uncentered) SS   =   1327.10484                Uncentered R2 =   0.0073
Residual SS             =  1317.393848                Root MSE      =    .1772

------------------------------------------------------------------------------
             |               Robust
growth_rat~e | Coefficient  std. err.      t    P>|t|     [95% conf. interval]
-------------+----------------------------------------------------------------
        var3 |   .0008945   .0092101     0.10   0.923    -.0171632    .0189523
        var5 |    .156249   .0959597     1.63   0.104    -.0318936    .3443915
        var4 |   -.199687    .081607    -2.45   0.014     -.359689    -.039685
       var14 |  -.0610396   .0100078    -6.10   0.000    -.0806614   -.0414179
------------------------------------------------------------------------------
Underidentification test (Kleibergen-Paap rk LM statistic):             25.366
                                                   Chi-sq(1) P-val =    0.0000
------------------------------------------------------------------------------
Weak identification test (Cragg-Donald Wald F statistic):             1391.058
                         (Kleibergen-Paap rk Wald F statistic):         16.570
Stock-Yogo weak ID test critical values: 10% maximal IV size              7.03
                                         15% maximal IV size              4.58
                                         20% maximal IV size              3.95
                                         25% maximal IV size              3.63
Source: Stock-Yogo (2005).  Reproduced by permission.
NB: Critical values are for Cragg-Donald F statistic and i.i.d. errors.
------------------------------------------------------------------------------
Hansen J statistic (overidentification test of all instruments):         0.000
                                                 (equation exactly identified)
------------------------------------------------------------------------------
Instrumented:         var3 var5
Included instruments: var4 var14
Excluded instruments: var6 var7
Partialled-out:       _cons
                      nb: total SS, model F and R2s are after partialling-out;
                          any small-sample adjustments include partialled-out
                          variables in regressor count K
------------------------------------------------------------------------------

Absorbed degrees of freedom:
-----------------------------------------------------+
 Absorbed FE | Categories  - Redundant  = Num. Coefs |
-------------+---------------------------------------|
     firm_id |      3508        3508           0    *|
          yh |        12           1          11     |
-----------------------------------------------------+
* = FE nested within cluster; treated as redundant for DoF computation
→ Spec 5: gap
(MWFE estimator converged in 4 iterations)

HDFE Linear regression                            Number of obs   =     41,943
Absorbing 2 HDFE groups                           F(   4,   3501) =      19.94
Statistics robust to heteroskedasticity           Prob > F        =     0.0000
                                                  R-squared       =     0.3495
                                                  Adj R-squared   =     0.2899
                                                  Within R-sq.    =     0.0058
Number of clusters (firm_id) =      3,502         Root MSE        =     0.1850

                            (Std. err. adjusted for 3,502 clusters in firm_id)
------------------------------------------------------------------------------
             |               Robust
growth_rat~e | Coefficient  std. err.      t    P>|t|     [95% conf. interval]
-------------+----------------------------------------------------------------
        var3 |   .0026742   .0046907     0.57   0.569    -.0065225    .0118709
        var5 |   .0700201   .0237031     2.95   0.003     .0235468    .1164934
        var4 |  -.1183464    .021183    -5.59   0.000    -.1598787   -.0768141
       var17 |   2.04e-07   8.41e-08     2.42   0.015     3.88e-08    3.69e-07
       _cons |   .0954096   .0022471    42.46   0.000     .0910039    .0998154
------------------------------------------------------------------------------

Absorbed degrees of freedom:
-----------------------------------------------------+
 Absorbed FE | Categories  - Redundant  = Num. Coefs |
-------------+---------------------------------------|
     firm_id |      3502        3502           0    *|
          yh |        12           1          11     |
-----------------------------------------------------+
* = FE nested within cluster; treated as redundant for DoF computation
(MWFE estimator converged in 4 iterations)

Stored estimation results
-------------------------
---------------------------------------------------------------------------
             |           Dependent  Number of        
        Name | Command    variable     param.  Title 
-------------+-------------------------------------------------------------
_ivreg2_var3 | ivreg2         var3          4  First-stage regression: var3
_ivreg2_var5 | ivreg2         var5          4  First-stage regression: var5
---------------------------------------------------------------------------

IV (2SLS) estimation
--------------------

Estimates efficient for homoskedasticity only
Statistics robust to heteroskedasticity and clustering on firm_id

Number of clusters (firm_id) =    3502                Number of obs =    41943
                                                      F(  4,  3501) =    19.00
                                                      Prob > F      =   0.0000
Total (centered) SS     =  1323.007202                Centered R2   =   0.0020
Total (uncentered) SS   =  1323.007202                Uncentered R2 =   0.0020
Residual SS             =  1320.364598                Root MSE      =    .1775

------------------------------------------------------------------------------
             |               Robust
growth_rat~e | Coefficient  std. err.      t    P>|t|     [95% conf. interval]
-------------+----------------------------------------------------------------
        var3 |   .0025641   .0094117     0.27   0.785    -.0158889    .0210171
        var5 |   .2225867   .1023866     2.17   0.030     .0218433    .4233301
        var4 |  -.2485418   .0870465    -2.86   0.004    -.4192087   -.0778748
       var17 |   1.84e-07   8.65e-08     2.13   0.033     1.46e-08    3.54e-07
------------------------------------------------------------------------------
Underidentification test (Kleibergen-Paap rk LM statistic):             24.983
                                                   Chi-sq(1) P-val =    0.0000
------------------------------------------------------------------------------
Weak identification test (Cragg-Donald Wald F statistic):             1374.325
                         (Kleibergen-Paap rk Wald F statistic):         16.179
Stock-Yogo weak ID test critical values: 10% maximal IV size              7.03
                                         15% maximal IV size              4.58
                                         20% maximal IV size              3.95
                                         25% maximal IV size              3.63
Source: Stock-Yogo (2005).  Reproduced by permission.
NB: Critical values are for Cragg-Donald F statistic and i.i.d. errors.
------------------------------------------------------------------------------
Hansen J statistic (overidentification test of all instruments):         0.000
                                                 (equation exactly identified)
------------------------------------------------------------------------------
Instrumented:         var3 var5
Included instruments: var4 var17
Excluded instruments: var6 var7
Partialled-out:       _cons
                      nb: total SS, model F and R2s are after partialling-out;
                          any small-sample adjustments include partialled-out
                          variables in regressor count K
------------------------------------------------------------------------------

Absorbed degrees of freedom:
-----------------------------------------------------+
 Absorbed FE | Categories  - Redundant  = Num. Coefs |
-------------+---------------------------------------|
     firm_id |      3502        3502           0    *|
          yh |        12           1          11     |
-----------------------------------------------------+
* = FE nested within cluster; treated as redundant for DoF computation
→ Spec 6: rent_hhi
(MWFE estimator converged in 4 iterations)

HDFE Linear regression                            Number of obs   =     38,760
Absorbing 2 HDFE groups                           F(   5,   3235) =      29.50
Statistics robust to heteroskedasticity           Prob > F        =     0.0000
                                                  R-squared       =     0.3527
                                                  Adj R-squared   =     0.2934
                                                  Within R-sq.    =     0.0108
Number of clusters (firm_id) =      3,236         Root MSE        =     0.1855

                            (Std. err. adjusted for 3,236 clusters in firm_id)
------------------------------------------------------------------------------
             |               Robust
growth_rat~e | Coefficient  std. err.      t    P>|t|     [95% conf. interval]
-------------+----------------------------------------------------------------
        var3 |   .0039355   .0049606     0.79   0.428    -.0057906    .0136616
        var5 |    .072257   .0244638     2.95   0.003     .0242908    .1202231
        var4 |  -.1268651    .022022    -5.76   0.000    -.1700435   -.0836866
        var8 |  -.0001127   .0001333    -0.84   0.398    -.0003741    .0001488
       var11 |   .0000187   2.62e-06     7.16   0.000     .0000136    .0000239
       _cons |   .0954685   .0027056    35.29   0.000     .0901637    .1007733
------------------------------------------------------------------------------

Absorbed degrees of freedom:
-----------------------------------------------------+
 Absorbed FE | Categories  - Redundant  = Num. Coefs |
-------------+---------------------------------------|
     firm_id |      3236        3236           0    *|
          yh |        12           1          11     |
-----------------------------------------------------+
* = FE nested within cluster; treated as redundant for DoF computation
(MWFE estimator converged in 4 iterations)

Stored estimation results
-------------------------
---------------------------------------------------------------------------
             |           Dependent  Number of        
        Name | Command    variable     param.  Title 
-------------+-------------------------------------------------------------
_ivreg2_var3 | ivreg2         var3          5  First-stage regression: var3
_ivreg2_var5 | ivreg2         var5          5  First-stage regression: var5
---------------------------------------------------------------------------

IV (2SLS) estimation
--------------------

Estimates efficient for homoskedasticity only
Statistics robust to heteroskedasticity and clustering on firm_id

Number of clusters (firm_id) =    3236                Number of obs =    38760
                                                      F(  5,  3235) =    28.13
                                                      Prob > F      =   0.0000
Total (centered) SS     =  1235.606592                Centered R2   =   0.0083
Total (uncentered) SS   =  1235.606592                Uncentered R2 =   0.0083
Residual SS             =  1225.364957                Root MSE      =    .1778

------------------------------------------------------------------------------
             |               Robust
growth_rat~e | Coefficient  std. err.      t    P>|t|     [95% conf. interval]
-------------+----------------------------------------------------------------
        var3 |   .0265514   .0103043     2.58   0.010     .0063477    .0467551
        var5 |   .1637603   .1030371     1.59   0.112    -.0382644    .3657849
        var4 |  -.2104887   .0882081    -2.39   0.017    -.3834381   -.0375393
        var8 |  -.0002313   .0001466    -1.58   0.115    -.0005187    .0000561
       var11 |    .000019   2.63e-06     7.20   0.000     .0000138    .0000241
------------------------------------------------------------------------------
Underidentification test (Kleibergen-Paap rk LM statistic):             21.757
                                                   Chi-sq(1) P-val =    0.0000
------------------------------------------------------------------------------
Weak identification test (Cragg-Donald Wald F statistic):             1170.715
                         (Kleibergen-Paap rk Wald F statistic):         13.961
Stock-Yogo weak ID test critical values: 10% maximal IV size              7.03
                                         15% maximal IV size              4.58
                                         20% maximal IV size              3.95
                                         25% maximal IV size              3.63
Source: Stock-Yogo (2005).  Reproduced by permission.
NB: Critical values are for Cragg-Donald F statistic and i.i.d. errors.
------------------------------------------------------------------------------
Hansen J statistic (overidentification test of all instruments):         0.000
                                                 (equation exactly identified)
------------------------------------------------------------------------------
Instrumented:         var3 var5
Included instruments: var4 var8 var11
Excluded instruments: var6 var7
Partialled-out:       _cons
                      nb: total SS, model F and R2s are after partialling-out;
                          any small-sample adjustments include partialled-out
                          variables in regressor count K
------------------------------------------------------------------------------

Absorbed degrees of freedom:
-----------------------------------------------------+
 Absorbed FE | Categories  - Redundant  = Num. Coefs |
-------------+---------------------------------------|
     firm_id |      3236        3236           0    *|
          yh |        12           1          11     |
-----------------------------------------------------+
* = FE nested within cluster; treated as redundant for DoF computation
→ Spec 7: rent_seniority
(MWFE estimator converged in 4 iterations)

HDFE Linear regression                            Number of obs   =     38,794
Absorbing 2 HDFE groups                           F(   5,   3241) =      24.93
Statistics robust to heteroskedasticity           Prob > F        =     0.0000
                                                  R-squared       =     0.3518
                                                  Adj R-squared   =     0.2924
                                                  Within R-sq.    =     0.0085
Number of clusters (firm_id) =      3,242         Root MSE        =     0.1861

                            (Std. err. adjusted for 3,242 clusters in firm_id)
------------------------------------------------------------------------------
             |               Robust
growth_rat~e | Coefficient  std. err.      t    P>|t|     [95% conf. interval]
-------------+----------------------------------------------------------------
        var3 |  -.0011551   .0048918    -0.24   0.813    -.0107465    .0084362
        var5 |    .071885   .0245665     2.93   0.003     .0237176    .1200524
        var4 |  -.1255136   .0219686    -5.71   0.000    -.1685873   -.0824399
        var8 |  -.0001433   .0001331    -1.08   0.282    -.0004043    .0001177
       var14 |  -.0615975   .0103581    -5.95   0.000    -.0819065   -.0412886
       _cons |   .1281449    .004366    29.35   0.000     .1195845    .1367054
------------------------------------------------------------------------------

Absorbed degrees of freedom:
-----------------------------------------------------+
 Absorbed FE | Categories  - Redundant  = Num. Coefs |
-------------+---------------------------------------|
     firm_id |      3242        3242           0    *|
          yh |        12           1          11     |
-----------------------------------------------------+
* = FE nested within cluster; treated as redundant for DoF computation
(MWFE estimator converged in 4 iterations)

Stored estimation results
-------------------------
---------------------------------------------------------------------------
             |           Dependent  Number of        
        Name | Command    variable     param.  Title 
-------------+-------------------------------------------------------------
_ivreg2_var3 | ivreg2         var3          5  First-stage regression: var3
_ivreg2_var5 | ivreg2         var5          5  First-stage regression: var5
---------------------------------------------------------------------------

IV (2SLS) estimation
--------------------

Estimates efficient for homoskedasticity only
Statistics robust to heteroskedasticity and clustering on firm_id

Number of clusters (firm_id) =    3242                Number of obs =    38794
                                                      F(  5,  3241) =    23.19
                                                      Prob > F      =   0.0000
Total (centered) SS     =  1241.191065                Centered R2   =   0.0072
Total (uncentered) SS   =  1241.191065                Uncentered R2 =   0.0072
Residual SS             =  1232.315472                Root MSE      =    .1783

------------------------------------------------------------------------------
             |               Robust
growth_rat~e | Coefficient  std. err.      t    P>|t|     [95% conf. interval]
-------------+----------------------------------------------------------------
        var3 |   .0077319   .0099363     0.78   0.437    -.0117501    .0272139
        var5 |   .1513264   .1042537     1.45   0.147    -.0530834    .3557362
        var4 |   -.195227   .0887461    -2.20   0.028    -.3692311   -.0212229
        var8 |  -.0002076   .0001473    -1.41   0.159    -.0004964    .0000811
       var14 |  -.0604105   .0104439    -5.78   0.000    -.0808878   -.0399332
------------------------------------------------------------------------------
Underidentification test (Kleibergen-Paap rk LM statistic):             22.080
                                                   Chi-sq(1) P-val =    0.0000
------------------------------------------------------------------------------
Weak identification test (Cragg-Donald Wald F statistic):             1167.836
                         (Kleibergen-Paap rk Wald F statistic):         14.274
Stock-Yogo weak ID test critical values: 10% maximal IV size              7.03
                                         15% maximal IV size              4.58
                                         20% maximal IV size              3.95
                                         25% maximal IV size              3.63
Source: Stock-Yogo (2005).  Reproduced by permission.
NB: Critical values are for Cragg-Donald F statistic and i.i.d. errors.
------------------------------------------------------------------------------
Hansen J statistic (overidentification test of all instruments):         0.000
                                                 (equation exactly identified)
------------------------------------------------------------------------------
Instrumented:         var3 var5
Included instruments: var4 var8 var14
Excluded instruments: var6 var7
Partialled-out:       _cons
                      nb: total SS, model F and R2s are after partialling-out;
                          any small-sample adjustments include partialled-out
                          variables in regressor count K
------------------------------------------------------------------------------

Absorbed degrees of freedom:
-----------------------------------------------------+
 Absorbed FE | Categories  - Redundant  = Num. Coefs |
-------------+---------------------------------------|
     firm_id |      3242        3242           0    *|
          yh |        12           1          11     |
-----------------------------------------------------+
* = FE nested within cluster; treated as redundant for DoF computation
→ Spec 8: rent_gap
(MWFE estimator converged in 4 iterations)

HDFE Linear regression                            Number of obs   =     38,763
Absorbing 2 HDFE groups                           F(   5,   3236) =      15.38
Statistics robust to heteroskedasticity           Prob > F        =     0.0000
                                                  R-squared       =     0.3501
                                                  Adj R-squared   =     0.2906
                                                  Within R-sq.    =     0.0059
Number of clusters (firm_id) =      3,237         Root MSE        =     0.1863

                            (Std. err. adjusted for 3,237 clusters in firm_id)
------------------------------------------------------------------------------
             |               Robust
growth_rat~e | Coefficient  std. err.      t    P>|t|     [95% conf. interval]
-------------+----------------------------------------------------------------
        var3 |   .0035152   .0048823     0.72   0.472    -.0060575    .0130879
        var5 |   .0670372   .0251173     2.67   0.008     .0177899    .1162846
        var4 |  -.1136109   .0224639    -5.06   0.000    -.1576559    -.069566
        var8 |  -.0001946   .0001341    -1.45   0.147    -.0004574    .0000683
       var17 |   2.33e-07   8.89e-08     2.62   0.009     5.86e-08    4.07e-07
       _cons |   .0991404   .0030145    32.89   0.000       .09323    .1050509
------------------------------------------------------------------------------

Absorbed degrees of freedom:
-----------------------------------------------------+
 Absorbed FE | Categories  - Redundant  = Num. Coefs |
-------------+---------------------------------------|
     firm_id |      3237        3237           0    *|
          yh |        12           1          11     |
-----------------------------------------------------+
* = FE nested within cluster; treated as redundant for DoF computation
(MWFE estimator converged in 4 iterations)

Stored estimation results
-------------------------
---------------------------------------------------------------------------
             |           Dependent  Number of        
        Name | Command    variable     param.  Title 
-------------+-------------------------------------------------------------
_ivreg2_var3 | ivreg2         var3          5  First-stage regression: var3
_ivreg2_var5 | ivreg2         var5          5  First-stage regression: var5
---------------------------------------------------------------------------

IV (2SLS) estimation
--------------------

Estimates efficient for homoskedasticity only
Statistics robust to heteroskedasticity and clustering on firm_id

Number of clusters (firm_id) =    3237                Number of obs =    38763
                                                      F(  5,  3236) =    14.85
                                                      Prob > F      =   0.0000
Total (centered) SS     =  1239.657071                Centered R2   =   0.0016
Total (uncentered) SS   =  1239.657071                Uncentered R2 =   0.0016
Residual SS             =  1237.705083                Root MSE      =    .1787

------------------------------------------------------------------------------
             |               Robust
growth_rat~e | Coefficient  std. err.      t    P>|t|     [95% conf. interval]
-------------+----------------------------------------------------------------
        var3 |     .01348   .0101775     1.32   0.185    -.0064749    .0334349
        var5 |   .2191491   .1117687     1.96   0.050     4.49e-06    .4382937
        var4 |  -.2456511   .0951142    -2.58   0.010    -.4321411    -.059161
        var8 |  -.0002884   .0001498    -1.92   0.054    -.0005821    5.35e-06
       var17 |   1.96e-07   9.44e-08     2.08   0.038     1.11e-08    3.81e-07
------------------------------------------------------------------------------
Underidentification test (Kleibergen-Paap rk LM statistic):             21.561
                                                   Chi-sq(1) P-val =    0.0000
------------------------------------------------------------------------------
Weak identification test (Cragg-Donald Wald F statistic):             1148.147
                         (Kleibergen-Paap rk Wald F statistic):         13.808
Stock-Yogo weak ID test critical values: 10% maximal IV size              7.03
                                         15% maximal IV size              4.58
                                         20% maximal IV size              3.95
                                         25% maximal IV size              3.63
Source: Stock-Yogo (2005).  Reproduced by permission.
NB: Critical values are for Cragg-Donald F statistic and i.i.d. errors.
------------------------------------------------------------------------------
Hansen J statistic (overidentification test of all instruments):         0.000
                                                 (equation exactly identified)
------------------------------------------------------------------------------
Instrumented:         var3 var5
Included instruments: var4 var8 var17
Excluded instruments: var6 var7
Partialled-out:       _cons
                      nb: total SS, model F and R2s are after partialling-out;
                          any small-sample adjustments include partialled-out
                          variables in regressor count K
------------------------------------------------------------------------------

Absorbed degrees of freedom:
-----------------------------------------------------+
 Absorbed FE | Categories  - Redundant  = Num. Coefs |
-------------+---------------------------------------|
     firm_id |      3237        3237           0    *|
          yh |        12           1          11     |
-----------------------------------------------------+
* = FE nested within cluster; treated as redundant for DoF computation
→ Spec 9: hhi_seniority
(MWFE estimator converged in 4 iterations)

HDFE Linear regression                            Number of obs   =     41,946
Absorbing 2 HDFE groups                           F(   5,   3501) =      32.81
Statistics robust to heteroskedasticity           Prob > F        =     0.0000
                                                  R-squared       =     0.3522
                                                  Adj R-squared   =     0.2929
                                                  Within R-sq.    =     0.0118
Number of clusters (firm_id) =      3,502         Root MSE        =     0.1844

                            (Std. err. adjusted for 3,502 clusters in firm_id)
------------------------------------------------------------------------------
             |               Robust
growth_rat~e | Coefficient  std. err.      t    P>|t|     [95% conf. interval]
-------------+----------------------------------------------------------------
        var3 |   .0022656   .0047266     0.48   0.632    -.0070017    .0115328
        var5 |    .074036   .0229937     3.22   0.001     .0289535    .1191184
        var4 |  -.1319441   .0206287    -6.40   0.000    -.1723897   -.0914986
       var11 |   .0000164   2.78e-06     5.91   0.000      .000011    .0000219
       var14 |  -.0257905   .0103512    -2.49   0.013    -.0460855   -.0054954
       _cons |   .1031959   .0048099    21.45   0.000     .0937654    .1126264
------------------------------------------------------------------------------

Absorbed degrees of freedom:
-----------------------------------------------------+
 Absorbed FE | Categories  - Redundant  = Num. Coefs |
-------------+---------------------------------------|
     firm_id |      3502        3502           0    *|
          yh |        12           1          11     |
-----------------------------------------------------+
* = FE nested within cluster; treated as redundant for DoF computation
(MWFE estimator converged in 4 iterations)

Stored estimation results
-------------------------
---------------------------------------------------------------------------
             |           Dependent  Number of        
        Name | Command    variable     param.  Title 
-------------+-------------------------------------------------------------
_ivreg2_var3 | ivreg2         var3          5  First-stage regression: var3
_ivreg2_var5 | ivreg2         var5          5  First-stage regression: var5
---------------------------------------------------------------------------

IV (2SLS) estimation
--------------------

Estimates efficient for homoskedasticity only
Statistics robust to heteroskedasticity and clustering on firm_id

Number of clusters (firm_id) =    3502                Number of obs =    41946
                                                      F(  5,  3501) =    31.17
                                                      Prob > F      =   0.0000
Total (centered) SS     =  1321.526286                Centered R2   =   0.0102
Total (uncentered) SS   =  1321.526286                Uncentered R2 =   0.0102
Residual SS             =  1308.050945                Root MSE      =    .1766

------------------------------------------------------------------------------
             |               Robust
growth_rat~e | Coefficient  std. err.      t    P>|t|     [95% conf. interval]
-------------+----------------------------------------------------------------
        var3 |   .0155067   .0093324     1.66   0.097    -.0027907    .0338041
        var5 |   .1531691    .094377     1.62   0.105    -.0318704    .3382087
        var4 |  -.2031543   .0806028    -2.52   0.012    -.3611876    -.045121
       var11 |    .000017   2.83e-06     6.00   0.000     .0000114    .0000225
       var14 |  -.0231244   .0105626    -2.19   0.029    -.0438337    -.002415
------------------------------------------------------------------------------
Underidentification test (Kleibergen-Paap rk LM statistic):             24.984
                                                   Chi-sq(1) P-val =    0.0000
------------------------------------------------------------------------------
Weak identification test (Cragg-Donald Wald F statistic):             1380.065
                         (Kleibergen-Paap rk Wald F statistic):         16.257
Stock-Yogo weak ID test critical values: 10% maximal IV size              7.03
                                         15% maximal IV size              4.58
                                         20% maximal IV size              3.95
                                         25% maximal IV size              3.63
Source: Stock-Yogo (2005).  Reproduced by permission.
NB: Critical values are for Cragg-Donald F statistic and i.i.d. errors.
------------------------------------------------------------------------------
Hansen J statistic (overidentification test of all instruments):         0.000
                                                 (equation exactly identified)
------------------------------------------------------------------------------
Instrumented:         var3 var5
Included instruments: var4 var11 var14
Excluded instruments: var6 var7
Partialled-out:       _cons
                      nb: total SS, model F and R2s are after partialling-out;
                          any small-sample adjustments include partialled-out
                          variables in regressor count K
------------------------------------------------------------------------------

Absorbed degrees of freedom:
-----------------------------------------------------+
 Absorbed FE | Categories  - Redundant  = Num. Coefs |
-------------+---------------------------------------|
     firm_id |      3502        3502           0    *|
          yh |        12           1          11     |
-----------------------------------------------------+
* = FE nested within cluster; treated as redundant for DoF computation
→ Spec 10: hhi_gap
(MWFE estimator converged in 4 iterations)

HDFE Linear regression                            Number of obs   =     41,920
Absorbing 2 HDFE groups                           F(   5,   3497) =      34.60
Statistics robust to heteroskedasticity           Prob > F        =     0.0000
                                                  R-squared       =     0.3525
                                                  Adj R-squared   =     0.2933
                                                  Within R-sq.    =     0.0118
Number of clusters (firm_id) =      3,498         Root MSE        =     0.1842

                            (Std. err. adjusted for 3,498 clusters in firm_id)
------------------------------------------------------------------------------
             |               Robust
growth_rat~e | Coefficient  std. err.      t    P>|t|     [95% conf. interval]
-------------+----------------------------------------------------------------
        var3 |   .0035264   .0047211     0.75   0.455      -.00573    .0127827
        var5 |   .0727086   .0231031     3.15   0.002     .0274117    .1180054
        var4 |  -.1297335   .0207686    -6.25   0.000    -.1704532   -.0890137
       var11 |   .0000195   2.50e-06     7.80   0.000     .0000146    .0000244
       var17 |   2.38e-07   8.18e-08     2.91   0.004     7.80e-08    3.99e-07
       _cons |   .0864934   .0024308    35.58   0.000     .0817276    .0912593
------------------------------------------------------------------------------

Absorbed degrees of freedom:
-----------------------------------------------------+
 Absorbed FE | Categories  - Redundant  = Num. Coefs |
-------------+---------------------------------------|
     firm_id |      3498        3498           0    *|
          yh |        12           1          11     |
-----------------------------------------------------+
* = FE nested within cluster; treated as redundant for DoF computation
(MWFE estimator converged in 4 iterations)

Stored estimation results
-------------------------
---------------------------------------------------------------------------
             |           Dependent  Number of        
        Name | Command    variable     param.  Title 
-------------+-------------------------------------------------------------
_ivreg2_var3 | ivreg2         var3          5  First-stage regression: var3
_ivreg2_var5 | ivreg2         var5          5  First-stage regression: var5
---------------------------------------------------------------------------

IV (2SLS) estimation
--------------------

Estimates efficient for homoskedasticity only
Statistics robust to heteroskedasticity and clustering on firm_id

Number of clusters (firm_id) =    3498                Number of obs =    41920
                                                      F(  5,  3497) =    33.14
                                                      Prob > F      =   0.0000
Total (centered) SS     =  1318.757585                Centered R2   =   0.0097
Total (uncentered) SS   =  1318.757585                Uncentered R2 =   0.0097
Residual SS             =  1305.902365                Root MSE      =    .1765

------------------------------------------------------------------------------
             |               Robust
growth_rat~e | Coefficient  std. err.      t    P>|t|     [95% conf. interval]
-------------+----------------------------------------------------------------
        var3 |   .0154218   .0093867     1.64   0.100    -.0029822    .0338259
        var5 |   .1677802   .0945701     1.77   0.076     -.017638    .3531984
        var4 |  -.2143649   .0808614    -2.65   0.008    -.3729052   -.0558246
       var11 |   .0000198   2.51e-06     7.88   0.000     .0000148    .0000247
       var17 |   2.20e-07   8.32e-08     2.65   0.008     5.72e-08    3.83e-07
------------------------------------------------------------------------------
Underidentification test (Kleibergen-Paap rk LM statistic):             25.071
                                                   Chi-sq(1) P-val =    0.0000
------------------------------------------------------------------------------
Weak identification test (Cragg-Donald Wald F statistic):             1390.450
                         (Kleibergen-Paap rk Wald F statistic):         16.237
Stock-Yogo weak ID test critical values: 10% maximal IV size              7.03
                                         15% maximal IV size              4.58
                                         20% maximal IV size              3.95
                                         25% maximal IV size              3.63
Source: Stock-Yogo (2005).  Reproduced by permission.
NB: Critical values are for Cragg-Donald F statistic and i.i.d. errors.
------------------------------------------------------------------------------
Hansen J statistic (overidentification test of all instruments):         0.000
                                                 (equation exactly identified)
------------------------------------------------------------------------------
Instrumented:         var3 var5
Included instruments: var4 var11 var17
Excluded instruments: var6 var7
Partialled-out:       _cons
                      nb: total SS, model F and R2s are after partialling-out;
                          any small-sample adjustments include partialled-out
                          variables in regressor count K
------------------------------------------------------------------------------

Absorbed degrees of freedom:
-----------------------------------------------------+
 Absorbed FE | Categories  - Redundant  = Num. Coefs |
-------------+---------------------------------------|
     firm_id |      3498        3498           0    *|
          yh |        12           1          11     |
-----------------------------------------------------+
* = FE nested within cluster; treated as redundant for DoF computation
→ Spec 11: seniority_gap
(MWFE estimator converged in 4 iterations)

HDFE Linear regression                            Number of obs   =     41,943
Absorbing 2 HDFE groups                           F(   5,   3501) =      27.95
Statistics robust to heteroskedasticity           Prob > F        =     0.0000
                                                  R-squared       =     0.3515
                                                  Adj R-squared   =     0.2921
                                                  Within R-sq.    =     0.0090
Number of clusters (firm_id) =      3,502         Root MSE        =     0.1847

                            (Std. err. adjusted for 3,502 clusters in firm_id)
------------------------------------------------------------------------------
             |               Robust
growth_rat~e | Coefficient  std. err.      t    P>|t|     [95% conf. interval]
-------------+----------------------------------------------------------------
        var3 |  -.0016574   .0046522    -0.36   0.722    -.0107787    .0074639
        var5 |   .0727474   .0232077     3.13   0.002     .0272453    .1182495
        var4 |   -.129217   .0207322    -6.23   0.000    -.1698655   -.0885685
       var17 |   2.32e-07   8.16e-08     2.84   0.004     7.21e-08    3.92e-07
       var14 |  -.0626085    .009926    -6.31   0.000      -.08207   -.0431471
       _cons |   .1196492   .0043355    27.60   0.000     .1111489    .1281495
------------------------------------------------------------------------------

Absorbed degrees of freedom:
-----------------------------------------------------+
 Absorbed FE | Categories  - Redundant  = Num. Coefs |
-------------+---------------------------------------|
     firm_id |      3502        3502           0    *|
          yh |        12           1          11     |
-----------------------------------------------------+
* = FE nested within cluster; treated as redundant for DoF computation
(MWFE estimator converged in 4 iterations)

Stored estimation results
-------------------------
---------------------------------------------------------------------------
             |           Dependent  Number of        
        Name | Command    variable     param.  Title 
-------------+-------------------------------------------------------------
_ivreg2_var3 | ivreg2         var3          5  First-stage regression: var3
_ivreg2_var5 | ivreg2         var5          5  First-stage regression: var5
---------------------------------------------------------------------------

IV (2SLS) estimation
--------------------

Estimates efficient for homoskedasticity only
Statistics robust to heteroskedasticity and clustering on firm_id

Number of clusters (firm_id) =    3502                Number of obs =    41943
                                                      F(  5,  3501) =    26.37
                                                      Prob > F      =   0.0000
Total (centered) SS     =  1323.007202                Centered R2   =   0.0075
Total (uncentered) SS   =  1323.007202                Uncentered R2 =   0.0075
Residual SS             =  1313.132421                Root MSE      =     .177

------------------------------------------------------------------------------
             |               Robust
growth_rat~e | Coefficient  std. err.      t    P>|t|     [95% conf. interval]
-------------+----------------------------------------------------------------
        var3 |  -.0030488   .0092589    -0.33   0.742    -.0212022    .0151046
        var5 |    .169426   .0962555     1.76   0.078    -.0192964    .3581485
        var4 |  -.2112839   .0818359    -2.58   0.010    -.3717347   -.0508331
       var17 |   2.20e-07   8.38e-08     2.63   0.009     5.60e-08    3.85e-07
       var14 |  -.0622295   .0100157    -6.21   0.000    -.0818666   -.0425923
------------------------------------------------------------------------------
Underidentification test (Kleibergen-Paap rk LM statistic):             24.857
                                                   Chi-sq(1) P-val =    0.0000
------------------------------------------------------------------------------
Weak identification test (Cragg-Donald Wald F statistic):             1375.607
                         (Kleibergen-Paap rk Wald F statistic):         16.198
Stock-Yogo weak ID test critical values: 10% maximal IV size              7.03
                                         15% maximal IV size              4.58
                                         20% maximal IV size              3.95
                                         25% maximal IV size              3.63
Source: Stock-Yogo (2005).  Reproduced by permission.
NB: Critical values are for Cragg-Donald F statistic and i.i.d. errors.
------------------------------------------------------------------------------
Hansen J statistic (overidentification test of all instruments):         0.000
                                                 (equation exactly identified)
------------------------------------------------------------------------------
Instrumented:         var3 var5
Included instruments: var4 var17 var14
Excluded instruments: var6 var7
Partialled-out:       _cons
                      nb: total SS, model F and R2s are after partialling-out;
                          any small-sample adjustments include partialled-out
                          variables in regressor count K
------------------------------------------------------------------------------

Absorbed degrees of freedom:
-----------------------------------------------------+
 Absorbed FE | Categories  - Redundant  = Num. Coefs |
-------------+---------------------------------------|
     firm_id |      3502        3502           0    *|
          yh |        12           1          11     |
-----------------------------------------------------+
* = FE nested within cluster; treated as redundant for DoF computation
→ Spec 12: rent_hhi_seniority
(MWFE estimator converged in 4 iterations)

HDFE Linear regression                            Number of obs   =     38,760
Absorbing 2 HDFE groups                           F(   6,   3235) =      26.22
Statistics robust to heteroskedasticity           Prob > F        =     0.0000
                                                  R-squared       =     0.3530
                                                  Adj R-squared   =     0.2937
                                                  Within R-sq.    =     0.0113
Number of clusters (firm_id) =      3,236         Root MSE        =     0.1855

                            (Std. err. adjusted for 3,236 clusters in firm_id)
------------------------------------------------------------------------------
             |               Robust
growth_rat~e | Coefficient  std. err.      t    P>|t|     [95% conf. interval]
-------------+----------------------------------------------------------------
        var3 |   .0015178   .0049334     0.31   0.758     -.008155    .0111907
        var5 |   .0734903   .0243209     3.02   0.003     .0258043    .1211763
        var4 |  -.1304401   .0218527    -5.97   0.000    -.1732866   -.0875936
        var8 |  -.0001014   .0001328    -0.76   0.445    -.0003619    .0001591
       var11 |   .0000155   2.88e-06     5.40   0.000     9.90e-06    .0000212
       var14 |  -.0287902   .0108573    -2.65   0.008    -.0500782   -.0075023
       _cons |   .1080898    .005424    19.93   0.000      .097455    .1187247
------------------------------------------------------------------------------

Absorbed degrees of freedom:
-----------------------------------------------------+
 Absorbed FE | Categories  - Redundant  = Num. Coefs |
-------------+---------------------------------------|
     firm_id |      3236        3236           0    *|
          yh |        12           1          11     |
-----------------------------------------------------+
* = FE nested within cluster; treated as redundant for DoF computation
(MWFE estimator converged in 4 iterations)

Stored estimation results
-------------------------
---------------------------------------------------------------------------
             |           Dependent  Number of        
        Name | Command    variable     param.  Title 
-------------+-------------------------------------------------------------
_ivreg2_var3 | ivreg2         var3          6  First-stage regression: var3
_ivreg2_var5 | ivreg2         var5          6  First-stage regression: var5
---------------------------------------------------------------------------

IV (2SLS) estimation
--------------------

Estimates efficient for homoskedasticity only
Statistics robust to heteroskedasticity and clustering on firm_id

Number of clusters (firm_id) =    3236                Number of obs =    38760
                                                      F(  6,  3235) =    24.86
                                                      Prob > F      =   0.0000
Total (centered) SS     =  1235.606592                Centered R2   =   0.0095
Total (uncentered) SS   =  1235.606592                Uncentered R2 =   0.0095
Residual SS             =  1223.817853                Root MSE      =    .1777

------------------------------------------------------------------------------
             |               Robust
growth_rat~e | Coefficient  std. err.      t    P>|t|     [95% conf. interval]
-------------+----------------------------------------------------------------
        var3 |   .0212911   .0103299     2.06   0.039     .0010373    .0415449
        var5 |   .1490382    .102378     1.46   0.146    -.0516941    .3497704
        var4 |  -.1993741   .0875237    -2.28   0.023    -.3709816   -.0277666
        var8 |  -.0002038   .0001461    -1.39   0.163    -.0004903    .0000827
       var11 |   .0000161   2.94e-06     5.49   0.000     .0000104    .0000219
       var14 |  -.0253276   .0111141    -2.28   0.023    -.0471189   -.0035363
------------------------------------------------------------------------------
Underidentification test (Kleibergen-Paap rk LM statistic):             21.723
                                                   Chi-sq(1) P-val =    0.0000
------------------------------------------------------------------------------
Weak identification test (Cragg-Donald Wald F statistic):             1157.984
                         (Kleibergen-Paap rk Wald F statistic):         13.992
Stock-Yogo weak ID test critical values: 10% maximal IV size              7.03
                                         15% maximal IV size              4.58
                                         20% maximal IV size              3.95
                                         25% maximal IV size              3.63
Source: Stock-Yogo (2005).  Reproduced by permission.
NB: Critical values are for Cragg-Donald F statistic and i.i.d. errors.
------------------------------------------------------------------------------
Hansen J statistic (overidentification test of all instruments):         0.000
                                                 (equation exactly identified)
------------------------------------------------------------------------------
Instrumented:         var3 var5
Included instruments: var4 var8 var11 var14
Excluded instruments: var6 var7
Partialled-out:       _cons
                      nb: total SS, model F and R2s are after partialling-out;
                          any small-sample adjustments include partialled-out
                          variables in regressor count K
------------------------------------------------------------------------------

Absorbed degrees of freedom:
-----------------------------------------------------+
 Absorbed FE | Categories  - Redundant  = Num. Coefs |
-------------+---------------------------------------|
     firm_id |      3236        3236           0    *|
          yh |        12           1          11     |
-----------------------------------------------------+
* = FE nested within cluster; treated as redundant for DoF computation
→ Spec 13: rent_hhi_gap
(MWFE estimator converged in 4 iterations)

HDFE Linear regression                            Number of obs   =     38,740
Absorbing 2 HDFE groups                           F(   6,   3232) =      27.31
Statistics robust to heteroskedasticity           Prob > F        =     0.0000
                                                  R-squared       =     0.3527
                                                  Adj R-squared   =     0.2935
                                                  Within R-sq.    =     0.0113
Number of clusters (firm_id) =      3,233         Root MSE        =     0.1855

                            (Std. err. adjusted for 3,233 clusters in firm_id)
------------------------------------------------------------------------------
             |               Robust
growth_rat~e | Coefficient  std. err.      t    P>|t|     [95% conf. interval]
-------------+----------------------------------------------------------------
        var3 |   .0034136   .0049464     0.69   0.490    -.0062847    .0131119
        var5 |   .0705246   .0245031     2.88   0.004     .0224815    .1185678
        var4 |  -.1265239   .0220522    -5.74   0.000    -.1697616   -.0832863
        var8 |   -.000116   .0001331    -0.87   0.383     -.000377     .000145
       var11 |   .0000189   2.60e-06     7.27   0.000     .0000138     .000024
       var17 |   2.61e-07   8.72e-08     2.99   0.003     8.96e-08    4.32e-07
       _cons |   .0897029   .0032357    27.72   0.000     .0833587    .0960471
------------------------------------------------------------------------------

Absorbed degrees of freedom:
-----------------------------------------------------+
 Absorbed FE | Categories  - Redundant  = Num. Coefs |
-------------+---------------------------------------|
     firm_id |      3233        3233           0    *|
          yh |        12           1          11     |
-----------------------------------------------------+
* = FE nested within cluster; treated as redundant for DoF computation
(MWFE estimator converged in 4 iterations)

Stored estimation results
-------------------------
---------------------------------------------------------------------------
             |           Dependent  Number of        
        Name | Command    variable     param.  Title 
-------------+-------------------------------------------------------------
_ivreg2_var3 | ivreg2         var3          6  First-stage regression: var3
_ivreg2_var5 | ivreg2         var5          6  First-stage regression: var5
---------------------------------------------------------------------------

IV (2SLS) estimation
--------------------

Estimates efficient for homoskedasticity only
Statistics robust to heteroskedasticity and clustering on firm_id

Number of clusters (firm_id) =    3233                Number of obs =    38740
                                                      F(  6,  3232) =    26.15
                                                      Prob > F      =   0.0000
Total (centered) SS     =  1235.404115                Centered R2   =   0.0089
Total (uncentered) SS   =  1235.404115                Uncentered R2 =   0.0089
Residual SS             =  1224.366699                Root MSE      =    .1778

------------------------------------------------------------------------------
             |               Robust
growth_rat~e | Coefficient  std. err.      t    P>|t|     [95% conf. interval]
-------------+----------------------------------------------------------------
        var3 |   .0227738     .01042     2.19   0.029     .0023433    .0432043
        var5 |     .16354   .1028338     1.59   0.112     -.038086     .365166
        var4 |  -.2105166   .0879988    -2.39   0.017    -.3830557   -.0379774
        var8 |  -.0002223   .0001465    -1.52   0.129    -.0005096     .000065
       var11 |   .0000191   2.62e-06     7.31   0.000      .000014    .0000242
       var17 |   2.32e-07   9.11e-08     2.55   0.011     5.35e-08    4.11e-07
------------------------------------------------------------------------------
Underidentification test (Kleibergen-Paap rk LM statistic):             21.680
                                                   Chi-sq(1) P-val =    0.0000
------------------------------------------------------------------------------
Weak identification test (Cragg-Donald Wald F statistic):             1163.171
                         (Kleibergen-Paap rk Wald F statistic):         13.881
Stock-Yogo weak ID test critical values: 10% maximal IV size              7.03
                                         15% maximal IV size              4.58
                                         20% maximal IV size              3.95
                                         25% maximal IV size              3.63
Source: Stock-Yogo (2005).  Reproduced by permission.
NB: Critical values are for Cragg-Donald F statistic and i.i.d. errors.
------------------------------------------------------------------------------
Hansen J statistic (overidentification test of all instruments):         0.000
                                                 (equation exactly identified)
------------------------------------------------------------------------------
Instrumented:         var3 var5
Included instruments: var4 var8 var11 var17
Excluded instruments: var6 var7
Partialled-out:       _cons
                      nb: total SS, model F and R2s are after partialling-out;
                          any small-sample adjustments include partialled-out
                          variables in regressor count K
------------------------------------------------------------------------------

Absorbed degrees of freedom:
-----------------------------------------------------+
 Absorbed FE | Categories  - Redundant  = Num. Coefs |
-------------+---------------------------------------|
     firm_id |      3233        3233           0    *|
          yh |        12           1          11     |
-----------------------------------------------------+
* = FE nested within cluster; treated as redundant for DoF computation
→ Spec 14: rent_seniority_gap
(MWFE estimator converged in 4 iterations)

HDFE Linear regression                            Number of obs   =     38,763
Absorbing 2 HDFE groups                           F(   6,   3236) =      22.39
Statistics robust to heteroskedasticity           Prob > F        =     0.0000
                                                  R-squared       =     0.3521
                                                  Adj R-squared   =     0.2928
                                                  Within R-sq.    =     0.0090
Number of clusters (firm_id) =      3,237         Root MSE        =     0.1860

                            (Std. err. adjusted for 3,237 clusters in firm_id)
------------------------------------------------------------------------------
             |               Robust
growth_rat~e | Coefficient  std. err.      t    P>|t|     [95% conf. interval]
-------------+----------------------------------------------------------------
        var3 |  -.0017996   .0048753    -0.37   0.712    -.0113587    .0077595
        var5 |   .0709015    .024612     2.88   0.004     .0226447    .1191582
        var4 |  -.1261002   .0220047    -5.73   0.000    -.1692447   -.0829556
        var8 |  -.0001415   .0001328    -1.07   0.287     -.000402    .0001189
       var14 |  -.0625406   .0103472    -6.04   0.000    -.0828282   -.0422529
       var17 |   2.56e-07   8.65e-08     2.96   0.003     8.67e-08    4.26e-07
       _cons |   .1229206   .0047457    25.90   0.000     .1136156    .1322255
------------------------------------------------------------------------------

Absorbed degrees of freedom:
-----------------------------------------------------+
 Absorbed FE | Categories  - Redundant  = Num. Coefs |
-------------+---------------------------------------|
     firm_id |      3237        3237           0    *|
          yh |        12           1          11     |
-----------------------------------------------------+
* = FE nested within cluster; treated as redundant for DoF computation
(MWFE estimator converged in 4 iterations)

Stored estimation results
-------------------------
---------------------------------------------------------------------------
             |           Dependent  Number of        
        Name | Command    variable     param.  Title 
-------------+-------------------------------------------------------------
_ivreg2_var3 | ivreg2         var3          6  First-stage regression: var3
_ivreg2_var5 | ivreg2         var5          6  First-stage regression: var5
---------------------------------------------------------------------------

IV (2SLS) estimation
--------------------

Estimates efficient for homoskedasticity only
Statistics robust to heteroskedasticity and clustering on firm_id

Number of clusters (firm_id) =    3237                Number of obs =    38763
                                                      F(  6,  3236) =    21.09
                                                      Prob > F      =   0.0000
Total (centered) SS     =  1239.657071                Centered R2   =   0.0074
Total (uncentered) SS   =  1239.657071                Uncentered R2 =   0.0074
Residual SS             =   1230.46819                Root MSE      =    .1782

------------------------------------------------------------------------------
             |               Robust
growth_rat~e | Coefficient  std. err.      t    P>|t|     [95% conf. interval]
-------------+----------------------------------------------------------------
        var3 |   .0036532   .0100473     0.36   0.716    -.0160466     .023353
        var5 |    .163172   .1048871     1.56   0.120    -.0424799    .3688238
        var4 |  -.2058967   .0892421    -2.31   0.021    -.3808733     -.03092
        var8 |  -.0001967   .0001475    -1.33   0.182    -.0004859    .0000924
       var14 |  -.0615962   .0104503    -5.89   0.000    -.0820861   -.0411063
       var17 |   2.34e-07   9.16e-08     2.55   0.011     5.43e-08    4.14e-07
------------------------------------------------------------------------------
Underidentification test (Kleibergen-Paap rk LM statistic):             21.557
                                                   Chi-sq(1) P-val =    0.0000
------------------------------------------------------------------------------
Weak identification test (Cragg-Donald Wald F statistic):             1148.041
                         (Kleibergen-Paap rk Wald F statistic):         13.885
Stock-Yogo weak ID test critical values: 10% maximal IV size              7.03
                                         15% maximal IV size              4.58
                                         20% maximal IV size              3.95
                                         25% maximal IV size              3.63
Source: Stock-Yogo (2005).  Reproduced by permission.
NB: Critical values are for Cragg-Donald F statistic and i.i.d. errors.
------------------------------------------------------------------------------
Hansen J statistic (overidentification test of all instruments):         0.000
                                                 (equation exactly identified)
------------------------------------------------------------------------------
Instrumented:         var3 var5
Included instruments: var4 var8 var14 var17
Excluded instruments: var6 var7
Partialled-out:       _cons
                      nb: total SS, model F and R2s are after partialling-out;
                          any small-sample adjustments include partialled-out
                          variables in regressor count K
------------------------------------------------------------------------------

Absorbed degrees of freedom:
-----------------------------------------------------+
 Absorbed FE | Categories  - Redundant  = Num. Coefs |
-------------+---------------------------------------|
     firm_id |      3237        3237           0    *|
          yh |        12           1          11     |
-----------------------------------------------------+
* = FE nested within cluster; treated as redundant for DoF computation
→ Spec 15: hhi_seniority_gap
(MWFE estimator converged in 4 iterations)

HDFE Linear regression                            Number of obs   =     41,920
Absorbing 2 HDFE groups                           F(   6,   3497) =      30.32
Statistics robust to heteroskedasticity           Prob > F        =     0.0000
                                                  R-squared       =     0.3528
                                                  Adj R-squared   =     0.2935
                                                  Within R-sq.    =     0.0122
Number of clusters (firm_id) =      3,498         Root MSE        =     0.1842

                            (Std. err. adjusted for 3,498 clusters in firm_id)
------------------------------------------------------------------------------
             |               Robust
growth_rat~e | Coefficient  std. err.      t    P>|t|     [95% conf. interval]
-------------+----------------------------------------------------------------
        var3 |    .001564   .0047146     0.33   0.740    -.0076796    .0108076
        var5 |   .0734558   .0229788     3.20   0.001     .0284027     .118509
        var4 |  -.1325963   .0206215    -6.43   0.000    -.1730276   -.0921649
       var11 |   .0000165   2.77e-06     5.98   0.000     .0000111     .000022
       var14 |   -.026485   .0103403    -2.56   0.010    -.0467586   -.0062115
       var17 |   2.45e-07   8.12e-08     3.02   0.003     8.59e-08    4.04e-07
       _cons |   .0980649   .0049358    19.87   0.000     .0883876    .1077422
------------------------------------------------------------------------------

Absorbed degrees of freedom:
-----------------------------------------------------+
 Absorbed FE | Categories  - Redundant  = Num. Coefs |
-------------+---------------------------------------|
     firm_id |      3498        3498           0    *|
          yh |        12           1          11     |
-----------------------------------------------------+
* = FE nested within cluster; treated as redundant for DoF computation
(MWFE estimator converged in 4 iterations)

Stored estimation results
-------------------------
---------------------------------------------------------------------------
             |           Dependent  Number of        
        Name | Command    variable     param.  Title 
-------------+-------------------------------------------------------------
_ivreg2_var3 | ivreg2         var3          6  First-stage regression: var3
_ivreg2_var5 | ivreg2         var5          6  First-stage regression: var5
---------------------------------------------------------------------------

IV (2SLS) estimation
--------------------

Estimates efficient for homoskedasticity only
Statistics robust to heteroskedasticity and clustering on firm_id

Number of clusters (firm_id) =    3498                Number of obs =    41920
                                                      F(  6,  3497) =    28.97
                                                      Prob > F      =   0.0000
Total (centered) SS     =  1318.757585                Centered R2   =   0.0107
Total (uncentered) SS   =  1318.757585                Uncentered R2 =   0.0107
Residual SS             =   1304.60102                Root MSE      =    .1764

------------------------------------------------------------------------------
             |               Robust
growth_rat~e | Coefficient  std. err.      t    P>|t|     [95% conf. interval]
-------------+----------------------------------------------------------------
        var3 |   .0114468   .0094479     1.21   0.226    -.0070773    .0299708
        var5 |   .1547587   .0940751     1.65   0.100    -.0296889    .3392063
        var4 |  -.2046463   .0803217    -2.55   0.011    -.3621285   -.0471641
       var11 |    .000017   2.82e-06     6.03   0.000     .0000115    .0000225
       var14 |    -.02419   .0105858    -2.29   0.022    -.0449449   -.0034351
       var17 |   2.29e-07   8.30e-08     2.76   0.006     6.66e-08    3.92e-07
------------------------------------------------------------------------------
Underidentification test (Kleibergen-Paap rk LM statistic):             24.915
                                                   Chi-sq(1) P-val =    0.0000
------------------------------------------------------------------------------
Weak identification test (Cragg-Donald Wald F statistic):             1376.028
                         (Kleibergen-Paap rk Wald F statistic):         16.198
Stock-Yogo weak ID test critical values: 10% maximal IV size              7.03
                                         15% maximal IV size              4.58
                                         20% maximal IV size              3.95
                                         25% maximal IV size              3.63
Source: Stock-Yogo (2005).  Reproduced by permission.
NB: Critical values are for Cragg-Donald F statistic and i.i.d. errors.
------------------------------------------------------------------------------
Hansen J statistic (overidentification test of all instruments):         0.000
                                                 (equation exactly identified)
------------------------------------------------------------------------------
Instrumented:         var3 var5
Included instruments: var4 var11 var14 var17
Excluded instruments: var6 var7
Partialled-out:       _cons
                      nb: total SS, model F and R2s are after partialling-out;
                          any small-sample adjustments include partialled-out
                          variables in regressor count K
------------------------------------------------------------------------------

Absorbed degrees of freedom:
-----------------------------------------------------+
 Absorbed FE | Categories  - Redundant  = Num. Coefs |
-------------+---------------------------------------|
     firm_id |      3498        3498           0    *|
          yh |        12           1          11     |
-----------------------------------------------------+
* = FE nested within cluster; treated as redundant for DoF computation
→ Spec 16: rent_hhi_seniority_gap
(MWFE estimator converged in 4 iterations)

HDFE Linear regression                            Number of obs   =     38,740
Absorbing 2 HDFE groups                           F(   7,   3232) =      24.79
Statistics robust to heteroskedasticity           Prob > F        =     0.0000
                                                  R-squared       =     0.3531
                                                  Adj R-squared   =     0.2938
                                                  Within R-sq.    =     0.0118
Number of clusters (firm_id) =      3,233         Root MSE        =     0.1855

                            (Std. err. adjusted for 3,233 clusters in firm_id)
------------------------------------------------------------------------------
             |               Robust
growth_rat~e | Coefficient  std. err.      t    P>|t|     [95% conf. interval]
-------------+----------------------------------------------------------------
        var3 |   .0009321   .0049208     0.19   0.850    -.0087162    .0105803
        var5 |   .0717432   .0243565     2.95   0.003     .0239874    .1194991
        var4 |  -.1301671   .0218788    -5.95   0.000    -.1730648   -.0872694
        var8 |  -.0001046   .0001326    -0.79   0.430    -.0003646    .0001553
       var11 |   .0000156   2.86e-06     5.47   0.000       .00001    .0000213
       var14 |  -.0294039   .0108403    -2.71   0.007    -.0506585   -.0081493
       var17 |   2.67e-07   8.64e-08     3.09   0.002     9.74e-08    4.36e-07
       _cons |   .1024611   .0055468    18.47   0.000     .0915854    .1133368
------------------------------------------------------------------------------

Absorbed degrees of freedom:
-----------------------------------------------------+
 Absorbed FE | Categories  - Redundant  = Num. Coefs |
-------------+---------------------------------------|
     firm_id |      3233        3233           0    *|
          yh |        12           1          11     |
-----------------------------------------------------+
* = FE nested within cluster; treated as redundant for DoF computation
(MWFE estimator converged in 4 iterations)

Stored estimation results
-------------------------
---------------------------------------------------------------------------
             |           Dependent  Number of        
        Name | Command    variable     param.  Title 
-------------+-------------------------------------------------------------
_ivreg2_var3 | ivreg2         var3          7  First-stage regression: var3
_ivreg2_var5 | ivreg2         var5          7  First-stage regression: var5
---------------------------------------------------------------------------

IV (2SLS) estimation
--------------------

Estimates efficient for homoskedasticity only
Statistics robust to heteroskedasticity and clustering on firm_id

Number of clusters (firm_id) =    3233                Number of obs =    38740
                                                      F(  7,  3232) =    23.66
                                                      Prob > F      =   0.0000
Total (centered) SS     =  1235.404115                Centered R2   =   0.0102
Total (uncentered) SS   =  1235.404115                Uncentered R2 =   0.0102
Residual SS             =  1222.784736                Root MSE      =    .1777

------------------------------------------------------------------------------
             |               Robust
growth_rat~e | Coefficient  std. err.      t    P>|t|     [95% conf. interval]
-------------+----------------------------------------------------------------
        var3 |   .0171242   .0104934     1.63   0.103    -.0034503    .0376987
        var5 |   .1482012   .1022409     1.45   0.147    -.0522624    .3486648
        var4 |  -.1989452   .0873614    -2.28   0.023    -.3702347   -.0276558
        var8 |  -.0001933   .0001462    -1.32   0.186    -.0004799    .0000933
       var11 |   .0000161   2.93e-06     5.52   0.000     .0000104    .0000219
       var14 |  -.0263714   .0111378    -2.37   0.018    -.0482093   -.0045335
       var17 |   2.43e-07   9.08e-08     2.67   0.008     6.46e-08    4.21e-07
------------------------------------------------------------------------------
Underidentification test (Kleibergen-Paap rk LM statistic):             21.628
                                                   Chi-sq(1) P-val =    0.0000
------------------------------------------------------------------------------
Weak identification test (Cragg-Donald Wald F statistic):             1148.591
                         (Kleibergen-Paap rk Wald F statistic):         13.897
Stock-Yogo weak ID test critical values: 10% maximal IV size              7.03
                                         15% maximal IV size              4.58
                                         20% maximal IV size              3.95
                                         25% maximal IV size              3.63
Source: Stock-Yogo (2005).  Reproduced by permission.
NB: Critical values are for Cragg-Donald F statistic and i.i.d. errors.
------------------------------------------------------------------------------
Hansen J statistic (overidentification test of all instruments):         0.000
                                                 (equation exactly identified)
------------------------------------------------------------------------------
Instrumented:         var3 var5
Included instruments: var4 var8 var11 var14 var17
Excluded instruments: var6 var7
Partialled-out:       _cons
                      nb: total SS, model F and R2s are after partialling-out;
                          any small-sample adjustments include partialled-out
                          variables in regressor count K
------------------------------------------------------------------------------

Absorbed degrees of freedom:
-----------------------------------------------------+
 Absorbed FE | Categories  - Redundant  = Num. Coefs |
-------------+---------------------------------------|
     firm_id |      3233        3233           0    *|
          yh |        12           1          11     |
-----------------------------------------------------+
* = FE nested within cluster; treated as redundant for DoF computation

. 
. 
. // 5) Close & export
. postclose handle

. use `out', clear

. export delimited using "`result_dir'/consolidated_results.csv", ///
>     replace delimiter(",") quote
(file ../results/raw/firm_mechanisms_lean/consolidated_results.csv not found)
file ../results/raw/firm_mechanisms_lean/consolidated_results.csv saved

. 
. display as result "→ CSV written to `result_dir'/consolidated_results.csv"
→ CSV written to ../results/raw/firm_mechanisms_lean/consolidated_results.csv

. capture log close
