-----------------------------------------------------------------------------------------------------------------------------------------
      name:  <unnamed>
       log:  /Users/saul/Dropbox/Remote Work Startups/main/spec/log/firm_mechanisms.log
  log type:  text
 opened on:  18 May 2025, 22:08:54

. 
. 
. // 0) Globals + setup
. do "../src/globals.do"

. global raw_data "../data/raw"

. global processed_data  "../data/processed"

. global results "../results/raw"

. 
. 
. 
end of do-file

. local result_dir "$results/`specname'"

. capture mkdir "`result_dir'"

. 
. // 1) Load & prepare once
. use "$processed_data/firm_panel.dta", clear

. gen seniority_4 = !inrange(seniority_levels,1,3)

. 
. // interactions
. gen var8  = covid*rent
(3,186 missing values generated)

. gen var9  = covid*rent*remote
(3,186 missing values generated)

. gen var10 = teleworkable*covid*rent
(3,186 missing values generated)

. gen var11 = covid*hhi_1000
(34 missing values generated)

. gen var12 = covid*hhi_1000*remote
(34 missing values generated)

. gen var13 = teleworkable*covid*hhi_1000
(34 missing values generated)

. gen var14 = covid*seniority_4

. gen var15 = covid*seniority_4*remote

. gen var16 = teleworkable*covid*seniority_4

. 
. // 2) postfile definition
. capture postclose handle

. tempfile out

. postfile handle ///
>     str8   model_type  /// "OLS", "IV"
>     str244 spec        ///
>     str40  param       ///
>     double coef se pval rkf nobs /// <-- exactly five numeric columns
>     using `out', replace
(file /var/folders/hg/s3xm9w393gxby64_zklmhgbc0000gn/T//S_16952.000001 not found)

. 
. 
. 
. local specs "baseline rent hhi rent_hhi seniority rent_seniority hhi_seniority rent_hhi_seniority"

. 
. 
. // Define OLS exogenous regressors by spec
. local spec_ols_exog1  var4

. local spec_ols_exog2  var4 var8 var9

. local spec_ols_exog3  var4 var11 var12

. local spec_ols_exog4  var4 var8 var9 var11 var12

. local spec_ols_exog5  var4 var14 var15

. local spec_ols_exog6  var4 var8 var9 var14 var15

. local spec_ols_exog7  var4 var11 var12 var14 var15

. local spec_ols_exog8  var4 var8 var9 var11 var12 var14 var15

. 
. // Define IV exogenous regressors by spec (drop the 3‐way terms)
. local spec_iv_exog1   var4

. local spec_iv_exog2   var4 var8

. local spec_iv_exog3   var4 var11

. local spec_iv_exog4   var4 var8 var11

. local spec_iv_exog5   var4 var14

. local spec_iv_exog6   var4 var8 var14

. local spec_iv_exog7   var4 var11 var14

. local spec_iv_exog8   var4 var8 var11 var14

. 
. 
. // instruments by spec
. local spec_instr1 var6 var7

. local spec_instr2 var6 var7 var10

. local spec_instr3 var6 var7 var13

. local spec_instr4 var6 var7 var10 var13

. local spec_instr5 var6 var7 var16

. local spec_instr6 var6 var7 var10 var16

. local spec_instr7 var6 var7 var13 var16

. local spec_instr8 var6 var7 var10 var13 var16

. 
. 
. // endogenous vars by spec
. local spec_endo1  var3 var5

. local spec_endo2  var3 var5 var9

. local spec_endo3  var3 var5 var12

. local spec_endo4  var3 var5 var9 var12

. local spec_endo5  var3 var5 var15

. local spec_endo6  var3 var5 var9 var15

. local spec_endo7  var3 var5 var12 var15

. local spec_endo8  var3 var5 var9 var12 var15

. 
. 
. * ─── SPEC 1: Baseline on the full sample ────────────────────────
. display as text "→ Spec 1: baseline (full sample)"
→ Spec 1: baseline (full sample)

. 
. // 1a) OLS
. reghdfe growth_rate_we var3 var5 var4, ///
>     absorb(firm_id yh) vce(cluster firm_id)
(MWFE estimator converged in 4 iterations)

HDFE Linear regression                            Number of obs   =     41,980
Absorbing 2 HDFE groups                           F(   3,   3507) =      24.67
Statistics robust to heteroskedasticity           Prob > F        =     0.0000
                                                  R-squared       =     0.3488
                                                  Adj R-squared   =     0.2892
                                                  Within R-sq.    =     0.0055
Number of clusters (firm_id) =      3,508         Root MSE        =     0.1853

                            (Std. err. adjusted for 3,508 clusters in firm_id)
------------------------------------------------------------------------------
             |               Robust
growth_rat~e | Coefficient  std. err.      t    P>|t|     [95% conf. interval]
-------------+----------------------------------------------------------------
        var3 |   .0032223   .0046965     0.69   0.493    -.0059859    .0124305
        var5 |   .0699523   .0236946     2.95   0.003     .0234957     .116409
        var4 |   -.117261   .0211647    -5.54   0.000    -.1587573   -.0757646
       _cons |   .0998093   .0012425    80.33   0.000     .0973732    .1022453
------------------------------------------------------------------------------

Absorbed degrees of freedom:
-----------------------------------------------------+
 Absorbed FE | Categories  - Redundant  = Num. Coefs |
-------------+---------------------------------------|
     firm_id |      3508        3508           0    *|
          yh |        12           1          11     |
-----------------------------------------------------+
* = FE nested within cluster; treated as redundant for DoF computation

. local N = e(N)

. foreach p in var3 var5 {
  2.     local b    = _b[`p']
  3.     local se   = _se[`p']
  4.     local t    = `b'/`se'
  5.     local pval = 2*ttail(e(df_r), abs(`t'))
  6.     post handle ("OLS") ("baseline") ("`p'") ///
>                 (`b') (`se') (`pval') ///
>                 (.) (`N')
  7. }

. 
. // 1b) IV
. ivreghdfe growth_rate_we (var3 var5 = var6 var7) var4, ///
>     absorb(firm_id yh) vce(cluster firm_id) savefirst
(MWFE estimator converged in 4 iterations)

Stored estimation results
-------------------------
---------------------------------------------------------------------------
             |           Dependent  Number of        
        Name | Command    variable     param.  Title 
-------------+-------------------------------------------------------------
_ivreg2_var3 | ivreg2         var3          3  First-stage regression: var3
_ivreg2_var5 | ivreg2         var5          3  First-stage regression: var5
---------------------------------------------------------------------------

IV (2SLS) estimation
--------------------

Estimates efficient for homoskedasticity only
Statistics robust to heteroskedasticity and clustering on firm_id

Number of clusters (firm_id) =    3508                Number of obs =    41980
                                                      F(  3,  3507) =    22.94
                                                      Prob > F      =   0.0000
Total (centered) SS     =   1327.10484                Centered R2   =   0.0022
Total (uncentered) SS   =   1327.10484                Uncentered R2 =   0.0022
Residual SS             =  1324.192664                Root MSE      =    .1776

------------------------------------------------------------------------------
             |               Robust
growth_rat~e | Coefficient  std. err.      t    P>|t|     [95% conf. interval]
-------------+----------------------------------------------------------------
        var3 |   .0057809   .0093488     0.62   0.536    -.0125488    .0241105
        var5 |   .2088021   .1017564     2.05   0.040     .0092944    .4083098
        var4 |   -.236576   .0865024    -2.73   0.006     -.406176    -.066976
------------------------------------------------------------------------------
Underidentification test (Kleibergen-Paap rk LM statistic):             25.467
                                                   Chi-sq(1) P-val =    0.0000
------------------------------------------------------------------------------
Weak identification test (Cragg-Donald Wald F statistic):             1388.072
                         (Kleibergen-Paap rk Wald F statistic):         16.530
Stock-Yogo weak ID test critical values: 10% maximal IV size              7.03
                                         15% maximal IV size              4.58
                                         20% maximal IV size              3.95
                                         25% maximal IV size              3.63
Source: Stock-Yogo (2005).  Reproduced by permission.
NB: Critical values are for Cragg-Donald F statistic and i.i.d. errors.
------------------------------------------------------------------------------
Hansen J statistic (overidentification test of all instruments):         0.000
                                                 (equation exactly identified)
------------------------------------------------------------------------------
Instrumented:         var3 var5
Included instruments: var4
Excluded instruments: var6 var7
Partialled-out:       _cons
                      nb: total SS, model F and R2s are after partialling-out;
                          any small-sample adjustments include partialled-out
                          variables in regressor count K
------------------------------------------------------------------------------

Absorbed degrees of freedom:
-----------------------------------------------------+
 Absorbed FE | Categories  - Redundant  = Num. Coefs |
-------------+---------------------------------------|
     firm_id |      3508        3508           0    *|
          yh |        12           1          11     |
-----------------------------------------------------+
* = FE nested within cluster; treated as redundant for DoF computation

. local rkf = e(rkf)

. local N   = e(N)

. foreach p in var3 var5 {
  2.     local b    = _b[`p']
  3.     local se   = _se[`p']
  4.     local t    = `b'/`se'
  5.     local pval = 2*ttail(e(df_r), abs(`t'))
  6.     post handle ("IV") ("baseline") ("`p'") ///
>                 (`b') (`se') (`pval') ///
>                 (`rkf') (`N')
  7. }

. 
. // 2) Restrict for mechanism specs
. drop if missing(rent, hhi_1000, seniority_4)
(3,220 observations deleted)

. 
. 
. 
. // 4) Loop
. forvalues i = 2/8 {
  2.     // 1) pick the spec name
.     local spec    : word `i' of `specs'
  3. 
.     // 2) build up the four pieces we need
.     local ols_exog "`spec_ols_exog`i''"
  4.     local iv_exog  "`spec_iv_exog`i''"
  5.     local instr    "`spec_instr`i''"
  6.     local endo     "`spec_endo`i''"
  7.         
. 
.     display as text "→ Spec `i': `spec'"
  8. 
.     // 4a) OLS
.     reghdfe growth_rate_we var3 var5 `ols_exog', ///
>         absorb(firm_id yh) vce(cluster firm_id)
  9.         
.         local N = e(N)  
 10.         
.     foreach p in var3 var5 {
 11.         local b    = _b[`p']
 12.         local se   = _se[`p']
 13.         local t    = `b'/`se'
 14.         local pval = 2*ttail(e(df_r), abs(`t'))
 15.         post handle ("OLS") ("`spec'") ("`p'") ///
>                     (`b') (`se') (`pval') ///
>                     (.) (`N') 
 16.     }
 17. 
.     // 4b) IV
.     ivreghdfe  growth_rate_we (`endo' = `instr') `iv_exog', ///
>         absorb(firm_id yh) vce(cluster firm_id) savefirst
 18.                 
.     local rkf = e(rkf)
 19.         local N = e(N)  
 20.         
.     foreach p in var3 var5 {
 21.         local b    = _b[`p']
 22.         local se   = _se[`p']
 23.         local t    = `b'/`se'
 24.         local pval = 2*ttail(e(df_r), abs(`t'))
 25.         post handle ("IV") ("`spec'") ("`p'") ///
>                     (`b') (`se') (`pval') ///
>                     (`rkf') (`N') 
 26.     }
 27. 
. }
→ Spec 2: rent
(MWFE estimator converged in 4 iterations)

HDFE Linear regression                            Number of obs   =     38,760
Absorbing 2 HDFE groups                           F(   5,   3235) =      14.21
Statistics robust to heteroskedasticity           Prob > F        =     0.0000
                                                  R-squared       =     0.3492
                                                  Adj R-squared   =     0.2896
                                                  Within R-sq.    =     0.0055
Number of clusters (firm_id) =      3,236         Root MSE        =     0.1860

                            (Std. err. adjusted for 3,236 clusters in firm_id)
------------------------------------------------------------------------------
             |               Robust
growth_rat~e | Coefficient  std. err.      t    P>|t|     [95% conf. interval]
-------------+----------------------------------------------------------------
        var3 |   .0084944   .0114203     0.74   0.457    -.0138972    .0308861
        var5 |   .0701461   .0254971     2.75   0.006      .020154    .1201382
        var4 |  -.1150908   .0225909    -5.09   0.000    -.1593847   -.0707968
        var8 |  -.0000946   .0002222    -0.43   0.670    -.0005303    .0003411
        var9 |  -.0001338   .0003301    -0.41   0.685    -.0007809    .0005134
       _cons |     .10268   .0029952    34.28   0.000     .0968073    .1085527
------------------------------------------------------------------------------

Absorbed degrees of freedom:
-----------------------------------------------------+
 Absorbed FE | Categories  - Redundant  = Num. Coefs |
-------------+---------------------------------------|
     firm_id |      3236        3236           0    *|
          yh |        12           1          11     |
-----------------------------------------------------+
* = FE nested within cluster; treated as redundant for DoF computation
(MWFE estimator converged in 4 iterations)

Stored estimation results
-------------------------
---------------------------------------------------------------------------
             |           Dependent  Number of        
        Name | Command    variable     param.  Title 
-------------+-------------------------------------------------------------
_ivreg2_var3 | ivreg2         var3          5  First-stage regression: var3
_ivreg2_var5 | ivreg2         var5          5  First-stage regression: var5
_ivreg2_var9 | ivreg2         var9          5  First-stage regression: var9
---------------------------------------------------------------------------

IV (2SLS) estimation
--------------------

Estimates efficient for homoskedasticity only
Statistics robust to heteroskedasticity and clustering on firm_id

Number of clusters (firm_id) =    3236                Number of obs =    38760
                                                      F(  5,  3235) =    13.68
                                                      Prob > F      =   0.0000
Total (centered) SS     =  1235.606592                Centered R2   =  -0.0160
Total (uncentered) SS   =  1235.606592                Uncentered R2 =  -0.0160
Residual SS             =  1255.365289                Root MSE      =      .18

------------------------------------------------------------------------------
             |               Robust
growth_rat~e | Coefficient  std. err.      t    P>|t|     [95% conf. interval]
-------------+----------------------------------------------------------------
        var3 |  -.1325677   .0490718    -2.70   0.007    -.2287827   -.0363527
        var5 |   .2029034    .112445     1.80   0.071    -.0175672    .4233741
        var9 |   .0052804   .0018249     2.89   0.004     .0017024    .0088585
        var4 |  -.2464223   .0980938    -2.51   0.012    -.4387545   -.0540901
        var8 |  -.0041992   .0013686    -3.07   0.002    -.0068825   -.0015158
------------------------------------------------------------------------------
Underidentification test (Kleibergen-Paap rk LM statistic):             30.309
                                                   Chi-sq(1) P-val =    0.0000
------------------------------------------------------------------------------
Weak identification test (Cragg-Donald Wald F statistic):              443.254
                         (Kleibergen-Paap rk Wald F statistic):         10.683
Stock-Yogo weak ID test critical values:                       <not available>
------------------------------------------------------------------------------
Hansen J statistic (overidentification test of all instruments):         0.000
                                                 (equation exactly identified)
------------------------------------------------------------------------------
Instrumented:         var3 var5 var9
Included instruments: var4 var8
Excluded instruments: var6 var7 var10
Partialled-out:       _cons
                      nb: total SS, model F and R2s are after partialling-out;
                          any small-sample adjustments include partialled-out
                          variables in regressor count K
------------------------------------------------------------------------------

Absorbed degrees of freedom:
-----------------------------------------------------+
 Absorbed FE | Categories  - Redundant  = Num. Coefs |
-------------+---------------------------------------|
     firm_id |      3236        3236           0    *|
          yh |        12           1          11     |
-----------------------------------------------------+
* = FE nested within cluster; treated as redundant for DoF computation
→ Spec 3: hhi
(MWFE estimator converged in 4 iterations)

HDFE Linear regression                            Number of obs   =     38,760
Absorbing 2 HDFE groups                           F(   5,   3235) =      29.42
Statistics robust to heteroskedasticity           Prob > F        =     0.0000
                                                  R-squared       =     0.3533
                                                  Adj R-squared   =     0.2941
                                                  Within R-sq.    =     0.0119
Number of clusters (firm_id) =      3,236         Root MSE        =     0.1854

                            (Std. err. adjusted for 3,236 clusters in firm_id)
------------------------------------------------------------------------------
             |               Robust
growth_rat~e | Coefficient  std. err.      t    P>|t|     [95% conf. interval]
-------------+----------------------------------------------------------------
        var3 |  -.0192819   .0067138    -2.87   0.004    -.0324457   -.0061181
        var5 |   .0612406   .0247006     2.48   0.013     .0128102    .1096711
        var4 |  -.1191465   .0221906    -5.37   0.000    -.1626555   -.0756374
       var11 |   4.01e-06   2.66e-06     1.51   0.132    -1.20e-06    9.22e-06
       var12 |   .0000212   5.03e-06     4.22   0.000     .0000113     .000031
       _cons |   .1003158   .0016185    61.98   0.000     .0971425    .1034892
------------------------------------------------------------------------------

Absorbed degrees of freedom:
-----------------------------------------------------+
 Absorbed FE | Categories  - Redundant  = Num. Coefs |
-------------+---------------------------------------|
     firm_id |      3236        3236           0    *|
          yh |        12           1          11     |
-----------------------------------------------------+
* = FE nested within cluster; treated as redundant for DoF computation
(MWFE estimator converged in 4 iterations)

Stored estimation results
-------------------------
----------------------------------------------------------------------------
             |           Dependent  Number of        
        Name | Command    variable     param.  Title 
-------------+--------------------------------------------------------------
_ivreg2_var3 | ivreg2         var3          5  First-stage regression: var3
_ivreg2_var5 | ivreg2         var5          5  First-stage regression: var5
_ivreg2_v~12 | ivreg2        var12          5  First-stage regression: var12
----------------------------------------------------------------------------

IV (2SLS) estimation
--------------------

Estimates efficient for homoskedasticity only
Statistics robust to heteroskedasticity and clustering on firm_id

Number of clusters (firm_id) =    3236                Number of obs =    38760
                                                      F(  5,  3235) =    25.21
                                                      Prob > F      =   0.0000
Total (centered) SS     =  1235.606592                Centered R2   =   0.0078
Total (uncentered) SS   =  1235.606592                Uncentered R2 =   0.0078
Residual SS             =  1225.957964                Root MSE      =    .1779

------------------------------------------------------------------------------
             |               Robust
growth_rat~e | Coefficient  std. err.      t    P>|t|     [95% conf. interval]
-------------+----------------------------------------------------------------
        var3 |  -.0487539    .025516    -1.91   0.056    -.0987831    .0012752
        var5 |   .0815755   .1077861     0.76   0.449    -.1297605    .2929116
       var12 |   .0000595   .0000246     2.42   0.016     .0000113    .0001078
        var4 |  -.1408541   .0922969    -1.53   0.127    -.3218204    .0401123
       var11 |  -.0000227    .000017    -1.33   0.183    -.0000561    .0000107
------------------------------------------------------------------------------
Underidentification test (Kleibergen-Paap rk LM statistic):             24.656
                                                   Chi-sq(1) P-val =    0.0000
------------------------------------------------------------------------------
Weak identification test (Cragg-Donald Wald F statistic):              741.039
                         (Kleibergen-Paap rk Wald F statistic):         10.284
Stock-Yogo weak ID test critical values:                       <not available>
------------------------------------------------------------------------------
Hansen J statistic (overidentification test of all instruments):         0.000
                                                 (equation exactly identified)
------------------------------------------------------------------------------
Instrumented:         var3 var5 var12
Included instruments: var4 var11
Excluded instruments: var6 var7 var13
Partialled-out:       _cons
                      nb: total SS, model F and R2s are after partialling-out;
                          any small-sample adjustments include partialled-out
                          variables in regressor count K
------------------------------------------------------------------------------

Absorbed degrees of freedom:
-----------------------------------------------------+
 Absorbed FE | Categories  - Redundant  = Num. Coefs |
-------------+---------------------------------------|
     firm_id |      3236        3236           0    *|
          yh |        12           1          11     |
-----------------------------------------------------+
* = FE nested within cluster; treated as redundant for DoF computation
→ Spec 4: rent_hhi
(MWFE estimator converged in 4 iterations)

HDFE Linear regression                            Number of obs   =     38,760
Absorbing 2 HDFE groups                           F(   7,   3235) =      21.55
Statistics robust to heteroskedasticity           Prob > F        =     0.0000
                                                  R-squared       =     0.3534
                                                  Adj R-squared   =     0.2941
                                                  Within R-sq.    =     0.0119
Number of clusters (firm_id) =      3,236         Root MSE        =     0.1854

                            (Std. err. adjusted for 3,236 clusters in firm_id)
------------------------------------------------------------------------------
             |               Robust
growth_rat~e | Coefficient  std. err.      t    P>|t|     [95% conf. interval]
-------------+----------------------------------------------------------------
        var3 |  -.0163593   .0129491    -1.26   0.207    -.0417487    .0090301
        var5 |    .061435   .0251967     2.44   0.015     .0120318    .1108382
        var4 |  -.1182526   .0224579    -5.27   0.000    -.1622858   -.0742195
        var8 |  -.0000685   .0002235    -0.31   0.759    -.0005067    .0003697
        var9 |  -.0000512   .0003274    -0.16   0.876    -.0006931    .0005906
       var11 |   3.98e-06   2.68e-06     1.49   0.137    -1.27e-06    9.24e-06
       var12 |   .0000211   5.07e-06     4.16   0.000     .0000112     .000031
       _cons |   .1012105   .0033412    30.29   0.000     .0946594    .1077616
------------------------------------------------------------------------------

Absorbed degrees of freedom:
-----------------------------------------------------+
 Absorbed FE | Categories  - Redundant  = Num. Coefs |
-------------+---------------------------------------|
     firm_id |      3236        3236           0    *|
          yh |        12           1          11     |
-----------------------------------------------------+
* = FE nested within cluster; treated as redundant for DoF computation
(MWFE estimator converged in 4 iterations)

Stored estimation results
-------------------------
----------------------------------------------------------------------------
             |           Dependent  Number of        
        Name | Command    variable     param.  Title 
-------------+--------------------------------------------------------------
_ivreg2_var3 | ivreg2         var3          7  First-stage regression: var3
_ivreg2_var5 | ivreg2         var5          7  First-stage regression: var5
_ivreg2_var9 | ivreg2         var9          7  First-stage regression: var9
_ivreg2_v~12 | ivreg2        var12          7  First-stage regression: var12
----------------------------------------------------------------------------

IV (2SLS) estimation
--------------------

Estimates efficient for homoskedasticity only
Statistics robust to heteroskedasticity and clustering on firm_id

Number of clusters (firm_id) =    3236                Number of obs =    38760
                                                      F(  7,  3235) =    18.85
                                                      Prob > F      =   0.0000
Total (centered) SS     =  1235.606592                Centered R2   =  -0.0030
Total (uncentered) SS   =  1235.606592                Uncentered R2 =  -0.0030
Residual SS             =  1239.344868                Root MSE      =    .1789

------------------------------------------------------------------------------
             |               Robust
growth_rat~e | Coefficient  std. err.      t    P>|t|     [95% conf. interval]
-------------+----------------------------------------------------------------
        var3 |  -.1737054   .0521792    -3.33   0.001     -.276013   -.0713978
        var5 |   .0734103   .1075426     0.68   0.495    -.1374482    .2842688
        var9 |   .0047856     .00176     2.72   0.007     .0013347    .0082365
       var12 |   .0000542   .0000245     2.21   0.027     6.20e-06    .0001022
        var4 |  -.1465403   .0940669    -1.56   0.119    -.3309771    .0378965
        var8 |  -.0037017   .0013216    -2.80   0.005     -.006293   -.0011104
       var11 |   -.000019    .000017    -1.12   0.264    -.0000523    .0000143
------------------------------------------------------------------------------
Underidentification test (Kleibergen-Paap rk LM statistic):             30.561
                                                   Chi-sq(1) P-val =    0.0000
------------------------------------------------------------------------------
Weak identification test (Cragg-Donald Wald F statistic):              304.677
                         (Kleibergen-Paap rk Wald F statistic):          8.002
Stock-Yogo weak ID test critical values:                       <not available>
------------------------------------------------------------------------------
Hansen J statistic (overidentification test of all instruments):         0.000
                                                 (equation exactly identified)
------------------------------------------------------------------------------
Instrumented:         var3 var5 var9 var12
Included instruments: var4 var8 var11
Excluded instruments: var6 var7 var10 var13
Partialled-out:       _cons
                      nb: total SS, model F and R2s are after partialling-out;
                          any small-sample adjustments include partialled-out
                          variables in regressor count K
------------------------------------------------------------------------------

Absorbed degrees of freedom:
-----------------------------------------------------+
 Absorbed FE | Categories  - Redundant  = Num. Coefs |
-------------+---------------------------------------|
     firm_id |      3236        3236           0    *|
          yh |        12           1          11     |
-----------------------------------------------------+
* = FE nested within cluster; treated as redundant for DoF computation
→ Spec 5: seniority
(MWFE estimator converged in 4 iterations)

HDFE Linear regression                            Number of obs   =     38,760
Absorbing 2 HDFE groups                           F(   5,   3235) =      24.68
Statistics robust to heteroskedasticity           Prob > F        =     0.0000
                                                  R-squared       =     0.3512
                                                  Adj R-squared   =     0.2918
                                                  Within R-sq.    =     0.0086
Number of clusters (firm_id) =      3,236         Root MSE        =     0.1857

                            (Std. err. adjusted for 3,236 clusters in firm_id)
------------------------------------------------------------------------------
             |               Robust
growth_rat~e | Coefficient  std. err.      t    P>|t|     [95% conf. interval]
-------------+----------------------------------------------------------------
        var3 |   .0297372   .0227796     1.31   0.192    -.0149266    .0744011
        var5 |   .0662384   .0245473     2.70   0.007     .0181086    .1143682
        var4 |  -.1223514   .0218564    -5.60   0.000    -.1652052   -.0794977
       var14 |  -.0348663   .0184945    -1.89   0.059    -.0711284    .0013959
       var15 |  -.0350943   .0235659    -1.49   0.137       -.0813    .0111114
       _cons |   .1156013   .0074388    15.54   0.000      .101016    .1301866
------------------------------------------------------------------------------

Absorbed degrees of freedom:
-----------------------------------------------------+
 Absorbed FE | Categories  - Redundant  = Num. Coefs |
-------------+---------------------------------------|
     firm_id |      3236        3236           0    *|
          yh |        12           1          11     |
-----------------------------------------------------+
* = FE nested within cluster; treated as redundant for DoF computation
(MWFE estimator converged in 4 iterations)

Stored estimation results
-------------------------
----------------------------------------------------------------------------
             |           Dependent  Number of        
        Name | Command    variable     param.  Title 
-------------+--------------------------------------------------------------
_ivreg2_var3 | ivreg2         var3          5  First-stage regression: var3
_ivreg2_var5 | ivreg2         var5          5  First-stage regression: var5
_ivreg2_v~15 | ivreg2        var15          5  First-stage regression: var15
----------------------------------------------------------------------------

IV (2SLS) estimation
--------------------

Estimates efficient for homoskedasticity only
Statistics robust to heteroskedasticity and clustering on firm_id

Number of clusters (firm_id) =    3236                Number of obs =    38760
                                                      F(  5,  3235) =    23.18
                                                      Prob > F      =   0.0000
Total (centered) SS     =  1235.606592                Centered R2   =   0.0069
Total (uncentered) SS   =  1235.606592                Uncentered R2 =   0.0069
Residual SS             =  1227.128027                Root MSE      =     .178

------------------------------------------------------------------------------
             |               Robust
growth_rat~e | Coefficient  std. err.      t    P>|t|     [95% conf. interval]
-------------+----------------------------------------------------------------
        var3 |  -.0066814   .0743208    -0.09   0.928    -.1524021    .1390393
        var5 |   .1674125   .1019608     1.64   0.101    -.0325017    .3673267
       var15 |   .0095876   .0756808     0.13   0.899    -.1387996    .1579748
        var4 |  -.2102309   .0869085    -2.42   0.016    -.3806321   -.0398297
       var14 |  -.0688686   .0577992    -1.19   0.234    -.1821954    .0444581
------------------------------------------------------------------------------
Underidentification test (Kleibergen-Paap rk LM statistic):             21.388
                                                   Chi-sq(1) P-val =    0.0000
------------------------------------------------------------------------------
Weak identification test (Cragg-Donald Wald F statistic):              787.925
                         (Kleibergen-Paap rk Wald F statistic):          9.245
Stock-Yogo weak ID test critical values:                       <not available>
------------------------------------------------------------------------------
Hansen J statistic (overidentification test of all instruments):         0.000
                                                 (equation exactly identified)
------------------------------------------------------------------------------
Instrumented:         var3 var5 var15
Included instruments: var4 var14
Excluded instruments: var6 var7 var16
Partialled-out:       _cons
                      nb: total SS, model F and R2s are after partialling-out;
                          any small-sample adjustments include partialled-out
                          variables in regressor count K
------------------------------------------------------------------------------

Absorbed degrees of freedom:
-----------------------------------------------------+
 Absorbed FE | Categories  - Redundant  = Num. Coefs |
-------------+---------------------------------------|
     firm_id |      3236        3236           0    *|
          yh |        12           1          11     |
-----------------------------------------------------+
* = FE nested within cluster; treated as redundant for DoF computation
→ Spec 6: rent_seniority
(MWFE estimator converged in 4 iterations)

HDFE Linear regression                            Number of obs   =     38,760
Absorbing 2 HDFE groups                           F(   7,   3235) =      17.97
Statistics robust to heteroskedasticity           Prob > F        =     0.0000
                                                  R-squared       =     0.3512
                                                  Adj R-squared   =     0.2918
                                                  Within R-sq.    =     0.0087
Number of clusters (firm_id) =      3,236         Root MSE        =     0.1857

                            (Std. err. adjusted for 3,236 clusters in firm_id)
------------------------------------------------------------------------------
             |               Robust
growth_rat~e | Coefficient  std. err.      t    P>|t|     [95% conf. interval]
-------------+----------------------------------------------------------------
        var3 |   .0347048   .0244539     1.42   0.156    -.0132419    .0826516
        var5 |   .0670103   .0249964     2.68   0.007     .0179998    .1160208
        var4 |  -.1215609   .0220907    -5.50   0.000    -.1648741   -.0782476
        var8 |  -.0000554   .0002214    -0.25   0.803    -.0004894    .0003787
        var9 |  -.0001134   .0003271    -0.35   0.729    -.0007548     .000528
       var14 |  -.0347348   .0184926    -1.88   0.060    -.0709931    .0015235
       var15 |  -.0347269   .0235933    -1.47   0.141    -.0809863    .0115324
       _cons |   .1162482    .007832    14.84   0.000      .100892    .1316043
------------------------------------------------------------------------------

Absorbed degrees of freedom:
-----------------------------------------------------+
 Absorbed FE | Categories  - Redundant  = Num. Coefs |
-------------+---------------------------------------|
     firm_id |      3236        3236           0    *|
          yh |        12           1          11     |
-----------------------------------------------------+
* = FE nested within cluster; treated as redundant for DoF computation
(MWFE estimator converged in 4 iterations)

Stored estimation results
-------------------------
----------------------------------------------------------------------------
             |           Dependent  Number of        
        Name | Command    variable     param.  Title 
-------------+--------------------------------------------------------------
_ivreg2_var3 | ivreg2         var3          7  First-stage regression: var3
_ivreg2_var5 | ivreg2         var5          7  First-stage regression: var5
_ivreg2_var9 | ivreg2         var9          7  First-stage regression: var9
_ivreg2_v~15 | ivreg2        var15          7  First-stage regression: var15
----------------------------------------------------------------------------

IV (2SLS) estimation
--------------------

Estimates efficient for homoskedasticity only
Statistics robust to heteroskedasticity and clustering on firm_id

Number of clusters (firm_id) =    3236                Number of obs =    38760
                                                      F(  7,  3235) =    16.31
                                                      Prob > F      =   0.0000
Total (centered) SS     =  1235.606592                Centered R2   =  -0.0068
Total (uncentered) SS   =  1235.606592                Uncentered R2 =  -0.0068
Residual SS             =  1243.972701                Root MSE      =    .1792

------------------------------------------------------------------------------
             |               Robust
growth_rat~e | Coefficient  std. err.      t    P>|t|     [95% conf. interval]
-------------+----------------------------------------------------------------
        var3 |  -.1415891   .0842106    -1.68   0.093    -.3067005    .0235223
        var5 |   .1555277   .1026622     1.51   0.130    -.0457619    .3568173
        var9 |   .0048476   .0017163     2.82   0.005     .0014824    .0082128
       var15 |   .0134002   .0774112     0.17   0.863    -.1383798    .1651801
        var4 |  -.2121662   .0893751    -2.37   0.018    -.3874037   -.0369287
        var8 |  -.0037948   .0012862    -2.95   0.003    -.0063167   -.0012729
       var14 |  -.0680645   .0590584    -1.15   0.249    -.1838601    .0477311
------------------------------------------------------------------------------
Underidentification test (Kleibergen-Paap rk LM statistic):             30.132
                                                   Chi-sq(1) P-val =    0.0000
------------------------------------------------------------------------------
Weak identification test (Cragg-Donald Wald F statistic):              327.474
                         (Kleibergen-Paap rk Wald F statistic):          7.997
Stock-Yogo weak ID test critical values:                       <not available>
------------------------------------------------------------------------------
Hansen J statistic (overidentification test of all instruments):         0.000
                                                 (equation exactly identified)
------------------------------------------------------------------------------
Instrumented:         var3 var5 var9 var15
Included instruments: var4 var8 var14
Excluded instruments: var6 var7 var10 var16
Partialled-out:       _cons
                      nb: total SS, model F and R2s are after partialling-out;
                          any small-sample adjustments include partialled-out
                          variables in regressor count K
------------------------------------------------------------------------------

Absorbed degrees of freedom:
-----------------------------------------------------+
 Absorbed FE | Categories  - Redundant  = Num. Coefs |
-------------+---------------------------------------|
     firm_id |      3236        3236           0    *|
          yh |        12           1          11     |
-----------------------------------------------------+
* = FE nested within cluster; treated as redundant for DoF computation
→ Spec 7: hhi_seniority
(MWFE estimator converged in 4 iterations)

HDFE Linear regression                            Number of obs   =     38,760
Absorbing 2 HDFE groups                           F(   7,   3235) =      22.59
Statistics robust to heteroskedasticity           Prob > F        =     0.0000
                                                  R-squared       =     0.3536
                                                  Adj R-squared   =     0.2944
                                                  Within R-sq.    =     0.0123
Number of clusters (firm_id) =      3,236         Root MSE        =     0.1854

                            (Std. err. adjusted for 3,236 clusters in firm_id)
------------------------------------------------------------------------------
             |               Robust
growth_rat~e | Coefficient  std. err.      t    P>|t|     [95% conf. interval]
-------------+----------------------------------------------------------------
        var3 |   -.023886   .0263433    -0.91   0.365    -.0755373    .0277653
        var5 |   .0633244   .0244463     2.59   0.010     .0153926    .1112563
        var4 |  -.1230802   .0218511    -5.63   0.000    -.1659237   -.0802368
       var11 |   1.52e-06   2.75e-06     0.55   0.579    -3.86e-06    6.91e-06
       var12 |   .0000206   5.50e-06     3.74   0.000     9.79e-06    .0000314
       var14 |  -.0287247   .0196192    -1.46   0.143    -.0671921    .0097427
       var15 |   .0034176   .0249124     0.14   0.891    -.0454281    .0522634
       _cons |   .1127386   .0083039    13.58   0.000     .0964572      .12902
------------------------------------------------------------------------------

Absorbed degrees of freedom:
-----------------------------------------------------+
 Absorbed FE | Categories  - Redundant  = Num. Coefs |
-------------+---------------------------------------|
     firm_id |      3236        3236           0    *|
          yh |        12           1          11     |
-----------------------------------------------------+
* = FE nested within cluster; treated as redundant for DoF computation
(MWFE estimator converged in 4 iterations)

Stored estimation results
-------------------------
----------------------------------------------------------------------------
             |           Dependent  Number of        
        Name | Command    variable     param.  Title 
-------------+--------------------------------------------------------------
_ivreg2_var3 | ivreg2         var3          7  First-stage regression: var3
_ivreg2_var5 | ivreg2         var5          7  First-stage regression: var5
_ivreg2_v~12 | ivreg2        var12          7  First-stage regression: var12
_ivreg2_v~15 | ivreg2        var15          7  First-stage regression: var15
----------------------------------------------------------------------------

IV (2SLS) estimation
--------------------

Estimates efficient for homoskedasticity only
Statistics robust to heteroskedasticity and clustering on firm_id

Number of clusters (firm_id) =    3236                Number of obs =    38760
                                                      F(  7,  3235) =    21.13
                                                      Prob > F      =   0.0000
Total (centered) SS     =  1235.606592                Centered R2   =   0.0087
Total (uncentered) SS   =  1235.606592                Uncentered R2 =   0.0087
Residual SS             =  1224.840228                Root MSE      =    .1778

------------------------------------------------------------------------------
             |               Robust
growth_rat~e | Coefficient  std. err.      t    P>|t|     [95% conf. interval]
-------------+----------------------------------------------------------------
        var3 |  -.1460624   .0728134    -2.01   0.045    -.2888274   -.0032973
        var5 |   .0941672   .1057083     0.89   0.373    -.1130949    .3014292
       var12 |   .0000619   .0000236     2.62   0.009     .0000156    .0001081
       var15 |   .0962936   .0716804     1.34   0.179      -.04425    .2368372
        var4 |  -.1516256   .0903691    -1.68   0.093     -.328812    .0255608
       var11 |  -.0000268    .000016    -1.67   0.095    -.0000581    4.64e-06
       var14 |  -.0944353   .0572831    -1.65   0.099    -.2067501    .0178794
------------------------------------------------------------------------------
Underidentification test (Kleibergen-Paap rk LM statistic):             26.176
                                                   Chi-sq(1) P-val =    0.0000
------------------------------------------------------------------------------
Weak identification test (Cragg-Donald Wald F statistic):              551.728
                         (Kleibergen-Paap rk Wald F statistic):          7.747
Stock-Yogo weak ID test critical values:                       <not available>
------------------------------------------------------------------------------
Hansen J statistic (overidentification test of all instruments):         0.000
                                                 (equation exactly identified)
------------------------------------------------------------------------------
Instrumented:         var3 var5 var12 var15
Included instruments: var4 var11 var14
Excluded instruments: var6 var7 var13 var16
Partialled-out:       _cons
                      nb: total SS, model F and R2s are after partialling-out;
                          any small-sample adjustments include partialled-out
                          variables in regressor count K
------------------------------------------------------------------------------

Absorbed degrees of freedom:
-----------------------------------------------------+
 Absorbed FE | Categories  - Redundant  = Num. Coefs |
-------------+---------------------------------------|
     firm_id |      3236        3236           0    *|
          yh |        12           1          11     |
-----------------------------------------------------+
* = FE nested within cluster; treated as redundant for DoF computation
→ Spec 8: rent_hhi_seniority
(MWFE estimator converged in 4 iterations)

HDFE Linear regression                            Number of obs   =     38,760
Absorbing 2 HDFE groups                           F(   9,   3235) =      17.91
Statistics robust to heteroskedasticity           Prob > F        =     0.0000
                                                  R-squared       =     0.3536
                                                  Adj R-squared   =     0.2944
                                                  Within R-sq.    =     0.0123
Number of clusters (firm_id) =      3,236         Root MSE        =     0.1854

                            (Std. err. adjusted for 3,236 clusters in firm_id)
------------------------------------------------------------------------------
             |               Robust
growth_rat~e | Coefficient  std. err.      t    P>|t|     [95% conf. interval]
-------------+----------------------------------------------------------------
        var3 |  -.0210527   .0289503    -0.73   0.467    -.0778154      .03571
        var5 |   .0635903   .0249201     2.55   0.011     .0147294    .1124511
        var4 |    -.12232   .0221011    -5.53   0.000    -.1656535   -.0789865
        var8 |  -.0000567   .0002227    -0.25   0.799    -.0004933      .00038
        var9 |  -.0000542   .0003264    -0.17   0.868    -.0006941    .0005857
       var11 |   1.51e-06   2.77e-06     0.55   0.585    -3.91e-06    6.94e-06
       var12 |   .0000205   5.54e-06     3.70   0.000     9.65e-06    .0000314
       var14 |  -.0286271   .0196008    -1.46   0.144    -.0670584    .0098043
       var15 |   .0035071   .0248986     0.14   0.888    -.0453114    .0523257
       _cons |   .1134327   .0089272    12.71   0.000     .0959292    .1309361
------------------------------------------------------------------------------

Absorbed degrees of freedom:
-----------------------------------------------------+
 Absorbed FE | Categories  - Redundant  = Num. Coefs |
-------------+---------------------------------------|
     firm_id |      3236        3236           0    *|
          yh |        12           1          11     |
-----------------------------------------------------+
* = FE nested within cluster; treated as redundant for DoF computation
(MWFE estimator converged in 4 iterations)

Stored estimation results
-------------------------
----------------------------------------------------------------------------
             |           Dependent  Number of        
        Name | Command    variable     param.  Title 
-------------+--------------------------------------------------------------
_ivreg2_var3 | ivreg2         var3          9  First-stage regression: var3
_ivreg2_var5 | ivreg2         var5          9  First-stage regression: var5
_ivreg2_var9 | ivreg2         var9          9  First-stage regression: var9
_ivreg2_v~12 | ivreg2        var12          9  First-stage regression: var12
_ivreg2_v~15 | ivreg2        var15          9  First-stage regression: var15
----------------------------------------------------------------------------

IV (2SLS) estimation
--------------------

Estimates efficient for homoskedasticity only
Statistics robust to heteroskedasticity and clustering on firm_id

Number of clusters (firm_id) =    3236                Number of obs =    38760
                                                      F(  9,  3235) =    16.65
                                                      Prob > F      =   0.0000
Total (centered) SS     =  1235.606592                Centered R2   =  -0.0017
Total (uncentered) SS   =  1235.606592                Uncentered R2 =  -0.0017
Residual SS             =  1237.762734                Root MSE      =    .1787

------------------------------------------------------------------------------
             |               Robust
growth_rat~e | Coefficient  std. err.      t    P>|t|     [95% conf. interval]
-------------+----------------------------------------------------------------
        var3 |  -.2661581   .0844901    -3.15   0.002    -.4318176   -.1004986
        var5 |     .08702   .1058674     0.82   0.411    -.1205539    .2945939
        var9 |    .004708   .0017422     2.70   0.007     .0012921    .0081239
       var12 |    .000057   .0000236     2.42   0.016     .0000107    .0001033
       var15 |   .0930674   .0726378     1.28   0.200    -.0493533    .2354882
        var4 |  -.1579003   .0924493    -1.71   0.088    -.3391653    .0233647
        var8 |  -.0036236   .0013103    -2.77   0.006    -.0061927   -.0010544
       var11 |  -.0000229   .0000161    -1.42   0.154    -.0000545    8.63e-06
       var14 |  -.0880964   .0578288    -1.52   0.128    -.2014812    .0252885
------------------------------------------------------------------------------
Underidentification test (Kleibergen-Paap rk LM statistic):             30.181
                                                   Chi-sq(1) P-val =    0.0000
------------------------------------------------------------------------------
Weak identification test (Cragg-Donald Wald F statistic):              240.064
                         (Kleibergen-Paap rk Wald F statistic):          6.333
Stock-Yogo weak ID test critical values:                       <not available>
------------------------------------------------------------------------------
Hansen J statistic (overidentification test of all instruments):         0.000
                                                 (equation exactly identified)
------------------------------------------------------------------------------
Instrumented:         var3 var5 var9 var12 var15
Included instruments: var4 var8 var11 var14
Excluded instruments: var6 var7 var10 var13 var16
Partialled-out:       _cons
                      nb: total SS, model F and R2s are after partialling-out;
                          any small-sample adjustments include partialled-out
                          variables in regressor count K
------------------------------------------------------------------------------

Absorbed degrees of freedom:
-----------------------------------------------------+
 Absorbed FE | Categories  - Redundant  = Num. Coefs |
-------------+---------------------------------------|
     firm_id |      3236        3236           0    *|
          yh |        12           1          11     |
-----------------------------------------------------+
* = FE nested within cluster; treated as redundant for DoF computation

. 
. // 5) Close & export
. postclose handle

. use `out', clear

. export delimited using "`result_dir'/consolidated_results.csv", ///
>     replace delimiter(",") quote
file ../results/raw/firm_mechanisms/consolidated_results.csv saved

. 
. display as result "→ CSV written to `result_dir'/consolidated_results.csv"
→ CSV written to ../results/raw/firm_mechanisms/consolidated_results.csv

. capture log close
