-----------------------------------------------------------------------------------------------------------------------------------------
      name:  <unnamed>
       log:  /Users/saul/Dropbox/Remote Work Startups/main/spec/log/firm_mechanisms_lean_fullremote.log
  log type:  text
 opened on:  27 Jun 2025, 02:53:22

. 
. 
. // 1) Globals + setup ---------------------------------------------------------
. do "../src/globals.do"

. global raw_data "../data/raw"

. global processed_data  "../data/processed"

. global results "../results/raw"

. global clean_results "../results/cleaned"

. 
. 
. 
. 
. 
end of do-file

. local result_dir "$results/`specname'"

. capture mkdir "`result_dir'"

. 
. // 2) Load panel & construct treatment-specific var3/var5 --------------------
. use "$processed_data/firm_panel.dta", clear

. 
. // Replace var3 / var5 with the requested discrete definitions
. if "`treat'" == "fullremote" {
.     capture drop var3 var5
.     gen var3 = var3_fullrem
.     gen var5 = var5_fullrem
. }

. else if "`treat'" == "hybrid" {
.     capture drop var3 var5
.     gen var3 = var3_hybrid
.     gen var5 = var5_hybrid
. }

. else {
.     di as error "Unknown treat=`treat' — must be fullremote or hybrid"
.     exit 1
. }

. 
. // 3) Variable construction --------------------------------------------------
. 
. gen seniority_4 = !inrange(seniority_levels,1,3)

. 
. // interactions
. gen var8   = covid*rent
(3,186 missing values generated)

. gen var9   = covid*rent*startup
(3,186 missing values generated)

. gen var11  = covid*hhi_1000
(34 missing values generated)

. gen var12  = covid*hhi_1000*startup
(34 missing values generated)

. gen var14  = covid*seniority_4

. gen var15  = covid*seniority_4*startup

. 
. // pick your mechanism here
. // local mech       sd_wage
. // local mech_label sdw
. 
. local mech        p90_p10_gap

. local mech_label  gap

. 
. gen var17 = covid*`mech'
(37 missing values generated)

. gen var18 = covid*`mech'*startup
(37 missing values generated)

. 
. 
. // 4) Prep a postfile collector ---------------------------------------------
. 
. capture postclose handle

. tempfile out

. postfile handle ///
>     str8   model_type  ///
>     str244 spec        ///
>     str40  param       ///
>     double coef se pval pre_mean rkf nobs ///
>     using `out', replace
(file /var/folders/hg/s3xm9w393gxby64_zklmhgbc0000gn/T//S_22469.000001 not found)

. 
. 
. // 5) Define specification list ---------------------------------------------
. 
. local specs ///
>   "baseline" ///
>   "rent" "hhi" "seniority" "`mech_label'" ///
>   "rent_hhi" "rent_seniority" "rent_`mech_label'" "hhi_seniority" "hhi_`mech_label'" "seniority_`mech_label'" ///
>   "rent_hhi_seniority" "rent_hhi_`mech_label'" "rent_seniority_`mech_label'" "hhi_seniority_`mech_label'" ///
>   "rent_hhi_seniority_`mech_label'"

. 
. 
. // 6) Build spec-specific macros (OLS exog, IV exog, instruments, endogenous)
. 
. global BASE_ENDO  "var3 var5"

. 
. //  1) baseline
. local spec_ols_exog1  var4

. local spec_iv_exog1   var4

. local spec_instr1     var6 var7

. local spec_endo1      $BASE_ENDO

. 
. //  2) rent
. local spec_ols_exog2  var4 var8 var9

. local spec_iv_exog2   var4 var8 var9

. local spec_instr2     var6 var7

. local spec_endo2      $BASE_ENDO

. 
. //  3) hhi
. local spec_ols_exog3  var4 var11 var12

. local spec_iv_exog3   var4 var11 var12

. local spec_instr3     var6 var7

. local spec_endo3      $BASE_ENDO

. 
. //  4) seniority
. local spec_ols_exog4  var4 var14 var15

. local spec_iv_exog4   var4 var14 var15

. local spec_instr4     var6 var7

. local spec_endo4      $BASE_ENDO

. 
. //  5) `mech'
. local spec_ols_exog5  var4 var17 var18

. local spec_iv_exog5   var4 var17 var18

. local spec_instr5     var6 var7

. local spec_endo5      $BASE_ENDO

. 
. //  6) rent_hhi
. local spec_ols_exog6  var4 var8 var9  var11 var12

. local spec_iv_exog6   var4 var8 var9 var11 var12

. local spec_instr6     var6 var7

. local spec_endo6      $BASE_ENDO

. 
. //  7) rent_seniority
. local spec_ols_exog7  var4 var8 var9  var14 var15

. local spec_iv_exog7   var4 var8 var9 var14 var15

. local spec_instr7     var6 var7

. local spec_endo7      $BASE_ENDO

. 
. //  8) rent_`mech'
. local spec_ols_exog8  var4 var8 var9  var17 var18

. local spec_iv_exog8   var4 var8 var9 var17 var18

. local spec_instr8     var6 var7

. local spec_endo8      $BASE_ENDO

. 
. //  9) hhi_seniority
. local spec_ols_exog9  var4 var11 var12  var14 var15

. local spec_iv_exog9   var4 var11 var12 var14 var15

. local spec_instr9     var6 var7

. local spec_endo9      $BASE_ENDO

. 
. // 10) hhi_`mech'
. local spec_ols_exog10 var4 var11 var12  var17 var18

. local spec_iv_exog10  var4 var11 var12 var17 var18

. local spec_instr10    var6 var7

. local spec_endo10     $BASE_ENDO

. 
. // 11) `mech'_seniority
. local spec_ols_exog11 var4 var17 var18  var14 var15

. local spec_iv_exog11  var4 var17 var18 var14 var15

. local spec_instr11    var6 var7

. local spec_endo11     $BASE_ENDO

. 
. // 12) rent_hhi_seniority
. local spec_ols_exog12 var4 var8 var9  var11 var12  var14 var15

. local spec_iv_exog12  var4 var8 var9 var11 var12 var14 var15

. local spec_instr12    var6 var7

. local spec_endo12     $BASE_ENDO

. 
. // 13) rent_hhi_`mech'
. local spec_ols_exog13 var4 var8 var9  var11 var12  var17 var18

. local spec_iv_exog13  var4 var8 var9 var11 var12 var17 var18

. local spec_instr13    var6 var7

. local spec_endo13     $BASE_ENDO

. 
. // 14) rent_seniority_`mech'
. local spec_ols_exog14 var4 var8 var9  var14 var15  var17 var18

. local spec_iv_exog14  var4 var8 var9 var14 var15 var17 var18

. local spec_instr14    var6 var7

. local spec_endo14     $BASE_ENDO

. 
. // 15) hhi_seniority_`mech'
. local spec_ols_exog15 var4 var11 var12  var14 var15  var17 var18

. local spec_iv_exog15  var4 var11 var12 var14 var15 var17 var18

. local spec_instr15    var6 var7

. local spec_endo15     $BASE_ENDO

. 
. // 16) rent_hhi_seniority_`mech'
. local spec_ols_exog16 var4 var8 var9  var11 var12  var14 var15  var17 var18

. local spec_iv_exog16  var4 var8 var9 var11 var12 var14 var15 var17 var18

. local spec_instr16    var6 var7

. local spec_endo16     $BASE_ENDO

. 
. 
. // 7) Baseline spec ----------------------------------------------------------
. 
. display as text "→ Spec 1: baseline (full sample)"
→ Spec 1: baseline (full sample)

. 
. summarize growth_rate_we if covid == 0, meanonly

. local pre_mean = r(mean)

. 
. // 7a) OLS
. reghdfe growth_rate_we var3 var5 var4, ///
>     absorb(firm_id yh) vce(cluster firm_id)
(MWFE estimator converged in 4 iterations)

HDFE Linear regression                            Number of obs   =     41,980
Absorbing 2 HDFE groups                           F(   3,   3507) =      25.40
Statistics robust to heteroskedasticity           Prob > F        =     0.0000
                                                  R-squared       =     0.3488
                                                  Adj R-squared   =     0.2892
                                                  Within R-sq.    =     0.0055
Number of clusters (firm_id) =      3,508         Root MSE        =     0.1853

                            (Std. err. adjusted for 3,508 clusters in firm_id)
------------------------------------------------------------------------------
             |               Robust
growth_rat~e | Coefficient  std. err.      t    P>|t|     [95% conf. interval]
-------------+----------------------------------------------------------------
        var3 |  -.0044964   .0043697    -1.03   0.304    -.0130638     .004071
        var5 |   .0548972   .0171074     3.21   0.001     .0213557    .0884386
        var4 |  -.0971579   .0147927    -6.57   0.000    -.1261611   -.0681548
       _cons |   .1013223   .0009634   105.17   0.000     .0994335    .1032112
------------------------------------------------------------------------------

Absorbed degrees of freedom:
-----------------------------------------------------+
 Absorbed FE | Categories  - Redundant  = Num. Coefs |
-------------+---------------------------------------|
     firm_id |      3508        3508           0    *|
          yh |        12           1          11     |
-----------------------------------------------------+
* = FE nested within cluster; treated as redundant for DoF computation

. local N = e(N)

. foreach p in var3 var5 {
  2.     local b    = _b[`p']
  3.     local se   = _se[`p']
  4.     local t    = `b'/`se'
  5.     local pval = 2*ttail(e(df_r), abs(`t'))
  6.     post handle ("OLS") ("baseline") ("`p'") ///
>                 (`b') (`se') (`pval') (`pre_mean') ///
>                 (.) (`N')
  7. }

. 
. // 7b) IV
. ivreghdfe growth_rate_we (var3 var5 = var6 var7) var4, ///
>     absorb(firm_id yh) vce(cluster firm_id) savefirst
(MWFE estimator converged in 4 iterations)

Stored estimation results
-------------------------
---------------------------------------------------------------------------
             |           Dependent  Number of        
        Name | Command    variable     param.  Title 
-------------+-------------------------------------------------------------
_ivreg2_var3 | ivreg2         var3          3  First-stage regression: var3
_ivreg2_var5 | ivreg2         var5          3  First-stage regression: var5
---------------------------------------------------------------------------

IV (2SLS) estimation
--------------------

Estimates efficient for homoskedasticity only
Statistics robust to heteroskedasticity and clustering on firm_id

Number of clusters (firm_id) =    3508                Number of obs =    41980
                                                      F(  3,  3507) =    22.39
                                                      Prob > F      =   0.0000
Total (centered) SS     =   1327.10484                Centered R2   =  -0.0012
Total (uncentered) SS   =   1327.10484                Uncentered R2 =  -0.0012
Residual SS             =  1328.659302                Root MSE      =    .1779

------------------------------------------------------------------------------
             |               Robust
growth_rat~e | Coefficient  std. err.      t    P>|t|     [95% conf. interval]
-------------+----------------------------------------------------------------
        var3 |   .0066399   .0107509     0.62   0.537    -.0144387    .0277186
        var5 |   .1820601   .0910047     2.00   0.046     .0036326    .3604875
        var4 |  -.1990729   .0693817    -2.87   0.004    -.3351055   -.0630402
------------------------------------------------------------------------------
Underidentification test (Kleibergen-Paap rk LM statistic):             23.405
                                                   Chi-sq(1) P-val =    0.0000
------------------------------------------------------------------------------
Weak identification test (Cragg-Donald Wald F statistic):              848.402
                         (Kleibergen-Paap rk Wald F statistic):         14.262
Stock-Yogo weak ID test critical values: 10% maximal IV size              7.03
                                         15% maximal IV size              4.58
                                         20% maximal IV size              3.95
                                         25% maximal IV size              3.63
Source: Stock-Yogo (2005).  Reproduced by permission.
NB: Critical values are for Cragg-Donald F statistic and i.i.d. errors.
------------------------------------------------------------------------------
Hansen J statistic (overidentification test of all instruments):         0.000
                                                 (equation exactly identified)
------------------------------------------------------------------------------
Instrumented:         var3 var5
Included instruments: var4
Excluded instruments: var6 var7
Partialled-out:       _cons
                      nb: total SS, model F and R2s are after partialling-out;
                          any small-sample adjustments include partialled-out
                          variables in regressor count K
------------------------------------------------------------------------------

Absorbed degrees of freedom:
-----------------------------------------------------+
 Absorbed FE | Categories  - Redundant  = Num. Coefs |
-------------+---------------------------------------|
     firm_id |      3508        3508           0    *|
          yh |        12           1          11     |
-----------------------------------------------------+
* = FE nested within cluster; treated as redundant for DoF computation

. local rkf = e(rkf)

. local N   = e(N)

. foreach p in var3 var5 {
  2.     local b    = _b[`p']
  3.     local se   = _se[`p']
  4.     local t    = `b'/`se'
  5.     local pval = 2*ttail(e(df_r), abs(`t'))
  6.     post handle ("IV") ("baseline") ("`p'") ///
>                 (`b') (`se') (`pval') (`pre_mean') ///
>                 (`rkf') (`N')
  7. }

. 
. 
. // 8) Loop over remaining specs --------------------------------------------
. 
. local n = wordcount("`specs'")

. forvalues i = 2/16 {
  2.     local spec    : word `i' of `specs'
  3.     local ols_exog "`spec_ols_exog`i''"
  4.     local iv_exog  "`spec_iv_exog`i''"
  5.     local instr    "`spec_instr`i''"
  6.     local endo     "`spec_endo`i''"
  7. 
.     display as text "→ Spec `i': `spec'"
  8. 
.     summarize growth_rate_we if covid == 0, meanonly
  9.     local pre_mean = r(mean)
 10. 
.     // 8a) OLS
.     reghdfe growth_rate_we var3 var5 `ols_exog', ///
>         absorb(firm_id yh) vce(cluster firm_id)
 11.     local N = e(N)
 12.     foreach p in var3 var5 {
 13.         local b    = _b[`p']
 14.         local se   = _se[`p']
 15.         local t    = `b'/`se'
 16.         local pval = 2*ttail(e(df_r), abs(`t'))
 17.         post handle ("OLS") ("`spec'") ("`p'") ///
>                     (`b') (`se') (`pval') (`pre_mean') ///
>                     (.) (`N')
 18.     }
 19. 
.     // 8b) IV
.     ivreghdfe growth_rate_we (`endo' = `instr') `iv_exog', ///
>         absorb(firm_id yh) vce(cluster firm_id) savefirst
 20.     local rkf = e(rkf)
 21.     local N   = e(N)
 22.     foreach p in var3 var5 {
 23.         local b    = _b[`p']
 24.         local se   = _se[`p']
 25.         local t    = `b'/`se'
 26.         local pval = 2*ttail(e(df_r), abs(`t'))
 27.         post handle ("IV") ("`spec'") ("`p'") ///
>                     (`b') (`se') (`pval') (`pre_mean') ///
>                     (`rkf') (`N')
 28.     }
 29. }
→ Spec 2: rent
(MWFE estimator converged in 4 iterations)

HDFE Linear regression                            Number of obs   =     38,794
Absorbing 2 HDFE groups                           F(   5,   3241) =      15.18
Statistics robust to heteroskedasticity           Prob > F        =     0.0000
                                                  R-squared       =     0.3498
                                                  Adj R-squared   =     0.2902
                                                  Within R-sq.    =     0.0054
Number of clusters (firm_id) =      3,242         Root MSE        =     0.1864

                            (Std. err. adjusted for 3,242 clusters in firm_id)
------------------------------------------------------------------------------
             |               Robust
growth_rat~e | Coefficient  std. err.      t    P>|t|     [95% conf. interval]
-------------+----------------------------------------------------------------
        var3 |  -.0028952    .004452    -0.65   0.516    -.0116243    .0058339
        var5 |   .0500268   .0175501     2.85   0.004     .0156164    .0844372
        var4 |    -.10217   .0214569    -4.76   0.000    -.1442406   -.0600995
        var8 |  -.0002282   .0001287    -1.77   0.076    -.0004806    .0000242
        var9 |   .0002273    .000351     0.65   0.517    -.0004608    .0009155
       _cons |   .1061876    .002181    48.69   0.000     .1019114    .1104639
------------------------------------------------------------------------------

Absorbed degrees of freedom:
-----------------------------------------------------+
 Absorbed FE | Categories  - Redundant  = Num. Coefs |
-------------+---------------------------------------|
     firm_id |      3242        3242           0    *|
          yh |        12           1          11     |
-----------------------------------------------------+
* = FE nested within cluster; treated as redundant for DoF computation
(MWFE estimator converged in 4 iterations)

Stored estimation results
-------------------------
---------------------------------------------------------------------------
             |           Dependent  Number of        
        Name | Command    variable     param.  Title 
-------------+-------------------------------------------------------------
_ivreg2_var3 | ivreg2         var3          5  First-stage regression: var3
_ivreg2_var5 | ivreg2         var5          5  First-stage regression: var5
---------------------------------------------------------------------------

IV (2SLS) estimation
--------------------

Estimates efficient for homoskedasticity only
Statistics robust to heteroskedasticity and clustering on firm_id

Number of clusters (firm_id) =    3242                Number of obs =    38794
                                                      F(  5,  3241) =    14.11
                                                      Prob > F      =   0.0000
Total (centered) SS     =  1241.191065                Centered R2   =  -0.0027
Total (uncentered) SS   =  1241.191065                Uncentered R2 =  -0.0027
Residual SS             =  1244.554479                Root MSE      =    .1791

------------------------------------------------------------------------------
             |               Robust
growth_rat~e | Coefficient  std. err.      t    P>|t|     [95% conf. interval]
-------------+----------------------------------------------------------------
        var3 |   .0196436   .0112471     1.75   0.081    -.0024086    .0416959
        var5 |   .1756032    .101796     1.73   0.085    -.0239878    .3751942
        var4 |  -.2029531   .0747345    -2.72   0.007    -.3494848   -.0564214
        var8 |  -.0003241   .0001401    -2.31   0.021    -.0005987   -.0000495
        var9 |   .0001616   .0003842     0.42   0.674    -.0005917    .0009149
------------------------------------------------------------------------------
Underidentification test (Kleibergen-Paap rk LM statistic):             19.592
                                                   Chi-sq(1) P-val =    0.0000
------------------------------------------------------------------------------
Weak identification test (Cragg-Donald Wald F statistic):              673.198
                         (Kleibergen-Paap rk Wald F statistic):         11.739
Stock-Yogo weak ID test critical values: 10% maximal IV size              7.03
                                         15% maximal IV size              4.58
                                         20% maximal IV size              3.95
                                         25% maximal IV size              3.63
Source: Stock-Yogo (2005).  Reproduced by permission.
NB: Critical values are for Cragg-Donald F statistic and i.i.d. errors.
------------------------------------------------------------------------------
Hansen J statistic (overidentification test of all instruments):         0.000
                                                 (equation exactly identified)
------------------------------------------------------------------------------
Instrumented:         var3 var5
Included instruments: var4 var8 var9
Excluded instruments: var6 var7
Partialled-out:       _cons
                      nb: total SS, model F and R2s are after partialling-out;
                          any small-sample adjustments include partialled-out
                          variables in regressor count K
------------------------------------------------------------------------------

Absorbed degrees of freedom:
-----------------------------------------------------+
 Absorbed FE | Categories  - Redundant  = Num. Coefs |
-------------+---------------------------------------|
     firm_id |      3242        3242           0    *|
          yh |        12           1          11     |
-----------------------------------------------------+
* = FE nested within cluster; treated as redundant for DoF computation
→ Spec 3: hhi
(MWFE estimator converged in 4 iterations)

HDFE Linear regression                            Number of obs   =     41,946
Absorbing 2 HDFE groups                           F(   5,   3501) =      34.18
Statistics robust to heteroskedasticity           Prob > F        =     0.0000
                                                  R-squared       =     0.3533
                                                  Adj R-squared   =     0.2941
                                                  Within R-sq.    =     0.0134
Number of clusters (firm_id) =      3,502         Root MSE        =     0.1842

                            (Std. err. adjusted for 3,502 clusters in firm_id)
------------------------------------------------------------------------------
             |               Robust
growth_rat~e | Coefficient  std. err.      t    P>|t|     [95% conf. interval]
-------------+----------------------------------------------------------------
        var3 |  -.0057598   .0043102    -1.34   0.182    -.0142105    .0026908
        var5 |   .0573843   .0167229     3.43   0.001     .0245968    .0901719
        var4 |  -.1365771     .01603    -8.52   0.000    -.1680062    -.105148
       var11 |   .0000101   2.35e-06     4.27   0.000     5.45e-06    .0000147
       var12 |    .000024   5.47e-06     4.38   0.000     .0000133    .0000347
       _cons |   .0973685   .0013004    74.88   0.000      .094819    .0999181
------------------------------------------------------------------------------

Absorbed degrees of freedom:
-----------------------------------------------------+
 Absorbed FE | Categories  - Redundant  = Num. Coefs |
-------------+---------------------------------------|
     firm_id |      3502        3502           0    *|
          yh |        12           1          11     |
-----------------------------------------------------+
* = FE nested within cluster; treated as redundant for DoF computation
(MWFE estimator converged in 4 iterations)

Stored estimation results
-------------------------
---------------------------------------------------------------------------
             |           Dependent  Number of        
        Name | Command    variable     param.  Title 
-------------+-------------------------------------------------------------
_ivreg2_var3 | ivreg2         var3          5  First-stage regression: var3
_ivreg2_var5 | ivreg2         var5          5  First-stage regression: var5
---------------------------------------------------------------------------

IV (2SLS) estimation
--------------------

Estimates efficient for homoskedasticity only
Statistics robust to heteroskedasticity and clustering on firm_id

Number of clusters (firm_id) =    3502                Number of obs =    41946
                                                      F(  5,  3501) =    31.28
                                                      Prob > F      =   0.0000
Total (centered) SS     =  1321.526286                Centered R2   =   0.0104
Total (uncentered) SS   =  1321.526286                Uncentered R2 =   0.0104
Residual SS             =  1307.818767                Root MSE      =    .1766

------------------------------------------------------------------------------
             |               Robust
growth_rat~e | Coefficient  std. err.      t    P>|t|     [95% conf. interval]
-------------+----------------------------------------------------------------
        var3 |   .0142444   .0102691     1.39   0.165    -.0058896    .0343785
        var5 |   .1235044   .0856963     1.44   0.150    -.0445154    .2915243
        var4 |  -.1952375   .0668432    -2.92   0.004     -.326293   -.0641819
       var11 |   9.70e-06   2.35e-06     4.13   0.000     5.09e-06    .0000143
       var12 |   .0000244   5.40e-06     4.51   0.000     .0000138     .000035
------------------------------------------------------------------------------
Underidentification test (Kleibergen-Paap rk LM statistic):             22.516
                                                   Chi-sq(1) P-val =    0.0000
------------------------------------------------------------------------------
Weak identification test (Cragg-Donald Wald F statistic):              824.451
                         (Kleibergen-Paap rk Wald F statistic):         13.613
Stock-Yogo weak ID test critical values: 10% maximal IV size              7.03
                                         15% maximal IV size              4.58
                                         20% maximal IV size              3.95
                                         25% maximal IV size              3.63
Source: Stock-Yogo (2005).  Reproduced by permission.
NB: Critical values are for Cragg-Donald F statistic and i.i.d. errors.
------------------------------------------------------------------------------
Hansen J statistic (overidentification test of all instruments):         0.000
                                                 (equation exactly identified)
------------------------------------------------------------------------------
Instrumented:         var3 var5
Included instruments: var4 var11 var12
Excluded instruments: var6 var7
Partialled-out:       _cons
                      nb: total SS, model F and R2s are after partialling-out;
                          any small-sample adjustments include partialled-out
                          variables in regressor count K
------------------------------------------------------------------------------

Absorbed degrees of freedom:
-----------------------------------------------------+
 Absorbed FE | Categories  - Redundant  = Num. Coefs |
-------------+---------------------------------------|
     firm_id |      3502        3502           0    *|
          yh |        12           1          11     |
-----------------------------------------------------+
* = FE nested within cluster; treated as redundant for DoF computation
→ Spec 4: seniority
(MWFE estimator converged in 4 iterations)

HDFE Linear regression                            Number of obs   =     41,980
Absorbing 2 HDFE groups                           F(   5,   3507) =      28.01
Statistics robust to heteroskedasticity           Prob > F        =     0.0000
                                                  R-squared       =     0.3512
                                                  Adj R-squared   =     0.2918
                                                  Within R-sq.    =     0.0092
Number of clusters (firm_id) =      3,508         Root MSE        =     0.1849

                            (Std. err. adjusted for 3,508 clusters in firm_id)
------------------------------------------------------------------------------
             |               Robust
growth_rat~e | Coefficient  std. err.      t    P>|t|     [95% conf. interval]
-------------+----------------------------------------------------------------
        var3 |  -.0071902   .0042916    -1.68   0.094    -.0156045    .0012241
        var5 |   .0522074   .0167316     3.12   0.002     .0194027    .0850121
        var4 |  -.0555494   .0235179    -2.36   0.018    -.1016596   -.0094392
       var14 |  -.0365155   .0108812    -3.36   0.001    -.0578496   -.0151815
       var15 |  -.0581412   .0208386    -2.79   0.005    -.0989982   -.0172841
       _cons |   .1156805   .0043292    26.72   0.000     .1071925    .1241685
------------------------------------------------------------------------------

Absorbed degrees of freedom:
-----------------------------------------------------+
 Absorbed FE | Categories  - Redundant  = Num. Coefs |
-------------+---------------------------------------|
     firm_id |      3508        3508           0    *|
          yh |        12           1          11     |
-----------------------------------------------------+
* = FE nested within cluster; treated as redundant for DoF computation
(MWFE estimator converged in 4 iterations)

Stored estimation results
-------------------------
---------------------------------------------------------------------------
             |           Dependent  Number of        
        Name | Command    variable     param.  Title 
-------------+-------------------------------------------------------------
_ivreg2_var3 | ivreg2         var3          5  First-stage regression: var3
_ivreg2_var5 | ivreg2         var5          5  First-stage regression: var5
---------------------------------------------------------------------------

IV (2SLS) estimation
--------------------

Estimates efficient for homoskedasticity only
Statistics robust to heteroskedasticity and clustering on firm_id

Number of clusters (firm_id) =    3508                Number of obs =    41980
                                                      F(  5,  3507) =    25.34
                                                      Prob > F      =   0.0000
Total (centered) SS     =   1327.10484                Centered R2   =   0.0075
Total (uncentered) SS   =   1327.10484                Uncentered R2 =   0.0075
Residual SS             =  1317.213601                Root MSE      =    .1772

------------------------------------------------------------------------------
             |               Robust
growth_rat~e | Coefficient  std. err.      t    P>|t|     [95% conf. interval]
-------------+----------------------------------------------------------------
        var3 |   .0035028   .0107406     0.33   0.744    -.0175557    .0245613
        var5 |   .1100024   .0867246     1.27   0.205    -.0600334    .2800381
        var4 |  -.1046359   .0718251    -1.46   0.145    -.2454592    .0361874
       var14 |  -.0341184   .0111331    -3.06   0.002    -.0559463   -.0122904
       var15 |  -.0567502   .0214646    -2.64   0.008    -.0988346   -.0146658
------------------------------------------------------------------------------
Underidentification test (Kleibergen-Paap rk LM statistic):             21.804
                                                   Chi-sq(1) P-val =    0.0000
------------------------------------------------------------------------------
Weak identification test (Cragg-Donald Wald F statistic):              793.505
                         (Kleibergen-Paap rk Wald F statistic):         13.371
Stock-Yogo weak ID test critical values: 10% maximal IV size              7.03
                                         15% maximal IV size              4.58
                                         20% maximal IV size              3.95
                                         25% maximal IV size              3.63
Source: Stock-Yogo (2005).  Reproduced by permission.
NB: Critical values are for Cragg-Donald F statistic and i.i.d. errors.
------------------------------------------------------------------------------
Hansen J statistic (overidentification test of all instruments):         0.000
                                                 (equation exactly identified)
------------------------------------------------------------------------------
Instrumented:         var3 var5
Included instruments: var4 var14 var15
Excluded instruments: var6 var7
Partialled-out:       _cons
                      nb: total SS, model F and R2s are after partialling-out;
                          any small-sample adjustments include partialled-out
                          variables in regressor count K
------------------------------------------------------------------------------

Absorbed degrees of freedom:
-----------------------------------------------------+
 Absorbed FE | Categories  - Redundant  = Num. Coefs |
-------------+---------------------------------------|
     firm_id |      3508        3508           0    *|
          yh |        12           1          11     |
-----------------------------------------------------+
* = FE nested within cluster; treated as redundant for DoF computation
→ Spec 5: gap
(MWFE estimator converged in 4 iterations)

HDFE Linear regression                            Number of obs   =     41,943
Absorbing 2 HDFE groups                           F(   5,   3501) =      16.46
Statistics robust to heteroskedasticity           Prob > F        =     0.0000
                                                  R-squared       =     0.3495
                                                  Adj R-squared   =     0.2900
                                                  Within R-sq.    =     0.0059
Number of clusters (firm_id) =      3,502         Root MSE        =     0.1850

                            (Std. err. adjusted for 3,502 clusters in firm_id)
------------------------------------------------------------------------------
             |               Robust
growth_rat~e | Coefficient  std. err.      t    P>|t|     [95% conf. interval]
-------------+----------------------------------------------------------------
        var3 |  -.0047304   .0043564    -1.09   0.278    -.0132717    .0038109
        var5 |   .0543547   .0171578     3.17   0.002     .0207144    .0879951
        var4 |  -.1130448   .0201242    -5.62   0.000    -.1525012   -.0735884
       var17 |   1.27e-07   7.08e-08     1.80   0.073    -1.17e-08    2.66e-07
       var18 |   2.61e-07   2.36e-07     1.11   0.268    -2.01e-07    7.23e-07
       _cons |   .0985857   .0019026    51.82   0.000     .0948553     .102316
------------------------------------------------------------------------------

Absorbed degrees of freedom:
-----------------------------------------------------+
 Absorbed FE | Categories  - Redundant  = Num. Coefs |
-------------+---------------------------------------|
     firm_id |      3502        3502           0    *|
          yh |        12           1          11     |
-----------------------------------------------------+
* = FE nested within cluster; treated as redundant for DoF computation
(MWFE estimator converged in 4 iterations)

Stored estimation results
-------------------------
---------------------------------------------------------------------------
             |           Dependent  Number of        
        Name | Command    variable     param.  Title 
-------------+-------------------------------------------------------------
_ivreg2_var3 | ivreg2         var3          5  First-stage regression: var3
_ivreg2_var5 | ivreg2         var5          5  First-stage regression: var5
---------------------------------------------------------------------------

IV (2SLS) estimation
--------------------

Estimates efficient for homoskedasticity only
Statistics robust to heteroskedasticity and clustering on firm_id

Number of clusters (firm_id) =    3502                Number of obs =    41943
                                                      F(  5,  3501) =    14.77
                                                      Prob > F      =   0.0000
Total (centered) SS     =  1323.007202                Centered R2   =  -0.0019
Total (uncentered) SS   =  1323.007202                Uncentered R2 =  -0.0019
Residual SS             =   1325.48781                Root MSE      =    .1778

------------------------------------------------------------------------------
             |               Robust
growth_rat~e | Coefficient  std. err.      t    P>|t|     [95% conf. interval]
-------------+----------------------------------------------------------------
        var3 |   .0041885   .0107131     0.39   0.696     -.016816     .025193
        var5 |   .1963355   .0936916     2.10   0.036     .0126399     .380031
        var4 |   -.219247   .0669751    -3.27   0.001    -.3505613   -.0879328
       var17 |   1.22e-07   7.04e-08     1.74   0.082    -1.57e-08    2.60e-07
       var18 |   1.55e-07   2.59e-07     0.60   0.550    -3.53e-07    6.62e-07
------------------------------------------------------------------------------
Underidentification test (Kleibergen-Paap rk LM statistic):             22.370
                                                   Chi-sq(1) P-val =    0.0000
------------------------------------------------------------------------------
Weak identification test (Cragg-Donald Wald F statistic):              812.440
                         (Kleibergen-Paap rk Wald F statistic):         13.475
Stock-Yogo weak ID test critical values: 10% maximal IV size              7.03
                                         15% maximal IV size              4.58
                                         20% maximal IV size              3.95
                                         25% maximal IV size              3.63
Source: Stock-Yogo (2005).  Reproduced by permission.
NB: Critical values are for Cragg-Donald F statistic and i.i.d. errors.
------------------------------------------------------------------------------
Hansen J statistic (overidentification test of all instruments):         0.000
                                                 (equation exactly identified)
------------------------------------------------------------------------------
Instrumented:         var3 var5
Included instruments: var4 var17 var18
Excluded instruments: var6 var7
Partialled-out:       _cons
                      nb: total SS, model F and R2s are after partialling-out;
                          any small-sample adjustments include partialled-out
                          variables in regressor count K
------------------------------------------------------------------------------

Absorbed degrees of freedom:
-----------------------------------------------------+
 Absorbed FE | Categories  - Redundant  = Num. Coefs |
-------------+---------------------------------------|
     firm_id |      3502        3502           0    *|
          yh |        12           1          11     |
-----------------------------------------------------+
* = FE nested within cluster; treated as redundant for DoF computation
→ Spec 6: rent_hhi
(MWFE estimator converged in 4 iterations)

HDFE Linear regression                            Number of obs   =     38,760
Absorbing 2 HDFE groups                           F(   7,   3235) =      23.69
Statistics robust to heteroskedasticity           Prob > F        =     0.0000
                                                  R-squared       =     0.3544
                                                  Adj R-squared   =     0.2952
                                                  Within R-sq.    =     0.0134
Number of clusters (firm_id) =      3,236         Root MSE        =     0.1853

                            (Std. err. adjusted for 3,236 clusters in firm_id)
------------------------------------------------------------------------------
             |               Robust
growth_rat~e | Coefficient  std. err.      t    P>|t|     [95% conf. interval]
-------------+----------------------------------------------------------------
        var3 |  -.0040476   .0044196    -0.92   0.360    -.0127131    .0046179
        var5 |   .0519217   .0171681     3.02   0.003     .0182602    .0855832
        var4 |  -.1595836   .0234812    -6.80   0.000    -.2056231   -.1135441
        var8 |  -.0002058   .0001284    -1.60   0.109    -.0004575    .0000459
        var9 |   .0005304   .0003466     1.53   0.126    -.0001492    .0012099
       var11 |   7.82e-06   2.05e-06     3.81   0.000     3.80e-06    .0000118
       var12 |   .0000266   5.46e-06     4.88   0.000     .0000159    .0000373
       _cons |   .1027741   .0023114    44.46   0.000     .0982421    .1073061
------------------------------------------------------------------------------

Absorbed degrees of freedom:
-----------------------------------------------------+
 Absorbed FE | Categories  - Redundant  = Num. Coefs |
-------------+---------------------------------------|
     firm_id |      3236        3236           0    *|
          yh |        12           1          11     |
-----------------------------------------------------+
* = FE nested within cluster; treated as redundant for DoF computation
(MWFE estimator converged in 4 iterations)

Stored estimation results
-------------------------
---------------------------------------------------------------------------
             |           Dependent  Number of        
        Name | Command    variable     param.  Title 
-------------+-------------------------------------------------------------
_ivreg2_var3 | ivreg2         var3          7  First-stage regression: var3
_ivreg2_var5 | ivreg2         var5          7  First-stage regression: var5
---------------------------------------------------------------------------

IV (2SLS) estimation
--------------------

Estimates efficient for homoskedasticity only
Statistics robust to heteroskedasticity and clustering on firm_id

Number of clusters (firm_id) =    3236                Number of obs =    38760
                                                      F(  7,  3235) =    22.38
                                                      Prob > F      =   0.0000
Total (centered) SS     =  1235.606592                Centered R2   =   0.0099
Total (uncentered) SS   =  1235.606592                Uncentered R2 =   0.0099
Residual SS             =  1223.328305                Root MSE      =    .1777

------------------------------------------------------------------------------
             |               Robust
growth_rat~e | Coefficient  std. err.      t    P>|t|     [95% conf. interval]
-------------+----------------------------------------------------------------
        var3 |   .0246673   .0110006     2.24   0.025     .0030984    .0462361
        var5 |   .1069648   .0956897     1.12   0.264    -.0806538    .2945834
        var4 |  -.2134399   .0716392    -2.98   0.003    -.3539028    -.072977
        var8 |  -.0003293   .0001398    -2.36   0.019    -.0006033   -.0000553
        var9 |   .0005663     .00037     1.53   0.126    -.0001592    .0012917
       var11 |   7.18e-06   2.05e-06     3.50   0.000     3.16e-06    .0000112
       var12 |   .0000272   5.39e-06     5.05   0.000     .0000167    .0000378
------------------------------------------------------------------------------
Underidentification test (Kleibergen-Paap rk LM statistic):             18.759
                                                   Chi-sq(1) P-val =    0.0000
------------------------------------------------------------------------------
Weak identification test (Cragg-Donald Wald F statistic):              651.322
                         (Kleibergen-Paap rk Wald F statistic):         11.157
Stock-Yogo weak ID test critical values: 10% maximal IV size              7.03
                                         15% maximal IV size              4.58
                                         20% maximal IV size              3.95
                                         25% maximal IV size              3.63
Source: Stock-Yogo (2005).  Reproduced by permission.
NB: Critical values are for Cragg-Donald F statistic and i.i.d. errors.
------------------------------------------------------------------------------
Hansen J statistic (overidentification test of all instruments):         0.000
                                                 (equation exactly identified)
------------------------------------------------------------------------------
Instrumented:         var3 var5
Included instruments: var4 var8 var9 var11 var12
Excluded instruments: var6 var7
Partialled-out:       _cons
                      nb: total SS, model F and R2s are after partialling-out;
                          any small-sample adjustments include partialled-out
                          variables in regressor count K
------------------------------------------------------------------------------

Absorbed degrees of freedom:
-----------------------------------------------------+
 Absorbed FE | Categories  - Redundant  = Num. Coefs |
-------------+---------------------------------------|
     firm_id |      3236        3236           0    *|
          yh |        12           1          11     |
-----------------------------------------------------+
* = FE nested within cluster; treated as redundant for DoF computation
→ Spec 7: rent_seniority
(MWFE estimator converged in 4 iterations)

HDFE Linear regression                            Number of obs   =     38,794
Absorbing 2 HDFE groups                           F(   7,   3241) =      19.67
Statistics robust to heteroskedasticity           Prob > F        =     0.0000
                                                  R-squared       =     0.3523
                                                  Adj R-squared   =     0.2929
                                                  Within R-sq.    =     0.0093
Number of clusters (firm_id) =      3,242         Root MSE        =     0.1860

                            (Std. err. adjusted for 3,242 clusters in firm_id)
------------------------------------------------------------------------------
             |               Robust
growth_rat~e | Coefficient  std. err.      t    P>|t|     [95% conf. interval]
-------------+----------------------------------------------------------------
        var3 |  -.0055938   .0043862    -1.28   0.202    -.0141939    .0030063
        var5 |   .0469592   .0171767     2.73   0.006     .0132809    .0806375
        var4 |  -.0691557   .0266464    -2.60   0.009    -.1214011   -.0169102
        var8 |  -.0002257    .000128    -1.76   0.078    -.0004766    .0000253
        var9 |   .0004739    .000351     1.35   0.177    -.0002144    .0011621
       var14 |  -.0345501   .0111439    -3.10   0.002    -.0563999   -.0127002
       var15 |  -.0626409   .0216819    -2.89   0.004    -.1051526   -.0201292
       _cons |   .1197845   .0048239    24.83   0.000     .1103262    .1292427
------------------------------------------------------------------------------

Absorbed degrees of freedom:
-----------------------------------------------------+
 Absorbed FE | Categories  - Redundant  = Num. Coefs |
-------------+---------------------------------------|
     firm_id |      3242        3242           0    *|
          yh |        12           1          11     |
-----------------------------------------------------+
* = FE nested within cluster; treated as redundant for DoF computation
(MWFE estimator converged in 4 iterations)

Stored estimation results
-------------------------
---------------------------------------------------------------------------
             |           Dependent  Number of        
        Name | Command    variable     param.  Title 
-------------+-------------------------------------------------------------
_ivreg2_var3 | ivreg2         var3          7  First-stage regression: var3
_ivreg2_var5 | ivreg2         var5          7  First-stage regression: var5
---------------------------------------------------------------------------

IV (2SLS) estimation
--------------------

Estimates efficient for homoskedasticity only
Statistics robust to heteroskedasticity and clustering on firm_id

Number of clusters (firm_id) =    3242                Number of obs =    38794
                                                      F(  7,  3241) =    18.46
                                                      Prob > F      =   0.0000
Total (centered) SS     =  1241.191065                Centered R2   =   0.0073
Total (uncentered) SS   =  1241.191065                Uncentered R2 =   0.0073
Residual SS             =  1232.069449                Root MSE      =    .1783

------------------------------------------------------------------------------
             |               Robust
growth_rat~e | Coefficient  std. err.      t    P>|t|     [95% conf. interval]
-------------+----------------------------------------------------------------
        var3 |   .0156412   .0112576     1.39   0.165    -.0064315    .0377139
        var5 |   .0886444   .0978318     0.91   0.365    -.1031741     .280463
        var4 |  -.1067591   .0759112    -1.41   0.160     -.255598    .0420798
        var8 |  -.0003147   .0001389    -2.27   0.024     -.000587   -.0000424
        var9 |   .0004852   .0003814     1.27   0.203    -.0002625    .0012329
       var14 |  -.0295637   .0113433    -2.61   0.009    -.0518045   -.0073229
       var15 |  -.0640214   .0225006    -2.85   0.004    -.1081383   -.0199044
------------------------------------------------------------------------------
Underidentification test (Kleibergen-Paap rk LM statistic):             18.180
                                                   Chi-sq(1) P-val =    0.0000
------------------------------------------------------------------------------
Weak identification test (Cragg-Donald Wald F statistic):              619.676
                         (Kleibergen-Paap rk Wald F statistic):         10.917
Stock-Yogo weak ID test critical values: 10% maximal IV size              7.03
                                         15% maximal IV size              4.58
                                         20% maximal IV size              3.95
                                         25% maximal IV size              3.63
Source: Stock-Yogo (2005).  Reproduced by permission.
NB: Critical values are for Cragg-Donald F statistic and i.i.d. errors.
------------------------------------------------------------------------------
Hansen J statistic (overidentification test of all instruments):         0.000
                                                 (equation exactly identified)
------------------------------------------------------------------------------
Instrumented:         var3 var5
Included instruments: var4 var8 var9 var14 var15
Excluded instruments: var6 var7
Partialled-out:       _cons
                      nb: total SS, model F and R2s are after partialling-out;
                          any small-sample adjustments include partialled-out
                          variables in regressor count K
------------------------------------------------------------------------------

Absorbed degrees of freedom:
-----------------------------------------------------+
 Absorbed FE | Categories  - Redundant  = Num. Coefs |
-------------+---------------------------------------|
     firm_id |      3242        3242           0    *|
          yh |        12           1          11     |
-----------------------------------------------------+
* = FE nested within cluster; treated as redundant for DoF computation
→ Spec 8: rent_gap
(MWFE estimator converged in 4 iterations)

HDFE Linear regression                            Number of obs   =     38,763
Absorbing 2 HDFE groups                           F(   7,   3236) =      11.94
Statistics robust to heteroskedasticity           Prob > F        =     0.0000
                                                  R-squared       =     0.3502
                                                  Adj R-squared   =     0.2906
                                                  Within R-sq.    =     0.0060
Number of clusters (firm_id) =      3,237         Root MSE        =     0.1863

                            (Std. err. adjusted for 3,237 clusters in firm_id)
------------------------------------------------------------------------------
             |               Robust
growth_rat~e | Coefficient  std. err.      t    P>|t|     [95% conf. interval]
-------------+----------------------------------------------------------------
        var3 |   -.003073   .0044369    -0.69   0.489    -.0117724    .0056264
        var5 |   .0482913   .0176801     2.73   0.006      .013626    .0829566
        var4 |  -.1208617   .0261397    -4.62   0.000    -.1721136   -.0696097
        var8 |  -.0002405   .0001286    -1.87   0.062    -.0004926    .0000117
        var9 |   .0003038   .0003517     0.86   0.388    -.0003857    .0009933
       var17 |   1.60e-07   7.30e-08     2.20   0.028     1.72e-08    3.04e-07
       var18 |   2.59e-07   2.46e-07     1.05   0.292    -2.23e-07    7.42e-07
       _cons |   .1028853   .0027114    37.95   0.000     .0975691    .1082015
------------------------------------------------------------------------------

Absorbed degrees of freedom:
-----------------------------------------------------+
 Absorbed FE | Categories  - Redundant  = Num. Coefs |
-------------+---------------------------------------|
     firm_id |      3237        3237           0    *|
          yh |        12           1          11     |
-----------------------------------------------------+
* = FE nested within cluster; treated as redundant for DoF computation
(MWFE estimator converged in 4 iterations)

Stored estimation results
-------------------------
---------------------------------------------------------------------------
             |           Dependent  Number of        
        Name | Command    variable     param.  Title 
-------------+-------------------------------------------------------------
_ivreg2_var3 | ivreg2         var3          7  First-stage regression: var3
_ivreg2_var5 | ivreg2         var5          7  First-stage regression: var5
---------------------------------------------------------------------------

IV (2SLS) estimation
--------------------

Estimates efficient for homoskedasticity only
Statistics robust to heteroskedasticity and clustering on firm_id

Number of clusters (firm_id) =    3237                Number of obs =    38763
                                                      F(  7,  3236) =    11.17
                                                      Prob > F      =   0.0000
Total (centered) SS     =  1239.657071                Centered R2   =  -0.0033
Total (uncentered) SS   =  1239.657071                Uncentered R2 =  -0.0033
Residual SS             =  1243.776556                Root MSE      =    .1792

------------------------------------------------------------------------------
             |               Robust
growth_rat~e | Coefficient  std. err.      t    P>|t|     [95% conf. interval]
-------------+----------------------------------------------------------------
        var3 |    .016955   .0112324     1.51   0.131    -.0050683    .0389784
        var5 |   .1893736   .1067214     1.77   0.076    -.0198747    .3986219
        var4 |  -.2204838    .070332    -3.13   0.002    -.3583837    -.082584
        var8 |  -.0003251   .0001398    -2.32   0.020    -.0005993   -.0000509
        var9 |   .0001997   .0003927     0.51   0.611    -.0005702    .0009696
       var17 |   1.54e-07   7.25e-08     2.13   0.034     1.20e-08    2.96e-07
       var18 |   8.32e-08   2.95e-07     0.28   0.778    -4.95e-07    6.62e-07
------------------------------------------------------------------------------
Underidentification test (Kleibergen-Paap rk LM statistic):             18.258
                                                   Chi-sq(1) P-val =    0.0000
------------------------------------------------------------------------------
Weak identification test (Cragg-Donald Wald F statistic):              628.567
                         (Kleibergen-Paap rk Wald F statistic):         10.778
Stock-Yogo weak ID test critical values: 10% maximal IV size              7.03
                                         15% maximal IV size              4.58
                                         20% maximal IV size              3.95
                                         25% maximal IV size              3.63
Source: Stock-Yogo (2005).  Reproduced by permission.
NB: Critical values are for Cragg-Donald F statistic and i.i.d. errors.
------------------------------------------------------------------------------
Hansen J statistic (overidentification test of all instruments):         0.000
                                                 (equation exactly identified)
------------------------------------------------------------------------------
Instrumented:         var3 var5
Included instruments: var4 var8 var9 var17 var18
Excluded instruments: var6 var7
Partialled-out:       _cons
                      nb: total SS, model F and R2s are after partialling-out;
                          any small-sample adjustments include partialled-out
                          variables in regressor count K
------------------------------------------------------------------------------

Absorbed degrees of freedom:
-----------------------------------------------------+
 Absorbed FE | Categories  - Redundant  = Num. Coefs |
-------------+---------------------------------------|
     firm_id |      3237        3237           0    *|
          yh |        12           1          11     |
-----------------------------------------------------+
* = FE nested within cluster; treated as redundant for DoF computation
→ Spec 9: hhi_seniority
(MWFE estimator converged in 4 iterations)

HDFE Linear regression                            Number of obs   =     41,946
Absorbing 2 HDFE groups                           F(   7,   3501) =      25.61
Statistics robust to heteroskedasticity           Prob > F        =     0.0000
                                                  R-squared       =     0.3535
                                                  Adj R-squared   =     0.2943
                                                  Within R-sq.    =     0.0138
Number of clusters (firm_id) =      3,502         Root MSE        =     0.1842

                            (Std. err. adjusted for 3,502 clusters in firm_id)
------------------------------------------------------------------------------
             |               Robust
growth_rat~e | Coefficient  std. err.      t    P>|t|     [95% conf. interval]
-------------+----------------------------------------------------------------
        var3 |  -.0068992   .0042793    -1.61   0.107    -.0152893    .0014909
        var5 |   .0568405   .0167486     3.39   0.001     .0240025    .0896785
        var4 |   -.127256   .0280391    -4.54   0.000    -.1822306   -.0722815
       var11 |   8.14e-06   2.53e-06     3.21   0.001     3.17e-06    .0000131
       var12 |   .0000222   6.19e-06     3.59   0.000     .0000101    .0000343
       var14 |  -.0187135   .0114438    -1.64   0.102    -.0411507    .0037236
       var15 |  -.0105898   .0219552    -0.48   0.630    -.0536361    .0324564
       _cons |   .1054387   .0049918    21.12   0.000     .0956514    .1152259
------------------------------------------------------------------------------

Absorbed degrees of freedom:
-----------------------------------------------------+
 Absorbed FE | Categories  - Redundant  = Num. Coefs |
-------------+---------------------------------------|
     firm_id |      3502        3502           0    *|
          yh |        12           1          11     |
-----------------------------------------------------+
* = FE nested within cluster; treated as redundant for DoF computation
(MWFE estimator converged in 4 iterations)

Stored estimation results
-------------------------
---------------------------------------------------------------------------
             |           Dependent  Number of        
        Name | Command    variable     param.  Title 
-------------+-------------------------------------------------------------
_ivreg2_var3 | ivreg2         var3          7  First-stage regression: var3
_ivreg2_var5 | ivreg2         var5          7  First-stage regression: var5
---------------------------------------------------------------------------

IV (2SLS) estimation
--------------------

Estimates efficient for homoskedasticity only
Statistics robust to heteroskedasticity and clustering on firm_id

Number of clusters (firm_id) =    3502                Number of obs =    41946
                                                      F(  7,  3501) =    23.48
                                                      Prob > F      =   0.0000
Total (centered) SS     =  1321.526286                Centered R2   =   0.0115
Total (uncentered) SS   =  1321.526286                Uncentered R2 =   0.0115
Residual SS             =    1306.3573                Root MSE      =    .1765

------------------------------------------------------------------------------
             |               Robust
growth_rat~e | Coefficient  std. err.      t    P>|t|     [95% conf. interval]
-------------+----------------------------------------------------------------
        var3 |   .0118095   .0103929     1.14   0.256    -.0085671    .0321862
        var5 |   .1116946   .0889164     1.26   0.209    -.0626386    .2860278
        var4 |  -.1774894   .0800537    -2.22   0.027    -.3344462   -.0205327
       var11 |   8.26e-06   2.53e-06     3.26   0.001     3.29e-06    .0000132
       var12 |   .0000228   6.28e-06     3.64   0.000     .0000105    .0000351
       var14 |  -.0142517   .0115946    -1.23   0.219    -.0369845    .0084812
       var15 |  -.0094212   .0235206    -0.40   0.689    -.0555367    .0366943
------------------------------------------------------------------------------
Underidentification test (Kleibergen-Paap rk LM statistic):             21.100
                                                   Chi-sq(1) P-val =    0.0000
------------------------------------------------------------------------------
Weak identification test (Cragg-Donald Wald F statistic):              765.470
                         (Kleibergen-Paap rk Wald F statistic):         12.743
Stock-Yogo weak ID test critical values: 10% maximal IV size              7.03
                                         15% maximal IV size              4.58
                                         20% maximal IV size              3.95
                                         25% maximal IV size              3.63
Source: Stock-Yogo (2005).  Reproduced by permission.
NB: Critical values are for Cragg-Donald F statistic and i.i.d. errors.
------------------------------------------------------------------------------
Hansen J statistic (overidentification test of all instruments):         0.000
                                                 (equation exactly identified)
------------------------------------------------------------------------------
Instrumented:         var3 var5
Included instruments: var4 var11 var12 var14 var15
Excluded instruments: var6 var7
Partialled-out:       _cons
                      nb: total SS, model F and R2s are after partialling-out;
                          any small-sample adjustments include partialled-out
                          variables in regressor count K
------------------------------------------------------------------------------

Absorbed degrees of freedom:
-----------------------------------------------------+
 Absorbed FE | Categories  - Redundant  = Num. Coefs |
-------------+---------------------------------------|
     firm_id |      3502        3502           0    *|
          yh |        12           1          11     |
-----------------------------------------------------+
* = FE nested within cluster; treated as redundant for DoF computation
→ Spec 10: hhi_gap
(MWFE estimator converged in 4 iterations)

HDFE Linear regression                            Number of obs   =     41,920
Absorbing 2 HDFE groups                           F(   7,   3497) =      27.78
Statistics robust to heteroskedasticity           Prob > F        =     0.0000
                                                  R-squared       =     0.3539
                                                  Adj R-squared   =     0.2948
                                                  Within R-sq.    =     0.0140
Number of clusters (firm_id) =      3,498         Root MSE        =     0.1840

                            (Std. err. adjusted for 3,498 clusters in firm_id)
------------------------------------------------------------------------------
             |               Robust
growth_rat~e | Coefficient  std. err.      t    P>|t|     [95% conf. interval]
-------------+----------------------------------------------------------------
        var3 |  -.0060482   .0042919    -1.41   0.159    -.0144631    .0023666
        var5 |   .0557207   .0167345     3.33   0.001     .0229103    .0885312
        var4 |  -.1539685   .0194798    -7.90   0.000    -.1921614   -.1157755
       var11 |   .0000102   2.35e-06     4.33   0.000     5.59e-06    .0000148
       var12 |   .0000241   5.43e-06     4.44   0.000     .0000134    .0000348
       var17 |   1.47e-07   6.99e-08     2.10   0.036     9.89e-09    2.84e-07
       var18 |   2.99e-07   2.18e-07     1.37   0.170    -1.29e-07    7.27e-07
       _cons |   .0940821   .0020125    46.75   0.000     .0901363    .0980278
------------------------------------------------------------------------------

Absorbed degrees of freedom:
-----------------------------------------------------+
 Absorbed FE | Categories  - Redundant  = Num. Coefs |
-------------+---------------------------------------|
     firm_id |      3498        3498           0    *|
          yh |        12           1          11     |
-----------------------------------------------------+
* = FE nested within cluster; treated as redundant for DoF computation
(MWFE estimator converged in 4 iterations)

Stored estimation results
-------------------------
---------------------------------------------------------------------------
             |           Dependent  Number of        
        Name | Command    variable     param.  Title 
-------------+-------------------------------------------------------------
_ivreg2_var3 | ivreg2         var3          7  First-stage regression: var3
_ivreg2_var5 | ivreg2         var5          7  First-stage regression: var5
---------------------------------------------------------------------------

IV (2SLS) estimation
--------------------

Estimates efficient for homoskedasticity only
Statistics robust to heteroskedasticity and clustering on firm_id

Number of clusters (firm_id) =    3498                Number of obs =    41920
                                                      F(  7,  3497) =    25.51
                                                      Prob > F      =   0.0000
Total (centered) SS     =  1318.757585                Centered R2   =   0.0111
Total (uncentered) SS   =  1318.757585                Uncentered R2 =   0.0111
Residual SS             =  1304.178904                Root MSE      =    .1764

------------------------------------------------------------------------------
             |               Robust
growth_rat~e | Coefficient  std. err.      t    P>|t|     [95% conf. interval]
-------------+----------------------------------------------------------------
        var3 |   .0116384   .0102723     1.13   0.257    -.0085019    .0317787
        var5 |   .1236481    .085786     1.44   0.150    -.0445475    .2918437
        var4 |  -.2098577    .063644    -3.30   0.001    -.3346409   -.0850745
       var11 |   9.87e-06   2.35e-06     4.21   0.000     5.27e-06    .0000145
       var12 |   .0000244   5.36e-06     4.55   0.000     .0000139    .0000349
       var17 |   1.37e-07   6.93e-08     1.97   0.049     8.31e-10    2.73e-07
       var18 |   2.46e-07   2.31e-07     1.06   0.288    -2.08e-07    6.99e-07
------------------------------------------------------------------------------
Underidentification test (Kleibergen-Paap rk LM statistic):             22.274
                                                   Chi-sq(1) P-val =    0.0000
------------------------------------------------------------------------------
Weak identification test (Cragg-Donald Wald F statistic):              818.733
                         (Kleibergen-Paap rk Wald F statistic):         13.403
Stock-Yogo weak ID test critical values: 10% maximal IV size              7.03
                                         15% maximal IV size              4.58
                                         20% maximal IV size              3.95
                                         25% maximal IV size              3.63
Source: Stock-Yogo (2005).  Reproduced by permission.
NB: Critical values are for Cragg-Donald F statistic and i.i.d. errors.
------------------------------------------------------------------------------
Hansen J statistic (overidentification test of all instruments):         0.000
                                                 (equation exactly identified)
------------------------------------------------------------------------------
Instrumented:         var3 var5
Included instruments: var4 var11 var12 var17 var18
Excluded instruments: var6 var7
Partialled-out:       _cons
                      nb: total SS, model F and R2s are after partialling-out;
                          any small-sample adjustments include partialled-out
                          variables in regressor count K
------------------------------------------------------------------------------

Absorbed degrees of freedom:
-----------------------------------------------------+
 Absorbed FE | Categories  - Redundant  = Num. Coefs |
-------------+---------------------------------------|
     firm_id |      3498        3498           0    *|
          yh |        12           1          11     |
-----------------------------------------------------+
* = FE nested within cluster; treated as redundant for DoF computation
→ Spec 11: seniority_gap
(MWFE estimator converged in 4 iterations)

HDFE Linear regression                            Number of obs   =     41,943
Absorbing 2 HDFE groups                           F(   7,   3501) =      21.78
Statistics robust to heteroskedasticity           Prob > F        =     0.0000
                                                  R-squared       =     0.3520
                                                  Adj R-squared   =     0.2926
                                                  Within R-sq.    =     0.0097
Number of clusters (firm_id) =      3,502         Root MSE        =     0.1847

                            (Std. err. adjusted for 3,502 clusters in firm_id)
------------------------------------------------------------------------------
             |               Robust
growth_rat~e | Coefficient  std. err.      t    P>|t|     [95% conf. interval]
-------------+----------------------------------------------------------------
        var3 |  -.0075706   .0042763    -1.77   0.077     -.015955    .0008137
        var5 |    .051983   .0167515     3.10   0.002     .0191394    .0848267
        var4 |  -.0700185   .0278489    -2.51   0.012    -.1246203   -.0154168
       var17 |   1.56e-07   7.08e-08     2.20   0.028     1.73e-08    2.95e-07
       var18 |   2.09e-07   2.27e-07     0.92   0.357    -2.35e-07    6.53e-07
       var14 |  -.0377751   .0109489    -3.45   0.001    -.0592419   -.0163082
       var15 |  -.0566083   .0209221    -2.71   0.007    -.0976291   -.0155876
       _cons |   .1127936   .0044499    25.35   0.000     .1040689    .1215183
------------------------------------------------------------------------------

Absorbed degrees of freedom:
-----------------------------------------------------+
 Absorbed FE | Categories  - Redundant  = Num. Coefs |
-------------+---------------------------------------|
     firm_id |      3502        3502           0    *|
          yh |        12           1          11     |
-----------------------------------------------------+
* = FE nested within cluster; treated as redundant for DoF computation
(MWFE estimator converged in 4 iterations)

Stored estimation results
-------------------------
---------------------------------------------------------------------------
             |           Dependent  Number of        
        Name | Command    variable     param.  Title 
-------------+-------------------------------------------------------------
_ivreg2_var3 | ivreg2         var3          7  First-stage regression: var3
_ivreg2_var5 | ivreg2         var5          7  First-stage regression: var5
---------------------------------------------------------------------------

IV (2SLS) estimation
--------------------

Estimates efficient for homoskedasticity only
Statistics robust to heteroskedasticity and clustering on firm_id

Number of clusters (firm_id) =    3502                Number of obs =    41943
                                                      F(  7,  3501) =    19.89
                                                      Prob > F      =   0.0000
Total (centered) SS     =  1323.007202                Centered R2   =   0.0074
Total (uncentered) SS   =  1323.007202                Uncentered R2 =   0.0074
Residual SS             =  1313.191755                Root MSE      =     .177

------------------------------------------------------------------------------
             |               Robust
growth_rat~e | Coefficient  std. err.      t    P>|t|     [95% conf. interval]
-------------+----------------------------------------------------------------
        var3 |   .0003145   .0107352     0.03   0.977    -.0207334    .0213625
        var5 |   .1243581   .0887083     1.40   0.161    -.0495672    .2982834
        var4 |  -.1270923   .0697982    -1.82   0.069    -.2639416     .009757
       var17 |   1.51e-07   7.05e-08     2.13   0.033     1.22e-08    2.89e-07
       var18 |   1.56e-07   2.43e-07     0.64   0.521    -3.21e-07    6.33e-07
       var14 |  -.0359653    .011244    -3.20   0.001    -.0580107   -.0139199
       var15 |  -.0541285   .0215991    -2.51   0.012    -.0964766   -.0117803
------------------------------------------------------------------------------
Underidentification test (Kleibergen-Paap rk LM statistic):             20.893
                                                   Chi-sq(1) P-val =    0.0000
------------------------------------------------------------------------------
Weak identification test (Cragg-Donald Wald F statistic):              760.842
                         (Kleibergen-Paap rk Wald F statistic):         12.653
Stock-Yogo weak ID test critical values: 10% maximal IV size              7.03
                                         15% maximal IV size              4.58
                                         20% maximal IV size              3.95
                                         25% maximal IV size              3.63
Source: Stock-Yogo (2005).  Reproduced by permission.
NB: Critical values are for Cragg-Donald F statistic and i.i.d. errors.
------------------------------------------------------------------------------
Hansen J statistic (overidentification test of all instruments):         0.000
                                                 (equation exactly identified)
------------------------------------------------------------------------------
Instrumented:         var3 var5
Included instruments: var4 var17 var18 var14 var15
Excluded instruments: var6 var7
Partialled-out:       _cons
                      nb: total SS, model F and R2s are after partialling-out;
                          any small-sample adjustments include partialled-out
                          variables in regressor count K
------------------------------------------------------------------------------

Absorbed degrees of freedom:
-----------------------------------------------------+
 Absorbed FE | Categories  - Redundant  = Num. Coefs |
-------------+---------------------------------------|
     firm_id |      3502        3502           0    *|
          yh |        12           1          11     |
-----------------------------------------------------+
* = FE nested within cluster; treated as redundant for DoF computation
→ Spec 12: rent_hhi_seniority
(MWFE estimator converged in 4 iterations)

HDFE Linear regression                            Number of obs   =     38,760
Absorbing 2 HDFE groups                           F(   9,   3235) =      19.42
Statistics robust to heteroskedasticity           Prob > F        =     0.0000
                                                  R-squared       =     0.3546
                                                  Adj R-squared   =     0.2955
                                                  Within R-sq.    =     0.0139
Number of clusters (firm_id) =      3,236         Root MSE        =     0.1853

                            (Std. err. adjusted for 3,236 clusters in firm_id)
------------------------------------------------------------------------------
             |               Robust
growth_rat~e | Coefficient  std. err.      t    P>|t|     [95% conf. interval]
-------------+----------------------------------------------------------------
        var3 |  -.0055232   .0043815    -1.26   0.208     -.014114    .0030676
        var5 |   .0515927   .0171914     3.00   0.003     .0178856    .0852999
        var4 |   -.155761   .0330352    -4.72   0.000     -.220533   -.0909891
        var8 |  -.0002108    .000128    -1.65   0.100    -.0004617    .0000401
        var9 |   .0005813   .0003456     1.68   0.093    -.0000963     .001259
       var11 |   5.48e-06   2.22e-06     2.47   0.014     1.13e-06    9.82e-06
       var12 |   .0000251   6.13e-06     4.10   0.000     .0000131    .0000371
       var14 |  -.0233101   .0121626    -1.92   0.055    -.0471573    .0005371
       var15 |  -.0079177    .022801    -0.35   0.728    -.0526236    .0367883
       _cons |   .1128978   .0055863    20.21   0.000     .1019447    .1238508
------------------------------------------------------------------------------

Absorbed degrees of freedom:
-----------------------------------------------------+
 Absorbed FE | Categories  - Redundant  = Num. Coefs |
-------------+---------------------------------------|
     firm_id |      3236        3236           0    *|
          yh |        12           1          11     |
-----------------------------------------------------+
* = FE nested within cluster; treated as redundant for DoF computation
(MWFE estimator converged in 4 iterations)

Stored estimation results
-------------------------
---------------------------------------------------------------------------
             |           Dependent  Number of        
        Name | Command    variable     param.  Title 
-------------+-------------------------------------------------------------
_ivreg2_var3 | ivreg2         var3          9  First-stage regression: var3
_ivreg2_var5 | ivreg2         var5          9  First-stage regression: var5
---------------------------------------------------------------------------

IV (2SLS) estimation
--------------------

Estimates efficient for homoskedasticity only
Statistics robust to heteroskedasticity and clustering on firm_id

Number of clusters (firm_id) =    3236                Number of obs =    38760
                                                      F(  9,  3235) =    18.36
                                                      Prob > F      =   0.0000
Total (centered) SS     =  1235.606592                Centered R2   =   0.0114
Total (uncentered) SS   =  1235.606592                Uncentered R2 =   0.0114
Residual SS             =  1221.521656                Root MSE      =    .1776

------------------------------------------------------------------------------
             |               Robust
growth_rat~e | Coefficient  std. err.      t    P>|t|     [95% conf. interval]
-------------+----------------------------------------------------------------
        var3 |   .0212297   .0111472     1.90   0.057    -.0006266    .0430859
        var5 |    .091975   .1000733     0.92   0.358    -.1042385    .2881884
        var4 |  -.1958762   .0852738    -2.30   0.022    -.3630723     -.02868
        var8 |  -.0003227   .0001392    -2.32   0.021    -.0005957   -.0000498
        var9 |   .0006159   .0003729     1.65   0.099    -.0001152     .001347
       var11 |   5.54e-06   2.24e-06     2.48   0.013     1.15e-06    9.93e-06
       var12 |   .0000256   6.22e-06     4.12   0.000     .0000135    .0000378
       var14 |  -.0168973   .0124117    -1.36   0.173    -.0412328    .0074383
       var15 |   -.009232   .0246691    -0.37   0.708    -.0576007    .0391367
------------------------------------------------------------------------------
Underidentification test (Kleibergen-Paap rk LM statistic):             17.498
                                                   Chi-sq(1) P-val =    0.0000
------------------------------------------------------------------------------
Weak identification test (Cragg-Donald Wald F statistic):              597.072
                         (Kleibergen-Paap rk Wald F statistic):         10.373
Stock-Yogo weak ID test critical values: 10% maximal IV size              7.03
                                         15% maximal IV size              4.58
                                         20% maximal IV size              3.95
                                         25% maximal IV size              3.63
Source: Stock-Yogo (2005).  Reproduced by permission.
NB: Critical values are for Cragg-Donald F statistic and i.i.d. errors.
------------------------------------------------------------------------------
Hansen J statistic (overidentification test of all instruments):         0.000
                                                 (equation exactly identified)
------------------------------------------------------------------------------
Instrumented:         var3 var5
Included instruments: var4 var8 var9 var11 var12 var14 var15
Excluded instruments: var6 var7
Partialled-out:       _cons
                      nb: total SS, model F and R2s are after partialling-out;
                          any small-sample adjustments include partialled-out
                          variables in regressor count K
------------------------------------------------------------------------------

Absorbed degrees of freedom:
-----------------------------------------------------+
 Absorbed FE | Categories  - Redundant  = Num. Coefs |
-------------+---------------------------------------|
     firm_id |      3236        3236           0    *|
          yh |        12           1          11     |
-----------------------------------------------------+
* = FE nested within cluster; treated as redundant for DoF computation
→ Spec 13: rent_hhi_gap
(MWFE estimator converged in 4 iterations)

HDFE Linear regression                            Number of obs   =     38,740
Absorbing 2 HDFE groups                           F(   9,   3232) =      21.05
Statistics robust to heteroskedasticity           Prob > F        =     0.0000
                                                  R-squared       =     0.3546
                                                  Adj R-squared   =     0.2954
                                                  Within R-sq.    =     0.0141
Number of clusters (firm_id) =      3,233         Root MSE        =     0.1853

                            (Std. err. adjusted for 3,233 clusters in firm_id)
------------------------------------------------------------------------------
             |               Robust
growth_rat~e | Coefficient  std. err.      t    P>|t|     [95% conf. interval]
-------------+----------------------------------------------------------------
        var3 |  -.0042525   .0044031    -0.97   0.334    -.0128857    .0043807
        var5 |   .0486527   .0172356     2.82   0.005     .0148589    .0824464
        var4 |  -.1822935   .0258158    -7.06   0.000    -.2329105   -.1316765
        var8 |  -.0002185   .0001283    -1.70   0.089    -.0004699     .000033
        var9 |   .0006052   .0003443     1.76   0.079    -.0000699    .0012804
       var11 |   7.93e-06   2.06e-06     3.85   0.000     3.89e-06     .000012
       var12 |    .000027   5.40e-06     4.99   0.000     .0000164    .0000375
       var17 |   1.70e-07   7.34e-08     2.32   0.021     2.62e-08    3.14e-07
       var18 |   3.42e-07   2.25e-07     1.52   0.129    -1.00e-07    7.84e-07
       _cons |   .0991627    .002834    34.99   0.000     .0936061    .1047192
------------------------------------------------------------------------------

Absorbed degrees of freedom:
-----------------------------------------------------+
 Absorbed FE | Categories  - Redundant  = Num. Coefs |
-------------+---------------------------------------|
     firm_id |      3233        3233           0    *|
          yh |        12           1          11     |
-----------------------------------------------------+
* = FE nested within cluster; treated as redundant for DoF computation
(MWFE estimator converged in 4 iterations)

Stored estimation results
-------------------------
---------------------------------------------------------------------------
             |           Dependent  Number of        
        Name | Command    variable     param.  Title 
-------------+-------------------------------------------------------------
_ivreg2_var3 | ivreg2         var3          9  First-stage regression: var3
_ivreg2_var5 | ivreg2         var5          9  First-stage regression: var5
---------------------------------------------------------------------------

IV (2SLS) estimation
--------------------

Estimates efficient for homoskedasticity only
Statistics robust to heteroskedasticity and clustering on firm_id

Number of clusters (firm_id) =    3233                Number of obs =    38740
                                                      F(  9,  3232) =    19.94
                                                      Prob > F      =   0.0000
Total (centered) SS     =  1235.404115                Centered R2   =   0.0110
Total (uncentered) SS   =  1235.404115                Uncentered R2 =   0.0110
Residual SS             =  1221.791666                Root MSE      =    .1776

------------------------------------------------------------------------------
             |               Robust
growth_rat~e | Coefficient  std. err.      t    P>|t|     [95% conf. interval]
-------------+----------------------------------------------------------------
        var3 |   .0219652   .0109846     2.00   0.046     .0004277    .0435027
        var5 |   .1023071   .0971555     1.05   0.292    -.0881856    .2927997
        var4 |  -.2283346   .0660456    -3.46   0.001    -.3578302   -.0988391
        var8 |  -.0003305   .0001395    -2.37   0.018    -.0006041    -.000057
        var9 |   .0006233   .0003724     1.67   0.094    -.0001068    .0013534
       var11 |   7.34e-06   2.06e-06     3.57   0.000     3.31e-06    .0000114
       var12 |   .0000274   5.33e-06     5.15   0.000      .000017    .0000379
       var17 |   1.61e-07   7.28e-08     2.21   0.027     1.84e-08    3.04e-07
       var18 |   2.60e-07   2.57e-07     1.01   0.313    -2.45e-07    7.65e-07
------------------------------------------------------------------------------
Underidentification test (Kleibergen-Paap rk LM statistic):             18.149
                                                   Chi-sq(1) P-val =    0.0000
------------------------------------------------------------------------------
Weak identification test (Cragg-Donald Wald F statistic):              630.592
                         (Kleibergen-Paap rk Wald F statistic):         10.688
Stock-Yogo weak ID test critical values: 10% maximal IV size              7.03
                                         15% maximal IV size              4.58
                                         20% maximal IV size              3.95
                                         25% maximal IV size              3.63
Source: Stock-Yogo (2005).  Reproduced by permission.
NB: Critical values are for Cragg-Donald F statistic and i.i.d. errors.
------------------------------------------------------------------------------
Hansen J statistic (overidentification test of all instruments):         0.000
                                                 (equation exactly identified)
------------------------------------------------------------------------------
Instrumented:         var3 var5
Included instruments: var4 var8 var9 var11 var12 var17 var18
Excluded instruments: var6 var7
Partialled-out:       _cons
                      nb: total SS, model F and R2s are after partialling-out;
                          any small-sample adjustments include partialled-out
                          variables in regressor count K
------------------------------------------------------------------------------

Absorbed degrees of freedom:
-----------------------------------------------------+
 Absorbed FE | Categories  - Redundant  = Num. Coefs |
-------------+---------------------------------------|
     firm_id |      3233        3233           0    *|
          yh |        12           1          11     |
-----------------------------------------------------+
* = FE nested within cluster; treated as redundant for DoF computation
→ Spec 14: rent_seniority_gap
(MWFE estimator converged in 4 iterations)

HDFE Linear regression                            Number of obs   =     38,763
Absorbing 2 HDFE groups                           F(   9,   3236) =      16.83
Statistics robust to heteroskedasticity           Prob > F        =     0.0000
                                                  R-squared       =     0.3527
                                                  Adj R-squared   =     0.2934
                                                  Within R-sq.    =     0.0099
Number of clusters (firm_id) =      3,237         Root MSE        =     0.1859

                            (Std. err. adjusted for 3,237 clusters in firm_id)
------------------------------------------------------------------------------
             |               Robust
growth_rat~e | Coefficient  std. err.      t    P>|t|     [95% conf. interval]
-------------+----------------------------------------------------------------
        var3 |  -.0059006   .0043717    -1.35   0.177    -.0144723     .002671
        var5 |   .0454964   .0172582     2.64   0.008     .0116583    .0793344
        var4 |  -.0873018   .0307695    -2.84   0.005    -.1476314   -.0269721
        var8 |  -.0002397   .0001278    -1.88   0.061    -.0004902    .0000109
        var9 |   .0005527   .0003504     1.58   0.115    -.0001343    .0012398
       var14 |  -.0358614   .0112405    -3.19   0.001    -.0579007   -.0138221
       var15 |   -.061471   .0217479    -2.83   0.005     -.104112   -.0188301
       var17 |   1.84e-07   7.40e-08     2.49   0.013     3.94e-08    3.29e-07
       var18 |   2.25e-07   2.36e-07     0.95   0.340    -2.37e-07    6.87e-07
       _cons |   .1164882   .0048206    24.16   0.000     .1070364      .12594
------------------------------------------------------------------------------

Absorbed degrees of freedom:
-----------------------------------------------------+
 Absorbed FE | Categories  - Redundant  = Num. Coefs |
-------------+---------------------------------------|
     firm_id |      3237        3237           0    *|
          yh |        12           1          11     |
-----------------------------------------------------+
* = FE nested within cluster; treated as redundant for DoF computation
(MWFE estimator converged in 4 iterations)

Stored estimation results
-------------------------
---------------------------------------------------------------------------
             |           Dependent  Number of        
        Name | Command    variable     param.  Title 
-------------+-------------------------------------------------------------
_ivreg2_var3 | ivreg2         var3          9  First-stage regression: var3
_ivreg2_var5 | ivreg2         var5          9  First-stage regression: var5
---------------------------------------------------------------------------

IV (2SLS) estimation
--------------------

Estimates efficient for homoskedasticity only
Statistics robust to heteroskedasticity and clustering on firm_id

Number of clusters (firm_id) =    3237                Number of obs =    38763
                                                      F(  9,  3236) =    15.89
                                                      Prob > F      =   0.0000
Total (centered) SS     =  1239.657071                Centered R2   =   0.0076
Total (uncentered) SS   =  1239.657071                Uncentered R2 =   0.0076
Residual SS             =  1230.207397                Root MSE      =    .1782

------------------------------------------------------------------------------
             |               Robust
growth_rat~e | Coefficient  std. err.      t    P>|t|     [95% conf. interval]
-------------+----------------------------------------------------------------
        var3 |   .0123062   .0112813     1.09   0.275     -.009813    .0344254
        var5 |   .1007166   .1018064     0.99   0.323    -.0988949    .3003281
        var4 |  -.1293595   .0717081    -1.80   0.071    -.2699574    .0112385
        var8 |  -.0003153   .0001386    -2.28   0.023    -.0005869   -.0000436
        var9 |   .0005322   .0003875     1.37   0.170    -.0002276    .0012919
       var14 |  -.0315283   .0115011    -2.74   0.006    -.0540784   -.0089781
       var15 |  -.0617447   .0226193    -2.73   0.006    -.1060943    -.017395
       var17 |   1.76e-07   7.36e-08     2.39   0.017     3.16e-08    3.20e-07
       var18 |   1.51e-07   2.75e-07     0.55   0.583    -3.88e-07    6.91e-07
------------------------------------------------------------------------------
Underidentification test (Kleibergen-Paap rk LM statistic):             16.987
                                                   Chi-sq(1) P-val =    0.0000
------------------------------------------------------------------------------
Weak identification test (Cragg-Donald Wald F statistic):              578.750
                         (Kleibergen-Paap rk Wald F statistic):         10.035
Stock-Yogo weak ID test critical values: 10% maximal IV size              7.03
                                         15% maximal IV size              4.58
                                         20% maximal IV size              3.95
                                         25% maximal IV size              3.63
Source: Stock-Yogo (2005).  Reproduced by permission.
NB: Critical values are for Cragg-Donald F statistic and i.i.d. errors.
------------------------------------------------------------------------------
Hansen J statistic (overidentification test of all instruments):         0.000
                                                 (equation exactly identified)
------------------------------------------------------------------------------
Instrumented:         var3 var5
Included instruments: var4 var8 var9 var14 var15 var17 var18
Excluded instruments: var6 var7
Partialled-out:       _cons
                      nb: total SS, model F and R2s are after partialling-out;
                          any small-sample adjustments include partialled-out
                          variables in regressor count K
------------------------------------------------------------------------------

Absorbed degrees of freedom:
-----------------------------------------------------+
 Absorbed FE | Categories  - Redundant  = Num. Coefs |
-------------+---------------------------------------|
     firm_id |      3237        3237           0    *|
          yh |        12           1          11     |
-----------------------------------------------------+
* = FE nested within cluster; treated as redundant for DoF computation
→ Spec 15: hhi_seniority_gap
(MWFE estimator converged in 4 iterations)

HDFE Linear regression                            Number of obs   =     41,920
Absorbing 2 HDFE groups                           F(   9,   3497) =      22.55
Statistics robust to heteroskedasticity           Prob > F        =     0.0000
                                                  R-squared       =     0.3541
                                                  Adj R-squared   =     0.2950
                                                  Within R-sq.    =     0.0143
Number of clusters (firm_id) =      3,498         Root MSE        =     0.1840

                            (Std. err. adjusted for 3,498 clusters in firm_id)
------------------------------------------------------------------------------
             |               Robust
growth_rat~e | Coefficient  std. err.      t    P>|t|     [95% conf. interval]
-------------+----------------------------------------------------------------
        var3 |  -.0072841   .0042644    -1.71   0.088     -.015645    .0010769
        var5 |   .0554194    .016757     3.31   0.001     .0225649    .0882739
        var4 |  -.1460929   .0302497    -4.83   0.000    -.2054018   -.0867839
       var11 |   8.17e-06   2.54e-06     3.22   0.001     3.19e-06    .0000131
       var12 |   .0000226   6.15e-06     3.68   0.000     .0000106    .0000347
       var14 |  -.0199315   .0115398    -1.73   0.084    -.0425569    .0026939
       var15 |  -.0078016   .0220093    -0.35   0.723    -.0509541    .0353508
       var17 |   1.58e-07   7.10e-08     2.23   0.026     1.91e-08    2.97e-07
       var18 |   2.75e-07   2.17e-07     1.27   0.205    -1.50e-07    7.00e-07
       _cons |   .1024228   .0048897    20.95   0.000      .092836    .1120097
------------------------------------------------------------------------------

Absorbed degrees of freedom:
-----------------------------------------------------+
 Absorbed FE | Categories  - Redundant  = Num. Coefs |
-------------+---------------------------------------|
     firm_id |      3498        3498           0    *|
          yh |        12           1          11     |
-----------------------------------------------------+
* = FE nested within cluster; treated as redundant for DoF computation
(MWFE estimator converged in 4 iterations)

Stored estimation results
-------------------------
---------------------------------------------------------------------------
             |           Dependent  Number of        
        Name | Command    variable     param.  Title 
-------------+-------------------------------------------------------------
_ivreg2_var3 | ivreg2         var3          9  First-stage regression: var3
_ivreg2_var5 | ivreg2         var5          9  First-stage regression: var5
---------------------------------------------------------------------------

IV (2SLS) estimation
--------------------

Estimates efficient for homoskedasticity only
Statistics robust to heteroskedasticity and clustering on firm_id

Number of clusters (firm_id) =    3498                Number of obs =    41920
                                                      F(  9,  3497) =    20.80
                                                      Prob > F      =   0.0000
Total (centered) SS     =  1318.757585                Centered R2   =   0.0121
Total (uncentered) SS   =  1318.757585                Uncentered R2 =   0.0121
Residual SS             =  1302.771163                Root MSE      =    .1763

------------------------------------------------------------------------------
             |               Robust
growth_rat~e | Coefficient  std. err.      t    P>|t|     [95% conf. interval]
-------------+----------------------------------------------------------------
        var3 |   .0087027   .0104585     0.83   0.405    -.0118027    .0292081
        var5 |    .113177   .0890025     1.27   0.204    -.0613252    .2876792
        var4 |  -.1953969   .0768745    -2.54   0.011    -.3461203   -.0446734
       var11 |   8.27e-06   2.54e-06     3.25   0.001     3.29e-06    .0000133
       var12 |   .0000232   6.24e-06     3.72   0.000      .000011    .0000354
       var14 |  -.0160384   .0117683    -1.36   0.173    -.0391118     .007035
       var15 |  -.0062551   .0235779    -0.27   0.791    -.0524829    .0399726
       var17 |   1.47e-07   7.08e-08     2.08   0.038     8.20e-09    2.86e-07
       var18 |   2.34e-07   2.30e-07     1.02   0.308    -2.16e-07    6.85e-07
------------------------------------------------------------------------------
Underidentification test (Kleibergen-Paap rk LM statistic):             20.966
                                                   Chi-sq(1) P-val =    0.0000
------------------------------------------------------------------------------
Weak identification test (Cragg-Donald Wald F statistic):              762.611
                         (Kleibergen-Paap rk Wald F statistic):         12.611
Stock-Yogo weak ID test critical values: 10% maximal IV size              7.03
                                         15% maximal IV size              4.58
                                         20% maximal IV size              3.95
                                         25% maximal IV size              3.63
Source: Stock-Yogo (2005).  Reproduced by permission.
NB: Critical values are for Cragg-Donald F statistic and i.i.d. errors.
------------------------------------------------------------------------------
Hansen J statistic (overidentification test of all instruments):         0.000
                                                 (equation exactly identified)
------------------------------------------------------------------------------
Instrumented:         var3 var5
Included instruments: var4 var11 var12 var14 var15 var17 var18
Excluded instruments: var6 var7
Partialled-out:       _cons
                      nb: total SS, model F and R2s are after partialling-out;
                          any small-sample adjustments include partialled-out
                          variables in regressor count K
------------------------------------------------------------------------------

Absorbed degrees of freedom:
-----------------------------------------------------+
 Absorbed FE | Categories  - Redundant  = Num. Coefs |
-------------+---------------------------------------|
     firm_id |      3498        3498           0    *|
          yh |        12           1          11     |
-----------------------------------------------------+
* = FE nested within cluster; treated as redundant for DoF computation
→ Spec 16: rent_hhi_seniority_gap
(MWFE estimator converged in 4 iterations)

HDFE Linear regression                            Number of obs   =     38,740
Absorbing 2 HDFE groups                           F(  11,   3232) =      18.09
Statistics robust to heteroskedasticity           Prob > F        =     0.0000
                                                  R-squared       =     0.3549
                                                  Adj R-squared   =     0.2957
                                                  Within R-sq.    =     0.0145
Number of clusters (firm_id) =      3,233         Root MSE        =     0.1852

                            (Std. err. adjusted for 3,233 clusters in firm_id)
------------------------------------------------------------------------------
             |               Robust
growth_rat~e | Coefficient  std. err.      t    P>|t|     [95% conf. interval]
-------------+----------------------------------------------------------------
        var3 |  -.0058291   .0043673    -1.33   0.182    -.0143921    .0027339
        var5 |   .0486083   .0172492     2.82   0.005     .0147878    .0824288
        var4 |  -.1798902   .0348601    -5.16   0.000    -.2482404   -.1115401
        var8 |  -.0002248   .0001278    -1.76   0.079    -.0004754    .0000259
        var9 |   .0006535   .0003436     1.90   0.057    -.0000202    .0013272
       var11 |   5.46e-06   2.22e-06     2.46   0.014     1.10e-06    9.82e-06
       var12 |   .0000258   6.08e-06     4.24   0.000     .0000138    .0000377
       var14 |    -.02465     .01226    -2.01   0.044    -.0486881   -.0006119
       var15 |  -.0048968   .0228644    -0.21   0.830    -.0497269    .0399334
       var17 |   1.84e-07   7.45e-08     2.47   0.014     3.77e-08    3.30e-07
       var18 |   3.16e-07   2.24e-07     1.41   0.159    -1.24e-07    7.55e-07
       _cons |   .1095806   .0055004    19.92   0.000     .0987961    .1203652
------------------------------------------------------------------------------

Absorbed degrees of freedom:
-----------------------------------------------------+
 Absorbed FE | Categories  - Redundant  = Num. Coefs |
-------------+---------------------------------------|
     firm_id |      3233        3233           0    *|
          yh |        12           1          11     |
-----------------------------------------------------+
* = FE nested within cluster; treated as redundant for DoF computation
(MWFE estimator converged in 4 iterations)

Stored estimation results
-------------------------
---------------------------------------------------------------------------
             |           Dependent  Number of        
        Name | Command    variable     param.  Title 
-------------+-------------------------------------------------------------
_ivreg2_var3 | ivreg2         var3         11  First-stage regression: var3
_ivreg2_var5 | ivreg2         var5         11  First-stage regression: var5
---------------------------------------------------------------------------

IV (2SLS) estimation
--------------------

Estimates efficient for homoskedasticity only
Statistics robust to heteroskedasticity and clustering on firm_id

Number of clusters (firm_id) =    3233                Number of obs =    38740
                                                      F( 11,  3232) =    17.20
                                                      Prob > F      =   0.0000
Total (centered) SS     =  1235.404115                Centered R2   =   0.0124
Total (uncentered) SS   =  1235.404115                Uncentered R2 =   0.0124
Residual SS             =  1220.062748                Root MSE      =    .1775

------------------------------------------------------------------------------
             |               Robust
growth_rat~e | Coefficient  std. err.      t    P>|t|     [95% conf. interval]
-------------+----------------------------------------------------------------
        var3 |    .017936   .0111921     1.60   0.109    -.0040083    .0398802
        var5 |   .0885832   .1015552     0.87   0.383     -.110536    .2877024
        var4 |  -.2143429   .0795872    -2.69   0.007    -.3703894   -.0582963
        var8 |  -.0003233   .0001389    -2.33   0.020    -.0005956    -.000051
        var9 |   .0006708   .0003761     1.78   0.075    -.0000666    .0014083
       var11 |   5.52e-06   2.24e-06     2.46   0.014     1.12e-06    9.91e-06
       var12 |   .0000262   6.16e-06     4.25   0.000     .0000141    .0000383
       var14 |  -.0188758   .0125772    -1.50   0.134     -.043536    .0057844
       var15 |  -.0061021   .0246929    -0.25   0.805    -.0545174    .0423132
       var17 |   1.72e-07   7.41e-08     2.33   0.020     2.71e-08    3.18e-07
       var18 |   2.57e-07   2.56e-07     1.00   0.317    -2.46e-07    7.59e-07
------------------------------------------------------------------------------
Underidentification test (Kleibergen-Paap rk LM statistic):             17.034
                                                   Chi-sq(1) P-val =    0.0000
------------------------------------------------------------------------------
Weak identification test (Cragg-Donald Wald F statistic):              580.865
                         (Kleibergen-Paap rk Wald F statistic):         10.008
Stock-Yogo weak ID test critical values: 10% maximal IV size              7.03
                                         15% maximal IV size              4.58
                                         20% maximal IV size              3.95
                                         25% maximal IV size              3.63
Source: Stock-Yogo (2005).  Reproduced by permission.
NB: Critical values are for Cragg-Donald F statistic and i.i.d. errors.
------------------------------------------------------------------------------
Hansen J statistic (overidentification test of all instruments):         0.000
                                                 (equation exactly identified)
------------------------------------------------------------------------------
Instrumented:         var3 var5
Included instruments: var4 var8 var9 var11 var12 var14 var15 var17 var18
Excluded instruments: var6 var7
Partialled-out:       _cons
                      nb: total SS, model F and R2s are after partialling-out;
                          any small-sample adjustments include partialled-out
                          variables in regressor count K
------------------------------------------------------------------------------

Absorbed degrees of freedom:
-----------------------------------------------------+
 Absorbed FE | Categories  - Redundant  = Num. Coefs |
-------------+---------------------------------------|
     firm_id |      3233        3233           0    *|
          yh |        12           1          11     |
-----------------------------------------------------+
* = FE nested within cluster; treated as redundant for DoF computation

. 
. 
. // 9) Close & export ---------------------------------------------------------
. 
. postclose handle

. use `out', clear

. export delimited using "`result_dir'/consolidated_results.csv", ///
>     replace delimiter(",") quote
(file ../results/raw/firm_mechanisms_lean_fullremote/consolidated_results.csv not found)
file ../results/raw/firm_mechanisms_lean_fullremote/consolidated_results.csv saved

. 
. di as result "→ CSV written to `result_dir'/consolidated_results.csv"
→ CSV written to ../results/raw/firm_mechanisms_lean_fullremote/consolidated_results.csv

. capture log close
