-----------------------------------------------------------------------------------------------------------------------------------------
      name:  <unnamed>
       log:  /Users/saul/Dropbox/Remote Work Startups/main/spec/log/firm_mechanisms.log
  log type:  text
 opened on:   1 Jun 2025, 14:58:07

. 
. 
. // 0) Globals + setup
. do "../src/globals.do"

. global raw_data "../data/raw"

. global processed_data  "../data/processed"

. global results "../results/raw"

. global clean_results "../results/cleaned"

. 
. 
. 
end of do-file

. local result_dir "$results/`specname'"

. capture mkdir "`result_dir'"

. 
. // 1) Load & prepare once
. use "$processed_data/firm_panel.dta", clear

. gen seniority_4 = !inrange(seniority_levels,1,3)

. 
. // interactions
. gen var8  = covid*rent
(3,186 missing values generated)

. gen var9  = covid*rent*remote
(3,186 missing values generated)

. gen var10 = teleworkable*covid*rent
(3,186 missing values generated)

. gen var11 = covid*hhi_1000
(34 missing values generated)

. gen var12 = covid*hhi_1000*remote
(34 missing values generated)

. gen var13 = teleworkable*covid*hhi_1000
(34 missing values generated)

. gen var14 = covid*seniority_4

. gen var15 = covid*seniority_4*remote

. gen var16 = teleworkable*covid*seniority_4

. 
. 
. // pick your mechanism here
. // local mech    sd_wage    // or: p90_p10_gap
. // local mech_label  sdw 
. 
. local mech    p90_p10_gap

. local mech_label  gap

. 
. 
. gen var17 = covid*`mech'
(37 missing values generated)

. gen var18 = covid*`mech'*remote
(37 missing values generated)

. gen var19 = teleworkable*covid*`mech'
(37 missing values generated)

. 
. 
. 
. capture postclose handle

. tempfile out

. postfile handle ///
>     str8   model_type  /// "OLS", "IV"
>     str244 spec        ///
>     str40  param       ///
>     double coef se pval pre_mean rkf nobs /// 
>     using `out', replace
(file /var/folders/hg/s3xm9w393gxby64_zklmhgbc0000gn/T//S_56802.000001 not found)

. 
. 
. 
. * ────────────────────────────────────────────────────────
. * 2) Redefine your specs list (16 total)
. * ────────────────────────────────────────────────────────
. 
. local specs ///
>   "baseline" ///
>   "rent" "hhi" "seniority" "`mech_label'" ///
>   "rent_hhi" "rent_seniority" "rent_`mech_label'" "hhi_seniority" "hhi_`mech_label'" "seniority_`mech_label'" ///
>   "rent_hhi_seniority" "rent_hhi_`mech_label'" "rent_seniority_`mech_label'" "hhi_seniority_`mech_label'" ///
>   "rent_hhi_seniority_`mech_label'"

. 
. 
. drop if missing(rent, hhi_1000, seniority_4, sd_wage, p90_p10_gap)
(3,544 observations deleted)

. 
. 
. * ────────────────────────────────────────────────────────
. * 3) Define spec_… locals for OLS exog, IV exog, instruments & endogenous
. *    (indices correspond to word positions in `specs`)
. * ────────────────────────────────────────────────────────
. 
. //  1) baseline
. local spec_ols_exog1  var4

. local spec_iv_exog1   var4

. local spec_instr1     var6 var7

. local spec_endo1      var3 var5

. 
. //  2) rent
. local spec_ols_exog2  var4 var8  var9

. local spec_iv_exog2   var4 var8

. local spec_instr2     var6 var7 var10

. local spec_endo2      var3 var5 var9

. 
. //  3) hhi
. local spec_ols_exog3  var4 var11 var12

. local spec_iv_exog3   var4 var11

. local spec_instr3     var6 var7 var13

. local spec_endo3      var3 var5 var12

. 
. //  4) seniority
. local spec_ols_exog4  var4 var14 var15

. local spec_iv_exog4   var4 var14

. local spec_instr4     var6 var7 var16

. local spec_endo4      var3 var5 var15

. 
. //  5) `mech'
. local spec_ols_exog5  var4 var17 var18

. local spec_iv_exog5   var4 var17

. local spec_instr5     var6 var7 var19

. local spec_endo5      var3 var5 var18

. 
. //  6) rent_hhi
. local spec_ols_exog6  var4 var8 var9 var11 var12

. local spec_iv_exog6   var4 var8 var11

. local spec_instr6     var6 var7 var10 var13

. local spec_endo6      var3 var5 var9 var12

. 
. //  7) rent_seniority
. local spec_ols_exog7  var4 var8 var9 var14 var15

. local spec_iv_exog7   var4 var8 var14

. local spec_instr7     var6 var7 var10 var16

. local spec_endo7      var3 var5 var9 var15

. 
. //  8) rent_`mech'
. local spec_ols_exog8  var4 var8 var9 var17 var18

. local spec_iv_exog8   var4 var8 var17

. local spec_instr8     var6 var7 var10 var19

. local spec_endo8      var3 var5 var9 var18

. 
. //  9) hhi_seniority
. local spec_ols_exog9  var4 var11 var12 var14 var15

. local spec_iv_exog9   var4 var11 var14

. local spec_instr9     var6 var7 var13 var16

. local spec_endo9      var3 var5 var12 var15

. 
. // 10) hhi_`mech'
. local spec_ols_exog10 var4 var11 var12 var17 var18

. local spec_iv_exog10  var4 var11 var17

. local spec_instr10    var6 var7 var13 var19

. local spec_endo10     var3 var5 var12 var18

. 
. // 11) `mech'_seniority
. local spec_ols_exog11 var4 var17 var18 var14 var15

. local spec_iv_exog11  var4 var17 var14

. local spec_instr11    var6 var7 var19 var16

. local spec_endo11     var3 var5 var18 var15

. 
. // 12) rent_hhi_seniority
. local spec_ols_exog12 var4 var8 var9 var11 var12 var14 var15

. local spec_iv_exog12  var4 var8 var11 var14

. local spec_instr12    var6 var7 var10 var13 var16

. local spec_endo12     var3 var5 var9 var12 var15

. 
. // 13) rent_hhi_`mech'
. local spec_ols_exog13 var4 var8 var9 var11 var12 var17 var18

. local spec_iv_exog13  var4 var8 var11 var17

. local spec_instr13    var6 var7 var10 var13 var19

. local spec_endo13     var3 var5 var9 var12 var18

. 
. // 14) rent_seniority_`mech'
. local spec_ols_exog14 var4 var8 var9 var14 var15 var17 var18

. local spec_iv_exog14  var4 var8 var14 var17

. local spec_instr14    var6 var7 var10 var16 var19

. local spec_endo14     var3 var5 var9 var15 var18

. 
. // 15) hhi_seniority_`mech'
. local spec_ols_exog15 var4 var11 var12 var14 var15 var17 var18

. local spec_iv_exog15  var4 var11 var14 var17

. local spec_instr15    var6 var7 var13 var16 var19

. local spec_endo15     var3 var5 var12 var15 var18

. 
. // 16) rent_hhi_seniority_`mech'
. local spec_ols_exog16 var4 var8 var9 var11 var12 var14 var15 var17 var18

. local spec_iv_exog16  var4 var8 var11 var14 var17

. local spec_instr16    var6 var7 var10 var13 var16 var19

. local spec_endo16     var3 var5 var9 var12 var15 var18

. 
. 
. 
. 
. * ─── SPEC 1: Baseline on the full sample ────────────────────────
. display as text "→ Spec 1: baseline (full sample)"
→ Spec 1: baseline (full sample)

. 
. summarize growth_rate_we if covid == 0, meanonly

. local pre_mean = r(mean)

. 
. // 1a) OLS
. reghdfe growth_rate_we var3 var5 var4, ///
>     absorb(firm_id yh) vce(cluster firm_id)
(MWFE estimator converged in 4 iterations)

HDFE Linear regression                            Number of obs   =     38,436
Absorbing 2 HDFE groups                           F(   3,   3206) =      25.89
Statistics robust to heteroskedasticity           Prob > F        =     0.0000
                                                  R-squared       =     0.3517
                                                  Adj R-squared   =     0.2925
                                                  Within R-sq.    =     0.0060
Number of clusters (firm_id) =      3,207         Root MSE        =     0.1849

                            (Std. err. adjusted for 3,207 clusters in firm_id)
------------------------------------------------------------------------------
             |               Robust
growth_rat~e | Coefficient  std. err.      t    P>|t|     [95% conf. interval]
-------------+----------------------------------------------------------------
        var3 |    .001143   .0048988     0.23   0.816    -.0084622    .0107481
        var5 |   .0702579   .0251245     2.80   0.005     .0209963    .1195195
        var4 |  -.1199826   .0224273    -5.35   0.000    -.1639559   -.0760093
       _cons |   .1023288   .0013003    78.69   0.000     .0997792    .1048783
------------------------------------------------------------------------------

Absorbed degrees of freedom:
-----------------------------------------------------+
 Absorbed FE | Categories  - Redundant  = Num. Coefs |
-------------+---------------------------------------|
     firm_id |      3207        3207           0    *|
          yh |        12           1          11     |
-----------------------------------------------------+
* = FE nested within cluster; treated as redundant for DoF computation

. local N = e(N)

. foreach p in var3 var5 {
  2.     local b    = _b[`p']
  3.     local se   = _se[`p']
  4.     local t    = `b'/`se'
  5.     local pval = 2*ttail(e(df_r), abs(`t'))
  6.     post handle ("OLS") ("baseline") ("`p'") ///
>                 (`b') (`se') (`pval') (`pre_mean') ///
>                 (.) (`N')
  7. }

. 
. // 1b) IV
. ivreghdfe growth_rate_we (var3 var5 = var6 var7) var4, ///
>     absorb(firm_id yh) vce(cluster firm_id) savefirst
(MWFE estimator converged in 4 iterations)

Stored estimation results
-------------------------
---------------------------------------------------------------------------
             |           Dependent  Number of        
        Name | Command    variable     param.  Title 
-------------+-------------------------------------------------------------
_ivreg2_var3 | ivreg2         var3          3  First-stage regression: var3
_ivreg2_var5 | ivreg2         var5          3  First-stage regression: var5
---------------------------------------------------------------------------

IV (2SLS) estimation
--------------------

Estimates efficient for homoskedasticity only
Statistics robust to heteroskedasticity and clustering on firm_id

Number of clusters (firm_id) =    3207                Number of obs =    38436
                                                      F(  3,  3206) =    23.39
                                                      Prob > F      =   0.0000
Total (centered) SS     =   1211.55256                Centered R2   =   0.0044
Total (uncentered) SS   =   1211.55256                Uncentered R2 =   0.0044
Residual SS             =  1206.217364                Root MSE      =    .1772

------------------------------------------------------------------------------
             |               Robust
growth_rat~e | Coefficient  std. err.      t    P>|t|     [95% conf. interval]
-------------+----------------------------------------------------------------
        var3 |   .0101047   .0090651     1.11   0.265    -.0076692    .0278786
        var5 |   .1572477    .100132     1.57   0.116    -.0390816     .353577
        var4 |  -.1972322   .0860413    -2.29   0.022    -.3659337   -.0285306
------------------------------------------------------------------------------
Underidentification test (Kleibergen-Paap rk LM statistic):             21.761
                                                   Chi-sq(1) P-val =    0.0000
------------------------------------------------------------------------------
Weak identification test (Cragg-Donald Wald F statistic):             1259.992
                         (Kleibergen-Paap rk Wald F statistic):         14.561
Stock-Yogo weak ID test critical values: 10% maximal IV size              7.03
                                         15% maximal IV size              4.58
                                         20% maximal IV size              3.95
                                         25% maximal IV size              3.63
Source: Stock-Yogo (2005).  Reproduced by permission.
NB: Critical values are for Cragg-Donald F statistic and i.i.d. errors.
------------------------------------------------------------------------------
Hansen J statistic (overidentification test of all instruments):         0.000
                                                 (equation exactly identified)
------------------------------------------------------------------------------
Instrumented:         var3 var5
Included instruments: var4
Excluded instruments: var6 var7
Partialled-out:       _cons
                      nb: total SS, model F and R2s are after partialling-out;
                          any small-sample adjustments include partialled-out
                          variables in regressor count K
------------------------------------------------------------------------------

Absorbed degrees of freedom:
-----------------------------------------------------+
 Absorbed FE | Categories  - Redundant  = Num. Coefs |
-------------+---------------------------------------|
     firm_id |      3207        3207           0    *|
          yh |        12           1          11     |
-----------------------------------------------------+
* = FE nested within cluster; treated as redundant for DoF computation

. local rkf = e(rkf)

. local N   = e(N)

. foreach p in var3 var5 {
  2.     local b    = _b[`p']
  3.     local se   = _se[`p']
  4.     local t    = `b'/`se'
  5.     local pval = 2*ttail(e(df_r), abs(`t'))
  6.     post handle ("IV") ("baseline") ("`p'") ///
>                 (`b') (`se') (`pval') (`pre_mean') ///
>                 (`rkf') (`N')
  7. }

. 
. // 2) Restrict for mechanism specs
. // Align sample with wage-dispersion mechanisms: require all mechanism vars
. 
. 
. * ────────────────────────────────────────────────────────
. * 4) Update your loop to run 2→n automatically
. * ────────────────────────────────────────────────────────
. local n = wordcount("`specs'")    // now 16

. forvalues i = 2/16 {
  2.     local spec    : word `i' of `specs'
  3.     local ols_exog "`spec_ols_exog`i''"
  4.     local iv_exog  "`spec_iv_exog`i''"
  5.     local instr    "`spec_instr`i''"
  6.     local endo     "`spec_endo`i''"
  7. 
.     display as text "→ Spec `i': `spec'"
  8. 
.     summarize growth_rate_we if covid == 0, meanonly
  9.     local pre_mean = r(mean)
 10. 
.     // 4a) OLS
.     reghdfe growth_rate_we var3 var5 `ols_exog', ///
>         absorb(firm_id yh) vce(cluster firm_id)
 11.     local N = e(N)
 12.     foreach p in var3 var5 {
 13.         local b    = _b[`p']
 14.         local se   = _se[`p']
 15.         local t    = `b'/`se'
 16.         local pval = 2*ttail(e(df_r), abs(`t'))
 17.         post handle ("OLS") ("`spec'") ("`p'") ///
>                     (`b') (`se') (`pval') (`pre_mean') ///
>                     (.) (`N')
 18.     }
 19. 
.     // 4b) IV
.     ivreghdfe growth_rate_we (`endo' = `instr') `iv_exog', ///
>         absorb(firm_id yh) vce(cluster firm_id) savefirst
 20.     local rkf = e(rkf)
 21.     local N   = e(N)
 22.     foreach p in var3 var5 {
 23.         local b    = _b[`p']
 24.         local se   = _se[`p']
 25.         local t    = `b'/`se'
 26.         local pval = 2*ttail(e(df_r), abs(`t'))
 27.         post handle ("IV") ("`spec'") ("`p'") ///
>                     (`b') (`se') (`pval') (`pre_mean') ///
>                     (`rkf') (`N')
 28.     }
 29. }
→ Spec 2: rent
(MWFE estimator converged in 4 iterations)

HDFE Linear regression                            Number of obs   =     38,436
Absorbing 2 HDFE groups                           F(   5,   3206) =      16.33
Statistics robust to heteroskedasticity           Prob > F        =     0.0000
                                                  R-squared       =     0.3518
                                                  Adj R-squared   =     0.2925
                                                  Within R-sq.    =     0.0061
Number of clusters (firm_id) =      3,207         Root MSE        =     0.1849

                            (Std. err. adjusted for 3,207 clusters in firm_id)
------------------------------------------------------------------------------
             |               Robust
growth_rat~e | Coefficient  std. err.      t    P>|t|     [95% conf. interval]
-------------+----------------------------------------------------------------
        var3 |   .0068644   .0113855     0.60   0.547    -.0154593     .029188
        var5 |   .0706849   .0256151     2.76   0.006     .0204613    .1209084
        var4 |  -.1184136   .0227323    -5.21   0.000    -.1629849   -.0738423
        var8 |  -.0001224   .0002203    -0.56   0.579    -.0005543    .0003096
        var9 |  -.0001068   .0003289    -0.32   0.745    -.0007517     .000538
       _cons |   .1039091   .0029548    35.17   0.000     .0981156    .1097026
------------------------------------------------------------------------------

Absorbed degrees of freedom:
-----------------------------------------------------+
 Absorbed FE | Categories  - Redundant  = Num. Coefs |
-------------+---------------------------------------|
     firm_id |      3207        3207           0    *|
          yh |        12           1          11     |
-----------------------------------------------------+
* = FE nested within cluster; treated as redundant for DoF computation
(MWFE estimator converged in 4 iterations)

Stored estimation results
-------------------------
---------------------------------------------------------------------------
             |           Dependent  Number of        
        Name | Command    variable     param.  Title 
-------------+-------------------------------------------------------------
_ivreg2_var3 | ivreg2         var3          5  First-stage regression: var3
_ivreg2_var5 | ivreg2         var5          5  First-stage regression: var5
_ivreg2_var9 | ivreg2         var9          5  First-stage regression: var9
---------------------------------------------------------------------------

IV (2SLS) estimation
--------------------

Estimates efficient for homoskedasticity only
Statistics robust to heteroskedasticity and clustering on firm_id

Number of clusters (firm_id) =    3207                Number of obs =    38436
                                                      F(  5,  3206) =    15.21
                                                      Prob > F      =   0.0000
Total (centered) SS     =   1211.55256                Centered R2   =  -0.0082
Total (uncentered) SS   =   1211.55256                Uncentered R2 =  -0.0082
Residual SS             =  1221.521767                Root MSE      =    .1783

------------------------------------------------------------------------------
             |               Robust
growth_rat~e | Coefficient  std. err.      t    P>|t|     [95% conf. interval]
-------------+----------------------------------------------------------------
        var3 |  -.1129942   .0433674    -2.61   0.009    -.1980248   -.0279636
        var5 |   .1392547   .0993296     1.40   0.161    -.0555012    .3340106
        var9 |   .0046281   .0016255     2.85   0.004      .001441    .0078152
        var4 |  -.1936906   .0870423    -2.23   0.026    -.3643547   -.0230264
        var8 |  -.0037082   .0012223    -3.03   0.002    -.0061047   -.0013117
------------------------------------------------------------------------------
Underidentification test (Kleibergen-Paap rk LM statistic):             31.643
                                                   Chi-sq(1) P-val =    0.0000
------------------------------------------------------------------------------
Weak identification test (Cragg-Donald Wald F statistic):              467.517
                         (Kleibergen-Paap rk Wald F statistic):         11.267
Stock-Yogo weak ID test critical values:                       <not available>
------------------------------------------------------------------------------
Hansen J statistic (overidentification test of all instruments):         0.000
                                                 (equation exactly identified)
------------------------------------------------------------------------------
Instrumented:         var3 var5 var9
Included instruments: var4 var8
Excluded instruments: var6 var7 var10
Partialled-out:       _cons
                      nb: total SS, model F and R2s are after partialling-out;
                          any small-sample adjustments include partialled-out
                          variables in regressor count K
------------------------------------------------------------------------------

Absorbed degrees of freedom:
-----------------------------------------------------+
 Absorbed FE | Categories  - Redundant  = Num. Coefs |
-------------+---------------------------------------|
     firm_id |      3207        3207           0    *|
          yh |        12           1          11     |
-----------------------------------------------------+
* = FE nested within cluster; treated as redundant for DoF computation
→ Spec 3: hhi
(MWFE estimator converged in 4 iterations)

HDFE Linear regression                            Number of obs   =     38,436
Absorbing 2 HDFE groups                           F(   5,   3206) =      28.72
Statistics robust to heteroskedasticity           Prob > F        =     0.0000
                                                  R-squared       =     0.3550
                                                  Adj R-squared   =     0.2960
                                                  Within R-sq.    =     0.0110
Number of clusters (firm_id) =      3,207         Root MSE        =     0.1845

                            (Std. err. adjusted for 3,207 clusters in firm_id)
------------------------------------------------------------------------------
             |               Robust
growth_rat~e | Coefficient  std. err.      t    P>|t|     [95% conf. interval]
-------------+----------------------------------------------------------------
        var3 |  -.0185788   .0068321    -2.72   0.007    -.0319746    -.005183
        var5 |   .0625241   .0248609     2.51   0.012     .0137792    .1112689
        var4 |  -.1225251   .0223206    -5.49   0.000    -.1662892   -.0787609
       var11 |   4.82e-06   3.16e-06     1.52   0.128    -1.39e-06     .000011
       var12 |   .0000211   5.55e-06     3.80   0.000     .0000102     .000032
       _cons |   .1009205   .0017063    59.14   0.000     .0975749    .1042661
------------------------------------------------------------------------------

Absorbed degrees of freedom:
-----------------------------------------------------+
 Absorbed FE | Categories  - Redundant  = Num. Coefs |
-------------+---------------------------------------|
     firm_id |      3207        3207           0    *|
          yh |        12           1          11     |
-----------------------------------------------------+
* = FE nested within cluster; treated as redundant for DoF computation
(MWFE estimator converged in 4 iterations)

Stored estimation results
-------------------------
----------------------------------------------------------------------------
             |           Dependent  Number of        
        Name | Command    variable     param.  Title 
-------------+--------------------------------------------------------------
_ivreg2_var3 | ivreg2         var3          5  First-stage regression: var3
_ivreg2_var5 | ivreg2         var5          5  First-stage regression: var5
_ivreg2_v~12 | ivreg2        var12          5  First-stage regression: var12
----------------------------------------------------------------------------

IV (2SLS) estimation
--------------------

Estimates efficient for homoskedasticity only
Statistics robust to heteroskedasticity and clustering on firm_id

Number of clusters (firm_id) =    3207                Number of obs =    38436
                                                      F(  5,  3206) =    27.41
                                                      Prob > F      =   0.0000
Total (centered) SS     =   1211.55256                Centered R2   =   0.0090
Total (uncentered) SS   =   1211.55256                Uncentered R2 =   0.0090
Residual SS             =  1200.670379                Root MSE      =    .1768

------------------------------------------------------------------------------
             |               Robust
growth_rat~e | Coefficient  std. err.      t    P>|t|     [95% conf. interval]
-------------+----------------------------------------------------------------
        var3 |  -.0392236   .0184724    -2.12   0.034    -.0754424   -.0030047
        var5 |   .0368556   .1019686     0.36   0.718    -.1630748    .2367859
       var12 |   .0000532   .0000176     3.02   0.003     .0000187    .0000877
        var4 |  -.1046241   .0878494    -1.19   0.234    -.2768707    .0676225
       var11 |  -.0000173   .0000125    -1.38   0.167    -.0000418    7.23e-06
------------------------------------------------------------------------------
Underidentification test (Kleibergen-Paap rk LM statistic):             23.416
                                                   Chi-sq(1) P-val =    0.0000
------------------------------------------------------------------------------
Weak identification test (Cragg-Donald Wald F statistic):              796.220
                         (Kleibergen-Paap rk Wald F statistic):         10.144
Stock-Yogo weak ID test critical values:                       <not available>
------------------------------------------------------------------------------
Hansen J statistic (overidentification test of all instruments):         0.000
                                                 (equation exactly identified)
------------------------------------------------------------------------------
Instrumented:         var3 var5 var12
Included instruments: var4 var11
Excluded instruments: var6 var7 var13
Partialled-out:       _cons
                      nb: total SS, model F and R2s are after partialling-out;
                          any small-sample adjustments include partialled-out
                          variables in regressor count K
------------------------------------------------------------------------------

Absorbed degrees of freedom:
-----------------------------------------------------+
 Absorbed FE | Categories  - Redundant  = Num. Coefs |
-------------+---------------------------------------|
     firm_id |      3207        3207           0    *|
          yh |        12           1          11     |
-----------------------------------------------------+
* = FE nested within cluster; treated as redundant for DoF computation
→ Spec 4: seniority
(MWFE estimator converged in 4 iterations)

HDFE Linear regression                            Number of obs   =     38,436
Absorbing 2 HDFE groups                           F(   5,   3206) =      23.85
Statistics robust to heteroskedasticity           Prob > F        =     0.0000
                                                  R-squared       =     0.3533
                                                  Adj R-squared   =     0.2942
                                                  Within R-sq.    =     0.0084
Number of clusters (firm_id) =      3,207         Root MSE        =     0.1847

                            (Std. err. adjusted for 3,207 clusters in firm_id)
------------------------------------------------------------------------------
             |               Robust
growth_rat~e | Coefficient  std. err.      t    P>|t|     [95% conf. interval]
-------------+----------------------------------------------------------------
        var3 |   .0239486   .0238158     1.01   0.315    -.0227472    .0706444
        var5 |   .0675955   .0246614     2.74   0.006     .0192418    .1159492
        var4 |  -.1251995   .0219734    -5.70   0.000     -.168283   -.0821161
       var14 |  -.0326845   .0196644    -1.66   0.097    -.0712406    .0058716
       var15 |  -.0289236   .0245444    -1.18   0.239    -.0770478    .0192007
       _cons |   .1156258   .0079392    14.56   0.000     .1000594    .1311922
------------------------------------------------------------------------------

Absorbed degrees of freedom:
-----------------------------------------------------+
 Absorbed FE | Categories  - Redundant  = Num. Coefs |
-------------+---------------------------------------|
     firm_id |      3207        3207           0    *|
          yh |        12           1          11     |
-----------------------------------------------------+
* = FE nested within cluster; treated as redundant for DoF computation
(MWFE estimator converged in 4 iterations)

Stored estimation results
-------------------------
----------------------------------------------------------------------------
             |           Dependent  Number of        
        Name | Command    variable     param.  Title 
-------------+--------------------------------------------------------------
_ivreg2_var3 | ivreg2         var3          5  First-stage regression: var3
_ivreg2_var5 | ivreg2         var5          5  First-stage regression: var5
_ivreg2_v~15 | ivreg2        var15          5  First-stage regression: var15
----------------------------------------------------------------------------

IV (2SLS) estimation
--------------------

Estimates efficient for homoskedasticity only
Statistics robust to heteroskedasticity and clustering on firm_id

Number of clusters (firm_id) =    3207                Number of obs =    38436
                                                      F(  5,  3206) =    22.28
                                                      Prob > F      =   0.0000
Total (centered) SS     =   1211.55256                Centered R2   =   0.0075
Total (uncentered) SS   =   1211.55256                Uncentered R2 =   0.0075
Residual SS             =  1202.467085                Root MSE      =    .1769

------------------------------------------------------------------------------
             |               Robust
growth_rat~e | Coefficient  std. err.      t    P>|t|     [95% conf. interval]
-------------+----------------------------------------------------------------
        var3 |   -.037135   .0673848    -0.55   0.582    -.1692568    .0949867
        var5 |   .1217415   .0964189     1.26   0.207    -.0673075    .3107905
       var15 |   .0434546   .0681868     0.64   0.524    -.0902396    .1771488
        var4 |   -.173081   .0825296    -2.10   0.036    -.3348971   -.0112649
       var14 |   -.088627    .053684    -1.65   0.099    -.1938853    .0166314
------------------------------------------------------------------------------
Underidentification test (Kleibergen-Paap rk LM statistic):             21.815
                                                   Chi-sq(1) P-val =    0.0000
------------------------------------------------------------------------------
Weak identification test (Cragg-Donald Wald F statistic):              846.730
                         (Kleibergen-Paap rk Wald F statistic):          9.836
Stock-Yogo weak ID test critical values:                       <not available>
------------------------------------------------------------------------------
Hansen J statistic (overidentification test of all instruments):         0.000
                                                 (equation exactly identified)
------------------------------------------------------------------------------
Instrumented:         var3 var5 var15
Included instruments: var4 var14
Excluded instruments: var6 var7 var16
Partialled-out:       _cons
                      nb: total SS, model F and R2s are after partialling-out;
                          any small-sample adjustments include partialled-out
                          variables in regressor count K
------------------------------------------------------------------------------

Absorbed degrees of freedom:
-----------------------------------------------------+
 Absorbed FE | Categories  - Redundant  = Num. Coefs |
-------------+---------------------------------------|
     firm_id |      3207        3207           0    *|
          yh |        12           1          11     |
-----------------------------------------------------+
* = FE nested within cluster; treated as redundant for DoF computation
→ Spec 5: gap
(MWFE estimator converged in 4 iterations)

HDFE Linear regression                            Number of obs   =     38,436
Absorbing 2 HDFE groups                           F(   5,   3206) =      19.38
Statistics robust to heteroskedasticity           Prob > F        =     0.0000
                                                  R-squared       =     0.3525
                                                  Adj R-squared   =     0.2933
                                                  Within R-sq.    =     0.0072
Number of clusters (firm_id) =      3,207         Root MSE        =     0.1848

                            (Std. err. adjusted for 3,207 clusters in firm_id)
------------------------------------------------------------------------------
             |               Robust
growth_rat~e | Coefficient  std. err.      t    P>|t|     [95% conf. interval]
-------------+----------------------------------------------------------------
        var3 |  -.0412312   .0115859    -3.56   0.000    -.0639477   -.0185147
        var5 |   .0658585   .0250831     2.63   0.009     .0166779    .1150391
        var4 |  -.1186479   .0224062    -5.30   0.000    -.1625798   -.0747159
       var17 |  -2.18e-07   1.21e-07    -1.80   0.073    -4.56e-07    1.99e-08
       var18 |   7.61e-07   1.97e-07     3.87   0.000     3.75e-07    1.15e-06
       _cons |   .1073116    .003047    35.22   0.000     .1013374    .1132858
------------------------------------------------------------------------------

Absorbed degrees of freedom:
-----------------------------------------------------+
 Absorbed FE | Categories  - Redundant  = Num. Coefs |
-------------+---------------------------------------|
     firm_id |      3207        3207           0    *|
          yh |        12           1          11     |
-----------------------------------------------------+
* = FE nested within cluster; treated as redundant for DoF computation
(MWFE estimator converged in 4 iterations)

Stored estimation results
-------------------------
----------------------------------------------------------------------------
             |           Dependent  Number of        
        Name | Command    variable     param.  Title 
-------------+--------------------------------------------------------------
_ivreg2_var3 | ivreg2         var3          5  First-stage regression: var3
_ivreg2_var5 | ivreg2         var5          5  First-stage regression: var5
_ivreg2_v~18 | ivreg2        var18          5  First-stage regression: var18
----------------------------------------------------------------------------

IV (2SLS) estimation
--------------------

Estimates efficient for homoskedasticity only
Statistics robust to heteroskedasticity and clustering on firm_id

Number of clusters (firm_id) =    3207                Number of obs =    38436
                                                      F(  5,  3206) =    17.80
                                                      Prob > F      =   0.0000
Total (centered) SS     =   1211.55256                Centered R2   =   0.0059
Total (uncentered) SS   =   1211.55256                Uncentered R2 =   0.0059
Residual SS             =  1204.388686                Root MSE      =    .1771

------------------------------------------------------------------------------
             |               Robust
growth_rat~e | Coefficient  std. err.      t    P>|t|     [95% conf. interval]
-------------+----------------------------------------------------------------
        var3 |  -.0424662   .0284413    -1.49   0.136    -.0982313    .0132988
        var5 |   .1487599   .0999357     1.49   0.137    -.0471846    .3447043
       var18 |   8.76e-07   4.98e-07     1.76   0.078    -9.98e-08    1.85e-06
        var4 |  -.1913065   .0857879    -2.23   0.026    -.3595112   -.0231018
       var17 |  -3.20e-07   3.57e-07    -0.90   0.370    -1.02e-06    3.80e-07
------------------------------------------------------------------------------
Underidentification test (Kleibergen-Paap rk LM statistic):             21.564
                                                   Chi-sq(1) P-val =    0.0000
------------------------------------------------------------------------------
Weak identification test (Cragg-Donald Wald F statistic):              830.488
                         (Kleibergen-Paap rk Wald F statistic):          9.560
Stock-Yogo weak ID test critical values:                       <not available>
------------------------------------------------------------------------------
Hansen J statistic (overidentification test of all instruments):         0.000
                                                 (equation exactly identified)
------------------------------------------------------------------------------
Instrumented:         var3 var5 var18
Included instruments: var4 var17
Excluded instruments: var6 var7 var19
Partialled-out:       _cons
                      nb: total SS, model F and R2s are after partialling-out;
                          any small-sample adjustments include partialled-out
                          variables in regressor count K
------------------------------------------------------------------------------

Absorbed degrees of freedom:
-----------------------------------------------------+
 Absorbed FE | Categories  - Redundant  = Num. Coefs |
-------------+---------------------------------------|
     firm_id |      3207        3207           0    *|
          yh |        12           1          11     |
-----------------------------------------------------+
* = FE nested within cluster; treated as redundant for DoF computation
→ Spec 6: rent_hhi
(MWFE estimator converged in 4 iterations)

HDFE Linear regression                            Number of obs   =     38,436
Absorbing 2 HDFE groups                           F(   7,   3206) =      21.08
Statistics robust to heteroskedasticity           Prob > F        =     0.0000
                                                  R-squared       =     0.3550
                                                  Adj R-squared   =     0.2960
                                                  Within R-sq.    =     0.0110
Number of clusters (firm_id) =      3,207         Root MSE        =     0.1845

                            (Std. err. adjusted for 3,207 clusters in firm_id)
------------------------------------------------------------------------------
             |               Robust
growth_rat~e | Coefficient  std. err.      t    P>|t|     [95% conf. interval]
-------------+----------------------------------------------------------------
        var3 |  -.0157384   .0129601    -1.21   0.225    -.0411494    .0096726
        var5 |   .0625722   .0254219     2.46   0.014     .0127273    .1124171
        var4 |  -.1213616   .0226561    -5.36   0.000    -.1657834   -.0769397
        var8 |  -.0000909   .0002219    -0.41   0.682     -.000526    .0003442
        var9 |  -.0000432   .0003266    -0.13   0.895    -.0006835    .0005971
       var11 |   4.77e-06   3.18e-06     1.50   0.134    -1.47e-06     .000011
       var12 |    .000021   5.60e-06     3.75   0.000       .00001     .000032
       _cons |    .102118   .0033505    30.48   0.000     .0955487    .1086873
------------------------------------------------------------------------------

Absorbed degrees of freedom:
-----------------------------------------------------+
 Absorbed FE | Categories  - Redundant  = Num. Coefs |
-------------+---------------------------------------|
     firm_id |      3207        3207           0    *|
          yh |        12           1          11     |
-----------------------------------------------------+
* = FE nested within cluster; treated as redundant for DoF computation
(MWFE estimator converged in 4 iterations)

Stored estimation results
-------------------------
----------------------------------------------------------------------------
             |           Dependent  Number of        
        Name | Command    variable     param.  Title 
-------------+--------------------------------------------------------------
_ivreg2_var3 | ivreg2         var3          7  First-stage regression: var3
_ivreg2_var5 | ivreg2         var5          7  First-stage regression: var5
_ivreg2_var9 | ivreg2         var9          7  First-stage regression: var9
_ivreg2_v~12 | ivreg2        var12          7  First-stage regression: var12
----------------------------------------------------------------------------

IV (2SLS) estimation
--------------------

Estimates efficient for homoskedasticity only
Statistics robust to heteroskedasticity and clustering on firm_id

Number of clusters (firm_id) =    3207                Number of obs =    38436
                                                      F(  7,  3206) =    20.83
                                                      Prob > F      =   0.0000
Total (centered) SS     =   1211.55256                Centered R2   =  -0.0001
Total (uncentered) SS   =   1211.55256                Uncentered R2 =  -0.0001
Residual SS             =  1211.733592                Root MSE      =    .1776

------------------------------------------------------------------------------
             |               Robust
growth_rat~e | Coefficient  std. err.      t    P>|t|     [95% conf. interval]
-------------+----------------------------------------------------------------
        var3 |  -.1567987   .0444104    -3.53   0.000    -.2438744   -.0697231
        var5 |   .0257572   .1009018     0.26   0.799    -.1720815    .2235959
        var9 |   .0044682   .0016214     2.76   0.006     .0012891    .0076473
       var12 |   .0000496   .0000177     2.80   0.005     .0000149    .0000843
        var4 |   -.107123   .0885179    -1.21   0.226    -.2806804    .0664344
        var8 |  -.0034709   .0012245    -2.83   0.005    -.0058719     -.00107
       var11 |  -.0000149   .0000126    -1.18   0.239    -.0000397    9.91e-06
------------------------------------------------------------------------------
Underidentification test (Kleibergen-Paap rk LM statistic):             31.715
                                                   Chi-sq(1) P-val =    0.0000
------------------------------------------------------------------------------
Weak identification test (Cragg-Donald Wald F statistic):              327.146
                         (Kleibergen-Paap rk Wald F statistic):          8.405
Stock-Yogo weak ID test critical values:                       <not available>
------------------------------------------------------------------------------
Hansen J statistic (overidentification test of all instruments):         0.000
                                                 (equation exactly identified)
------------------------------------------------------------------------------
Instrumented:         var3 var5 var9 var12
Included instruments: var4 var8 var11
Excluded instruments: var6 var7 var10 var13
Partialled-out:       _cons
                      nb: total SS, model F and R2s are after partialling-out;
                          any small-sample adjustments include partialled-out
                          variables in regressor count K
------------------------------------------------------------------------------

Absorbed degrees of freedom:
-----------------------------------------------------+
 Absorbed FE | Categories  - Redundant  = Num. Coefs |
-------------+---------------------------------------|
     firm_id |      3207        3207           0    *|
          yh |        12           1          11     |
-----------------------------------------------------+
* = FE nested within cluster; treated as redundant for DoF computation
→ Spec 7: rent_seniority
(MWFE estimator converged in 4 iterations)

HDFE Linear regression                            Number of obs   =     38,436
Absorbing 2 HDFE groups                           F(   7,   3206) =      17.47
Statistics robust to heteroskedasticity           Prob > F        =     0.0000
                                                  R-squared       =     0.3534
                                                  Adj R-squared   =     0.2942
                                                  Within R-sq.    =     0.0085
Number of clusters (firm_id) =      3,207         Root MSE        =     0.1847

                            (Std. err. adjusted for 3,207 clusters in firm_id)
------------------------------------------------------------------------------
             |               Robust
growth_rat~e | Coefficient  std. err.      t    P>|t|     [95% conf. interval]
-------------+----------------------------------------------------------------
        var3 |   .0284387   .0255434     1.11   0.266    -.0216442    .0785217
        var5 |    .068073   .0251572     2.71   0.007     .0187473    .1173987
        var4 |  -.1240339   .0222641    -5.57   0.000    -.1676872   -.0803806
        var8 |  -.0000875   .0002194    -0.40   0.690    -.0005177    .0003426
        var9 |  -.0000925   .0003261    -0.28   0.777    -.0007319    .0005468
       var14 |  -.0324758   .0196345    -1.65   0.098    -.0709731    .0060216
       var15 |  -.0285963   .0245544    -1.16   0.244    -.0767402    .0195477
       _cons |   .1166675   .0083842    13.92   0.000     .1002285    .1331066
------------------------------------------------------------------------------

Absorbed degrees of freedom:
-----------------------------------------------------+
 Absorbed FE | Categories  - Redundant  = Num. Coefs |
-------------+---------------------------------------|
     firm_id |      3207        3207           0    *|
          yh |        12           1          11     |
-----------------------------------------------------+
* = FE nested within cluster; treated as redundant for DoF computation
(MWFE estimator converged in 4 iterations)

Stored estimation results
-------------------------
----------------------------------------------------------------------------
             |           Dependent  Number of        
        Name | Command    variable     param.  Title 
-------------+--------------------------------------------------------------
_ivreg2_var3 | ivreg2         var3          7  First-stage regression: var3
_ivreg2_var5 | ivreg2         var5          7  First-stage regression: var5
_ivreg2_var9 | ivreg2         var9          7  First-stage regression: var9
_ivreg2_v~15 | ivreg2        var15          7  First-stage regression: var15
----------------------------------------------------------------------------

IV (2SLS) estimation
--------------------

Estimates efficient for homoskedasticity only
Statistics robust to heteroskedasticity and clustering on firm_id

Number of clusters (firm_id) =    3207                Number of obs =    38436
                                                      F(  7,  3206) =    16.12
                                                      Prob > F      =   0.0000
Total (centered) SS     =   1211.55256                Centered R2   =  -0.0025
Total (uncentered) SS   =   1211.55256                Uncentered R2 =  -0.0025
Residual SS             =  1214.589087                Root MSE      =    .1778

------------------------------------------------------------------------------
             |               Robust
growth_rat~e | Coefficient  std. err.      t    P>|t|     [95% conf. interval]
-------------+----------------------------------------------------------------
        var3 |  -.1503917    .079084    -1.90   0.057     -.305452    .0046686
        var5 |   .1086627   .0957794     1.13   0.257    -.0791323    .2964577
        var9 |    .004267    .001564     2.73   0.006     .0012005    .0073335
       var15 |   .0423446   .0691418     0.61   0.540     -.093222    .1779111
        var4 |  -.1726076   .0835322    -2.07   0.039    -.3363894   -.0088257
        var8 |  -.0033708   .0011765    -2.86   0.004    -.0056776   -.0010639
       var14 |  -.0840507   .0542345    -1.55   0.121    -.1903885     .022287
------------------------------------------------------------------------------
Underidentification test (Kleibergen-Paap rk LM statistic):             31.202
                                                   Chi-sq(1) P-val =    0.0000
------------------------------------------------------------------------------
Weak identification test (Cragg-Donald Wald F statistic):              342.892
                         (Kleibergen-Paap rk Wald F statistic):          8.354
Stock-Yogo weak ID test critical values:                       <not available>
------------------------------------------------------------------------------
Hansen J statistic (overidentification test of all instruments):         0.000
                                                 (equation exactly identified)
------------------------------------------------------------------------------
Instrumented:         var3 var5 var9 var15
Included instruments: var4 var8 var14
Excluded instruments: var6 var7 var10 var16
Partialled-out:       _cons
                      nb: total SS, model F and R2s are after partialling-out;
                          any small-sample adjustments include partialled-out
                          variables in regressor count K
------------------------------------------------------------------------------

Absorbed degrees of freedom:
-----------------------------------------------------+
 Absorbed FE | Categories  - Redundant  = Num. Coefs |
-------------+---------------------------------------|
     firm_id |      3207        3207           0    *|
          yh |        12           1          11     |
-----------------------------------------------------+
* = FE nested within cluster; treated as redundant for DoF computation
→ Spec 8: rent_gap
(MWFE estimator converged in 4 iterations)

HDFE Linear regression                            Number of obs   =     38,436
Absorbing 2 HDFE groups                           F(   7,   3206) =      14.37
Statistics robust to heteroskedasticity           Prob > F        =     0.0000
                                                  R-squared       =     0.3526
                                                  Adj R-squared   =     0.2933
                                                  Within R-sq.    =     0.0073
Number of clusters (firm_id) =      3,207         Root MSE        =     0.1848

                            (Std. err. adjusted for 3,207 clusters in firm_id)
------------------------------------------------------------------------------
             |               Robust
growth_rat~e | Coefficient  std. err.      t    P>|t|     [95% conf. interval]
-------------+----------------------------------------------------------------
        var3 |  -.0354233   .0154313    -2.30   0.022    -.0656795   -.0051671
        var5 |   .0662559   .0255839     2.59   0.010     .0160935    .1164183
        var4 |  -.1170917   .0227199    -5.15   0.000    -.1616387   -.0725447
        var8 |  -.0001223   .0002211    -0.55   0.580    -.0005558    .0003112
        var9 |  -.0001017   .0003285    -0.31   0.757    -.0007457    .0005424
       var17 |  -2.13e-07   1.22e-07    -1.75   0.079    -4.52e-07    2.50e-08
       var18 |   7.55e-07   1.97e-07     3.83   0.000     3.68e-07    1.14e-06
       _cons |   .1087862   .0038262    28.43   0.000     .1012841    .1162882
------------------------------------------------------------------------------

Absorbed degrees of freedom:
-----------------------------------------------------+
 Absorbed FE | Categories  - Redundant  = Num. Coefs |
-------------+---------------------------------------|
     firm_id |      3207        3207           0    *|
          yh |        12           1          11     |
-----------------------------------------------------+
* = FE nested within cluster; treated as redundant for DoF computation
(MWFE estimator converged in 4 iterations)

Stored estimation results
-------------------------
----------------------------------------------------------------------------
             |           Dependent  Number of        
        Name | Command    variable     param.  Title 
-------------+--------------------------------------------------------------
_ivreg2_var3 | ivreg2         var3          7  First-stage regression: var3
_ivreg2_var5 | ivreg2         var5          7  First-stage regression: var5
_ivreg2_var9 | ivreg2         var9          7  First-stage regression: var9
_ivreg2_v~18 | ivreg2        var18          7  First-stage regression: var18
----------------------------------------------------------------------------

IV (2SLS) estimation
--------------------

Estimates efficient for homoskedasticity only
Statistics robust to heteroskedasticity and clustering on firm_id

Number of clusters (firm_id) =    3207                Number of obs =    38436
                                                      F(  7,  3206) =    13.52
                                                      Prob > F      =   0.0000
Total (centered) SS     =   1211.55256                Centered R2   =  -0.0046
Total (uncentered) SS   =   1211.55256                Uncentered R2 =  -0.0046
Residual SS             =  1217.152391                Root MSE      =     .178

------------------------------------------------------------------------------
             |               Robust
growth_rat~e | Coefficient  std. err.      t    P>|t|     [95% conf. interval]
-------------+----------------------------------------------------------------
        var3 |  -.1525999   .0478727    -3.19   0.001    -.2464641   -.0587357
        var5 |   .1326982   .0988405     1.34   0.180    -.0610989    .3264952
        var9 |   .0042594   .0016022     2.66   0.008     .0011179    .0074009
       var18 |   8.19e-07   5.06e-07     1.62   0.105    -1.73e-07    1.81e-06
        var4 |  -.1883997   .0865545    -2.18   0.030    -.3581074    -.018692
        var8 |  -.0034126   .0012053    -2.83   0.005    -.0057759   -.0010493
       var17 |  -2.83e-07   3.61e-07    -0.78   0.433    -9.91e-07    4.25e-07
------------------------------------------------------------------------------
Underidentification test (Kleibergen-Paap rk LM statistic):             30.759
                                                   Chi-sq(1) P-val =    0.0000
------------------------------------------------------------------------------
Weak identification test (Cragg-Donald Wald F statistic):              342.410
                         (Kleibergen-Paap rk Wald F statistic):          8.146
Stock-Yogo weak ID test critical values:                       <not available>
------------------------------------------------------------------------------
Hansen J statistic (overidentification test of all instruments):         0.000
                                                 (equation exactly identified)
------------------------------------------------------------------------------
Instrumented:         var3 var5 var9 var18
Included instruments: var4 var8 var17
Excluded instruments: var6 var7 var10 var19
Partialled-out:       _cons
                      nb: total SS, model F and R2s are after partialling-out;
                          any small-sample adjustments include partialled-out
                          variables in regressor count K
------------------------------------------------------------------------------

Absorbed degrees of freedom:
-----------------------------------------------------+
 Absorbed FE | Categories  - Redundant  = Num. Coefs |
-------------+---------------------------------------|
     firm_id |      3207        3207           0    *|
          yh |        12           1          11     |
-----------------------------------------------------+
* = FE nested within cluster; treated as redundant for DoF computation
→ Spec 9: hhi_seniority
(MWFE estimator converged in 4 iterations)

HDFE Linear regression                            Number of obs   =     38,436
Absorbing 2 HDFE groups                           F(   7,   3206) =      21.92
Statistics robust to heteroskedasticity           Prob > F        =     0.0000
                                                  R-squared       =     0.3553
                                                  Adj R-squared   =     0.2962
                                                  Within R-sq.    =     0.0114
Number of clusters (firm_id) =      3,207         Root MSE        =     0.1844

                            (Std. err. adjusted for 3,207 clusters in firm_id)
------------------------------------------------------------------------------
             |               Robust
growth_rat~e | Coefficient  std. err.      t    P>|t|     [95% conf. interval]
-------------+----------------------------------------------------------------
        var3 |   -.021632   .0263224    -0.82   0.411    -.0732424    .0299784
        var5 |   .0644076   .0246208     2.62   0.009     .0161334    .1126818
        var4 |  -.1261419   .0220191    -5.73   0.000    -.1693149   -.0829689
       var11 |   2.72e-06   3.07e-06     0.89   0.375    -3.29e-06    8.73e-06
       var12 |   .0000199   5.90e-06     3.38   0.001     8.37e-06    .0000315
       var14 |  -.0267149   .0197905    -1.35   0.177    -.0655182    .0120884
       var15 |   .0023572   .0251289     0.09   0.925    -.0469131    .0516275
       _cons |   .1124035    .008284    13.57   0.000     .0961611    .1286459
------------------------------------------------------------------------------

Absorbed degrees of freedom:
-----------------------------------------------------+
 Absorbed FE | Categories  - Redundant  = Num. Coefs |
-------------+---------------------------------------|
     firm_id |      3207        3207           0    *|
          yh |        12           1          11     |
-----------------------------------------------------+
* = FE nested within cluster; treated as redundant for DoF computation
(MWFE estimator converged in 4 iterations)

Stored estimation results
-------------------------
----------------------------------------------------------------------------
             |           Dependent  Number of        
        Name | Command    variable     param.  Title 
-------------+--------------------------------------------------------------
_ivreg2_var3 | ivreg2         var3          7  First-stage regression: var3
_ivreg2_var5 | ivreg2         var5          7  First-stage regression: var5
_ivreg2_v~12 | ivreg2        var12          7  First-stage regression: var12
_ivreg2_v~15 | ivreg2        var15          7  First-stage regression: var15
----------------------------------------------------------------------------

IV (2SLS) estimation
--------------------

Estimates efficient for homoskedasticity only
Statistics robust to heteroskedasticity and clustering on firm_id

Number of clusters (firm_id) =    3207                Number of obs =    38436
                                                      F(  7,  3206) =    22.02
                                                      Prob > F      =   0.0000
Total (centered) SS     =   1211.55256                Centered R2   =   0.0090
Total (uncentered) SS   =   1211.55256                Uncentered R2 =   0.0090
Residual SS             =  1200.658132                Root MSE      =    .1768

------------------------------------------------------------------------------
             |               Robust
growth_rat~e | Coefficient  std. err.      t    P>|t|     [95% conf. interval]
-------------+----------------------------------------------------------------
        var3 |  -.1588283   .0717414    -2.21   0.027     -.299492   -.0181645
        var5 |   .0556966   .1010561     0.55   0.582    -.1424445    .2538377
       var12 |   .0000557   .0000177     3.15   0.002      .000021    .0000903
       var15 |   .1197043   .0681462     1.76   0.079    -.0139102    .2533189
        var4 |   -.120659   .0868561    -1.39   0.165    -.2909581    .0496402
       var11 |  -.0000213   .0000124    -1.71   0.087    -.0000457    3.08e-06
       var14 |  -.1122402   .0541751    -2.07   0.038    -.2184615   -.0060189
------------------------------------------------------------------------------
Underidentification test (Kleibergen-Paap rk LM statistic):             23.678
                                                   Chi-sq(1) P-val =    0.0000
------------------------------------------------------------------------------
Weak identification test (Cragg-Donald Wald F statistic):              597.009
                         (Kleibergen-Paap rk Wald F statistic):          7.701
Stock-Yogo weak ID test critical values:                       <not available>
------------------------------------------------------------------------------
Hansen J statistic (overidentification test of all instruments):         0.000
                                                 (equation exactly identified)
------------------------------------------------------------------------------
Instrumented:         var3 var5 var12 var15
Included instruments: var4 var11 var14
Excluded instruments: var6 var7 var13 var16
Partialled-out:       _cons
                      nb: total SS, model F and R2s are after partialling-out;
                          any small-sample adjustments include partialled-out
                          variables in regressor count K
------------------------------------------------------------------------------

Absorbed degrees of freedom:
-----------------------------------------------------+
 Absorbed FE | Categories  - Redundant  = Num. Coefs |
-------------+---------------------------------------|
     firm_id |      3207        3207           0    *|
          yh |        12           1          11     |
-----------------------------------------------------+
* = FE nested within cluster; treated as redundant for DoF computation
→ Spec 10: hhi_gap
(MWFE estimator converged in 4 iterations)

HDFE Linear regression                            Number of obs   =     38,436
Absorbing 2 HDFE groups                           F(   7,   3206) =      22.85
Statistics robust to heteroskedasticity           Prob > F        =     0.0000
                                                  R-squared       =     0.3555
                                                  Adj R-squared   =     0.2965
                                                  Within R-sq.    =     0.0118
Number of clusters (firm_id) =      3,207         Root MSE        =     0.1844

                            (Std. err. adjusted for 3,207 clusters in firm_id)
------------------------------------------------------------------------------
             |               Robust
growth_rat~e | Coefficient  std. err.      t    P>|t|     [95% conf. interval]
-------------+----------------------------------------------------------------
        var3 |  -.0534421   .0119857    -4.46   0.000    -.0769425   -.0299417
        var5 |   .0592728   .0248249     2.39   0.017     .0105986     .107947
        var4 |  -.1213543   .0222975    -5.44   0.000    -.1650732   -.0776355
       var11 |   4.70e-06   3.14e-06     1.49   0.135    -1.46e-06    .0000109
       var12 |   .0000202   5.54e-06     3.65   0.000     9.34e-06    .0000311
       var17 |  -2.02e-07   1.20e-07    -1.69   0.091    -4.37e-07    3.23e-08
       var18 |   6.42e-07   1.95e-07     3.30   0.001     2.60e-07    1.02e-06
       _cons |   .1055667   .0030862    34.21   0.000     .0995156    .1116177
------------------------------------------------------------------------------

Absorbed degrees of freedom:
-----------------------------------------------------+
 Absorbed FE | Categories  - Redundant  = Num. Coefs |
-------------+---------------------------------------|
     firm_id |      3207        3207           0    *|
          yh |        12           1          11     |
-----------------------------------------------------+
* = FE nested within cluster; treated as redundant for DoF computation
(MWFE estimator converged in 4 iterations)

Stored estimation results
-------------------------
----------------------------------------------------------------------------
             |           Dependent  Number of        
        Name | Command    variable     param.  Title 
-------------+--------------------------------------------------------------
_ivreg2_var3 | ivreg2         var3          7  First-stage regression: var3
_ivreg2_var5 | ivreg2         var5          7  First-stage regression: var5
_ivreg2_v~12 | ivreg2        var12          7  First-stage regression: var12
_ivreg2_v~18 | ivreg2        var18          7  First-stage regression: var18
----------------------------------------------------------------------------

IV (2SLS) estimation
--------------------

Estimates efficient for homoskedasticity only
Statistics robust to heteroskedasticity and clustering on firm_id

Number of clusters (firm_id) =    3207                Number of obs =    38436
                                                      F(  7,  3206) =    21.89
                                                      Prob > F      =   0.0000
Total (centered) SS     =   1211.55256                Centered R2   =   0.0100
Total (uncentered) SS   =   1211.55256                Uncentered R2 =   0.0100
Residual SS             =  1199.389313                Root MSE      =    .1767

------------------------------------------------------------------------------
             |               Robust
growth_rat~e | Coefficient  std. err.      t    P>|t|     [95% conf. interval]
-------------+----------------------------------------------------------------
        var3 |   -.061257   .0333119    -1.84   0.066    -.1265718    .0040578
        var5 |   .0382708   .1013601     0.38   0.706    -.1604663    .2370079
       var12 |   .0000501    .000017     2.95   0.003     .0000168    .0000834
       var18 |   3.96e-07   5.34e-07     0.74   0.459    -6.52e-07    1.44e-06
        var4 |   -.106223    .087273    -1.22   0.224    -.2773395    .0648934
       var11 |  -.0000158    .000012    -1.32   0.188    -.0000392    7.69e-06
       var17 |  -5.44e-08   3.80e-07    -0.14   0.886    -7.99e-07    6.91e-07
------------------------------------------------------------------------------
Underidentification test (Kleibergen-Paap rk LM statistic):             23.259
                                                   Chi-sq(1) P-val =    0.0000
------------------------------------------------------------------------------
Weak identification test (Cragg-Donald Wald F statistic):              595.979
                         (Kleibergen-Paap rk Wald F statistic):          7.538
Stock-Yogo weak ID test critical values:                       <not available>
------------------------------------------------------------------------------
Hansen J statistic (overidentification test of all instruments):         0.000
                                                 (equation exactly identified)
------------------------------------------------------------------------------
Instrumented:         var3 var5 var12 var18
Included instruments: var4 var11 var17
Excluded instruments: var6 var7 var13 var19
Partialled-out:       _cons
                      nb: total SS, model F and R2s are after partialling-out;
                          any small-sample adjustments include partialled-out
                          variables in regressor count K
------------------------------------------------------------------------------

Absorbed degrees of freedom:
-----------------------------------------------------+
 Absorbed FE | Categories  - Redundant  = Num. Coefs |
-------------+---------------------------------------|
     firm_id |      3207        3207           0    *|
          yh |        12           1          11     |
-----------------------------------------------------+
* = FE nested within cluster; treated as redundant for DoF computation
→ Spec 11: seniority_gap
(MWFE estimator converged in 4 iterations)

HDFE Linear regression                            Number of obs   =     38,436
Absorbing 2 HDFE groups                           F(   7,   3206) =      19.59
Statistics robust to heteroskedasticity           Prob > F        =     0.0000
                                                  R-squared       =     0.3540
                                                  Adj R-squared   =     0.2949
                                                  Within R-sq.    =     0.0095
Number of clusters (firm_id) =      3,207         Root MSE        =     0.1846

                            (Std. err. adjusted for 3,207 clusters in firm_id)
------------------------------------------------------------------------------
             |               Robust
growth_rat~e | Coefficient  std. err.      t    P>|t|     [95% conf. interval]
-------------+----------------------------------------------------------------
        var3 |  -.0158129   .0258971    -0.61   0.542    -.0665894    .0349636
        var5 |   .0637462   .0245785     2.59   0.010     .0155551    .1119373
        var4 |  -.1240039   .0219096    -5.66   0.000     -.166962   -.0810457
       var17 |  -1.73e-07   1.20e-07    -1.44   0.151    -4.08e-07    6.29e-08
       var18 |   6.86e-07   1.92e-07     3.57   0.000     3.09e-07    1.06e-06
       var14 |  -.0326044    .019836    -1.64   0.100    -.0714969    .0062881
       var15 |  -.0271637   .0245996    -1.10   0.270    -.0753962    .0210688
       _cons |    .119535   .0083016    14.40   0.000     .1032582    .1358119
------------------------------------------------------------------------------

Absorbed degrees of freedom:
-----------------------------------------------------+
 Absorbed FE | Categories  - Redundant  = Num. Coefs |
-------------+---------------------------------------|
     firm_id |      3207        3207           0    *|
          yh |        12           1          11     |
-----------------------------------------------------+
* = FE nested within cluster; treated as redundant for DoF computation
(MWFE estimator converged in 4 iterations)

Stored estimation results
-------------------------
----------------------------------------------------------------------------
             |           Dependent  Number of        
        Name | Command    variable     param.  Title 
-------------+--------------------------------------------------------------
_ivreg2_var3 | ivreg2         var3          7  First-stage regression: var3
_ivreg2_var5 | ivreg2         var5          7  First-stage regression: var5
_ivreg2_v~18 | ivreg2        var18          7  First-stage regression: var18
_ivreg2_v~15 | ivreg2        var15          7  First-stage regression: var15
----------------------------------------------------------------------------

IV (2SLS) estimation
--------------------

Estimates efficient for homoskedasticity only
Statistics robust to heteroskedasticity and clustering on firm_id

Number of clusters (firm_id) =    3207                Number of obs =    38436
                                                      F(  7,  3206) =    18.64
                                                      Prob > F      =   0.0000
Total (centered) SS     =   1211.55256                Centered R2   =   0.0087
Total (uncentered) SS   =   1211.55256                Uncentered R2 =   0.0087
Residual SS             =  1200.992972                Root MSE      =    .1768

------------------------------------------------------------------------------
             |               Robust
growth_rat~e | Coefficient  std. err.      t    P>|t|     [95% conf. interval]
-------------+----------------------------------------------------------------
        var3 |  -.0831529   .0681993    -1.22   0.223    -.2168715    .0505658
        var5 |   .1159012   .0965595     1.20   0.230    -.0734234    .3052258
       var18 |   7.24e-07   4.92e-07     1.47   0.141    -2.41e-07    1.69e-06
       var15 |   .0451309   .0695396     0.65   0.516    -.0912157    .1814775
        var4 |  -.1690967    .082564    -2.05   0.041    -.3309803   -.0072132
       var17 |  -1.94e-07   3.61e-07    -0.54   0.591    -9.02e-07    5.14e-07
       var14 |  -.0888247   .0551103    -1.61   0.107    -.1968797    .0192303
------------------------------------------------------------------------------
Underidentification test (Kleibergen-Paap rk LM statistic):             21.648
                                                   Chi-sq(1) P-val =    0.0000
------------------------------------------------------------------------------
Weak identification test (Cragg-Donald Wald F statistic):              629.678
                         (Kleibergen-Paap rk Wald F statistic):          7.288
Stock-Yogo weak ID test critical values:                       <not available>
------------------------------------------------------------------------------
Hansen J statistic (overidentification test of all instruments):         0.000
                                                 (equation exactly identified)
------------------------------------------------------------------------------
Instrumented:         var3 var5 var18 var15
Included instruments: var4 var17 var14
Excluded instruments: var6 var7 var19 var16
Partialled-out:       _cons
                      nb: total SS, model F and R2s are after partialling-out;
                          any small-sample adjustments include partialled-out
                          variables in regressor count K
------------------------------------------------------------------------------

Absorbed degrees of freedom:
-----------------------------------------------------+
 Absorbed FE | Categories  - Redundant  = Num. Coefs |
-------------+---------------------------------------|
     firm_id |      3207        3207           0    *|
          yh |        12           1          11     |
-----------------------------------------------------+
* = FE nested within cluster; treated as redundant for DoF computation
→ Spec 12: rent_hhi_seniority
(MWFE estimator converged in 4 iterations)

HDFE Linear regression                            Number of obs   =     38,436
Absorbing 2 HDFE groups                           F(   9,   3206) =      17.40
Statistics robust to heteroskedasticity           Prob > F        =     0.0000
                                                  R-squared       =     0.3553
                                                  Adj R-squared   =     0.2962
                                                  Within R-sq.    =     0.0114
Number of clusters (firm_id) =      3,207         Root MSE        =     0.1844

                            (Std. err. adjusted for 3,207 clusters in firm_id)
------------------------------------------------------------------------------
             |               Robust
growth_rat~e | Coefficient  std. err.      t    P>|t|     [95% conf. interval]
-------------+----------------------------------------------------------------
        var3 |  -.0188575     .02893    -0.65   0.515    -.0755808    .0378657
        var5 |    .064524   .0251572     2.56   0.010     .0151982    .1138499
        var4 |  -.1250999   .0223322    -5.60   0.000    -.1688868    -.081313
        var8 |  -.0000797   .0002212    -0.36   0.718    -.0005134    .0003539
        var9 |  -.0000463   .0003257    -0.14   0.887    -.0006849    .0005922
       var11 |   2.69e-06   3.09e-06     0.87   0.384    -3.37e-06    8.75e-06
       var12 |   .0000199   5.96e-06     3.33   0.001     8.19e-06    .0000316
       var14 |  -.0265875   .0197643    -1.35   0.179    -.0653395    .0121645
       var15 |   .0024374   .0251137     0.10   0.923    -.0468031    .0516779
       _cons |   .1133965   .0089402    12.68   0.000     .0958674    .1309257
------------------------------------------------------------------------------

Absorbed degrees of freedom:
-----------------------------------------------------+
 Absorbed FE | Categories  - Redundant  = Num. Coefs |
-------------+---------------------------------------|
     firm_id |      3207        3207           0    *|
          yh |        12           1          11     |
-----------------------------------------------------+
* = FE nested within cluster; treated as redundant for DoF computation
(MWFE estimator converged in 4 iterations)

Stored estimation results
-------------------------
----------------------------------------------------------------------------
             |           Dependent  Number of        
        Name | Command    variable     param.  Title 
-------------+--------------------------------------------------------------
_ivreg2_var3 | ivreg2         var3          9  First-stage regression: var3
_ivreg2_var5 | ivreg2         var5          9  First-stage regression: var5
_ivreg2_var9 | ivreg2         var9          9  First-stage regression: var9
_ivreg2_v~12 | ivreg2        var12          9  First-stage regression: var12
_ivreg2_v~15 | ivreg2        var15          9  First-stage regression: var15
----------------------------------------------------------------------------

IV (2SLS) estimation
--------------------

Estimates efficient for homoskedasticity only
Statistics robust to heteroskedasticity and clustering on firm_id

Number of clusters (firm_id) =    3207                Number of obs =    38436
                                                      F(  9,  3206) =    17.69
                                                      Prob > F      =   0.0000
Total (centered) SS     =   1211.55256                Centered R2   =   0.0003
Total (uncentered) SS   =   1211.55256                Uncentered R2 =   0.0003
Residual SS             =    1211.1496                Root MSE      =    .1776

------------------------------------------------------------------------------
             |               Robust
growth_rat~e | Coefficient  std. err.      t    P>|t|     [95% conf. interval]
-------------+----------------------------------------------------------------
        var3 |  -.2699356   .0832479    -3.24   0.001    -.4331601   -.1067111
        var5 |    .045316   .1002102     0.45   0.651    -.1511666    .2417986
        var9 |   .0043768   .0016105     2.72   0.007     .0012191    .0075345
       var12 |   .0000527   .0000179     2.94   0.003     .0000176    .0000877
       var15 |   .1151833   .0686195     1.68   0.093    -.0193593    .2497258
        var4 |  -.1234421   .0877292    -1.41   0.160    -.2954531    .0485688
        var8 |  -.0033842    .001218    -2.78   0.005    -.0057722   -.0009961
       var11 |  -.0000188   .0000127    -1.48   0.139    -.0000437    6.13e-06
       var14 |   -.104832    .054314    -1.93   0.054    -.2113257    .0016617
------------------------------------------------------------------------------
Underidentification test (Kleibergen-Paap rk LM statistic):             31.207
                                                   Chi-sq(1) P-val =    0.0000
------------------------------------------------------------------------------
Weak identification test (Cragg-Donald Wald F statistic):              256.356
                         (Kleibergen-Paap rk Wald F statistic):          6.617
Stock-Yogo weak ID test critical values:                       <not available>
------------------------------------------------------------------------------
Hansen J statistic (overidentification test of all instruments):         0.000
                                                 (equation exactly identified)
------------------------------------------------------------------------------
Instrumented:         var3 var5 var9 var12 var15
Included instruments: var4 var8 var11 var14
Excluded instruments: var6 var7 var10 var13 var16
Partialled-out:       _cons
                      nb: total SS, model F and R2s are after partialling-out;
                          any small-sample adjustments include partialled-out
                          variables in regressor count K
------------------------------------------------------------------------------

Absorbed degrees of freedom:
-----------------------------------------------------+
 Absorbed FE | Categories  - Redundant  = Num. Coefs |
-------------+---------------------------------------|
     firm_id |      3207        3207           0    *|
          yh |        12           1          11     |
-----------------------------------------------------+
* = FE nested within cluster; treated as redundant for DoF computation
→ Spec 13: rent_hhi_gap
(MWFE estimator converged in 4 iterations)

HDFE Linear regression                            Number of obs   =     38,436
Absorbing 2 HDFE groups                           F(   9,   3206) =      18.15
Statistics robust to heteroskedasticity           Prob > F        =     0.0000
                                                  R-squared       =     0.3556
                                                  Adj R-squared   =     0.2965
                                                  Within R-sq.    =     0.0118
Number of clusters (firm_id) =      3,207         Root MSE        =     0.1844

                            (Std. err. adjusted for 3,207 clusters in firm_id)
------------------------------------------------------------------------------
             |               Robust
growth_rat~e | Coefficient  std. err.      t    P>|t|     [95% conf. interval]
-------------+----------------------------------------------------------------
        var3 |  -.0504596   .0160234    -3.15   0.002    -.0818767   -.0190425
        var5 |    .059323   .0253898     2.34   0.020     .0095411    .1091048
        var4 |  -.1201979   .0226413    -5.31   0.000    -.1645908    -.075805
        var8 |  -.0000907   .0002226    -0.41   0.684    -.0005271    .0003457
        var9 |  -.0000428   .0003265    -0.13   0.896     -.000683    .0005973
       var11 |   4.65e-06   3.16e-06     1.47   0.141    -1.54e-06    .0000108
       var12 |   .0000201   5.59e-06     3.60   0.000     9.14e-06    .0000311
       var17 |  -1.99e-07   1.20e-07    -1.66   0.096    -4.35e-07    3.57e-08
       var18 |   6.39e-07   1.95e-07     3.27   0.001     2.56e-07    1.02e-06
       _cons |   .1066934   .0040213    26.53   0.000     .0988089    .1145779
------------------------------------------------------------------------------

Absorbed degrees of freedom:
-----------------------------------------------------+
 Absorbed FE | Categories  - Redundant  = Num. Coefs |
-------------+---------------------------------------|
     firm_id |      3207        3207           0    *|
          yh |        12           1          11     |
-----------------------------------------------------+
* = FE nested within cluster; treated as redundant for DoF computation
(MWFE estimator converged in 4 iterations)

Stored estimation results
-------------------------
----------------------------------------------------------------------------
             |           Dependent  Number of        
        Name | Command    variable     param.  Title 
-------------+--------------------------------------------------------------
_ivreg2_var3 | ivreg2         var3          9  First-stage regression: var3
_ivreg2_var5 | ivreg2         var5          9  First-stage regression: var5
_ivreg2_var9 | ivreg2         var9          9  First-stage regression: var9
_ivreg2_v~12 | ivreg2        var12          9  First-stage regression: var12
_ivreg2_v~18 | ivreg2        var18          9  First-stage regression: var18
----------------------------------------------------------------------------

IV (2SLS) estimation
--------------------

Estimates efficient for homoskedasticity only
Statistics robust to heteroskedasticity and clustering on firm_id

Number of clusters (firm_id) =    3207                Number of obs =    38436
                                                      F(  9,  3206) =    18.03
                                                      Prob > F      =   0.0000
Total (centered) SS     =   1211.55256                Centered R2   =   0.0019
Total (uncentered) SS   =   1211.55256                Uncentered R2 =   0.0019
Residual SS             =  1209.212668                Root MSE      =    .1774

------------------------------------------------------------------------------
             |               Robust
growth_rat~e | Coefficient  std. err.      t    P>|t|     [95% conf. interval]
-------------+----------------------------------------------------------------
        var3 |   -.169435   .0491343    -3.45   0.001     -.265773   -.0730971
        var5 |   .0281027   .1001948     0.28   0.779    -.1683497    .2245551
        var9 |   .0042316   .0016103     2.63   0.009     .0010743    .0073888
       var12 |   .0000468   .0000171     2.74   0.006     .0000133    .0000804
       var18 |   3.37e-07   5.46e-07     0.62   0.537    -7.34e-07    1.41e-06
        var4 |  -.1088238   .0878981    -1.24   0.216    -.2811661    .0635184
        var8 |  -.0032875    .001216    -2.70   0.007    -.0056718   -.0009032
       var11 |  -.0000135   .0000121    -1.11   0.266    -.0000373    .0000103
       var17 |  -1.39e-08   3.89e-07    -0.04   0.972    -7.77e-07    7.49e-07
------------------------------------------------------------------------------
Underidentification test (Kleibergen-Paap rk LM statistic):             31.020
                                                   Chi-sq(1) P-val =    0.0000
------------------------------------------------------------------------------
Weak identification test (Cragg-Donald Wald F statistic):              257.316
                         (Kleibergen-Paap rk Wald F statistic):          6.542
Stock-Yogo weak ID test critical values:                       <not available>
------------------------------------------------------------------------------
Hansen J statistic (overidentification test of all instruments):         0.000
                                                 (equation exactly identified)
------------------------------------------------------------------------------
Instrumented:         var3 var5 var9 var12 var18
Included instruments: var4 var8 var11 var17
Excluded instruments: var6 var7 var10 var13 var19
Partialled-out:       _cons
                      nb: total SS, model F and R2s are after partialling-out;
                          any small-sample adjustments include partialled-out
                          variables in regressor count K
------------------------------------------------------------------------------

Absorbed degrees of freedom:
-----------------------------------------------------+
 Absorbed FE | Categories  - Redundant  = Num. Coefs |
-------------+---------------------------------------|
     firm_id |      3207        3207           0    *|
          yh |        12           1          11     |
-----------------------------------------------------+
* = FE nested within cluster; treated as redundant for DoF computation
→ Spec 14: rent_seniority_gap
(MWFE estimator converged in 4 iterations)

HDFE Linear regression                            Number of obs   =     38,436
Absorbing 2 HDFE groups                           F(   9,   3206) =      15.54
Statistics robust to heteroskedasticity           Prob > F        =     0.0000
                                                  R-squared       =     0.3541
                                                  Adj R-squared   =     0.2949
                                                  Within R-sq.    =     0.0096
Number of clusters (firm_id) =      3,207         Root MSE        =     0.1846

                            (Std. err. adjusted for 3,207 clusters in firm_id)
------------------------------------------------------------------------------
             |               Robust
growth_rat~e | Coefficient  std. err.      t    P>|t|     [95% conf. interval]
-------------+----------------------------------------------------------------
        var3 |  -.0113318   .0274537    -0.41   0.680    -.0651603    .0424967
        var5 |   .0641835   .0250805     2.56   0.011      .015008     .113359
        var4 |  -.1228288   .0222079    -5.53   0.000    -.1663719   -.0792856
        var8 |  -.0000894     .00022    -0.41   0.685    -.0005208    .0003421
        var9 |  -.0000873   .0003257    -0.27   0.789    -.0007259    .0005513
       var14 |  -.0324158   .0198039    -1.64   0.102    -.0712455    .0064138
       var15 |  -.0268267   .0246053    -1.09   0.276    -.0750703     .021417
       var17 |  -1.69e-07   1.20e-07    -1.41   0.160    -4.05e-07    6.67e-08
       var18 |   6.82e-07   1.93e-07     3.54   0.000     3.04e-07    1.06e-06
       _cons |   .1205369   .0086406    13.95   0.000     .1035953    .1374786
------------------------------------------------------------------------------

Absorbed degrees of freedom:
-----------------------------------------------------+
 Absorbed FE | Categories  - Redundant  = Num. Coefs |
-------------+---------------------------------------|
     firm_id |      3207        3207           0    *|
          yh |        12           1          11     |
-----------------------------------------------------+
* = FE nested within cluster; treated as redundant for DoF computation
(MWFE estimator converged in 4 iterations)

Stored estimation results
-------------------------
----------------------------------------------------------------------------
             |           Dependent  Number of        
        Name | Command    variable     param.  Title 
-------------+--------------------------------------------------------------
_ivreg2_var3 | ivreg2         var3          9  First-stage regression: var3
_ivreg2_var5 | ivreg2         var5          9  First-stage regression: var5
_ivreg2_var9 | ivreg2         var9          9  First-stage regression: var9
_ivreg2_v~15 | ivreg2        var15          9  First-stage regression: var15
_ivreg2_v~18 | ivreg2        var18          9  First-stage regression: var18
----------------------------------------------------------------------------

IV (2SLS) estimation
--------------------

Estimates efficient for homoskedasticity only
Statistics robust to heteroskedasticity and clustering on firm_id

Number of clusters (firm_id) =    3207                Number of obs =    38436
                                                      F(  9,  3206) =    14.71
                                                      Prob > F      =   0.0000
Total (centered) SS     =   1211.55256                Centered R2   =   0.0006
Total (uncentered) SS   =   1211.55256                Uncentered R2 =   0.0006
Residual SS             =  1210.874637                Root MSE      =    .1775

------------------------------------------------------------------------------
             |               Robust
growth_rat~e | Coefficient  std. err.      t    P>|t|     [95% conf. interval]
-------------+----------------------------------------------------------------
        var3 |   -.184465   .0777913    -2.37   0.018    -.3369907   -.0319393
        var5 |   .1043689   .0956063     1.09   0.275    -.0830867    .2918246
        var9 |   .0039014    .001543     2.53   0.012     .0008762    .0069267
       var15 |   .0443917   .0702154     0.63   0.527    -.0932798    .1820633
       var18 |   6.78e-07   4.98e-07     1.36   0.173    -2.98e-07    1.65e-06
        var4 |  -.1689889   .0833204    -2.03   0.043    -.3323555   -.0056222
        var8 |  -.0030795   .0011614    -2.65   0.008    -.0053567   -.0008023
       var14 |  -.0849541   .0554523    -1.53   0.126    -.1936796    .0237714
       var17 |  -1.65e-07   3.64e-07    -0.45   0.651    -8.79e-07    5.50e-07
------------------------------------------------------------------------------
Underidentification test (Kleibergen-Paap rk LM statistic):             30.433
                                                   Chi-sq(1) P-val =    0.0000
------------------------------------------------------------------------------
Weak identification test (Cragg-Donald Wald F statistic):              268.681
                         (Kleibergen-Paap rk Wald F statistic):          6.479
Stock-Yogo weak ID test critical values:                       <not available>
------------------------------------------------------------------------------
Hansen J statistic (overidentification test of all instruments):         0.000
                                                 (equation exactly identified)
------------------------------------------------------------------------------
Instrumented:         var3 var5 var9 var15 var18
Included instruments: var4 var8 var14 var17
Excluded instruments: var6 var7 var10 var16 var19
Partialled-out:       _cons
                      nb: total SS, model F and R2s are after partialling-out;
                          any small-sample adjustments include partialled-out
                          variables in regressor count K
------------------------------------------------------------------------------

Absorbed degrees of freedom:
-----------------------------------------------------+
 Absorbed FE | Categories  - Redundant  = Num. Coefs |
-------------+---------------------------------------|
     firm_id |      3207        3207           0    *|
          yh |        12           1          11     |
-----------------------------------------------------+
* = FE nested within cluster; treated as redundant for DoF computation
→ Spec 15: hhi_seniority_gap
(MWFE estimator converged in 4 iterations)

HDFE Linear regression                            Number of obs   =     38,436
Absorbing 2 HDFE groups                           F(   9,   3206) =      18.86
Statistics robust to heteroskedasticity           Prob > F        =     0.0000
                                                  R-squared       =     0.3558
                                                  Adj R-squared   =     0.2968
                                                  Within R-sq.    =     0.0122
Number of clusters (firm_id) =      3,207         Root MSE        =     0.1844

                            (Std. err. adjusted for 3,207 clusters in firm_id)
------------------------------------------------------------------------------
             |               Robust
growth_rat~e | Coefficient  std. err.      t    P>|t|     [95% conf. interval]
-------------+----------------------------------------------------------------
        var3 |   -.055025   .0277732    -1.98   0.048    -.1094802   -.0005699
        var5 |   .0611644   .0245482     2.49   0.013     .0130326    .1092963
        var4 |  -.1249946   .0219581    -5.69   0.000     -.168048   -.0819413
       var11 |   2.62e-06   3.06e-06     0.86   0.392    -3.37e-06    8.61e-06
       var12 |    .000019   5.91e-06     3.22   0.001     7.42e-06    .0000306
       var14 |  -.0266586   .0200285    -1.33   0.183    -.0659287    .0126114
       var15 |   .0021601   .0252139     0.09   0.932    -.0472768     .051597
       var17 |  -1.77e-07   1.20e-07    -1.48   0.139    -4.13e-07    5.79e-08
       var18 |   6.19e-07   1.93e-07     3.21   0.001     2.40e-07    9.97e-07
       _cons |   .1164562   .0085223    13.66   0.000     .0997464     .133166
------------------------------------------------------------------------------

Absorbed degrees of freedom:
-----------------------------------------------------+
 Absorbed FE | Categories  - Redundant  = Num. Coefs |
-------------+---------------------------------------|
     firm_id |      3207        3207           0    *|
          yh |        12           1          11     |
-----------------------------------------------------+
* = FE nested within cluster; treated as redundant for DoF computation
(MWFE estimator converged in 4 iterations)

Stored estimation results
-------------------------
----------------------------------------------------------------------------
             |           Dependent  Number of        
        Name | Command    variable     param.  Title 
-------------+--------------------------------------------------------------
_ivreg2_var3 | ivreg2         var3          9  First-stage regression: var3
_ivreg2_var5 | ivreg2         var5          9  First-stage regression: var5
_ivreg2_v~12 | ivreg2        var12          9  First-stage regression: var12
_ivreg2_v~15 | ivreg2        var15          9  First-stage regression: var15
_ivreg2_v~18 | ivreg2        var18          9  First-stage regression: var18
----------------------------------------------------------------------------

IV (2SLS) estimation
--------------------

Estimates efficient for homoskedasticity only
Statistics robust to heteroskedasticity and clustering on firm_id

Number of clusters (firm_id) =    3207                Number of obs =    38436
                                                      F(  9,  3206) =    18.71
                                                      Prob > F      =   0.0000
Total (centered) SS     =   1211.55256                Centered R2   =   0.0100
Total (uncentered) SS   =   1211.55256                Uncentered R2 =   0.0100
Residual SS             =  1199.434921                Root MSE      =    .1767

------------------------------------------------------------------------------
             |               Robust
growth_rat~e | Coefficient  std. err.      t    P>|t|     [95% conf. interval]
-------------+----------------------------------------------------------------
        var3 |  -.1735929   .0720291    -2.41   0.016    -.3148207   -.0323651
        var5 |   .0576969   .1006374     0.57   0.566    -.1396233    .2550171
       var12 |   .0000521    .000017     3.06   0.002     .0000187    .0000855
       var15 |   .1187412   .0685422     1.73   0.083    -.0156498    .2531322
       var18 |   2.77e-07   5.40e-07     0.51   0.608    -7.81e-07    1.34e-06
        var4 |  -.1227261   .0864063    -1.42   0.156    -.2921433    .0466911
       var11 |  -.0000196   .0000118    -1.65   0.098    -.0000428    3.64e-06
       var14 |  -.1128954    .054739    -2.06   0.039    -.2202224   -.0055684
       var17 |   6.27e-08   3.91e-07     0.16   0.872    -7.03e-07    8.29e-07
------------------------------------------------------------------------------
Underidentification test (Kleibergen-Paap rk LM statistic):             23.559
                                                   Chi-sq(1) P-val =    0.0000
------------------------------------------------------------------------------
Weak identification test (Cragg-Donald Wald F statistic):              476.342
                         (Kleibergen-Paap rk Wald F statistic):          6.111
Stock-Yogo weak ID test critical values:                       <not available>
------------------------------------------------------------------------------
Hansen J statistic (overidentification test of all instruments):         0.000
                                                 (equation exactly identified)
------------------------------------------------------------------------------
Instrumented:         var3 var5 var12 var15 var18
Included instruments: var4 var11 var14 var17
Excluded instruments: var6 var7 var13 var16 var19
Partialled-out:       _cons
                      nb: total SS, model F and R2s are after partialling-out;
                          any small-sample adjustments include partialled-out
                          variables in regressor count K
------------------------------------------------------------------------------

Absorbed degrees of freedom:
-----------------------------------------------------+
 Absorbed FE | Categories  - Redundant  = Num. Coefs |
-------------+---------------------------------------|
     firm_id |      3207        3207           0    *|
          yh |        12           1          11     |
-----------------------------------------------------+
* = FE nested within cluster; treated as redundant for DoF computation
→ Spec 16: rent_hhi_seniority_gap
(MWFE estimator converged in 4 iterations)

HDFE Linear regression                            Number of obs   =     38,436
Absorbing 2 HDFE groups                           F(  11,   3206) =      15.68
Statistics robust to heteroskedasticity           Prob > F        =     0.0000
                                                  R-squared       =     0.3558
                                                  Adj R-squared   =     0.2967
                                                  Within R-sq.    =     0.0122
Number of clusters (firm_id) =      3,207         Root MSE        =     0.1844

                            (Std. err. adjusted for 3,207 clusters in firm_id)
------------------------------------------------------------------------------
             |               Robust
growth_rat~e | Coefficient  std. err.      t    P>|t|     [95% conf. interval]
-------------+----------------------------------------------------------------
        var3 |  -.0521769   .0301137    -1.73   0.083     -.111221    .0068672
        var5 |   .0612737   .0250881     2.44   0.015     .0120834    .1104639
        var4 |  -.1239505   .0222792    -5.56   0.000    -.1676334   -.0802677
        var8 |  -.0000805   .0002218    -0.36   0.717    -.0005155    .0003544
        var9 |   -.000045   .0003256    -0.14   0.890    -.0006834    .0005933
       var11 |   2.59e-06   3.08e-06     0.84   0.401    -3.45e-06    8.63e-06
       var12 |   .0000189   5.96e-06     3.18   0.002     7.24e-06    .0000306
       var14 |  -.0265518   .0200024    -1.33   0.184    -.0657706    .0126671
       var15 |   .0022589   .0251988     0.09   0.929    -.0471484    .0516663
       var17 |  -1.75e-07   1.20e-07    -1.45   0.146    -4.11e-07    6.10e-08
       var18 |   6.16e-07   1.93e-07     3.19   0.001     2.37e-07    9.96e-07
       _cons |   .1174097     .00907    12.94   0.000     .0996261    .1351933
------------------------------------------------------------------------------

Absorbed degrees of freedom:
-----------------------------------------------------+
 Absorbed FE | Categories  - Redundant  = Num. Coefs |
-------------+---------------------------------------|
     firm_id |      3207        3207           0    *|
          yh |        12           1          11     |
-----------------------------------------------------+
* = FE nested within cluster; treated as redundant for DoF computation
(MWFE estimator converged in 4 iterations)

Stored estimation results
-------------------------
----------------------------------------------------------------------------
             |           Dependent  Number of        
        Name | Command    variable     param.  Title 
-------------+--------------------------------------------------------------
_ivreg2_var3 | ivreg2         var3         11  First-stage regression: var3
_ivreg2_var5 | ivreg2         var5         11  First-stage regression: var5
_ivreg2_var9 | ivreg2         var9         11  First-stage regression: var9
_ivreg2_v~12 | ivreg2        var12         11  First-stage regression: var12
_ivreg2_v~15 | ivreg2        var15         11  First-stage regression: var15
_ivreg2_v~18 | ivreg2        var18         11  First-stage regression: var18
----------------------------------------------------------------------------

IV (2SLS) estimation
--------------------

Estimates efficient for homoskedasticity only
Statistics robust to heteroskedasticity and clustering on firm_id

Number of clusters (firm_id) =    3207                Number of obs =    38436
                                                      F( 11,  3206) =    15.81
                                                      Prob > F      =   0.0000
Total (centered) SS     =   1211.55256                Centered R2   =   0.0025
Total (uncentered) SS   =   1211.55256                Uncentered R2 =   0.0025
Residual SS             =  1208.553038                Root MSE      =    .1774

------------------------------------------------------------------------------
             |               Robust
growth_rat~e | Coefficient  std. err.      t    P>|t|     [95% conf. interval]
-------------+----------------------------------------------------------------
        var3 |  -.2753822   .0812548    -3.39   0.001    -.4346988   -.1160657
        var5 |   .0483292   .0996872     0.48   0.628    -.1471279    .2437863
        var9 |   .0041121   .0015974     2.57   0.010       .00098    .0072442
       var12 |   .0000494   .0000173     2.86   0.004     .0000155    .0000832
       var15 |   .1149982   .0689671     1.67   0.096    -.0202258    .2502223
       var18 |   2.20e-07   5.53e-07     0.40   0.691    -8.64e-07    1.30e-06
        var4 |  -.1256145   .0872313    -1.44   0.150    -.2966494    .0454203
        var8 |  -.0031791    .001208    -2.63   0.009    -.0055476   -.0008105
       var11 |  -.0000173   .0000121    -1.42   0.155     -.000041    6.51e-06
       var14 |  -.1063761   .0548686    -1.94   0.053    -.2139572     .001205
       var17 |   9.99e-08   4.01e-07     0.25   0.803    -6.86e-07    8.86e-07
------------------------------------------------------------------------------
Underidentification test (Kleibergen-Paap rk LM statistic):             30.482
                                                   Chi-sq(1) P-val =    0.0000
------------------------------------------------------------------------------
Weak identification test (Cragg-Donald Wald F statistic):              209.854
                         (Kleibergen-Paap rk Wald F statistic):          5.362
Stock-Yogo weak ID test critical values:                       <not available>
------------------------------------------------------------------------------
Hansen J statistic (overidentification test of all instruments):         0.000
                                                 (equation exactly identified)
------------------------------------------------------------------------------
Instrumented:         var3 var5 var9 var12 var15 var18
Included instruments: var4 var8 var11 var14 var17
Excluded instruments: var6 var7 var10 var13 var16 var19
Partialled-out:       _cons
                      nb: total SS, model F and R2s are after partialling-out;
                          any small-sample adjustments include partialled-out
                          variables in regressor count K
------------------------------------------------------------------------------

Absorbed degrees of freedom:
-----------------------------------------------------+
 Absorbed FE | Categories  - Redundant  = Num. Coefs |
-------------+---------------------------------------|
     firm_id |      3207        3207           0    *|
          yh |        12           1          11     |
-----------------------------------------------------+
* = FE nested within cluster; treated as redundant for DoF computation

. 
. 
. // 5) Close & export
. postclose handle

. use `out', clear

. export delimited using "`result_dir'/consolidated_results.csv", ///
>     replace delimiter(",") quote
file ../results/raw/firm_mechanisms/consolidated_results.csv saved

. 
. display as result "→ CSV written to `result_dir'/consolidated_results.csv"
→ CSV written to ../results/raw/firm_mechanisms/consolidated_results.csv

. capture log close
