-----------------------------------------------------------------------------------------------------------------------------------------
      name:  <unnamed>
       log:  /Users/saul/Dropbox/Remote Work Startups/main/spec/log/firm_mechanisms_covid.log
  log type:  text
 opened on:   4 Jun 2025, 08:48:33

. 
. 
. // 0) Globals + setup
. do "../src/globals.do"

. global raw_data "../data/raw"

. global processed_data  "../data/processed"

. global results "../results/raw"

. global clean_results "../results/cleaned"

. 
. 
. 
end of do-file

. local result_dir "$results/`specname'"

. capture mkdir "`result_dir'"

. 
. // 1) Load & prepare once
. use "$processed_data/firm_panel.dta", clear

. gen seniority_4 = !inrange(seniority_levels,1,3)

. 
. // interactions
. gen var8  = covid*rent
(3,186 missing values generated)

. // gen   = covid*rent*remote
. // gen  = teleworkable*covid*rent
. gen var11 = covid*hhi_1000
(34 missing values generated)

. // gen  = covid*hhi_1000*remote
. // gen  = teleworkable*covid*hhi_1000
. gen var14 = covid*seniority_4

. // gen  = covid*seniority_4*remote
. // gen  = teleworkable*covid*seniority_4
. 
. 
. // pick your mechanism here
. // local mech    sd_wage    // or: p90_p10_gap
. // local mech_label  sdw 
. 
. local mech    p90_p10_gap

. local mech_label  gap

. 
. 
. gen var17 = covid*`mech'
(37 missing values generated)

. gen var18 = covid*`mech'*remote
(37 missing values generated)

. gen var19 = teleworkable*covid*`mech'
(37 missing values generated)

. 
. 
. 
. capture postclose handle

. tempfile out

. postfile handle ///
>     str8   model_type  /// 
>     str244 spec        ///
>     str40  param       ///
>     double coef se pval pre_mean rkf nobs /// 
>     using `out', replace
(file /var/folders/hg/s3xm9w393gxby64_zklmhgbc0000gn/T//S_56802.000001 not found)

. 
. 
. 
. * ────────────────────────────────────────────────────────
. * 2) Redefine your specs list (16 total)
. * ────────────────────────────────────────────────────────
. 
. local specs ///
>   "baseline" ///
>   "rent" "hhi" "seniority" "`mech_label'" ///
>   "rent_hhi" "rent_seniority" "rent_`mech_label'" "hhi_seniority" "hhi_`mech_label'" "seniority_`mech_label'" ///
>   "rent_hhi_seniority" "rent_hhi_`mech_label'" "rent_seniority_`mech_label'" "hhi_seniority_`mech_label'" ///
>   "rent_hhi_seniority_`mech_label'"

. 
. 
. // drop if missing(rent, hhi_1000, seniority_4, sd_wage, p90_p10_gap)
. 
. 
. * ────────────────────────────────────────────────────────
. * 3) Define spec_… locals for OLS exog, IV exog, instruments & endogenous
. *    (indices correspond to word positions in `specs`)
. * ────────────────────────────────────────────────────────
. 
. //  1) baseline
. local spec_ols_exog1  var4

. local spec_iv_exog1   var4

. local spec_instr1     var6 var7

. local spec_endo1      var3 var5

. 
. //  2) rent
. local spec_ols_exog2  var4 var8  

. local spec_iv_exog2   var4 var8

. local spec_instr2     var6 var7 

. local spec_endo2      var3 var5 

. 
. //  3) hhi
. local spec_ols_exog3  var4 var11 

. local spec_iv_exog3   var4 var11

. local spec_instr3     var6 var7 

. local spec_endo3      var3 var5 

. 
. //  4) seniority
. local spec_ols_exog4  var4 var14 

. local spec_iv_exog4   var4 var14

. local spec_instr4     var6 var7 

. local spec_endo4      var3 var5 

. 
. //  5) `mech'
. local spec_ols_exog5  var4 var17 var18

. local spec_iv_exog5   var4 var17

. local spec_instr5     var6 var7 var19

. local spec_endo5      var3 var5 var18

. 
. //  6) rent_hhi
. local spec_ols_exog6  var4 var8  var11 

. local spec_iv_exog6   var4 var8 var11

. local spec_instr6     var6 var7  

. local spec_endo6      var3 var5  

. 
. //  7) rent_seniority
. local spec_ols_exog7  var4 var8  var14 

. local spec_iv_exog7   var4 var8 var14

. local spec_instr7     var6 var7  

. local spec_endo7      var3 var5  

. 
. //  8) rent_`mech'
. local spec_ols_exog8  var4 var8  var17 var18

. local spec_iv_exog8   var4 var8 var17

. local spec_instr8     var6 var7  var19

. local spec_endo8      var3 var5  var18

. 
. //  9) hhi_seniority
. local spec_ols_exog9  var4 var11  var14 

. local spec_iv_exog9   var4 var11 var14

. local spec_instr9     var6 var7  

. local spec_endo9      var3 var5  

. 
. // 10) hhi_`mech'
. local spec_ols_exog10 var4 var11  var17 var18

. local spec_iv_exog10  var4 var11 var17

. local spec_instr10    var6 var7  var19

. local spec_endo10     var3 var5  var18

. 
. // 11) `mech'_seniority
. local spec_ols_exog11 var4 var17 var18 var14 

. local spec_iv_exog11  var4 var17 var14

. local spec_instr11    var6 var7 var19 

. local spec_endo11     var3 var5 var18 

. 
. // 12) rent_hhi_seniority
. local spec_ols_exog12 var4 var8  var11  var14 

. local spec_iv_exog12  var4 var8 var11 var14

. local spec_instr12    var6 var7   

. local spec_endo12     var3 var5   

. 
. // 13) rent_hhi_`mech'
. local spec_ols_exog13 var4 var8  var11  var17 var18

. local spec_iv_exog13  var4 var8 var11 var17

. local spec_instr13    var6 var7   var19

. local spec_endo13     var3 var5   var18

. 
. // 14) rent_seniority_`mech'
. local spec_ols_exog14 var4 var8  var14  var17 var18

. local spec_iv_exog14  var4 var8 var14 var17

. local spec_instr14    var6 var7   var19

. local spec_endo14     var3 var5   var18

. 
. // 15) hhi_seniority_`mech'
. local spec_ols_exog15 var4 var11  var14  var17 var18

. local spec_iv_exog15  var4 var11 var14 var17

. local spec_instr15    var6 var7   var19

. local spec_endo15     var3 var5   var18

. 
. // 16) rent_hhi_seniority_`mech'
. local spec_ols_exog16 var4 var8  var11  var14  var17 var18

. local spec_iv_exog16  var4 var8 var11 var14 var17

. local spec_instr16    var6 var7    var19

. local spec_endo16     var3 var5    var18

. 
. 
. 
. 
. * ─── SPEC 1: Baseline on the full sample ────────────────────────
. display as text "→ Spec 1: baseline (full sample)"
→ Spec 1: baseline (full sample)

. 
. summarize growth_rate_we if covid == 0, meanonly

. local pre_mean = r(mean)

. 
. // 1a) OLS
. reghdfe growth_rate_we var3 var5 var4, ///
>     absorb(firm_id yh) vce(cluster firm_id)
(MWFE estimator converged in 4 iterations)

HDFE Linear regression                            Number of obs   =     41,980
Absorbing 2 HDFE groups                           F(   3,   3507) =      24.67
Statistics robust to heteroskedasticity           Prob > F        =     0.0000
                                                  R-squared       =     0.3488
                                                  Adj R-squared   =     0.2892
                                                  Within R-sq.    =     0.0055
Number of clusters (firm_id) =      3,508         Root MSE        =     0.1853

                            (Std. err. adjusted for 3,508 clusters in firm_id)
------------------------------------------------------------------------------
             |               Robust
growth_rat~e | Coefficient  std. err.      t    P>|t|     [95% conf. interval]
-------------+----------------------------------------------------------------
        var3 |   .0032223   .0046965     0.69   0.493    -.0059859    .0124305
        var5 |   .0699523   .0236946     2.95   0.003     .0234957     .116409
        var4 |   -.117261   .0211647    -5.54   0.000    -.1587573   -.0757646
       _cons |   .0998093   .0012425    80.33   0.000     .0973732    .1022453
------------------------------------------------------------------------------

Absorbed degrees of freedom:
-----------------------------------------------------+
 Absorbed FE | Categories  - Redundant  = Num. Coefs |
-------------+---------------------------------------|
     firm_id |      3508        3508           0    *|
          yh |        12           1          11     |
-----------------------------------------------------+
* = FE nested within cluster; treated as redundant for DoF computation

. local N = e(N)

. foreach p in var3 var5 {
  2.     local b    = _b[`p']
  3.     local se   = _se[`p']
  4.     local t    = `b'/`se'
  5.     local pval = 2*ttail(e(df_r), abs(`t'))
  6.     post handle ("OLS") ("baseline") ("`p'") ///
>                 (`b') (`se') (`pval') (`pre_mean') ///
>                 (.) (`N')
  7. }

. 
. // 1b) IV
. ivreghdfe growth_rate_we (var3 var5 = var6 var7) var4, ///
>     absorb(firm_id yh) vce(cluster firm_id) savefirst
(MWFE estimator converged in 4 iterations)

Stored estimation results
-------------------------
---------------------------------------------------------------------------
             |           Dependent  Number of        
        Name | Command    variable     param.  Title 
-------------+-------------------------------------------------------------
_ivreg2_var3 | ivreg2         var3          3  First-stage regression: var3
_ivreg2_var5 | ivreg2         var5          3  First-stage regression: var5
---------------------------------------------------------------------------

IV (2SLS) estimation
--------------------

Estimates efficient for homoskedasticity only
Statistics robust to heteroskedasticity and clustering on firm_id

Number of clusters (firm_id) =    3508                Number of obs =    41980
                                                      F(  3,  3507) =    22.94
                                                      Prob > F      =   0.0000
Total (centered) SS     =   1327.10484                Centered R2   =   0.0022
Total (uncentered) SS   =   1327.10484                Uncentered R2 =   0.0022
Residual SS             =  1324.192664                Root MSE      =    .1776

------------------------------------------------------------------------------
             |               Robust
growth_rat~e | Coefficient  std. err.      t    P>|t|     [95% conf. interval]
-------------+----------------------------------------------------------------
        var3 |   .0057809   .0093488     0.62   0.536    -.0125488    .0241105
        var5 |   .2088021   .1017564     2.05   0.040     .0092944    .4083098
        var4 |   -.236576   .0865024    -2.73   0.006     -.406176    -.066976
------------------------------------------------------------------------------
Underidentification test (Kleibergen-Paap rk LM statistic):             25.467
                                                   Chi-sq(1) P-val =    0.0000
------------------------------------------------------------------------------
Weak identification test (Cragg-Donald Wald F statistic):             1388.072
                         (Kleibergen-Paap rk Wald F statistic):         16.530
Stock-Yogo weak ID test critical values: 10% maximal IV size              7.03
                                         15% maximal IV size              4.58
                                         20% maximal IV size              3.95
                                         25% maximal IV size              3.63
Source: Stock-Yogo (2005).  Reproduced by permission.
NB: Critical values are for Cragg-Donald F statistic and i.i.d. errors.
------------------------------------------------------------------------------
Hansen J statistic (overidentification test of all instruments):         0.000
                                                 (equation exactly identified)
------------------------------------------------------------------------------
Instrumented:         var3 var5
Included instruments: var4
Excluded instruments: var6 var7
Partialled-out:       _cons
                      nb: total SS, model F and R2s are after partialling-out;
                          any small-sample adjustments include partialled-out
                          variables in regressor count K
------------------------------------------------------------------------------

Absorbed degrees of freedom:
-----------------------------------------------------+
 Absorbed FE | Categories  - Redundant  = Num. Coefs |
-------------+---------------------------------------|
     firm_id |      3508        3508           0    *|
          yh |        12           1          11     |
-----------------------------------------------------+
* = FE nested within cluster; treated as redundant for DoF computation

. local rkf = e(rkf)

. local N   = e(N)

. foreach p in var3 var5 {
  2.     local b    = _b[`p']
  3.     local se   = _se[`p']
  4.     local t    = `b'/`se'
  5.     local pval = 2*ttail(e(df_r), abs(`t'))
  6.     post handle ("IV") ("baseline") ("`p'") ///
>                 (`b') (`se') (`pval') (`pre_mean') ///
>                 (`rkf') (`N')
  7. }

. 
. // 2) Restrict for mechanism specs
. // Align sample with wage-dispersion mechanisms: require all mechanism vars
. 
. 
. * ────────────────────────────────────────────────────────
. * 4) Update your loop to run 2→n automatically
. * ────────────────────────────────────────────────────────
. local n = wordcount("`specs'")    // now 16

. forvalues i = 2/16 {
  2.     local spec    : word `i' of `specs'
  3.     local ols_exog "`spec_ols_exog`i''"
  4.     local iv_exog  "`spec_iv_exog`i''"
  5.     local instr    "`spec_instr`i''"
  6.     local endo     "`spec_endo`i''"
  7. 
.     display as text "→ Spec `i': `spec'"
  8. 
.     summarize growth_rate_we if covid == 0, meanonly
  9.     local pre_mean = r(mean)
 10. 
.     // 4a) OLS
.     reghdfe growth_rate_we var3 var5 `ols_exog', ///
>         absorb(firm_id yh) vce(cluster firm_id)
 11.     local N = e(N)
 12.     foreach p in var3 var5 {
 13.         local b    = _b[`p']
 14.         local se   = _se[`p']
 15.         local t    = `b'/`se'
 16.         local pval = 2*ttail(e(df_r), abs(`t'))
 17.         post handle ("OLS") ("`spec'") ("`p'") ///
>                     (`b') (`se') (`pval') (`pre_mean') ///
>                     (.) (`N')
 18.     }
 19. 
.     // 4b) IV
.     ivreghdfe growth_rate_we (`endo' = `instr') `iv_exog', ///
>         absorb(firm_id yh) vce(cluster firm_id) savefirst
 20.     local rkf = e(rkf)
 21.     local N   = e(N)
 22.     foreach p in var3 var5 {
 23.         local b    = _b[`p']
 24.         local se   = _se[`p']
 25.         local t    = `b'/`se'
 26.         local pval = 2*ttail(e(df_r), abs(`t'))
 27.         post handle ("IV") ("`spec'") ("`p'") ///
>                     (`b') (`se') (`pval') (`pre_mean') ///
>                     (`rkf') (`N')
 28.     }
 29. }
→ Spec 2: rent
(MWFE estimator converged in 4 iterations)

HDFE Linear regression                            Number of obs   =     38,794
Absorbing 2 HDFE groups                           F(   4,   3241) =      17.66
Statistics robust to heteroskedasticity           Prob > F        =     0.0000
                                                  R-squared       =     0.3498
                                                  Adj R-squared   =     0.2903
                                                  Within R-sq.    =     0.0055
Number of clusters (firm_id) =      3,242         Root MSE        =     0.1864

                            (Std. err. adjusted for 3,242 clusters in firm_id)
------------------------------------------------------------------------------
             |               Robust
growth_rat~e | Coefficient  std. err.      t    P>|t|     [95% conf. interval]
-------------+----------------------------------------------------------------
        var3 |   .0040306   .0048934     0.82   0.410    -.0055639    .0136252
        var5 |   .0679618   .0250552     2.71   0.007     .0188362    .1170873
        var4 |  -.1132191   .0224107    -5.05   0.000    -.1571596   -.0692785
        var8 |  -.0001956   .0001343    -1.46   0.145    -.0004589    .0000677
       _cons |    .104223   .0023088    45.14   0.000     .0996962    .1087498
------------------------------------------------------------------------------

Absorbed degrees of freedom:
-----------------------------------------------------+
 Absorbed FE | Categories  - Redundant  = Num. Coefs |
-------------+---------------------------------------|
     firm_id |      3242        3242           0    *|
          yh |        12           1          11     |
-----------------------------------------------------+
* = FE nested within cluster; treated as redundant for DoF computation
(MWFE estimator converged in 4 iterations)

Stored estimation results
-------------------------
---------------------------------------------------------------------------
             |           Dependent  Number of        
        Name | Command    variable     param.  Title 
-------------+-------------------------------------------------------------
_ivreg2_var3 | ivreg2         var3          4  First-stage regression: var3
_ivreg2_var5 | ivreg2         var5          4  First-stage regression: var5
---------------------------------------------------------------------------

IV (2SLS) estimation
--------------------

Estimates efficient for homoskedasticity only
Statistics robust to heteroskedasticity and clustering on firm_id

Number of clusters (firm_id) =    3242                Number of obs =    38794
                                                      F(  4,  3241) =    16.68
                                                      Prob > F      =   0.0000
Total (centered) SS     =  1241.191065                Centered R2   =   0.0017
Total (uncentered) SS   =  1241.191065                Uncentered R2 =   0.0017
Residual SS             =  1239.127351                Root MSE      =    .1788

------------------------------------------------------------------------------
             |               Robust
growth_rat~e | Coefficient  std. err.      t    P>|t|     [95% conf. interval]
-------------+----------------------------------------------------------------
        var3 |   .0167541   .0100499     1.67   0.096    -.0029507    .0364588
        var5 |   .2063129   .1107407     1.86   0.063     -.010816    .4234418
        var4 |  -.2343102   .0942455    -2.49   0.013    -.4190971   -.0495234
        var8 |  -.0002962   .0001494    -1.98   0.048    -.0005891   -3.18e-06
------------------------------------------------------------------------------
Underidentification test (Kleibergen-Paap rk LM statistic):             22.055
                                                   Chi-sq(1) P-val =    0.0000
------------------------------------------------------------------------------
Weak identification test (Cragg-Donald Wald F statistic):             1165.516
                         (Kleibergen-Paap rk Wald F statistic):         14.170
Stock-Yogo weak ID test critical values: 10% maximal IV size              7.03
                                         15% maximal IV size              4.58
                                         20% maximal IV size              3.95
                                         25% maximal IV size              3.63
Source: Stock-Yogo (2005).  Reproduced by permission.
NB: Critical values are for Cragg-Donald F statistic and i.i.d. errors.
------------------------------------------------------------------------------
Hansen J statistic (overidentification test of all instruments):         0.000
                                                 (equation exactly identified)
------------------------------------------------------------------------------
Instrumented:         var3 var5
Included instruments: var4 var8
Excluded instruments: var6 var7
Partialled-out:       _cons
                      nb: total SS, model F and R2s are after partialling-out;
                          any small-sample adjustments include partialled-out
                          variables in regressor count K
------------------------------------------------------------------------------

Absorbed degrees of freedom:
-----------------------------------------------------+
 Absorbed FE | Categories  - Redundant  = Num. Coefs |
-------------+---------------------------------------|
     firm_id |      3242        3242           0    *|
          yh |        12           1          11     |
-----------------------------------------------------+
* = FE nested within cluster; treated as redundant for DoF computation
→ Spec 3: hhi
(MWFE estimator converged in 4 iterations)

HDFE Linear regression                            Number of obs   =     41,946
Absorbing 2 HDFE groups                           F(   4,   3501) =      38.70
Statistics robust to heteroskedasticity           Prob > F        =     0.0000
                                                  R-squared       =     0.3520
                                                  Adj R-squared   =     0.2927
                                                  Within R-sq.    =     0.0114
Number of clusters (firm_id) =      3,502         Root MSE        =     0.1844

                            (Std. err. adjusted for 3,502 clusters in firm_id)
------------------------------------------------------------------------------
             |               Robust
growth_rat~e | Coefficient  std. err.      t    P>|t|     [95% conf. interval]
-------------+----------------------------------------------------------------
        var3 |    .004159   .0047353     0.88   0.380    -.0051254    .0134433
        var5 |   .0732922   .0231138     3.17   0.002     .0279743    .1186101
        var4 |  -.1291719   .0207722    -6.22   0.000    -.1698987   -.0884452
       var11 |   .0000193   2.52e-06     7.69   0.000     .0000144    .0000243
       _cons |   .0917866   .0017021    53.93   0.000     .0884495    .0951238
------------------------------------------------------------------------------

Absorbed degrees of freedom:
-----------------------------------------------------+
 Absorbed FE | Categories  - Redundant  = Num. Coefs |
-------------+---------------------------------------|
     firm_id |      3502        3502           0    *|
          yh |        12           1          11     |
-----------------------------------------------------+
* = FE nested within cluster; treated as redundant for DoF computation
(MWFE estimator converged in 4 iterations)

Stored estimation results
-------------------------
---------------------------------------------------------------------------
             |           Dependent  Number of        
        Name | Command    variable     param.  Title 
-------------+-------------------------------------------------------------
_ivreg2_var3 | ivreg2         var3          4  First-stage regression: var3
_ivreg2_var5 | ivreg2         var5          4  First-stage regression: var5
---------------------------------------------------------------------------

IV (2SLS) estimation
--------------------

Estimates efficient for homoskedasticity only
Statistics robust to heteroskedasticity and clustering on firm_id

Number of clusters (firm_id) =    3502                Number of obs =    41946
                                                      F(  4,  3501) =    36.95
                                                      Prob > F      =   0.0000
Total (centered) SS     =  1321.526286                Centered R2   =   0.0092
Total (uncentered) SS   =  1321.526286                Uncentered R2 =   0.0092
Residual SS             =   1309.30663                Root MSE      =    .1767

------------------------------------------------------------------------------
             |               Robust
growth_rat~e | Coefficient  std. err.      t    P>|t|     [95% conf. interval]
-------------+----------------------------------------------------------------
        var3 |   .0191606   .0093035     2.06   0.040     .0009199    .0374014
        var5 |   .1656982   .0948853     1.75   0.081    -.0203379    .3517343
        var4 |  -.2125169   .0811473    -2.62   0.009    -.3716177    -.053416
       var11 |   .0000196   2.52e-06     7.77   0.000     .0000146    .0000245
------------------------------------------------------------------------------
Underidentification test (Kleibergen-Paap rk LM statistic):             25.121
                                                   Chi-sq(1) P-val =    0.0000
------------------------------------------------------------------------------
Weak identification test (Cragg-Donald Wald F statistic):             1393.215
                         (Kleibergen-Paap rk Wald F statistic):         16.284
Stock-Yogo weak ID test critical values: 10% maximal IV size              7.03
                                         15% maximal IV size              4.58
                                         20% maximal IV size              3.95
                                         25% maximal IV size              3.63
Source: Stock-Yogo (2005).  Reproduced by permission.
NB: Critical values are for Cragg-Donald F statistic and i.i.d. errors.
------------------------------------------------------------------------------
Hansen J statistic (overidentification test of all instruments):         0.000
                                                 (equation exactly identified)
------------------------------------------------------------------------------
Instrumented:         var3 var5
Included instruments: var4 var11
Excluded instruments: var6 var7
Partialled-out:       _cons
                      nb: total SS, model F and R2s are after partialling-out;
                          any small-sample adjustments include partialled-out
                          variables in regressor count K
------------------------------------------------------------------------------

Absorbed degrees of freedom:
-----------------------------------------------------+
 Absorbed FE | Categories  - Redundant  = Num. Coefs |
-------------+---------------------------------------|
     firm_id |      3502        3502           0    *|
          yh |        12           1          11     |
-----------------------------------------------------+
* = FE nested within cluster; treated as redundant for DoF computation
→ Spec 4: seniority
(MWFE estimator converged in 4 iterations)

HDFE Linear regression                            Number of obs   =     41,980
Absorbing 2 HDFE groups                           F(   4,   3507) =      32.36
Statistics robust to heteroskedasticity           Prob > F        =     0.0000
                                                  R-squared       =     0.3508
                                                  Adj R-squared   =     0.2913
                                                  Within R-sq.    =     0.0085
Number of clusters (firm_id) =      3,508         Root MSE        =     0.1850

                            (Std. err. adjusted for 3,508 clusters in firm_id)
------------------------------------------------------------------------------
             |               Robust
growth_rat~e | Coefficient  std. err.      t    P>|t|     [95% conf. interval]
-------------+----------------------------------------------------------------
        var3 |  -.0009644   .0046662    -0.21   0.836    -.0101131    .0081843
        var5 |    .072678   .0232149     3.13   0.002      .027162     .118194
        var4 |  -.1278693   .0207307    -6.17   0.000    -.1685147   -.0872238
       var14 |  -.0616063   .0099362    -6.20   0.000    -.0810876    -.042125
       _cons |   .1242679   .0039248    31.66   0.000     .1165728     .131963
------------------------------------------------------------------------------

Absorbed degrees of freedom:
-----------------------------------------------------+
 Absorbed FE | Categories  - Redundant  = Num. Coefs |
-------------+---------------------------------------|
     firm_id |      3508        3508           0    *|
          yh |        12           1          11     |
-----------------------------------------------------+
* = FE nested within cluster; treated as redundant for DoF computation
(MWFE estimator converged in 4 iterations)

Stored estimation results
-------------------------
---------------------------------------------------------------------------
             |           Dependent  Number of        
        Name | Command    variable     param.  Title 
-------------+-------------------------------------------------------------
_ivreg2_var3 | ivreg2         var3          4  First-stage regression: var3
_ivreg2_var5 | ivreg2         var5          4  First-stage regression: var5
---------------------------------------------------------------------------

IV (2SLS) estimation
--------------------

Estimates efficient for homoskedasticity only
Statistics robust to heteroskedasticity and clustering on firm_id

Number of clusters (firm_id) =    3508                Number of obs =    41980
                                                      F(  4,  3507) =    30.11
                                                      Prob > F      =   0.0000
Total (centered) SS     =   1327.10484                Centered R2   =   0.0073
Total (uncentered) SS   =   1327.10484                Uncentered R2 =   0.0073
Residual SS             =  1317.393848                Root MSE      =    .1772

------------------------------------------------------------------------------
             |               Robust
growth_rat~e | Coefficient  std. err.      t    P>|t|     [95% conf. interval]
-------------+----------------------------------------------------------------
        var3 |   .0008945   .0092101     0.10   0.923    -.0171632    .0189523
        var5 |    .156249   .0959597     1.63   0.104    -.0318936    .3443915
        var4 |   -.199687    .081607    -2.45   0.014     -.359689    -.039685
       var14 |  -.0610396   .0100078    -6.10   0.000    -.0806614   -.0414179
------------------------------------------------------------------------------
Underidentification test (Kleibergen-Paap rk LM statistic):             25.366
                                                   Chi-sq(1) P-val =    0.0000
------------------------------------------------------------------------------
Weak identification test (Cragg-Donald Wald F statistic):             1391.058
                         (Kleibergen-Paap rk Wald F statistic):         16.570
Stock-Yogo weak ID test critical values: 10% maximal IV size              7.03
                                         15% maximal IV size              4.58
                                         20% maximal IV size              3.95
                                         25% maximal IV size              3.63
Source: Stock-Yogo (2005).  Reproduced by permission.
NB: Critical values are for Cragg-Donald F statistic and i.i.d. errors.
------------------------------------------------------------------------------
Hansen J statistic (overidentification test of all instruments):         0.000
                                                 (equation exactly identified)
------------------------------------------------------------------------------
Instrumented:         var3 var5
Included instruments: var4 var14
Excluded instruments: var6 var7
Partialled-out:       _cons
                      nb: total SS, model F and R2s are after partialling-out;
                          any small-sample adjustments include partialled-out
                          variables in regressor count K
------------------------------------------------------------------------------

Absorbed degrees of freedom:
-----------------------------------------------------+
 Absorbed FE | Categories  - Redundant  = Num. Coefs |
-------------+---------------------------------------|
     firm_id |      3508        3508           0    *|
          yh |        12           1          11     |
-----------------------------------------------------+
* = FE nested within cluster; treated as redundant for DoF computation
→ Spec 5: gap
(MWFE estimator converged in 4 iterations)

HDFE Linear regression                            Number of obs   =     41,943
Absorbing 2 HDFE groups                           F(   5,   3501) =      16.21
Statistics robust to heteroskedasticity           Prob > F        =     0.0000
                                                  R-squared       =     0.3496
                                                  Adj R-squared   =     0.2901
                                                  Within R-sq.    =     0.0061
Number of clusters (firm_id) =      3,502         Root MSE        =     0.1850

                            (Std. err. adjusted for 3,502 clusters in firm_id)
------------------------------------------------------------------------------
             |               Robust
growth_rat~e | Coefficient  std. err.      t    P>|t|     [95% conf. interval]
-------------+----------------------------------------------------------------
        var3 |  -.0249692   .0111314    -2.24   0.025    -.0467939   -.0031445
        var5 |   .0676856   .0236756     2.86   0.004     .0212662     .114105
        var4 |  -.1168356    .021152    -5.52   0.000    -.1583071   -.0753641
       var17 |  -1.55e-07   1.12e-07    -1.39   0.166    -3.74e-07    6.43e-08
       var18 |   5.11e-07   1.87e-07     2.73   0.006     1.44e-07    8.79e-07
       _cons |   .1034299   .0027915    37.05   0.000     .0979569     .108903
------------------------------------------------------------------------------

Absorbed degrees of freedom:
-----------------------------------------------------+
 Absorbed FE | Categories  - Redundant  = Num. Coefs |
-------------+---------------------------------------|
     firm_id |      3502        3502           0    *|
          yh |        12           1          11     |
-----------------------------------------------------+
* = FE nested within cluster; treated as redundant for DoF computation
(MWFE estimator converged in 4 iterations)

Stored estimation results
-------------------------
----------------------------------------------------------------------------
             |           Dependent  Number of        
        Name | Command    variable     param.  Title 
-------------+--------------------------------------------------------------
_ivreg2_var3 | ivreg2         var3          5  First-stage regression: var3
_ivreg2_var5 | ivreg2         var5          5  First-stage regression: var5
_ivreg2_v~18 | ivreg2        var18          5  First-stage regression: var18
----------------------------------------------------------------------------

IV (2SLS) estimation
--------------------

Estimates efficient for homoskedasticity only
Statistics robust to heteroskedasticity and clustering on firm_id

Number of clusters (firm_id) =    3502                Number of obs =    41943
                                                      F(  5,  3501) =    15.40
                                                      Prob > F      =   0.0000
Total (centered) SS     =  1323.007202                Centered R2   =   0.0024
Total (uncentered) SS   =  1323.007202                Uncentered R2 =   0.0024
Residual SS             =  1319.791981                Root MSE      =    .1774

------------------------------------------------------------------------------
             |               Robust
growth_rat~e | Coefficient  std. err.      t    P>|t|     [95% conf. interval]
-------------+----------------------------------------------------------------
        var3 |  -.0303333   .0339349    -0.89   0.371    -.0968674    .0362009
        var5 |   .2156944   .1041658     2.07   0.038     .0114627    .4199262
       var18 |   6.13e-07   5.72e-07     1.07   0.284    -5.08e-07    1.73e-06
        var4 |  -.2432967   .0883756    -2.75   0.006    -.4165696   -.0700238
       var17 |  -2.45e-07   3.99e-07    -0.61   0.539    -1.03e-06    5.37e-07
------------------------------------------------------------------------------
Underidentification test (Kleibergen-Paap rk LM statistic):             25.280
                                                   Chi-sq(1) P-val =    0.0000
------------------------------------------------------------------------------
Weak identification test (Cragg-Donald Wald F statistic):              889.456
                         (Kleibergen-Paap rk Wald F statistic):         10.638
Stock-Yogo weak ID test critical values:                       <not available>
------------------------------------------------------------------------------
Hansen J statistic (overidentification test of all instruments):         0.000
                                                 (equation exactly identified)
------------------------------------------------------------------------------
Instrumented:         var3 var5 var18
Included instruments: var4 var17
Excluded instruments: var6 var7 var19
Partialled-out:       _cons
                      nb: total SS, model F and R2s are after partialling-out;
                          any small-sample adjustments include partialled-out
                          variables in regressor count K
------------------------------------------------------------------------------

Absorbed degrees of freedom:
-----------------------------------------------------+
 Absorbed FE | Categories  - Redundant  = Num. Coefs |
-------------+---------------------------------------|
     firm_id |      3502        3502           0    *|
          yh |        12           1          11     |
-----------------------------------------------------+
* = FE nested within cluster; treated as redundant for DoF computation
→ Spec 6: rent_hhi
(MWFE estimator converged in 4 iterations)

HDFE Linear regression                            Number of obs   =     38,760
Absorbing 2 HDFE groups                           F(   5,   3235) =      29.50
Statistics robust to heteroskedasticity           Prob > F        =     0.0000
                                                  R-squared       =     0.3527
                                                  Adj R-squared   =     0.2934
                                                  Within R-sq.    =     0.0108
Number of clusters (firm_id) =      3,236         Root MSE        =     0.1855

                            (Std. err. adjusted for 3,236 clusters in firm_id)
------------------------------------------------------------------------------
             |               Robust
growth_rat~e | Coefficient  std. err.      t    P>|t|     [95% conf. interval]
-------------+----------------------------------------------------------------
        var3 |   .0039355   .0049606     0.79   0.428    -.0057906    .0136616
        var5 |    .072257   .0244638     2.95   0.003     .0242908    .1202231
        var4 |  -.1268651    .022022    -5.76   0.000    -.1700435   -.0836866
        var8 |  -.0001127   .0001333    -0.84   0.398    -.0003741    .0001488
       var11 |   .0000187   2.62e-06     7.16   0.000     .0000136    .0000239
       _cons |   .0954685   .0027056    35.29   0.000     .0901637    .1007733
------------------------------------------------------------------------------

Absorbed degrees of freedom:
-----------------------------------------------------+
 Absorbed FE | Categories  - Redundant  = Num. Coefs |
-------------+---------------------------------------|
     firm_id |      3236        3236           0    *|
          yh |        12           1          11     |
-----------------------------------------------------+
* = FE nested within cluster; treated as redundant for DoF computation
(MWFE estimator converged in 4 iterations)

Stored estimation results
-------------------------
---------------------------------------------------------------------------
             |           Dependent  Number of        
        Name | Command    variable     param.  Title 
-------------+-------------------------------------------------------------
_ivreg2_var3 | ivreg2         var3          5  First-stage regression: var3
_ivreg2_var5 | ivreg2         var5          5  First-stage regression: var5
---------------------------------------------------------------------------

IV (2SLS) estimation
--------------------

Estimates efficient for homoskedasticity only
Statistics robust to heteroskedasticity and clustering on firm_id

Number of clusters (firm_id) =    3236                Number of obs =    38760
                                                      F(  5,  3235) =    28.13
                                                      Prob > F      =   0.0000
Total (centered) SS     =  1235.606592                Centered R2   =   0.0083
Total (uncentered) SS   =  1235.606592                Uncentered R2 =   0.0083
Residual SS             =  1225.364957                Root MSE      =    .1778

------------------------------------------------------------------------------
             |               Robust
growth_rat~e | Coefficient  std. err.      t    P>|t|     [95% conf. interval]
-------------+----------------------------------------------------------------
        var3 |   .0265514   .0103043     2.58   0.010     .0063477    .0467551
        var5 |   .1637603   .1030371     1.59   0.112    -.0382644    .3657849
        var4 |  -.2104887   .0882081    -2.39   0.017    -.3834381   -.0375393
        var8 |  -.0002313   .0001466    -1.58   0.115    -.0005187    .0000561
       var11 |    .000019   2.63e-06     7.20   0.000     .0000138    .0000241
------------------------------------------------------------------------------
Underidentification test (Kleibergen-Paap rk LM statistic):             21.757
                                                   Chi-sq(1) P-val =    0.0000
------------------------------------------------------------------------------
Weak identification test (Cragg-Donald Wald F statistic):             1170.715
                         (Kleibergen-Paap rk Wald F statistic):         13.961
Stock-Yogo weak ID test critical values: 10% maximal IV size              7.03
                                         15% maximal IV size              4.58
                                         20% maximal IV size              3.95
                                         25% maximal IV size              3.63
Source: Stock-Yogo (2005).  Reproduced by permission.
NB: Critical values are for Cragg-Donald F statistic and i.i.d. errors.
------------------------------------------------------------------------------
Hansen J statistic (overidentification test of all instruments):         0.000
                                                 (equation exactly identified)
------------------------------------------------------------------------------
Instrumented:         var3 var5
Included instruments: var4 var8 var11
Excluded instruments: var6 var7
Partialled-out:       _cons
                      nb: total SS, model F and R2s are after partialling-out;
                          any small-sample adjustments include partialled-out
                          variables in regressor count K
------------------------------------------------------------------------------

Absorbed degrees of freedom:
-----------------------------------------------------+
 Absorbed FE | Categories  - Redundant  = Num. Coefs |
-------------+---------------------------------------|
     firm_id |      3236        3236           0    *|
          yh |        12           1          11     |
-----------------------------------------------------+
* = FE nested within cluster; treated as redundant for DoF computation
→ Spec 7: rent_seniority
(MWFE estimator converged in 4 iterations)

HDFE Linear regression                            Number of obs   =     38,794
Absorbing 2 HDFE groups                           F(   5,   3241) =      24.93
Statistics robust to heteroskedasticity           Prob > F        =     0.0000
                                                  R-squared       =     0.3518
                                                  Adj R-squared   =     0.2924
                                                  Within R-sq.    =     0.0085
Number of clusters (firm_id) =      3,242         Root MSE        =     0.1861

                            (Std. err. adjusted for 3,242 clusters in firm_id)
------------------------------------------------------------------------------
             |               Robust
growth_rat~e | Coefficient  std. err.      t    P>|t|     [95% conf. interval]
-------------+----------------------------------------------------------------
        var3 |  -.0011551   .0048918    -0.24   0.813    -.0107465    .0084362
        var5 |    .071885   .0245665     2.93   0.003     .0237176    .1200524
        var4 |  -.1255136   .0219686    -5.71   0.000    -.1685873   -.0824399
        var8 |  -.0001433   .0001331    -1.08   0.282    -.0004043    .0001177
       var14 |  -.0615975   .0103581    -5.95   0.000    -.0819065   -.0412886
       _cons |   .1281449    .004366    29.35   0.000     .1195845    .1367054
------------------------------------------------------------------------------

Absorbed degrees of freedom:
-----------------------------------------------------+
 Absorbed FE | Categories  - Redundant  = Num. Coefs |
-------------+---------------------------------------|
     firm_id |      3242        3242           0    *|
          yh |        12           1          11     |
-----------------------------------------------------+
* = FE nested within cluster; treated as redundant for DoF computation
(MWFE estimator converged in 4 iterations)

Stored estimation results
-------------------------
---------------------------------------------------------------------------
             |           Dependent  Number of        
        Name | Command    variable     param.  Title 
-------------+-------------------------------------------------------------
_ivreg2_var3 | ivreg2         var3          5  First-stage regression: var3
_ivreg2_var5 | ivreg2         var5          5  First-stage regression: var5
---------------------------------------------------------------------------

IV (2SLS) estimation
--------------------

Estimates efficient for homoskedasticity only
Statistics robust to heteroskedasticity and clustering on firm_id

Number of clusters (firm_id) =    3242                Number of obs =    38794
                                                      F(  5,  3241) =    23.19
                                                      Prob > F      =   0.0000
Total (centered) SS     =  1241.191065                Centered R2   =   0.0072
Total (uncentered) SS   =  1241.191065                Uncentered R2 =   0.0072
Residual SS             =  1232.315472                Root MSE      =    .1783

------------------------------------------------------------------------------
             |               Robust
growth_rat~e | Coefficient  std. err.      t    P>|t|     [95% conf. interval]
-------------+----------------------------------------------------------------
        var3 |   .0077319   .0099363     0.78   0.437    -.0117501    .0272139
        var5 |   .1513264   .1042537     1.45   0.147    -.0530834    .3557362
        var4 |   -.195227   .0887461    -2.20   0.028    -.3692311   -.0212229
        var8 |  -.0002076   .0001473    -1.41   0.159    -.0004964    .0000811
       var14 |  -.0604105   .0104439    -5.78   0.000    -.0808878   -.0399332
------------------------------------------------------------------------------
Underidentification test (Kleibergen-Paap rk LM statistic):             22.080
                                                   Chi-sq(1) P-val =    0.0000
------------------------------------------------------------------------------
Weak identification test (Cragg-Donald Wald F statistic):             1167.836
                         (Kleibergen-Paap rk Wald F statistic):         14.274
Stock-Yogo weak ID test critical values: 10% maximal IV size              7.03
                                         15% maximal IV size              4.58
                                         20% maximal IV size              3.95
                                         25% maximal IV size              3.63
Source: Stock-Yogo (2005).  Reproduced by permission.
NB: Critical values are for Cragg-Donald F statistic and i.i.d. errors.
------------------------------------------------------------------------------
Hansen J statistic (overidentification test of all instruments):         0.000
                                                 (equation exactly identified)
------------------------------------------------------------------------------
Instrumented:         var3 var5
Included instruments: var4 var8 var14
Excluded instruments: var6 var7
Partialled-out:       _cons
                      nb: total SS, model F and R2s are after partialling-out;
                          any small-sample adjustments include partialled-out
                          variables in regressor count K
------------------------------------------------------------------------------

Absorbed degrees of freedom:
-----------------------------------------------------+
 Absorbed FE | Categories  - Redundant  = Num. Coefs |
-------------+---------------------------------------|
     firm_id |      3242        3242           0    *|
          yh |        12           1          11     |
-----------------------------------------------------+
* = FE nested within cluster; treated as redundant for DoF computation
→ Spec 8: rent_gap
(MWFE estimator converged in 4 iterations)

HDFE Linear regression                            Number of obs   =     38,763
Absorbing 2 HDFE groups                           F(   6,   3236) =      13.16
Statistics robust to heteroskedasticity           Prob > F        =     0.0000
                                                  R-squared       =     0.3503
                                                  Adj R-squared   =     0.2908
                                                  Within R-sq.    =     0.0063
Number of clusters (firm_id) =      3,237         Root MSE        =     0.1863

                            (Std. err. adjusted for 3,237 clusters in firm_id)
------------------------------------------------------------------------------
             |               Robust
growth_rat~e | Coefficient  std. err.      t    P>|t|     [95% conf. interval]
-------------+----------------------------------------------------------------
        var3 |  -.0313847   .0117584    -2.67   0.008    -.0544395     -.00833
        var5 |   .0653842   .0250573     2.61   0.009     .0162543     .114514
        var4 |   -.113021   .0224154    -5.04   0.000    -.1569708   -.0690711
        var8 |   -.000188   .0001341    -1.40   0.161    -.0004509     .000075
       var17 |  -2.26e-07   1.23e-07    -1.84   0.065    -4.67e-07    1.45e-08
       var18 |   6.40e-07   1.99e-07     3.22   0.001     2.51e-07    1.03e-06
       _cons |   .1094058   .0034547    31.67   0.000     .1026322    .1161793
------------------------------------------------------------------------------

Absorbed degrees of freedom:
-----------------------------------------------------+
 Absorbed FE | Categories  - Redundant  = Num. Coefs |
-------------+---------------------------------------|
     firm_id |      3237        3237           0    *|
          yh |        12           1          11     |
-----------------------------------------------------+
* = FE nested within cluster; treated as redundant for DoF computation
(MWFE estimator converged in 4 iterations)

Stored estimation results
-------------------------
----------------------------------------------------------------------------
             |           Dependent  Number of        
        Name | Command    variable     param.  Title 
-------------+--------------------------------------------------------------
_ivreg2_var3 | ivreg2         var3          6  First-stage regression: var3
_ivreg2_var5 | ivreg2         var5          6  First-stage regression: var5
_ivreg2_v~18 | ivreg2        var18          6  First-stage regression: var18
----------------------------------------------------------------------------

IV (2SLS) estimation
--------------------

Estimates efficient for homoskedasticity only
Statistics robust to heteroskedasticity and clustering on firm_id

Number of clusters (firm_id) =    3237                Number of obs =    38763
                                                      F(  6,  3236) =    12.45
                                                      Prob > F      =   0.0000
Total (centered) SS     =  1239.657071                Centered R2   =   0.0022
Total (uncentered) SS   =  1239.657071                Uncentered R2 =   0.0022
Residual SS             =  1236.990383                Root MSE      =    .1787

------------------------------------------------------------------------------
             |               Robust
growth_rat~e | Coefficient  std. err.      t    P>|t|     [95% conf. interval]
-------------+----------------------------------------------------------------
        var3 |  -.0232592   .0338777    -0.69   0.492    -.0896831    .0431648
        var5 |     .21383   .1128071     1.90   0.058    -.0073507    .4350106
       var18 |   6.70e-07   5.70e-07     1.17   0.240    -4.48e-07    1.79e-06
        var4 |  -.2419235   .0957928    -2.53   0.012    -.4297441   -.0541029
        var8 |  -.0002793   .0001503    -1.86   0.063    -.0005741    .0000154
       var17 |  -2.83e-07   3.98e-07    -0.71   0.476    -1.06e-06    4.97e-07
------------------------------------------------------------------------------
Underidentification test (Kleibergen-Paap rk LM statistic):             21.565
                                                   Chi-sq(1) P-val =    0.0000
------------------------------------------------------------------------------
Weak identification test (Cragg-Donald Wald F statistic):              753.514
                         (Kleibergen-Paap rk Wald F statistic):          9.048
Stock-Yogo weak ID test critical values:                       <not available>
------------------------------------------------------------------------------
Hansen J statistic (overidentification test of all instruments):         0.000
                                                 (equation exactly identified)
------------------------------------------------------------------------------
Instrumented:         var3 var5 var18
Included instruments: var4 var8 var17
Excluded instruments: var6 var7 var19
Partialled-out:       _cons
                      nb: total SS, model F and R2s are after partialling-out;
                          any small-sample adjustments include partialled-out
                          variables in regressor count K
------------------------------------------------------------------------------

Absorbed degrees of freedom:
-----------------------------------------------------+
 Absorbed FE | Categories  - Redundant  = Num. Coefs |
-------------+---------------------------------------|
     firm_id |      3237        3237           0    *|
          yh |        12           1          11     |
-----------------------------------------------------+
* = FE nested within cluster; treated as redundant for DoF computation
→ Spec 9: hhi_seniority
(MWFE estimator converged in 4 iterations)

HDFE Linear regression                            Number of obs   =     41,946
Absorbing 2 HDFE groups                           F(   5,   3501) =      32.81
Statistics robust to heteroskedasticity           Prob > F        =     0.0000
                                                  R-squared       =     0.3522
                                                  Adj R-squared   =     0.2929
                                                  Within R-sq.    =     0.0118
Number of clusters (firm_id) =      3,502         Root MSE        =     0.1844

                            (Std. err. adjusted for 3,502 clusters in firm_id)
------------------------------------------------------------------------------
             |               Robust
growth_rat~e | Coefficient  std. err.      t    P>|t|     [95% conf. interval]
-------------+----------------------------------------------------------------
        var3 |   .0022656   .0047266     0.48   0.632    -.0070017    .0115328
        var5 |    .074036   .0229937     3.22   0.001     .0289535    .1191184
        var4 |  -.1319441   .0206287    -6.40   0.000    -.1723897   -.0914986
       var11 |   .0000164   2.78e-06     5.91   0.000      .000011    .0000219
       var14 |  -.0257905   .0103512    -2.49   0.013    -.0460855   -.0054954
       _cons |   .1031959   .0048099    21.45   0.000     .0937654    .1126264
------------------------------------------------------------------------------

Absorbed degrees of freedom:
-----------------------------------------------------+
 Absorbed FE | Categories  - Redundant  = Num. Coefs |
-------------+---------------------------------------|
     firm_id |      3502        3502           0    *|
          yh |        12           1          11     |
-----------------------------------------------------+
* = FE nested within cluster; treated as redundant for DoF computation
(MWFE estimator converged in 4 iterations)

Stored estimation results
-------------------------
---------------------------------------------------------------------------
             |           Dependent  Number of        
        Name | Command    variable     param.  Title 
-------------+-------------------------------------------------------------
_ivreg2_var3 | ivreg2         var3          5  First-stage regression: var3
_ivreg2_var5 | ivreg2         var5          5  First-stage regression: var5
---------------------------------------------------------------------------

IV (2SLS) estimation
--------------------

Estimates efficient for homoskedasticity only
Statistics robust to heteroskedasticity and clustering on firm_id

Number of clusters (firm_id) =    3502                Number of obs =    41946
                                                      F(  5,  3501) =    31.17
                                                      Prob > F      =   0.0000
Total (centered) SS     =  1321.526286                Centered R2   =   0.0102
Total (uncentered) SS   =  1321.526286                Uncentered R2 =   0.0102
Residual SS             =  1308.050945                Root MSE      =    .1766

------------------------------------------------------------------------------
             |               Robust
growth_rat~e | Coefficient  std. err.      t    P>|t|     [95% conf. interval]
-------------+----------------------------------------------------------------
        var3 |   .0155067   .0093324     1.66   0.097    -.0027907    .0338041
        var5 |   .1531691    .094377     1.62   0.105    -.0318704    .3382087
        var4 |  -.2031543   .0806028    -2.52   0.012    -.3611876    -.045121
       var11 |    .000017   2.83e-06     6.00   0.000     .0000114    .0000225
       var14 |  -.0231244   .0105626    -2.19   0.029    -.0438337    -.002415
------------------------------------------------------------------------------
Underidentification test (Kleibergen-Paap rk LM statistic):             24.984
                                                   Chi-sq(1) P-val =    0.0000
------------------------------------------------------------------------------
Weak identification test (Cragg-Donald Wald F statistic):             1380.065
                         (Kleibergen-Paap rk Wald F statistic):         16.257
Stock-Yogo weak ID test critical values: 10% maximal IV size              7.03
                                         15% maximal IV size              4.58
                                         20% maximal IV size              3.95
                                         25% maximal IV size              3.63
Source: Stock-Yogo (2005).  Reproduced by permission.
NB: Critical values are for Cragg-Donald F statistic and i.i.d. errors.
------------------------------------------------------------------------------
Hansen J statistic (overidentification test of all instruments):         0.000
                                                 (equation exactly identified)
------------------------------------------------------------------------------
Instrumented:         var3 var5
Included instruments: var4 var11 var14
Excluded instruments: var6 var7
Partialled-out:       _cons
                      nb: total SS, model F and R2s are after partialling-out;
                          any small-sample adjustments include partialled-out
                          variables in regressor count K
------------------------------------------------------------------------------

Absorbed degrees of freedom:
-----------------------------------------------------+
 Absorbed FE | Categories  - Redundant  = Num. Coefs |
-------------+---------------------------------------|
     firm_id |      3502        3502           0    *|
          yh |        12           1          11     |
-----------------------------------------------------+
* = FE nested within cluster; treated as redundant for DoF computation
→ Spec 10: hhi_gap
(MWFE estimator converged in 4 iterations)

HDFE Linear regression                            Number of obs   =     41,920
Absorbing 2 HDFE groups                           F(   6,   3497) =      28.89
Statistics robust to heteroskedasticity           Prob > F        =     0.0000
                                                  R-squared       =     0.3526
                                                  Adj R-squared   =     0.2933
                                                  Within R-sq.    =     0.0119
Number of clusters (firm_id) =      3,498         Root MSE        =     0.1842

                            (Std. err. adjusted for 3,498 clusters in firm_id)
------------------------------------------------------------------------------
             |               Robust
growth_rat~e | Coefficient  std. err.      t    P>|t|     [95% conf. interval]
-------------+----------------------------------------------------------------
        var3 |  -.0177813   .0111927    -1.59   0.112    -.0397262    .0041636
        var5 |    .070887   .0230895     3.07   0.002     .0256168    .1161572
        var4 |  -.1284833   .0207506    -6.19   0.000    -.1691679   -.0877988
       var11 |   .0000194   2.52e-06     7.68   0.000     .0000144    .0000243
       var17 |  -3.83e-08   1.17e-07    -0.33   0.743    -2.67e-07    1.91e-07
       var18 |   3.94e-07   1.88e-07     2.09   0.037     2.46e-08    7.64e-07
       _cons |   .0927324   .0032122    28.87   0.000     .0864343    .0990304
------------------------------------------------------------------------------

Absorbed degrees of freedom:
-----------------------------------------------------+
 Absorbed FE | Categories  - Redundant  = Num. Coefs |
-------------+---------------------------------------|
     firm_id |      3498        3498           0    *|
          yh |        12           1          11     |
-----------------------------------------------------+
* = FE nested within cluster; treated as redundant for DoF computation
(MWFE estimator converged in 4 iterations)

Stored estimation results
-------------------------
----------------------------------------------------------------------------
             |           Dependent  Number of        
        Name | Command    variable     param.  Title 
-------------+--------------------------------------------------------------
_ivreg2_var3 | ivreg2         var3          6  First-stage regression: var3
_ivreg2_var5 | ivreg2         var5          6  First-stage regression: var5
_ivreg2_v~18 | ivreg2        var18          6  First-stage regression: var18
----------------------------------------------------------------------------

IV (2SLS) estimation
--------------------

Estimates efficient for homoskedasticity only
Statistics robust to heteroskedasticity and clustering on firm_id

Number of clusters (firm_id) =    3498                Number of obs =    41920
                                                      F(  6,  3497) =    27.75
                                                      Prob > F      =   0.0000
Total (centered) SS     =  1318.757585                Centered R2   =   0.0096
Total (uncentered) SS   =  1318.757585                Uncentered R2 =   0.0096
Residual SS             =   1306.05429                Root MSE      =    .1765

------------------------------------------------------------------------------
             |               Robust
growth_rat~e | Coefficient  std. err.      t    P>|t|     [95% conf. interval]
-------------+----------------------------------------------------------------
        var3 |   .0213392   .0328773     0.65   0.516    -.0431214    .0857997
        var5 |   .1688979   .0962558     1.75   0.079    -.0198253    .3576211
       var18 |  -1.10e-07   5.64e-07    -0.19   0.846    -1.22e-06    9.96e-07
        var4 |   -.215231   .0821514    -2.62   0.009    -.3763004   -.0541615
       var11 |   .0000198   2.56e-06     7.72   0.000     .0000148    .0000248
       var17 |   2.97e-07   3.92e-07     0.76   0.448    -4.71e-07    1.07e-06
------------------------------------------------------------------------------
Underidentification test (Kleibergen-Paap rk LM statistic):             25.490
                                                   Chi-sq(1) P-val =    0.0000
------------------------------------------------------------------------------
Weak identification test (Cragg-Donald Wald F statistic):              898.160
                         (Kleibergen-Paap rk Wald F statistic):         10.691
Stock-Yogo weak ID test critical values:                       <not available>
------------------------------------------------------------------------------
Hansen J statistic (overidentification test of all instruments):         0.000
                                                 (equation exactly identified)
------------------------------------------------------------------------------
Instrumented:         var3 var5 var18
Included instruments: var4 var11 var17
Excluded instruments: var6 var7 var19
Partialled-out:       _cons
                      nb: total SS, model F and R2s are after partialling-out;
                          any small-sample adjustments include partialled-out
                          variables in regressor count K
------------------------------------------------------------------------------

Absorbed degrees of freedom:
-----------------------------------------------------+
 Absorbed FE | Categories  - Redundant  = Num. Coefs |
-------------+---------------------------------------|
     firm_id |      3498        3498           0    *|
          yh |        12           1          11     |
-----------------------------------------------------+
* = FE nested within cluster; treated as redundant for DoF computation
→ Spec 11: seniority_gap
(MWFE estimator converged in 4 iterations)

HDFE Linear regression                            Number of obs   =     41,943
Absorbing 2 HDFE groups                           F(   6,   3501) =      23.45
Statistics robust to heteroskedasticity           Prob > F        =     0.0000
                                                  R-squared       =     0.3516
                                                  Adj R-squared   =     0.2922
                                                  Within R-sq.    =     0.0091
Number of clusters (firm_id) =      3,502         Root MSE        =     0.1847

                            (Std. err. adjusted for 3,502 clusters in firm_id)
------------------------------------------------------------------------------
             |               Robust
growth_rat~e | Coefficient  std. err.      t    P>|t|     [95% conf. interval]
-------------+----------------------------------------------------------------
        var3 |  -.0234382    .010963    -2.14   0.033    -.0449328   -.0019436
        var5 |   .0708665    .023196     3.06   0.002     .0253874    .1163456
        var4 |  -.1278776   .0207117    -6.17   0.000    -.1684857   -.0872695
       var17 |  -5.16e-08   1.11e-07    -0.46   0.643    -2.70e-07    1.67e-07
       var18 |   4.04e-07   1.84e-07     2.19   0.028     4.28e-08    7.65e-07
       var14 |  -.0617689   .0099742    -6.19   0.000    -.0813247   -.0422131
       _cons |   .1256603   .0044199    28.43   0.000     .1169945    .1343262
------------------------------------------------------------------------------

Absorbed degrees of freedom:
-----------------------------------------------------+
 Absorbed FE | Categories  - Redundant  = Num. Coefs |
-------------+---------------------------------------|
     firm_id |      3502        3502           0    *|
          yh |        12           1          11     |
-----------------------------------------------------+
* = FE nested within cluster; treated as redundant for DoF computation
(MWFE estimator converged in 4 iterations)

Stored estimation results
-------------------------
----------------------------------------------------------------------------
             |           Dependent  Number of        
        Name | Command    variable     param.  Title 
-------------+--------------------------------------------------------------
_ivreg2_var3 | ivreg2         var3          6  First-stage regression: var3
_ivreg2_var5 | ivreg2         var5          6  First-stage regression: var5
_ivreg2_v~18 | ivreg2        var18          6  First-stage regression: var18
----------------------------------------------------------------------------

IV (2SLS) estimation
--------------------

Estimates efficient for homoskedasticity only
Statistics robust to heteroskedasticity and clustering on firm_id

Number of clusters (firm_id) =    3502                Number of obs =    41943
                                                      F(  6,  3501) =    22.23
                                                      Prob > F      =   0.0000
Total (centered) SS     =  1323.007202                Centered R2   =   0.0077
Total (uncentered) SS   =  1323.007202                Uncentered R2 =   0.0077
Residual SS             =  1312.851684                Root MSE      =     .177

------------------------------------------------------------------------------
             |               Robust
growth_rat~e | Coefficient  std. err.      t    P>|t|     [95% conf. interval]
-------------+----------------------------------------------------------------
        var3 |  -.0249312   .0316415    -0.79   0.431    -.0869688    .0371064
        var5 |   .1655548   .0977982     1.69   0.091    -.0261925    .3573021
       var18 |   4.09e-07   5.38e-07     0.76   0.447    -6.46e-07    1.46e-06
        var4 |   -.208294    .083024    -2.51   0.012    -.3710744   -.0455136
       var17 |  -6.66e-08   3.77e-07    -0.18   0.860    -8.07e-07    6.73e-07
       var14 |  -.0613756   .0102016    -6.02   0.000    -.0813773   -.0413738
------------------------------------------------------------------------------
Underidentification test (Kleibergen-Paap rk LM statistic):             25.187
                                                   Chi-sq(1) P-val =    0.0000
------------------------------------------------------------------------------
Weak identification test (Cragg-Donald Wald F statistic):              896.635
                         (Kleibergen-Paap rk Wald F statistic):         10.701
Stock-Yogo weak ID test critical values:                       <not available>
------------------------------------------------------------------------------
Hansen J statistic (overidentification test of all instruments):         0.000
                                                 (equation exactly identified)
------------------------------------------------------------------------------
Instrumented:         var3 var5 var18
Included instruments: var4 var17 var14
Excluded instruments: var6 var7 var19
Partialled-out:       _cons
                      nb: total SS, model F and R2s are after partialling-out;
                          any small-sample adjustments include partialled-out
                          variables in regressor count K
------------------------------------------------------------------------------

Absorbed degrees of freedom:
-----------------------------------------------------+
 Absorbed FE | Categories  - Redundant  = Num. Coefs |
-------------+---------------------------------------|
     firm_id |      3502        3502           0    *|
          yh |        12           1          11     |
-----------------------------------------------------+
* = FE nested within cluster; treated as redundant for DoF computation
→ Spec 12: rent_hhi_seniority
(MWFE estimator converged in 4 iterations)

HDFE Linear regression                            Number of obs   =     38,760
Absorbing 2 HDFE groups                           F(   6,   3235) =      26.22
Statistics robust to heteroskedasticity           Prob > F        =     0.0000
                                                  R-squared       =     0.3530
                                                  Adj R-squared   =     0.2937
                                                  Within R-sq.    =     0.0113
Number of clusters (firm_id) =      3,236         Root MSE        =     0.1855

                            (Std. err. adjusted for 3,236 clusters in firm_id)
------------------------------------------------------------------------------
             |               Robust
growth_rat~e | Coefficient  std. err.      t    P>|t|     [95% conf. interval]
-------------+----------------------------------------------------------------
        var3 |   .0015178   .0049334     0.31   0.758     -.008155    .0111907
        var5 |   .0734903   .0243209     3.02   0.003     .0258043    .1211763
        var4 |  -.1304401   .0218527    -5.97   0.000    -.1732866   -.0875936
        var8 |  -.0001014   .0001328    -0.76   0.445    -.0003619    .0001591
       var11 |   .0000155   2.88e-06     5.40   0.000     9.90e-06    .0000212
       var14 |  -.0287902   .0108573    -2.65   0.008    -.0500782   -.0075023
       _cons |   .1080898    .005424    19.93   0.000      .097455    .1187247
------------------------------------------------------------------------------

Absorbed degrees of freedom:
-----------------------------------------------------+
 Absorbed FE | Categories  - Redundant  = Num. Coefs |
-------------+---------------------------------------|
     firm_id |      3236        3236           0    *|
          yh |        12           1          11     |
-----------------------------------------------------+
* = FE nested within cluster; treated as redundant for DoF computation
(MWFE estimator converged in 4 iterations)

Stored estimation results
-------------------------
---------------------------------------------------------------------------
             |           Dependent  Number of        
        Name | Command    variable     param.  Title 
-------------+-------------------------------------------------------------
_ivreg2_var3 | ivreg2         var3          6  First-stage regression: var3
_ivreg2_var5 | ivreg2         var5          6  First-stage regression: var5
---------------------------------------------------------------------------

IV (2SLS) estimation
--------------------

Estimates efficient for homoskedasticity only
Statistics robust to heteroskedasticity and clustering on firm_id

Number of clusters (firm_id) =    3236                Number of obs =    38760
                                                      F(  6,  3235) =    24.86
                                                      Prob > F      =   0.0000
Total (centered) SS     =  1235.606592                Centered R2   =   0.0095
Total (uncentered) SS   =  1235.606592                Uncentered R2 =   0.0095
Residual SS             =  1223.817853                Root MSE      =    .1777

------------------------------------------------------------------------------
             |               Robust
growth_rat~e | Coefficient  std. err.      t    P>|t|     [95% conf. interval]
-------------+----------------------------------------------------------------
        var3 |   .0212911   .0103299     2.06   0.039     .0010373    .0415449
        var5 |   .1490382    .102378     1.46   0.146    -.0516941    .3497704
        var4 |  -.1993741   .0875237    -2.28   0.023    -.3709816   -.0277666
        var8 |  -.0002038   .0001461    -1.39   0.163    -.0004903    .0000827
       var11 |   .0000161   2.94e-06     5.49   0.000     .0000104    .0000219
       var14 |  -.0253276   .0111141    -2.28   0.023    -.0471189   -.0035363
------------------------------------------------------------------------------
Underidentification test (Kleibergen-Paap rk LM statistic):             21.723
                                                   Chi-sq(1) P-val =    0.0000
------------------------------------------------------------------------------
Weak identification test (Cragg-Donald Wald F statistic):             1157.984
                         (Kleibergen-Paap rk Wald F statistic):         13.992
Stock-Yogo weak ID test critical values: 10% maximal IV size              7.03
                                         15% maximal IV size              4.58
                                         20% maximal IV size              3.95
                                         25% maximal IV size              3.63
Source: Stock-Yogo (2005).  Reproduced by permission.
NB: Critical values are for Cragg-Donald F statistic and i.i.d. errors.
------------------------------------------------------------------------------
Hansen J statistic (overidentification test of all instruments):         0.000
                                                 (equation exactly identified)
------------------------------------------------------------------------------
Instrumented:         var3 var5
Included instruments: var4 var8 var11 var14
Excluded instruments: var6 var7
Partialled-out:       _cons
                      nb: total SS, model F and R2s are after partialling-out;
                          any small-sample adjustments include partialled-out
                          variables in regressor count K
------------------------------------------------------------------------------

Absorbed degrees of freedom:
-----------------------------------------------------+
 Absorbed FE | Categories  - Redundant  = Num. Coefs |
-------------+---------------------------------------|
     firm_id |      3236        3236           0    *|
          yh |        12           1          11     |
-----------------------------------------------------+
* = FE nested within cluster; treated as redundant for DoF computation
→ Spec 13: rent_hhi_gap
(MWFE estimator converged in 4 iterations)

HDFE Linear regression                            Number of obs   =     38,740
Absorbing 2 HDFE groups                           F(   7,   3232) =      23.50
Statistics robust to heteroskedasticity           Prob > F        =     0.0000
                                                  R-squared       =     0.3529
                                                  Adj R-squared   =     0.2937
                                                  Within R-sq.    =     0.0116
Number of clusters (firm_id) =      3,233         Root MSE        =     0.1855

                            (Std. err. adjusted for 3,233 clusters in firm_id)
------------------------------------------------------------------------------
             |               Robust
growth_rat~e | Coefficient  std. err.      t    P>|t|     [95% conf. interval]
-------------+----------------------------------------------------------------
        var3 |   -.026087   .0117504    -2.22   0.026     -.049126   -.0030481
        var5 |   .0690915   .0244719     2.82   0.005     .0211095    .1170735
        var4 |   -.125905   .0220276    -5.72   0.000    -.1690944   -.0827155
        var8 |  -.0001112   .0001331    -0.84   0.404    -.0003722    .0001498
       var11 |   .0000187   2.62e-06     7.15   0.000     .0000136    .0000239
       var17 |  -1.28e-07   1.25e-07    -1.02   0.309    -3.73e-07    1.18e-07
       var18 |   5.41e-07   1.99e-07     2.72   0.007     1.51e-07    9.31e-07
       _cons |    .098456   .0038741    25.41   0.000     .0908601     .106052
------------------------------------------------------------------------------

Absorbed degrees of freedom:
-----------------------------------------------------+
 Absorbed FE | Categories  - Redundant  = Num. Coefs |
-------------+---------------------------------------|
     firm_id |      3233        3233           0    *|
          yh |        12           1          11     |
-----------------------------------------------------+
* = FE nested within cluster; treated as redundant for DoF computation
(MWFE estimator converged in 4 iterations)

Stored estimation results
-------------------------
----------------------------------------------------------------------------
             |           Dependent  Number of        
        Name | Command    variable     param.  Title 
-------------+--------------------------------------------------------------
_ivreg2_var3 | ivreg2         var3          7  First-stage regression: var3
_ivreg2_var5 | ivreg2         var5          7  First-stage regression: var5
_ivreg2_v~18 | ivreg2        var18          7  First-stage regression: var18
----------------------------------------------------------------------------

IV (2SLS) estimation
--------------------

Estimates efficient for homoskedasticity only
Statistics robust to heteroskedasticity and clustering on firm_id

Number of clusters (firm_id) =    3233                Number of obs =    38740
                                                      F(  7,  3232) =    22.66
                                                      Prob > F      =   0.0000
Total (centered) SS     =  1235.404115                Centered R2   =   0.0090
Total (uncentered) SS   =  1235.404115                Uncentered R2 =   0.0090
Residual SS             =  1224.310325                Root MSE      =    .1778

------------------------------------------------------------------------------
             |               Robust
growth_rat~e | Coefficient  std. err.      t    P>|t|     [95% conf. interval]
-------------+----------------------------------------------------------------
        var3 |   .0205997   .0345298     0.60   0.551    -.0471028    .0883021
        var5 |   .1632643   .1037545     1.57   0.116     -.040167    .3666955
       var18 |   3.95e-08   5.87e-07     0.07   0.946    -1.11e-06    1.19e-06
        var4 |  -.2103209   .0886351    -2.37   0.018    -.3841075   -.0365342
        var8 |  -.0002218   .0001467    -1.51   0.131    -.0005095    .0000659
       var11 |   .0000191   2.68e-06     7.14   0.000     .0000139    .0000244
       var17 |   2.04e-07   4.12e-07     0.49   0.621    -6.03e-07    1.01e-06
------------------------------------------------------------------------------
Underidentification test (Kleibergen-Paap rk LM statistic):             21.738
                                                   Chi-sq(1) P-val =    0.0000
------------------------------------------------------------------------------
Weak identification test (Cragg-Donald Wald F statistic):              762.524
                         (Kleibergen-Paap rk Wald F statistic):          9.097
Stock-Yogo weak ID test critical values:                       <not available>
------------------------------------------------------------------------------
Hansen J statistic (overidentification test of all instruments):         0.000
                                                 (equation exactly identified)
------------------------------------------------------------------------------
Instrumented:         var3 var5 var18
Included instruments: var4 var8 var11 var17
Excluded instruments: var6 var7 var19
Partialled-out:       _cons
                      nb: total SS, model F and R2s are after partialling-out;
                          any small-sample adjustments include partialled-out
                          variables in regressor count K
------------------------------------------------------------------------------

Absorbed degrees of freedom:
-----------------------------------------------------+
 Absorbed FE | Categories  - Redundant  = Num. Coefs |
-------------+---------------------------------------|
     firm_id |      3233        3233           0    *|
          yh |        12           1          11     |
-----------------------------------------------------+
* = FE nested within cluster; treated as redundant for DoF computation
→ Spec 14: rent_seniority_gap
(MWFE estimator converged in 4 iterations)

HDFE Linear regression                            Number of obs   =     38,763
Absorbing 2 HDFE groups                           F(   7,   3236) =      19.44
Statistics robust to heteroskedasticity           Prob > F        =     0.0000
                                                  R-squared       =     0.3523
                                                  Adj R-squared   =     0.2929
                                                  Within R-sq.    =     0.0092
Number of clusters (firm_id) =      3,237         Root MSE        =     0.1860

                            (Std. err. adjusted for 3,237 clusters in firm_id)
------------------------------------------------------------------------------
             |               Robust
growth_rat~e | Coefficient  std. err.      t    P>|t|     [95% conf. interval]
-------------+----------------------------------------------------------------
        var3 |  -.0311932   .0115496    -2.70   0.007    -.0538384   -.0085479
        var5 |   .0694421   .0245739     2.83   0.005     .0212601    .1176241
        var4 |  -.1253983   .0219665    -5.71   0.000     -.168468   -.0823285
        var8 |  -.0001368   .0001329    -1.03   0.303    -.0003973    .0001237
       var14 |  -.0615212   .0103799    -5.93   0.000    -.0818731   -.0411693
       var17 |  -1.32e-07   1.22e-07    -1.08   0.278    -3.70e-07    1.06e-07
       var18 |   5.41e-07   1.95e-07     2.78   0.005     1.59e-07    9.23e-07
       _cons |   .1312041   .0048846    26.86   0.000      .121627    .1407813
------------------------------------------------------------------------------

Absorbed degrees of freedom:
-----------------------------------------------------+
 Absorbed FE | Categories  - Redundant  = Num. Coefs |
-------------+---------------------------------------|
     firm_id |      3237        3237           0    *|
          yh |        12           1          11     |
-----------------------------------------------------+
* = FE nested within cluster; treated as redundant for DoF computation
(MWFE estimator converged in 4 iterations)

Stored estimation results
-------------------------
----------------------------------------------------------------------------
             |           Dependent  Number of        
        Name | Command    variable     param.  Title 
-------------+--------------------------------------------------------------
_ivreg2_var3 | ivreg2         var3          7  First-stage regression: var3
_ivreg2_var5 | ivreg2         var5          7  First-stage regression: var5
_ivreg2_v~18 | ivreg2        var18          7  First-stage regression: var18
----------------------------------------------------------------------------

IV (2SLS) estimation
--------------------

Estimates efficient for homoskedasticity only
Statistics robust to heteroskedasticity and clustering on firm_id

Number of clusters (firm_id) =    3237                Number of obs =    38763
                                                      F(  7,  3236) =    18.41
                                                      Prob > F      =   0.0000
Total (centered) SS     =  1239.657071                Centered R2   =   0.0077
Total (uncentered) SS   =  1239.657071                Uncentered R2 =   0.0077
Residual SS             =  1230.060449                Root MSE      =    .1782

------------------------------------------------------------------------------
             |               Robust
growth_rat~e | Coefficient  std. err.      t    P>|t|     [95% conf. interval]
-------------+----------------------------------------------------------------
        var3 |  -.0243367   .0315748    -0.77   0.441    -.0862452    .0375719
        var5 |   .1599612   .1057878     1.51   0.131    -.0474568    .3673791
       var18 |   5.13e-07   5.40e-07     0.95   0.342    -5.45e-07    1.57e-06
        var4 |  -.2036547     .08987    -2.27   0.024    -.3798626   -.0274469
        var8 |  -.0001912   .0001477    -1.29   0.196    -.0004809    .0000985
       var14 |   -.060646   .0106597    -5.69   0.000    -.0815465   -.0397455
       var17 |  -1.34e-07   3.80e-07    -0.35   0.725    -8.80e-07    6.12e-07
------------------------------------------------------------------------------
Underidentification test (Kleibergen-Paap rk LM statistic):             21.563
                                                   Chi-sq(1) P-val =    0.0000
------------------------------------------------------------------------------
Weak identification test (Cragg-Donald Wald F statistic):              757.321
                         (Kleibergen-Paap rk Wald F statistic):          9.131
Stock-Yogo weak ID test critical values:                       <not available>
------------------------------------------------------------------------------
Hansen J statistic (overidentification test of all instruments):         0.000
                                                 (equation exactly identified)
------------------------------------------------------------------------------
Instrumented:         var3 var5 var18
Included instruments: var4 var8 var14 var17
Excluded instruments: var6 var7 var19
Partialled-out:       _cons
                      nb: total SS, model F and R2s are after partialling-out;
                          any small-sample adjustments include partialled-out
                          variables in regressor count K
------------------------------------------------------------------------------

Absorbed degrees of freedom:
-----------------------------------------------------+
 Absorbed FE | Categories  - Redundant  = Num. Coefs |
-------------+---------------------------------------|
     firm_id |      3237        3237           0    *|
          yh |        12           1          11     |
-----------------------------------------------------+
* = FE nested within cluster; treated as redundant for DoF computation
→ Spec 15: hhi_seniority_gap
(MWFE estimator converged in 4 iterations)

HDFE Linear regression                            Number of obs   =     41,920
Absorbing 2 HDFE groups                           F(   7,   3497) =      26.05
Statistics robust to heteroskedasticity           Prob > F        =     0.0000
                                                  R-squared       =     0.3528
                                                  Adj R-squared   =     0.2936
                                                  Within R-sq.    =     0.0123
Number of clusters (firm_id) =      3,498         Root MSE        =     0.1842

                            (Std. err. adjusted for 3,498 clusters in firm_id)
------------------------------------------------------------------------------
             |               Robust
growth_rat~e | Coefficient  std. err.      t    P>|t|     [95% conf. interval]
-------------+----------------------------------------------------------------
        var3 |   -.018214   .0111474    -1.63   0.102    -.0400701    .0036421
        var5 |   .0717438   .0229662     3.12   0.002     .0267154    .1167722
        var4 |  -.1313667   .0206014    -6.38   0.000    -.1717588   -.0909747
       var11 |   .0000165   2.79e-06     5.92   0.000      .000011    .0000219
       var14 |  -.0258702   .0103375    -2.50   0.012    -.0461383   -.0056022
       var17 |  -1.25e-08   1.16e-07    -0.11   0.915    -2.41e-07    2.16e-07
       var18 |   3.67e-07   1.87e-07     1.96   0.050     5.93e-10    7.33e-07
       _cons |   .1036007   .0053816    19.25   0.000     .0930493    .1141522
------------------------------------------------------------------------------

Absorbed degrees of freedom:
-----------------------------------------------------+
 Absorbed FE | Categories  - Redundant  = Num. Coefs |
-------------+---------------------------------------|
     firm_id |      3498        3498           0    *|
          yh |        12           1          11     |
-----------------------------------------------------+
* = FE nested within cluster; treated as redundant for DoF computation
(MWFE estimator converged in 4 iterations)

Stored estimation results
-------------------------
----------------------------------------------------------------------------
             |           Dependent  Number of        
        Name | Command    variable     param.  Title 
-------------+--------------------------------------------------------------
_ivreg2_var3 | ivreg2         var3          7  First-stage regression: var3
_ivreg2_var5 | ivreg2         var5          7  First-stage regression: var5
_ivreg2_v~18 | ivreg2        var18          7  First-stage regression: var18
----------------------------------------------------------------------------

IV (2SLS) estimation
--------------------

Estimates efficient for homoskedasticity only
Statistics robust to heteroskedasticity and clustering on firm_id

Number of clusters (firm_id) =    3498                Number of obs =    41920
                                                      F(  7,  3497) =    25.01
                                                      Prob > F      =   0.0000
Total (centered) SS     =  1318.757585                Centered R2   =   0.0107
Total (uncentered) SS   =  1318.757585                Uncentered R2 =   0.0107
Residual SS             =  1304.708179                Root MSE      =    .1765

------------------------------------------------------------------------------
             |               Robust
growth_rat~e | Coefficient  std. err.      t    P>|t|     [95% conf. interval]
-------------+----------------------------------------------------------------
        var3 |    .016225   .0323468     0.50   0.616    -.0471955    .0796456
        var5 |   .1555866   .0955825     1.63   0.104    -.0318166    .3429898
       var18 |  -8.90e-08   5.55e-07    -0.16   0.873    -1.18e-06    1.00e-06
        var4 |    -.20529   .0814809    -2.52   0.012     -.365045   -.0455351
       var11 |    .000017   2.84e-06     5.99   0.000     .0000114    .0000226
       var14 |  -.0243372   .0106283    -2.29   0.022    -.0451756   -.0034989
       var17 |   2.92e-07   3.86e-07     0.76   0.450    -4.66e-07    1.05e-06
------------------------------------------------------------------------------
Underidentification test (Kleibergen-Paap rk LM statistic):             25.296
                                                   Chi-sq(1) P-val =    0.0000
------------------------------------------------------------------------------
Weak identification test (Cragg-Donald Wald F statistic):              893.882
                         (Kleibergen-Paap rk Wald F statistic):         10.706
Stock-Yogo weak ID test critical values:                       <not available>
------------------------------------------------------------------------------
Hansen J statistic (overidentification test of all instruments):         0.000
                                                 (equation exactly identified)
------------------------------------------------------------------------------
Instrumented:         var3 var5 var18
Included instruments: var4 var11 var14 var17
Excluded instruments: var6 var7 var19
Partialled-out:       _cons
                      nb: total SS, model F and R2s are after partialling-out;
                          any small-sample adjustments include partialled-out
                          variables in regressor count K
------------------------------------------------------------------------------

Absorbed degrees of freedom:
-----------------------------------------------------+
 Absorbed FE | Categories  - Redundant  = Num. Coefs |
-------------+---------------------------------------|
     firm_id |      3498        3498           0    *|
          yh |        12           1          11     |
-----------------------------------------------------+
* = FE nested within cluster; treated as redundant for DoF computation
→ Spec 16: rent_hhi_seniority_gap
(MWFE estimator converged in 4 iterations)

HDFE Linear regression                            Number of obs   =     38,740
Absorbing 2 HDFE groups                           F(   8,   3232) =      21.80
Statistics robust to heteroskedasticity           Prob > F        =     0.0000
                                                  R-squared       =     0.3532
                                                  Adj R-squared   =     0.2940
                                                  Within R-sq.    =     0.0121
Number of clusters (firm_id) =      3,233         Root MSE        =     0.1855

                            (Std. err. adjusted for 3,233 clusters in firm_id)
------------------------------------------------------------------------------
             |               Robust
growth_rat~e | Coefficient  std. err.      t    P>|t|     [95% conf. interval]
-------------+----------------------------------------------------------------
        var3 |  -.0268927    .011683    -2.30   0.021    -.0497994   -.0039859
        var5 |   .0703549    .024327     2.89   0.004      .022657    .1180528
        var4 |  -.1294823   .0218503    -5.93   0.000    -.1723242   -.0866404
        var8 |  -.0001004   .0001326    -0.76   0.449    -.0003604    .0001596
       var11 |   .0000156   2.88e-06     5.41   0.000     9.93e-06    .0000212
       var14 |  -.0286003   .0108392    -2.64   0.008    -.0498528   -.0073479
       var17 |  -1.00e-07   1.25e-07    -0.80   0.422    -3.46e-07    1.45e-07
       var18 |   5.12e-07   1.97e-07     2.60   0.009     1.26e-07    8.98e-07
       _cons |   .1103885    .005942    18.58   0.000      .098738    .1220389
------------------------------------------------------------------------------

Absorbed degrees of freedom:
-----------------------------------------------------+
 Absorbed FE | Categories  - Redundant  = Num. Coefs |
-------------+---------------------------------------|
     firm_id |      3233        3233           0    *|
          yh |        12           1          11     |
-----------------------------------------------------+
* = FE nested within cluster; treated as redundant for DoF computation
(MWFE estimator converged in 4 iterations)

Stored estimation results
-------------------------
----------------------------------------------------------------------------
             |           Dependent  Number of        
        Name | Command    variable     param.  Title 
-------------+--------------------------------------------------------------
_ivreg2_var3 | ivreg2         var3          8  First-stage regression: var3
_ivreg2_var5 | ivreg2         var5          8  First-stage regression: var5
_ivreg2_v~18 | ivreg2        var18          8  First-stage regression: var18
----------------------------------------------------------------------------

IV (2SLS) estimation
--------------------

Estimates efficient for homoskedasticity only
Statistics robust to heteroskedasticity and clustering on firm_id

Number of clusters (firm_id) =    3233                Number of obs =    38740
                                                      F(  8,  3232) =    21.04
                                                      Prob > F      =   0.0000
Total (centered) SS     =  1235.404115                Centered R2   =   0.0103
Total (uncentered) SS   =  1235.404115                Uncentered R2 =   0.0103
Residual SS             =  1222.699082                Root MSE      =    .1777

------------------------------------------------------------------------------
             |               Robust
growth_rat~e | Coefficient  std. err.      t    P>|t|     [95% conf. interval]
-------------+----------------------------------------------------------------
        var3 |   .0133274    .033733     0.40   0.693    -.0528129    .0794677
        var5 |   .1477772   .1030443     1.43   0.152    -.0542616    .3498159
       var18 |   6.95e-08   5.75e-07     0.12   0.904    -1.06e-06    1.20e-06
        var4 |   -.198647   .0879142    -2.26   0.024    -.3710202   -.0262738
        var8 |  -.0001925   .0001463    -1.32   0.188    -.0004794    .0000943
       var11 |   .0000161   2.95e-06     5.46   0.000     .0000103    .0000219
       var14 |  -.0262676   .0111832    -2.35   0.019    -.0481945   -.0043407
       var17 |   1.93e-07   4.04e-07     0.48   0.633    -5.99e-07    9.85e-07
------------------------------------------------------------------------------
Underidentification test (Kleibergen-Paap rk LM statistic):             21.659
                                                   Chi-sq(1) P-val =    0.0000
------------------------------------------------------------------------------
Weak identification test (Cragg-Donald Wald F statistic):              755.952
                         (Kleibergen-Paap rk Wald F statistic):          9.136
Stock-Yogo weak ID test critical values:                       <not available>
------------------------------------------------------------------------------
Hansen J statistic (overidentification test of all instruments):         0.000
                                                 (equation exactly identified)
------------------------------------------------------------------------------
Instrumented:         var3 var5 var18
Included instruments: var4 var8 var11 var14 var17
Excluded instruments: var6 var7 var19
Partialled-out:       _cons
                      nb: total SS, model F and R2s are after partialling-out;
                          any small-sample adjustments include partialled-out
                          variables in regressor count K
------------------------------------------------------------------------------

Absorbed degrees of freedom:
-----------------------------------------------------+
 Absorbed FE | Categories  - Redundant  = Num. Coefs |
-------------+---------------------------------------|
     firm_id |      3233        3233           0    *|
          yh |        12           1          11     |
-----------------------------------------------------+
* = FE nested within cluster; treated as redundant for DoF computation

. 
. 
. // 5) Close & export
. postclose handle

. use `out', clear

. export delimited using "`result_dir'/consolidated_results.csv", ///
>     replace delimiter(",") quote
(file ../results/raw/firm_mechanisms_covid/consolidated_results.csv not found)
file ../results/raw/firm_mechanisms_covid/consolidated_results.csv saved

. 
. display as result "→ CSV written to `result_dir'/consolidated_results.csv"
→ CSV written to ../results/raw/firm_mechanisms_covid/consolidated_results.csv

. capture log close
