-----------------------------------------------------------------------------------------------------------------------------------------
      name:  <unnamed>
       log:  /Users/saul/Dropbox/Remote Work Startups/main/spec/log/post_het_growth_base.log
  log type:  text
 opened on:  27 Jun 2025, 08:57:52

. 
. local result_dir "$results/post_growth_base_`panel_variant'_`nbins'"

. cap mkdir "`result_dir'"

. 
. tempfile out

. capture postclose handle

. postfile handle ///
>     str8   bucket       ///  1, 2, 3
>     double coef3 se3 pval3   /// var3 stats
>     double coef5 se5 pval5   /// var5 stats
>     double rkf nobs          /// first‐stage F and N
>     using `out', replace
(file /var/folders/hg/s3xm9w393gxby64_zklmhgbc0000gn/T//S_22469.000005 not found)

. 
. *--------------------------------------------------------------*
. *  Loop over growth buckets, run base-spec IV                  *
. *--------------------------------------------------------------*
. forvalues g = 1/`nbins' {
  2. 
.     di as text "=== growth bucket `g' ==="
  3. 
.     ivreghdfe total_contributions_q100                 ///
>         (var3 var5 = var6 var7) var4                  ///
>         if lg_tile == `g',                             ///
>         absorb(firm_id#user_id yh) vce(cluster user_id) savefirst
  4. 
.     // compute stats for var3
.     local b3   = _b[var3]
  5.     local se3  = _se[var3]
  6.     local p3   = 2*ttail(e(df_r), abs(`b3'/`se3'))
  7. 
.     // compute stats for var5
.     local b5   = _b[var5]
  8.     local se5  = _se[var5]
  9.     local p5   = 2*ttail(e(df_r), abs(`b5'/`se5'))
 10. 
.     post handle ("`g'") ///
>         (`b3') (`se3') (`p3') ///
>         (`b5') (`se5') (`p5') ///
>         (e(rkf)) (e(N))
 11. 
. }
=== growth bucket 1 ===
(dropped 3123 singleton observations)
(MWFE estimator converged in 8 iterations)

Stored estimation results
-------------------------
---------------------------------------------------------------------------
             |           Dependent  Number of        
        Name | Command    variable     param.  Title 
-------------+-------------------------------------------------------------
_ivreg2_var3 | ivreg2         var3          3  First-stage regression: var3
_ivreg2_var5 | ivreg2         var5          3  First-stage regression: var5
---------------------------------------------------------------------------

IV (2SLS) estimation
--------------------

Estimates efficient for homoskedasticity only
Statistics robust to heteroskedasticity and clustering on user_id

Number of clusters (user_id) =   18259                Number of obs =   100696
                                                      F(  3, 18258) =     9.80
                                                      Prob > F      =   0.0000
Total (centered) SS     =  26505014.91                Centered R2   =  -0.0106
Total (uncentered) SS   =  26505014.91                Uncentered R2 =  -0.0106
Residual SS             =  26786328.27                Root MSE      =    16.31

------------------------------------------------------------------------------
             |               Robust
total_co~100 | Coefficient  std. err.      t    P>|t|     [95% conf. interval]
-------------+----------------------------------------------------------------
        var3 |  -16.32197   8.601855    -1.90   0.058    -33.18242     .538472
        var5 |   23.08218   10.25182     2.25   0.024     2.987654    43.17671
        var4 |  -18.47214   6.796825    -2.72   0.007    -31.79455   -5.149721
------------------------------------------------------------------------------
Underidentification test (Kleibergen-Paap rk LM statistic):             53.074
                                                   Chi-sq(1) P-val =    0.0000
------------------------------------------------------------------------------
Weak identification test (Cragg-Donald Wald F statistic):              402.344
                         (Kleibergen-Paap rk Wald F statistic):         27.371
Stock-Yogo weak ID test critical values: 10% maximal IV size              7.03
                                         15% maximal IV size              4.58
                                         20% maximal IV size              3.95
                                         25% maximal IV size              3.63
Source: Stock-Yogo (2005).  Reproduced by permission.
NB: Critical values are for Cragg-Donald F statistic and i.i.d. errors.
------------------------------------------------------------------------------
Hansen J statistic (overidentification test of all instruments):         0.000
                                                 (equation exactly identified)
------------------------------------------------------------------------------
Instrumented:         var3 var5
Included instruments: var4
Excluded instruments: var6 var7
Partialled-out:       _cons
                      nb: total SS, model F and R2s are after partialling-out;
                          any small-sample adjustments include partialled-out
                          variables in regressor count K
------------------------------------------------------------------------------

Absorbed degrees of freedom:
-----------------------------------------------------------+
       Absorbed FE | Categories  - Redundant  = Num. Coefs |
-------------------+---------------------------------------|
   firm_id#user_id |     19767       19767           0    *|
                yh |        11           1          10     |
-----------------------------------------------------------+
* = FE nested within cluster; treated as redundant for DoF computation
=== growth bucket 2 ===
(dropped 3474 singleton observations)
(MWFE estimator converged in 8 iterations)

Stored estimation results
-------------------------
---------------------------------------------------------------------------
             |           Dependent  Number of        
        Name | Command    variable     param.  Title 
-------------+-------------------------------------------------------------
_ivreg2_var3 | ivreg2         var3          3  First-stage regression: var3
_ivreg2_var5 | ivreg2         var5          3  First-stage regression: var5
---------------------------------------------------------------------------

IV (2SLS) estimation
--------------------

Estimates efficient for homoskedasticity only
Statistics robust to heteroskedasticity and clustering on user_id

Number of clusters (user_id) =   20524                Number of obs =   124012
                                                      F(  3, 20523) =     0.99
                                                      Prob > F      =   0.3970
Total (centered) SS     =  30125116.48                Centered R2   =  -0.0011
Total (uncentered) SS   =  30125116.48                Uncentered R2 =  -0.0011
Residual SS             =  30157217.78                Root MSE      =     15.6

------------------------------------------------------------------------------
             |               Robust
total_co~100 | Coefficient  std. err.      t    P>|t|     [95% conf. interval]
-------------+----------------------------------------------------------------
        var3 |   3.823043   5.461927     0.70   0.484    -6.882767    14.52885
        var5 |  -5.647152   8.115971    -0.70   0.487     -21.5551     10.2608
        var4 |   3.646156   6.482455     0.56   0.574    -9.059972    16.35228
------------------------------------------------------------------------------
Underidentification test (Kleibergen-Paap rk LM statistic):            145.236
                                                   Chi-sq(1) P-val =    0.0000
------------------------------------------------------------------------------
Weak identification test (Cragg-Donald Wald F statistic):             1032.957
                         (Kleibergen-Paap rk Wald F statistic):         79.712
Stock-Yogo weak ID test critical values: 10% maximal IV size              7.03
                                         15% maximal IV size              4.58
                                         20% maximal IV size              3.95
                                         25% maximal IV size              3.63
Source: Stock-Yogo (2005).  Reproduced by permission.
NB: Critical values are for Cragg-Donald F statistic and i.i.d. errors.
------------------------------------------------------------------------------
Hansen J statistic (overidentification test of all instruments):         0.000
                                                 (equation exactly identified)
------------------------------------------------------------------------------
Instrumented:         var3 var5
Included instruments: var4
Excluded instruments: var6 var7
Partialled-out:       _cons
                      nb: total SS, model F and R2s are after partialling-out;
                          any small-sample adjustments include partialled-out
                          variables in regressor count K
------------------------------------------------------------------------------

Absorbed degrees of freedom:
-----------------------------------------------------------+
       Absorbed FE | Categories  - Redundant  = Num. Coefs |
-------------------+---------------------------------------|
   firm_id#user_id |     22943       22943           0    *|
                yh |        11           1          10     |
-----------------------------------------------------------+
* = FE nested within cluster; treated as redundant for DoF computation

. 
. postclose handle

. use `out', clear

. export delimited using "`result_dir'/var5_growth_base.csv", replace
(file ../results/raw/post_growth_base_precovid_2/var5_growth_base.csv not found)
file ../results/raw/post_growth_base_precovid_2/var5_growth_base.csv saved

. 
. log close
      name:  <unnamed>
       log:  /Users/saul/Dropbox/Remote Work Startups/main/spec/log/post_het_growth_base.log
  log type:  text
 closed on:  27 Jun 2025, 08:58:04
-----------------------------------------------------------------------------------------------------------------------------------------
