-----------------------------------------------------------------------------------------------------------------------------------------
      name:  <unnamed>
       log:  /Users/saul/Dropbox/Remote Work Startups/main/spec/log/run_productivity_variants.log
  log type:  text
 opened on:   6 Jun 2025, 00:52:34

. 
. local variants "unbalanced balanced precovid"

. local scripts  "user_productivity.do user_productivity_alternative_fe.do user_productivity_initial.do user_mechanisms.do user_mechanism
> s_lean.do"

. 
. foreach v of local variants {
  2.     di as txt "=== Variant: `v' ==="
  3.     foreach s of local scripts {
  4.         di as txt "Running `s' with variant `v'"
  5.         quietly do `"`s'"' "`v'"
  6.     }
  7. }
=== Variant: unbalanced ===
Running user_productivity.do with variant unbalanced
--Break--
--Break--
r(1);

end of do-file

--Break--
r(1);

. do "/var/folders/hg/s3xm9w393gxby64_zklmhgbc0000gn/T//SD56802.000000"

. /*-------------------------------------------------------------------
> | build_user_panel.do — Generate user-level panel datasets
> | Author : <your-name>
> | Updated: 06 Jun 2025
> |
> | DESCRIPTION
> | ----------
> | Re-runs the *original* cleaning / merging pipeline **unchanged**, then
> | branches into three sample variants **without touching any other
> | logic**:
> |   • unbalanced – full cleaned panel (default)
> |   • balanced   – users observed in *every* half-year between the
> |                  global min & max yh
> |   • precovid   – users with positive pre-COVID restricted contributions
> |
> # NOTE ──────────────────────────────────────────────────────────────────
> # In earlier versions the *pre-COVID* (“precovid”) sample was silently
> # duplicated to the generic legacy filenames `user_panel.dta/csv`.  This
> # implicit fallback made it impossible to see at a glance which panel
> # variant later specification scripts had been run on.
> #
> # The compatibility artefact has now been **removed**: every output file
> # is written *only* under an explicit, self-describing filename of the
> # form `user_panel_<variant>.dta|csv` (e.g. `user_panel_unbalanced.dta`).
> # Down-stream code must therefore always reference the panel variant
> # explicitly in filenames (e.g. by passing it as an argument to
> # specification scripts).  No more silent defaults.
> |
> | USAGE
> | -----
> |   do build_user_panel.do
> |   *Optionally* edit `local sample_types` to generate a subset.
> *-------------------------------------------------------------------*/
. 
. version 18.0

. set more off

. 
. ****************************************************************************
. * 0.  Globals
. ****************************************************************************
. do "../src/globals.do"

. global raw_data "../data/raw"

. global processed_data  "../data/processed"

. global results "../results/raw"

. global clean_results "../results/cleaned"

. 
. 
. 
. 
. 
end of do-file

. 
. ****************************************************************************
. * 1.  Build the *full* (unfiltered) master panel
. ****************************************************************************
. 
. *----------------------------------------------------------
. * 1.1  User-level contributions (historic)
. *----------------------------------------------------------
. use "$processed_data/Contributions_Scoop.dta", clear

. 
. * drop inactive accounts --------------------------------------------------
. gsort user_id year month

. by user_id: egen any_contributions = max(totalcontribution)

. keep if any_contributions
(3,716,732 observations deleted)

. 
. * derive half-year id ------------------------------------------------------
. gen half = ceil(month/6)

. gen yh   = yh(year, half)

. format yh %th

. 
. * monthly → half-year collapse -------------------------------------------*
. collapse (sum) totalcontribution (sum) restrictedcontributionscount ///
>          (first) companyname, by(user_id yh)

. label var totalcontribution            "Total Contributions"

. label var restrictedcontributionscount "Pvt Contributions"

. 
. keep if yh <= yh(2022,1)
(0 observations deleted)

. 
. tempfile user_yh

. save     "`user_yh'", replace
(file /var/folders/hg/s3xm9w393gxby64_zklmhgbc0000gn/T//S_56802.000001 not found)
file /var/folders/hg/s3xm9w393gxby64_zklmhgbc0000gn/T//S_56802.000001 saved as .dta format

. 
. *----------------------------------------------------------
. * 1.2  Add 2022 H1 contributions (monthly CSV)
. *----------------------------------------------------------
. import delimited "$raw_data/MonthlyContributions.csv", clear
(encoding automatically selected: ISO-8859-1)
(5 vars, 6,368,184 obs)

. 
. tostring monthyear, replace format(%06.0f)
monthyear was long now str6

. gen year  = substr(monthyear,1,4)

. gen month = substr(monthyear,5,2)

. 
. destring year month, replace
year: all characters numeric; replaced as int
month: all characters numeric; replaced as byte

. 
. gen half = ceil(month/6)

. gen yh   = yh(year, half)

. format yh %th

. 
. collapse (sum) totalcontribution (sum) restrictedcontributionscount, by(user_id yh)

. keep if yh == yh(2022,1)
(884,470 observations deleted)

. label var totalcontribution            "Total Contributions"

. label var restrictedcontributionscount "Pvt Contributions"

. 
. tempfile user_yh_new

. save     "`user_yh_new'", replace
(file /var/folders/hg/s3xm9w393gxby64_zklmhgbc0000gn/T//S_56802.000002 not found)
file /var/folders/hg/s3xm9w393gxby64_zklmhgbc0000gn/T//S_56802.000002 saved as .dta format

. 
. * attach company names -----------------------------------------------------
. use "$processed_data/expanded_half_years_2.dta", clear

. keep if yh == yh(2022,1)
(3,129,979 observations deleted)

. keep user_id companyname yh

. 
. duplicates tag user_id yh, gen(dup_tag)

Duplicates in terms of user_id yh

. keep if dup_tag==0
(13,406 observations deleted)

. 
. merge 1:1 user_id yh using "`user_yh_new'", keep(3) nogen

    Result                      Number of obs
    -----------------------------------------
    Not matched                             0
    Matched                           122,584  
    -----------------------------------------

. 
. append using "`user_yh'"

. save   "`user_yh'", replace
file /var/folders/hg/s3xm9w393gxby64_zklmhgbc0000gn/T//S_56802.000001 saved as .dta format

. 
. 
. *----------------------------------------------------------
. * 1.3  Merge firm-level characteristics (logic identical to original)
. *----------------------------------------------------------
. use "`user_yh'", clear

. 
. * teleworkability ---------------------------------------------------------*
. merge m:1 companyname using "$processed_data/scoop_firm_tele_2.dta", keep(3) nogen

    Result                      Number of obs
    -----------------------------------------
    Not matched                             0
    Matched                         1,351,106  
    -----------------------------------------

. rename teleworkable company_teleworkable

. 
. * flexibility score -------------------------------------------------------*
. merge m:1 companyname using "$raw_data/Scoop_clean_public.dta", keep(3) nogen

    Result                      Number of obs
    -----------------------------------------
    Not matched                             0
    Matched                         1,241,977  
    -----------------------------------------

. 
. * founding year -----------------------------------------------------------*
. merge m:1 companyname using "$raw_data/Scoop_founding.dta",     keep(3) nogen

    Result                      Number of obs
    -----------------------------------------
    Not matched                             0
    Matched                         1,241,977  
    -----------------------------------------

. 
. * linkedin ground-truth ---------------------------------------------------*
. merge 1:1 user_id companyname yh using "$processed_data/expanded_half_years_2.dta", keep(3) nogen

    Result                      Number of obs
    -----------------------------------------
    Not matched                             0
    Matched                         1,231,654  
    -----------------------------------------

. 
. tempfile snapshot_clean

. save     "`snapshot_clean'", replace
(file /var/folders/hg/s3xm9w393gxby64_zklmhgbc0000gn/T//S_56802.000003 not found)
file /var/folders/hg/s3xm9w393gxby64_zklmhgbc0000gn/T//S_56802.000003 saved as .dta format

. 
. *----------------------------------------------------------
. * 1.4  Hierarchy / HHI merge  (keep _merge==2|3)
. *----------------------------------------------------------
. use "$processed_data/Firm_role_level.dta", clear

. keep companyname hhi_1000 seniority_levels

. 
. merge 1:m companyname using "`snapshot_clean'"

    Result                      Number of obs
    -----------------------------------------
    Not matched                         1,668
        from master                     1,261  (_merge==1)
        from using                        407  (_merge==2)

    Matched                         1,231,247  (_merge==3)
    -----------------------------------------

. drop if _merge==1   // drop firms absent from worker panel
(1,261 observations deleted)

. drop _merge

. 
. save "`snapshot_clean'", replace
file /var/folders/hg/s3xm9w393gxby64_zklmhgbc0000gn/T//S_56802.000003 saved as .dta format

. 
. *----------------------------------------------------------
. * 1.5  Commercial real-estate rents  (keep _merge==1|3)
. *----------------------------------------------------------
. use "$raw_data/data_20240523_lease.dta", clear

. keep if !missing(execution_month, execution_year)
(0 observations deleted)

. drop id_Lease

. 
. gen half = ceil(execution_month/6)

. gen yh   = yh(execution_year, half)

. format yh %th

. 
. keep if yh < yh(2020,1)
(112,516 observations deleted)

. collapse (mean) effectiverent2212usdperyear [fw=transactionsqft], by(city state)

. 
. rename city  hqcity

. rename state hqstate

. 
. sort hqcity hqstate

. 
. tempfile _lease

. save     "`_lease'", replace
(file /var/folders/hg/s3xm9w393gxby64_zklmhgbc0000gn/T//S_56802.000004 not found)
file /var/folders/hg/s3xm9w393gxby64_zklmhgbc0000gn/T//S_56802.000004 saved as .dta format

. 
. use "`snapshot_clean'", clear

. merge m:1 hqcity hqstate using "`_lease'"
(variable hqcity was str25, now str40 to accommodate using data's values)

    Result                      Number of obs
    -----------------------------------------
    Not matched                        41,858
        from master                    37,507  (_merge==1)
        from using                      4,351  (_merge==2)

    Matched                         1,194,147  (_merge==3)
    -----------------------------------------

. drop if _merge==2   // drop lease-only rows
(4,351 observations deleted)

. rename effectiverent2212usdperyear rent

. 
. 
. *----------------------------------------------------------
. * 1.6  Modal roles & wages  (keep _merge==1|3)
. *----------------------------------------------------------
. merge m:1 companyname using "$processed_data/modal_role_per_firm.dta", keep(1 3) nogen

    Result                      Number of obs
    -----------------------------------------
    Not matched                            10
        from master                        10  
        from using                          0  

    Matched                         1,231,644  
    -----------------------------------------

. merge m:1 user_id      using "$processed_data/worker_baseline_role",   keep(1 3) nogen

    Result                      Number of obs
    -----------------------------------------
    Not matched                        63,358
        from master                    63,358  
        from using                          0  

    Matched                         1,168,296  
    -----------------------------------------

. merge m:1 companyname using "$processed_data/wages_firm.dta",          keep(1 3) nogen

    Result                      Number of obs
    -----------------------------------------
    Not matched                            10
        from master                        10  
        from using                          0  

    Matched                         1,231,644  
    -----------------------------------------

. 
. 
. ****************************************************************************
. * 1.7  Variable construction (unchanged)
. ****************************************************************************
. 
. gen age     = 2020 - founded

. label var age "Firm age as of 2020"

. encode companyname, gen(firm_id)

. encode msa,        gen(msa_id)

. 
. gen startup = age <= 10

. gen covid   = yh >= 120    // 120 = 2020H1

. gen remote  = flexibility_score2

. 
. rename restrictedcontributionscount restricted_contributions

. rename totalcontribution            total_contributions

. 
. sort user_id yh

. 
. * pre-COVID restricted contributions -------------------------------------*
. gen pre_covid = yh < 120

. by user_id: egen pre_covid_rest = total(cond(pre_covid & !missing(restricted_contributions), ///
>                                              restricted_contributions, 0))

. 
. * interaction terms ------------------------------------------------------*
. gen var3 = remote*covid

. gen var4 = covid*startup

. gen var5 = remote*covid*startup

. gen var6 = covid*company_teleworkable
(4 missing values generated)

. gen var7 = startup*covid*company_teleworkable
(4 missing values generated)

. 
. * outcome transforms -----------------------------------------------------*
. local original_outcomes "total_contributions restricted_contributions"

. foreach var of local original_outcomes {
  2.     winsor2 `var', cuts(5 95) suffix(_we)
  3.     bysort yh: egen `var'_q100 = xtile(`var'), nq(100)
  4.     label var `var'_we    "`var' (Winsorised [5–95])"
  5.     label var `var'_q100 "`var' (Percentile rank [1–100])"
  6. }

. 
. * common-sample screen ----------------------------------------------------*
. local keep_vars ///
>     user_id firm_id yh covid remote startup company_teleworkable ///
>     total_contributions_q100 restricted_contributions_q100 ///
>     var3 var4 var5 var6 var7

. 
. egen miss_ct = rowmiss(`keep_vars')

. keep if miss_ct==0
(4 observations deleted)

. 
. tempfile _master_panel

. save     "`_master_panel'", replace
(file /var/folders/hg/s3xm9w393gxby64_zklmhgbc0000gn/T//S_56802.000005 not found)
file /var/folders/hg/s3xm9w393gxby64_zklmhgbc0000gn/T//S_56802.000005 saved as .dta format

. 
. ****************************************************************************
. * 2.  Parameterised sample creation
. ****************************************************************************
. 
. local sample_types "unbalanced balanced precovid balanced_pre"

. local sample_types "balanced_pre"

. 
. foreach sample of local sample_types {
  2. 
.     use "`_master_panel'", clear
  3. 
.     /* ----------------------- variant-specific filters ---------------- */
.     if "`sample'" == "balanced" {
  4.         gsort user_id yh
  5.         quietly summarize yh, meanonly
  6.         local global_min = r(min)
  7.         local global_max = r(max)
  8. 
.         by user_id: egen min_time = min(yh)
  9.         by user_id: egen max_time = max(yh)
 10.         by user_id: egen nobs     = count(yh)
 11. 
.         preserve
 12.             contract yh, freq(count_yh)
 13.             local total_periods = _N
 14.         restore
 15. 
.         keep if min_time==`global_min' & max_time==`global_max' & nobs==`total_periods'
 16.         drop min_time max_time nobs
 17.     }
 18. 
.     if "`sample'" == "precovid" {
 19.         keep if pre_covid_rest > 0
 20.     }
 21.         
.         if "`sample'" == "balanced_pre" {
 22.                 keep if pre_covid_rest > 0
 23.                 
.         gsort user_id yh
 24.         quietly summarize yh, meanonly
 25.         local global_min = r(min)
 26.         local global_max = r(max)
 27. 
.         by user_id: egen min_time = min(yh)
 28.         by user_id: egen max_time = max(yh)
 29.         by user_id: egen nobs     = count(yh)
 30. 
.         preserve
 31.             contract yh, freq(count_yh)
 32.             local total_periods = _N
 33.         restore
 34. 
.         keep if min_time==`global_min' & max_time==`global_max' & nobs==`total_periods'
 35.         drop min_time max_time nobs
 36.                 
.     }
 37. 
.     /* ----------------------- output ---------------------------------- */
.     local base   = "$processed_data/user_panel_`sample'"
 38.     quietly save   "`base'.dta", replace
 39.     export delimited "../data/samples/user_panel_`sample'.csv", replace
 40. 
.     * progress message ---------------------------------------------------
.     di as txt "✓ Created `sample' sample (" _N " obs)"
 41. }
(1,000,345 observations deleted)
(178,285 observations deleted)
(file ../data/samples/user_panel_balanced_pre.csv not found)
file ../data/samples/user_panel_balanced_pre.csv saved
✓ Created balanced_pre sample (53020 obs)

. 
. ****************************************************************************
. * 3.  Done
. ****************************************************************************
. exit, clear

end of do-file


