-----------------------------------------------------------------------------------------------------------------------------------------
      name:  <unnamed>
       log:  /Users/saul/Dropbox/Remote Work Startups/main/spec/log/user_mechanisms_wage_gap.log
  log type:  text
 opened on:  28 May 2025, 06:13:46

. 
. 
. // 0) Globals + setup
. do "../src/globals.do"

. global raw_data "../data/raw"

. global processed_data  "../data/processed"

. global results "../results/raw"

. global clean_results "../results/cleaned"

. 
. 
. 
end of do-file

. local result_dir "$results/`specname'"

. capture mkdir "`result_dir'"

. 
. // 1) Load & prepare once
. use "$processed_data/user_panel.dta", clear

. gen seniority_4 = !inrange(seniority_levels,1,3)

. // drop if missing(hhi_1000, seniority_4, rent)
. 
. // interactions
. gen var8  = covid*rent
(1,589 missing values generated)

. gen var9  = covid*rent*remote
(1,589 missing values generated)

. gen var10 = teleworkable*covid*rent
(5,195 missing values generated)

. gen var11 = covid*hhi_1000
(13 missing values generated)

. gen var12 = covid*hhi_1000*remote
(13 missing values generated)

. gen var13 = teleworkable*covid*hhi_1000
(3,746 missing values generated)

. gen var14 = covid*seniority_4

. gen var15 = covid*seniority_4*remote

. gen var16 = teleworkable*covid*seniority_4
(3,733 missing values generated)

. 
. 
. // pick your mechanism here
. // local mech    sd_wage
. // local mech_label  sdw 
. 
. local mech    p90_p10_gap

. local mech_label  gap

. 
. // generate interactions
. gen var17 = covid*`mech'

. gen var18 = covid*`mech'*remote

. gen var19 = teleworkable*covid*`mech'
(3,733 missing values generated)

. 
. 
. 
. 
. capture postclose handle

. tempfile out

. postfile handle ///
>     str8   model_type  /// "OLS", "IV"
>     str244 spec        ///
>     str40  param       ///
>     double coef se pval pre_mean rkf nobs /// <-- exactly five numeric columns
>     using `out', replace
(file /var/folders/hg/s3xm9w393gxby64_zklmhgbc0000gn/T//S_39148.000001 not found)

. 
. 
. 
. local specs ///
>   "baseline" ///
>   "rent" "hhi" "seniority" "`mech_label'" ///
>   "rent_hhi" "rent_seniority" "rent_`mech_label'" "hhi_seniority" "hhi_`mech_label'" "seniority_`mech_label'" ///
>   "rent_hhi_seniority" "rent_hhi_`mech_label'" "rent_seniority_`mech_label'" "hhi_seniority_`mech_label'" ///
>   "rent_hhi_seniority_`mech_label'"

. 
. 
.   
. * ────────────────────────────────────────────────────────
. * 3) Define spec_… locals for OLS exog, IV exog, instruments & endogenous
. *    (indices correspond to word positions in `specs`)
. * ────────────────────────────────────────────────────────
. 
. //  1) baseline
. local spec_ols_exog1  var4

. local spec_iv_exog1   var4

. local spec_instr1     var6 var7

. local spec_endo1      var3 var5

. 
. //  2) rent
. local spec_ols_exog2  var4 var8  var9

. local spec_iv_exog2   var4 var8

. local spec_instr2     var6 var7 var10

. local spec_endo2      var3 var5 var9

. 
. //  3) hhi
. local spec_ols_exog3  var4 var11 var12

. local spec_iv_exog3   var4 var11

. local spec_instr3     var6 var7 var13

. local spec_endo3      var3 var5 var12

. 
. //  4) seniority
. local spec_ols_exog4  var4 var14 var15

. local spec_iv_exog4   var4 var14

. local spec_instr4     var6 var7 var16

. local spec_endo4      var3 var5 var15

. 
. //  5) `mech'
. local spec_ols_exog5  var4 var17 var18

. local spec_iv_exog5   var4 var17

. local spec_instr5     var6 var7 var19

. local spec_endo5      var3 var5 var18

. 
. //  6) rent_hhi
. local spec_ols_exog6  var4 var8 var9 var11 var12

. local spec_iv_exog6   var4 var8 var11

. local spec_instr6     var6 var7 var10 var13

. local spec_endo6      var3 var5 var9 var12

. 
. //  7) rent_seniority
. local spec_ols_exog7  var4 var8 var9 var14 var15

. local spec_iv_exog7   var4 var8 var14

. local spec_instr7     var6 var7 var10 var16

. local spec_endo7      var3 var5 var9 var15

. 
. //  8) rent_`mech'
. local spec_ols_exog8  var4 var8 var9 var17 var18

. local spec_iv_exog8   var4 var8 var17

. local spec_instr8     var6 var7 var10 var19

. local spec_endo8      var3 var5 var9 var18

. 
. //  9) hhi_seniority
. local spec_ols_exog9  var4 var11 var12 var14 var15

. local spec_iv_exog9   var4 var11 var14

. local spec_instr9     var6 var7 var13 var16

. local spec_endo9      var3 var5 var12 var15

. 
. // 10) hhi_`mech'
. local spec_ols_exog10 var4 var11 var12 var17 var18

. local spec_iv_exog10  var4 var11 var17

. local spec_instr10    var6 var7 var13 var19

. local spec_endo10     var3 var5 var12 var18

. 
. // 11) `mech'_seniority
. local spec_ols_exog11 var4 var17 var18 var14 var15

. local spec_iv_exog11  var4 var17 var14

. local spec_instr11    var6 var7 var19 var16

. local spec_endo11     var3 var5 var18 var15

. 
. // 12) rent_hhi_seniority
. local spec_ols_exog12 var4 var8 var9 var11 var12 var14 var15

. local spec_iv_exog12  var4 var8 var11 var14

. local spec_instr12    var6 var7 var10 var13 var16

. local spec_endo12     var3 var5 var9 var12 var15

. 
. // 13) rent_hhi_`mech'
. local spec_ols_exog13 var4 var8 var9 var11 var12 var17 var18

. local spec_iv_exog13  var4 var8 var11 var17

. local spec_instr13    var6 var7 var10 var13 var19

. local spec_endo13     var3 var5 var9 var12 var18

. 
. // 14) rent_seniority_`mech'
. local spec_ols_exog14 var4 var8 var9 var14 var15 var17 var18

. local spec_iv_exog14  var4 var8 var14 var17

. local spec_instr14    var6 var7 var10 var16 var19

. local spec_endo14     var3 var5 var9 var15 var18

. 
. // 15) hhi_seniority_`mech'
. local spec_ols_exog15 var4 var11 var12 var14 var15 var17 var18

. local spec_iv_exog15  var4 var11 var14 var17

. local spec_instr15    var6 var7 var13 var16 var19

. local spec_endo15     var3 var5 var12 var15 var18

. 
. // 16) rent_hhi_seniority_`mech'
. local spec_ols_exog16 var4 var8 var9 var11 var12 var14 var15 var17 var18

. local spec_iv_exog16  var4 var8 var11 var14 var17

. local spec_instr16    var6 var7 var10 var13 var16 var19

. local spec_endo16     var3 var5 var9 var12 var15 var18

. 
. 
. 
. drop if missing(rent, hhi_1000, seniority_4, sd_wage, p90_p10_gap)
(1,602 observations deleted)

. 
. 
. // 3) SPEC 1: Baseline on the full sample
. display as text "→ Spec 1: baseline (full sample)"
→ Spec 1: baseline (full sample)

. 
. summarize total_contributions_q100 if covid == 0, meanonly

. local pre_mean = r(mean)

. 
. // 3a) OLS
. reghdfe total_contributions_q100 var3 var5 var4, ///
>     absorb(firm_id user_id yh) vce(cluster user_id)
(dropped 26 singleton observations)
(MWFE estimator converged in 105 iterations)

HDFE Linear regression                            Number of obs   =     51,392
Absorbing 3 HDFE groups                           F(   3,   4694) =      18.60
Statistics robust to heteroskedasticity           Prob > F        =     0.0000
                                                  R-squared       =     0.7041
                                                  Adj R-squared   =     0.6668
                                                  Within R-sq.    =     0.0037
Number of clusters (user_id) =      4,695         Root MSE        =    16.8119

                            (Std. err. adjusted for 4,695 clusters in user_id)
------------------------------------------------------------------------------
             |               Robust
total_co~100 | Coefficient  std. err.      t    P>|t|     [95% conf. interval]
-------------+----------------------------------------------------------------
        var3 |  -2.749458   1.001652    -2.74   0.006    -4.713165   -.7857508
        var5 |   8.735788   2.721552     3.21   0.001     3.400267    14.07131
        var4 |  -11.51933   2.366823    -4.87   0.000    -16.15942   -6.879249
       _cons |   51.59015   .3140211   164.29   0.000     50.97452    52.20578
------------------------------------------------------------------------------

Absorbed degrees of freedom:
-----------------------------------------------------+
 Absorbed FE | Categories  - Redundant  = Num. Coefs |
-------------+---------------------------------------|
     firm_id |      1047           1        1046     |
     user_id |      4695        4695           0    *|
          yh |        11           1          10     |
-----------------------------------------------------+
* = FE nested within cluster; treated as redundant for DoF computation

. local N = e(N)

. foreach p in var3 var5 {
  2.     local b    = _b[`p']
  3.     local se   = _se[`p']
  4.     local t    = `b'/`se'
  5.     local pval = 2*ttail(e(df_r), abs(`t'))
  6.     post handle ("OLS") ("baseline") ("`p'") ///
>                 (`b') (`se') (`pval') (`pre_mean') ///
>                 (.) (`N')
  7. }

. 
. // 3b) IV
. ivreghdfe total_contributions_q100 (var3 var5 = var6 var7) var4, ///
>     absorb(firm_id user_id yh) vce(cluster user_id) savefirst
(dropped 26 singleton observations)
(MWFE estimator converged in 105 iterations)

Stored estimation results
-------------------------
---------------------------------------------------------------------------
             |           Dependent  Number of        
        Name | Command    variable     param.  Title 
-------------+-------------------------------------------------------------
_ivreg2_var3 | ivreg2         var3          3  First-stage regression: var3
_ivreg2_var5 | ivreg2         var5          3  First-stage regression: var5
---------------------------------------------------------------------------

IV (2SLS) estimation
--------------------

Estimates efficient for homoskedasticity only
Statistics robust to heteroskedasticity and clustering on user_id

Number of clusters (user_id) =    4695                Number of obs =    51392
                                                      F(  3,  4694) =    15.55
                                                      Prob > F      =   0.0000
Total (centered) SS     =  12947193.15                Centered R2   =  -0.0138
Total (uncentered) SS   =  12947193.15                Uncentered R2 =  -0.0138
Residual SS             =  13125511.05                Root MSE      =    16.15

------------------------------------------------------------------------------
             |               Robust
total_co~100 | Coefficient  std. err.      t    P>|t|     [95% conf. interval]
-------------+----------------------------------------------------------------
        var3 |  -18.50913    9.46081    -1.96   0.050    -37.05676    .0384969
        var5 |   33.63957   13.16855     2.55   0.011     7.823028    59.45611
        var4 |   -29.9754   10.17445    -2.95   0.003    -49.92209   -10.02871
------------------------------------------------------------------------------
Underidentification test (Kleibergen-Paap rk LM statistic):             42.423
                                                   Chi-sq(1) P-val =    0.0000
------------------------------------------------------------------------------
Weak identification test (Cragg-Donald Wald F statistic):              343.946
                         (Kleibergen-Paap rk Wald F statistic):         22.242
Stock-Yogo weak ID test critical values: 10% maximal IV size              7.03
                                         15% maximal IV size              4.58
                                         20% maximal IV size              3.95
                                         25% maximal IV size              3.63
Source: Stock-Yogo (2005).  Reproduced by permission.
NB: Critical values are for Cragg-Donald F statistic and i.i.d. errors.
------------------------------------------------------------------------------
Hansen J statistic (overidentification test of all instruments):         0.000
                                                 (equation exactly identified)
------------------------------------------------------------------------------
Instrumented:         var3 var5
Included instruments: var4
Excluded instruments: var6 var7
Partialled-out:       _cons
                      nb: total SS, model F and R2s are after partialling-out;
                          any small-sample adjustments include partialled-out
                          variables in regressor count K
------------------------------------------------------------------------------

Absorbed degrees of freedom:
-----------------------------------------------------+
 Absorbed FE | Categories  - Redundant  = Num. Coefs |
-------------+---------------------------------------|
     firm_id |      1047           1        1046     |
     user_id |      4695        4695           0    *|
          yh |        11           1          10     |
-----------------------------------------------------+
* = FE nested within cluster; treated as redundant for DoF computation

. local rkf = e(rkf)

. local N   = e(N)

. foreach p in var3 var5 {
  2.     local b    = _b[`p']
  3.     local se   = _se[`p']
  4.     local t    = `b'/`se'
  5.     local pval = 2*ttail(e(df_r), abs(`t'))
  6.     post handle ("IV") ("baseline") ("`p'") ///
>                 (`b') (`se') (`pval') (`pre_mean') ///
>                 (`rkf') (`N')
  7. }

. 
. // 4) Now restrict to observations with mechanism vars
. // Ensure a common sample across *all* mechanism variables (rent, HHI, seniority,
. // wage dispersion).  This keeps the estimation sample identical in the two
. // mechanism families.
. 
. 
. 
. // 4) Loop
. forvalues i = 2/16 {
  2.     // 1) pick the spec name
.     local spec    : word `i' of `specs'
  3. 
.     // 2) build up the four pieces we need
.     local ols_exog "`spec_ols_exog`i''"
  4.     local iv_exog  "`spec_iv_exog`i''"
  5.     local instr    "`spec_instr`i''"
  6.     local endo     "`spec_endo`i''"
  7.         
. 
.     display as text "→ Spec `i': `spec'"
  8. 
.     summarize total_contributions_q100 if covid == 0, meanonly
  9.     local pre_mean = r(mean)
 10. 
.     // 4a) OLS
.     reghdfe total_contributions_q100 var3 var5 `ols_exog', ///
>         absorb(firm_id user_id yh) vce(cluster user_id)
 11.         
.         local N = e(N) 
 12.         
.     foreach p in var3 var5 {
 13.         local b    = _b[`p']
 14.         local se   = _se[`p']
 15.         local t    = `b'/`se'
 16.         local pval = 2*ttail(e(df_r), abs(`t'))
 17.        post handle ("OLS") ("`spec'") ("`p'") ///
>                     (`b') (`se') (`pval') (`pre_mean') ///
>                     (.) (`N')
 18.     }
 19. 
.     // 4b) IV
.     ivreghdfe total_contributions_q100 (`endo' = `instr') `iv_exog', ///
>         absorb(firm_id user_id yh) vce(cluster user_id) savefirst
 20.     local rkf = e(rkf)
 21.         local N   = e(N)
 22.         
.     foreach p in var3 var5 {
 23.         local b    = _b[`p']
 24.         local se   = _se[`p']
 25.         local t    = `b'/`se'
 26.         local pval = 2*ttail(e(df_r), abs(`t'))
 27.        post handle ("IV") ("`spec'") ("`p'") ///
>                     (`b') (`se') (`pval') (`pre_mean') ///
>                     (`rkf') (`N')
 28.     }
 29. 
. }
→ Spec 2: rent
(dropped 26 singleton observations)
(MWFE estimator converged in 105 iterations)

HDFE Linear regression                            Number of obs   =     51,392
Absorbing 3 HDFE groups                           F(   5,   4694) =      13.06
Statistics robust to heteroskedasticity           Prob > F        =     0.0000
                                                  R-squared       =     0.7043
                                                  Adj R-squared   =     0.6670
                                                  Within R-sq.    =     0.0044
Number of clusters (user_id) =      4,695         Root MSE        =    16.8067

                            (Std. err. adjusted for 4,695 clusters in user_id)
------------------------------------------------------------------------------
             |               Robust
total_co~100 | Coefficient  std. err.      t    P>|t|     [95% conf. interval]
-------------+----------------------------------------------------------------
        var3 |   .1755012   2.328712     0.08   0.940    -4.389867    4.740869
        var5 |   8.504787   2.744517     3.10   0.002     3.124245    13.88533
        var4 |  -10.97132   2.392154    -4.59   0.000    -15.66106   -6.281573
        var8 |  -.0043894   .0355769    -0.12   0.902    -.0741369    .0653581
        var9 |  -.0524685   .0462255    -1.14   0.256    -.1430922    .0381553
       _cons |   51.59826   .7546167    68.38   0.000     50.11886    53.07766
------------------------------------------------------------------------------

Absorbed degrees of freedom:
-----------------------------------------------------+
 Absorbed FE | Categories  - Redundant  = Num. Coefs |
-------------+---------------------------------------|
     firm_id |      1047           1        1046     |
     user_id |      4695        4695           0    *|
          yh |        11           1          10     |
-----------------------------------------------------+
* = FE nested within cluster; treated as redundant for DoF computation
(dropped 41 singleton observations)
(MWFE estimator converged in 104 iterations)

Stored estimation results
-------------------------
---------------------------------------------------------------------------
             |           Dependent  Number of        
        Name | Command    variable     param.  Title 
-------------+-------------------------------------------------------------
_ivreg2_var3 | ivreg2         var3          5  First-stage regression: var3
_ivreg2_var5 | ivreg2         var5          5  First-stage regression: var5
_ivreg2_var9 | ivreg2         var9          5  First-stage regression: var9
---------------------------------------------------------------------------

IV (2SLS) estimation
--------------------

Estimates efficient for homoskedasticity only
Statistics robust to heteroskedasticity and clustering on user_id

Number of clusters (user_id) =    4510                Number of obs =    47771
                                                      F(  5,  4509) =     0.52
                                                      Prob > F      =   0.7606
Total (centered) SS     =  11897296.85                Centered R2   =  -5.5582
Total (uncentered) SS   =  11897296.85                Uncentered R2 =  -5.5582
Residual SS             =  78024573.28                Root MSE      =    40.85

------------------------------------------------------------------------------
             |               Robust
total_co~100 | Coefficient  std. err.      t    P>|t|     [95% conf. interval]
-------------+----------------------------------------------------------------
        var3 |  -662.2811   1258.524    -0.53   0.599    -3129.604    1805.042
        var5 |   117.0408   170.7827     0.69   0.493    -217.7771    451.8586
        var9 |   11.85085   23.40563     0.51   0.613    -34.03565    57.73735
        var4 |  -93.28694   131.9896    -0.71   0.480    -352.0513    165.4775
        var8 |  -7.998002   15.85055    -0.50   0.614    -39.07285    23.07685
------------------------------------------------------------------------------
Underidentification test (Kleibergen-Paap rk LM statistic):              0.273
                                                   Chi-sq(1) P-val =    0.6016
------------------------------------------------------------------------------
Weak identification test (Cragg-Donald Wald F statistic):                0.602
                         (Kleibergen-Paap rk Wald F statistic):          0.089
Stock-Yogo weak ID test critical values:                       <not available>
------------------------------------------------------------------------------
Hansen J statistic (overidentification test of all instruments):         0.000
                                                 (equation exactly identified)
------------------------------------------------------------------------------
Instrumented:         var3 var5 var9
Included instruments: var4 var8
Excluded instruments: var6 var7 var10
Partialled-out:       _cons
                      nb: total SS, model F and R2s are after partialling-out;
                          any small-sample adjustments include partialled-out
                          variables in regressor count K
------------------------------------------------------------------------------

Absorbed degrees of freedom:
-----------------------------------------------------+
 Absorbed FE | Categories  - Redundant  = Num. Coefs |
-------------+---------------------------------------|
     firm_id |      1006           1        1005     |
     user_id |      4510        4510           0    *|
          yh |        11           1          10     |
-----------------------------------------------------+
* = FE nested within cluster; treated as redundant for DoF computation
→ Spec 3: hhi
(dropped 26 singleton observations)
(MWFE estimator converged in 105 iterations)

HDFE Linear regression                            Number of obs   =     51,392
Absorbing 3 HDFE groups                           F(   5,   4694) =      12.25
Statistics robust to heteroskedasticity           Prob > F        =     0.0000
                                                  R-squared       =     0.7042
                                                  Adj R-squared   =     0.6669
                                                  Within R-sq.    =     0.0041
Number of clusters (user_id) =      4,695         Root MSE        =    16.8093

                            (Std. err. adjusted for 4,695 clusters in user_id)
------------------------------------------------------------------------------
             |               Robust
total_co~100 | Coefficient  std. err.      t    P>|t|     [95% conf. interval]
-------------+----------------------------------------------------------------
        var3 |  -2.520717   1.299189    -1.94   0.052    -5.067738    .0263044
        var5 |   8.331521   2.918792     2.85   0.004     2.609317    14.05372
        var4 |  -10.64688   2.570209    -4.14   0.000     -15.6857   -5.608062
       var11 |  -.0008406   .0017213    -0.49   0.625    -.0042152    .0025339
       var12 |  -.0004031   .0020241    -0.20   0.842    -.0043712     .003565
       _cons |   51.75127   .4494044   115.16   0.000     50.87023    52.63231
------------------------------------------------------------------------------

Absorbed degrees of freedom:
-----------------------------------------------------+
 Absorbed FE | Categories  - Redundant  = Num. Coefs |
-------------+---------------------------------------|
     firm_id |      1047           1        1046     |
     user_id |      4695        4695           0    *|
          yh |        11           1          10     |
-----------------------------------------------------+
* = FE nested within cluster; treated as redundant for DoF computation
(dropped 41 singleton observations)
(MWFE estimator converged in 104 iterations)

Stored estimation results
-------------------------
----------------------------------------------------------------------------
             |           Dependent  Number of        
        Name | Command    variable     param.  Title 
-------------+--------------------------------------------------------------
_ivreg2_var3 | ivreg2         var3          5  First-stage regression: var3
_ivreg2_var5 | ivreg2         var5          5  First-stage regression: var5
_ivreg2_v~12 | ivreg2        var12          5  First-stage regression: var12
----------------------------------------------------------------------------

IV (2SLS) estimation
--------------------

Estimates efficient for homoskedasticity only
Statistics robust to heteroskedasticity and clustering on user_id

Number of clusters (user_id) =    4510                Number of obs =    47771
                                                      F(  5,  4509) =     1.15
                                                      Prob > F      =   0.3311
Total (centered) SS     =  11897296.85                Centered R2   =  -1.0001
Total (uncentered) SS   =  11897296.85                Uncentered R2 =  -1.0001
Residual SS             =  23796009.18                Root MSE      =    22.56

------------------------------------------------------------------------------
             |               Robust
total_co~100 | Coefficient  std. err.      t    P>|t|     [95% conf. interval]
-------------+----------------------------------------------------------------
        var3 |   123.2169   577.6034     0.21   0.831    -1009.169    1255.603
        var5 |    211.084   709.6838     0.30   0.766    -1180.244    1602.412
       var12 |  -.1389589   .5414797    -0.26   0.797    -1.200525    .9226068
        var4 |   -199.506   685.0411    -0.29   0.771    -1542.522     1143.51
       var11 |   .1118301   .4402363     0.25   0.799    -.7512488     .974909
------------------------------------------------------------------------------
Underidentification test (Kleibergen-Paap rk LM statistic):              0.073
                                                   Chi-sq(1) P-val =    0.7864
------------------------------------------------------------------------------
Weak identification test (Cragg-Donald Wald F statistic):                1.036
                         (Kleibergen-Paap rk Wald F statistic):          0.024
Stock-Yogo weak ID test critical values:                       <not available>
------------------------------------------------------------------------------
Hansen J statistic (overidentification test of all instruments):         0.000
                                                 (equation exactly identified)
------------------------------------------------------------------------------
Instrumented:         var3 var5 var12
Included instruments: var4 var11
Excluded instruments: var6 var7 var13
Partialled-out:       _cons
                      nb: total SS, model F and R2s are after partialling-out;
                          any small-sample adjustments include partialled-out
                          variables in regressor count K
------------------------------------------------------------------------------

Absorbed degrees of freedom:
-----------------------------------------------------+
 Absorbed FE | Categories  - Redundant  = Num. Coefs |
-------------+---------------------------------------|
     firm_id |      1006           1        1005     |
     user_id |      4510        4510           0    *|
          yh |        11           1          10     |
-----------------------------------------------------+
* = FE nested within cluster; treated as redundant for DoF computation
→ Spec 4: seniority
(dropped 26 singleton observations)
(MWFE estimator converged in 105 iterations)

HDFE Linear regression                            Number of obs   =     51,392
Absorbing 3 HDFE groups                           F(   5,   4694) =      11.62
Statistics robust to heteroskedasticity           Prob > F        =     0.0000
                                                  R-squared       =     0.7041
                                                  Adj R-squared   =     0.6668
                                                  Within R-sq.    =     0.0039
Number of clusters (user_id) =      4,695         Root MSE        =    16.8108

                            (Std. err. adjusted for 4,695 clusters in user_id)
------------------------------------------------------------------------------
             |               Robust
total_co~100 | Coefficient  std. err.      t    P>|t|     [95% conf. interval]
-------------+----------------------------------------------------------------
        var3 |   12.68553   11.42493     1.11   0.267    -9.712687    35.08376
        var5 |   8.091896   2.762209     2.93   0.003     2.676669    13.50712
        var4 |  -10.87511   2.396536    -4.54   0.000    -15.57345   -6.176778
       var14 |     16.315   10.95947     1.49   0.137    -5.170708     37.8007
       var15 |  -15.41783   11.39993    -1.35   0.176    -37.76705    6.931387
       _cons |   44.17236   4.988244     8.86   0.000     34.39306    53.95166
------------------------------------------------------------------------------

Absorbed degrees of freedom:
-----------------------------------------------------+
 Absorbed FE | Categories  - Redundant  = Num. Coefs |
-------------+---------------------------------------|
     firm_id |      1047           1        1046     |
     user_id |      4695        4695           0    *|
          yh |        11           1          10     |
-----------------------------------------------------+
* = FE nested within cluster; treated as redundant for DoF computation
(dropped 41 singleton observations)
(MWFE estimator converged in 105 iterations)

Stored estimation results
-------------------------
----------------------------------------------------------------------------
             |           Dependent  Number of        
        Name | Command    variable     param.  Title 
-------------+--------------------------------------------------------------
_ivreg2_var3 | ivreg2         var3          5  First-stage regression: var3
_ivreg2_var5 | ivreg2         var5          5  First-stage regression: var5
_ivreg2_v~15 | ivreg2        var15          5  First-stage regression: var15
----------------------------------------------------------------------------

IV (2SLS) estimation
--------------------

Estimates efficient for homoskedasticity only
Statistics robust to heteroskedasticity and clustering on user_id

Number of clusters (user_id) =    4510                Number of obs =    47771
                                                      F(  5,  4509) =     0.07
                                                      Prob > F      =   0.9968
Total (centered) SS     =  11897296.85                Centered R2   = -2.7e+02
Total (uncentered) SS   =  11897296.85                Uncentered R2 = -2.7e+02
Residual SS             =   3199679459                Root MSE      =    261.6

------------------------------------------------------------------------------
             |               Robust
total_co~100 | Coefficient  std. err.      t    P>|t|     [95% conf. interval]
-------------+----------------------------------------------------------------
        var3 |  -21312.51   66029.29    -0.32   0.747    -150762.3    108137.3
        var5 |  -47.81493   427.1568    -0.11   0.911    -885.2517    789.6218
       var15 |    21459.9   66550.89     0.32   0.747    -109012.5    151932.3
        var4 |  -9.716167   322.8544    -0.03   0.976    -642.6691    623.2367
       var14 |  -20103.53   62426.35    -0.32   0.747    -142489.8    102282.7
------------------------------------------------------------------------------
Underidentification test (Kleibergen-Paap rk LM statistic):              0.099
                                                   Chi-sq(1) P-val =    0.7535
------------------------------------------------------------------------------
Weak identification test (Cragg-Donald Wald F statistic):                0.003
                         (Kleibergen-Paap rk Wald F statistic):          0.032
Stock-Yogo weak ID test critical values:                       <not available>
------------------------------------------------------------------------------
Hansen J statistic (overidentification test of all instruments):         0.000
                                                 (equation exactly identified)
------------------------------------------------------------------------------
Instrumented:         var3 var5 var15
Included instruments: var4 var14
Excluded instruments: var6 var7 var16
Partialled-out:       _cons
                      nb: total SS, model F and R2s are after partialling-out;
                          any small-sample adjustments include partialled-out
                          variables in regressor count K
------------------------------------------------------------------------------

Absorbed degrees of freedom:
-----------------------------------------------------+
 Absorbed FE | Categories  - Redundant  = Num. Coefs |
-------------+---------------------------------------|
     firm_id |      1006           1        1005     |
     user_id |      4510        4510           0    *|
          yh |        11           1          10     |
-----------------------------------------------------+
* = FE nested within cluster; treated as redundant for DoF computation
→ Spec 5: gap
(dropped 26 singleton observations)
(MWFE estimator converged in 105 iterations)

HDFE Linear regression                            Number of obs   =     51,392
Absorbing 3 HDFE groups                           F(   5,   4694) =      12.96
Statistics robust to heteroskedasticity           Prob > F        =     0.0000
                                                  R-squared       =     0.7042
                                                  Adj R-squared   =     0.6669
                                                  Within R-sq.    =     0.0042
Number of clusters (user_id) =      4,695         Root MSE        =    16.8085

                            (Std. err. adjusted for 4,695 clusters in user_id)
------------------------------------------------------------------------------
             |               Robust
total_co~100 | Coefficient  std. err.      t    P>|t|     [95% conf. interval]
-------------+----------------------------------------------------------------
        var3 |   2.886638   2.588532     1.12   0.265    -2.188101    7.961377
        var5 |   8.483851    2.70658     3.13   0.002     3.177684    13.79002
        var4 |  -11.21334   2.353943    -4.76   0.000    -15.82818   -6.598511
       var17 |    .000102   .0000336     3.04   0.002     .0000362    .0001677
       var18 |  -.0001151   .0000504    -2.28   0.023    -.0002139   -.0000162
       _cons |   49.30398   .7947646    62.04   0.000     47.74587     50.8621
------------------------------------------------------------------------------

Absorbed degrees of freedom:
-----------------------------------------------------+
 Absorbed FE | Categories  - Redundant  = Num. Coefs |
-------------+---------------------------------------|
     firm_id |      1047           1        1046     |
     user_id |      4695        4695           0    *|
          yh |        11           1          10     |
-----------------------------------------------------+
* = FE nested within cluster; treated as redundant for DoF computation
(dropped 41 singleton observations)
(MWFE estimator converged in 104 iterations)

Stored estimation results
-------------------------
----------------------------------------------------------------------------
             |           Dependent  Number of        
        Name | Command    variable     param.  Title 
-------------+--------------------------------------------------------------
_ivreg2_var3 | ivreg2         var3          5  First-stage regression: var3
_ivreg2_var5 | ivreg2         var5          5  First-stage regression: var5
_ivreg2_v~18 | ivreg2        var18          5  First-stage regression: var18
----------------------------------------------------------------------------

IV (2SLS) estimation
--------------------

Estimates efficient for homoskedasticity only
Statistics robust to heteroskedasticity and clustering on user_id

Number of clusters (user_id) =    4510                Number of obs =    47771
                                                      F(  5,  4509) =     7.73
                                                      Prob > F      =   0.0000
Total (centered) SS     =  11897296.85                Centered R2   =  -0.0282
Total (uncentered) SS   =  11897296.85                Uncentered R2 =  -0.0282
Residual SS             =  12232245.77                Root MSE      =    16.18

------------------------------------------------------------------------------
             |               Robust
total_co~100 | Coefficient  std. err.      t    P>|t|     [95% conf. interval]
-------------+----------------------------------------------------------------
        var3 |   19.75913   48.55791     0.41   0.684    -75.43817    114.9564
        var5 |   22.42343   22.04882     1.02   0.309    -20.80306    65.64993
       var18 |  -.0008118   .0008412    -0.97   0.335     -.002461    .0008373
        var4 |  -18.98135   17.63687    -1.08   0.282    -53.55826    15.59556
       var17 |   .0005425   .0005677     0.96   0.339    -.0005704    .0016554
------------------------------------------------------------------------------
Underidentification test (Kleibergen-Paap rk LM statistic):              3.843
                                                   Chi-sq(1) P-val =    0.0499
------------------------------------------------------------------------------
Weak identification test (Cragg-Donald Wald F statistic):               72.330
                         (Kleibergen-Paap rk Wald F statistic):          1.299
Stock-Yogo weak ID test critical values:                       <not available>
------------------------------------------------------------------------------
Hansen J statistic (overidentification test of all instruments):         0.000
                                                 (equation exactly identified)
------------------------------------------------------------------------------
Instrumented:         var3 var5 var18
Included instruments: var4 var17
Excluded instruments: var6 var7 var19
Partialled-out:       _cons
                      nb: total SS, model F and R2s are after partialling-out;
                          any small-sample adjustments include partialled-out
                          variables in regressor count K
------------------------------------------------------------------------------

Absorbed degrees of freedom:
-----------------------------------------------------+
 Absorbed FE | Categories  - Redundant  = Num. Coefs |
-------------+---------------------------------------|
     firm_id |      1006           1        1005     |
     user_id |      4510        4510           0    *|
          yh |        11           1          10     |
-----------------------------------------------------+
* = FE nested within cluster; treated as redundant for DoF computation
→ Spec 6: rent_hhi
(dropped 26 singleton observations)
(MWFE estimator converged in 105 iterations)

HDFE Linear regression                            Number of obs   =     51,392
Absorbing 3 HDFE groups                           F(   7,   4694) =      10.15
Statistics robust to heteroskedasticity           Prob > F        =     0.0000
                                                  R-squared       =     0.7044
                                                  Adj R-squared   =     0.6671
                                                  Within R-sq.    =     0.0048
Number of clusters (user_id) =      4,695         Root MSE        =    16.8039

                            (Std. err. adjusted for 4,695 clusters in user_id)
------------------------------------------------------------------------------
             |               Robust
total_co~100 | Coefficient  std. err.      t    P>|t|     [95% conf. interval]
-------------+----------------------------------------------------------------
        var3 |   1.137784   2.445217     0.47   0.642     -3.65599    5.931558
        var5 |   8.465728   2.923505     2.90   0.004     2.734286    14.19717
        var4 |  -10.39173   2.574475    -4.04   0.000     -15.4389   -5.344546
        var8 |   .0033852   .0360048     0.09   0.925    -.0672011    .0739715
        var9 |  -.0633108   .0465119    -1.36   0.174     -.154496    .0278745
       var11 |  -.0004368    .001747    -0.25   0.803    -.0038616    .0029881
       var12 |  -.0009523   .0020509    -0.46   0.642     -.004973    .0030685
       _cons |   51.52459   .7903569    65.19   0.000     49.97512    53.07406
------------------------------------------------------------------------------

Absorbed degrees of freedom:
-----------------------------------------------------+
 Absorbed FE | Categories  - Redundant  = Num. Coefs |
-------------+---------------------------------------|
     firm_id |      1047           1        1046     |
     user_id |      4695        4695           0    *|
          yh |        11           1          10     |
-----------------------------------------------------+
* = FE nested within cluster; treated as redundant for DoF computation
(dropped 41 singleton observations)
(MWFE estimator converged in 104 iterations)

Stored estimation results
-------------------------
----------------------------------------------------------------------------
             |           Dependent  Number of        
        Name | Command    variable     param.  Title 
-------------+--------------------------------------------------------------
_ivreg2_var3 | ivreg2         var3          7  First-stage regression: var3
_ivreg2_var5 | ivreg2         var5          7  First-stage regression: var5
_ivreg2_var9 | ivreg2         var9          7  First-stage regression: var9
_ivreg2_v~12 | ivreg2        var12          7  First-stage regression: var12
----------------------------------------------------------------------------

IV (2SLS) estimation
--------------------

Estimates efficient for homoskedasticity only
Statistics robust to heteroskedasticity and clustering on user_id

Number of clusters (user_id) =    4510                Number of obs =    47771
                                                      F(  7,  4509) =     0.70
                                                      Prob > F      =   0.6754
Total (centered) SS     =  11897296.85                Centered R2   =  -2.4928
Total (uncentered) SS   =  11897296.85                Uncentered R2 =  -2.4928
Residual SS             =  41555403.41                Root MSE      =    29.81

------------------------------------------------------------------------------
             |               Robust
total_co~100 | Coefficient  std. err.      t    P>|t|     [95% conf. interval]
-------------+----------------------------------------------------------------
        var3 |  -312.4863   1438.404    -0.22   0.828    -3132.464    2507.491
        var5 |   238.6796   398.7078     0.60   0.549    -542.9832    1020.342
        var9 |   7.619879   24.68384     0.31   0.758    -40.77255    56.01231
       var12 |  -.0997999   .3251301    -0.31   0.759    -.7372143    .5376144
        var4 |  -219.4393   373.8027    -0.59   0.557    -952.2758    513.3972
        var8 |  -5.433064   16.60533    -0.33   0.744    -37.98765    27.12153
       var11 |     .09199   .2552651     0.36   0.719    -.4084548    .5924348
------------------------------------------------------------------------------
Underidentification test (Kleibergen-Paap rk LM statistic):              0.165
                                                   Chi-sq(1) P-val =    0.6848
------------------------------------------------------------------------------
Weak identification test (Cragg-Donald Wald F statistic):                0.468
                         (Kleibergen-Paap rk Wald F statistic):          0.040
Stock-Yogo weak ID test critical values:                       <not available>
------------------------------------------------------------------------------
Hansen J statistic (overidentification test of all instruments):         0.000
                                                 (equation exactly identified)
------------------------------------------------------------------------------
Instrumented:         var3 var5 var9 var12
Included instruments: var4 var8 var11
Excluded instruments: var6 var7 var10 var13
Partialled-out:       _cons
                      nb: total SS, model F and R2s are after partialling-out;
                          any small-sample adjustments include partialled-out
                          variables in regressor count K
------------------------------------------------------------------------------

Absorbed degrees of freedom:
-----------------------------------------------------+
 Absorbed FE | Categories  - Redundant  = Num. Coefs |
-------------+---------------------------------------|
     firm_id |      1006           1        1005     |
     user_id |      4510        4510           0    *|
          yh |        11           1          10     |
-----------------------------------------------------+
* = FE nested within cluster; treated as redundant for DoF computation
→ Spec 7: rent_seniority
(dropped 26 singleton observations)
(MWFE estimator converged in 105 iterations)

HDFE Linear regression                            Number of obs   =     51,392
Absorbing 3 HDFE groups                           F(   7,   4694) =       9.70
Statistics robust to heteroskedasticity           Prob > F        =     0.0000
                                                  R-squared       =     0.7043
                                                  Adj R-squared   =     0.6670
                                                  Within R-sq.    =     0.0046
Number of clusters (user_id) =      4,695         Root MSE        =    16.8055

                            (Std. err. adjusted for 4,695 clusters in user_id)
------------------------------------------------------------------------------
             |               Robust
total_co~100 | Coefficient  std. err.      t    P>|t|     [95% conf. interval]
-------------+----------------------------------------------------------------
        var3 |   14.72976   11.40518     1.29   0.197    -7.629745    37.08926
        var5 |     7.9325   2.788348     2.84   0.004     2.466029    13.39897
        var4 |   -10.3603   2.424588    -4.27   0.000    -15.11363   -5.606971
        var8 |  -.0038049   .0355976    -0.11   0.915     -.073593    .0659832
        var9 |  -.0543152   .0463759    -1.17   0.242    -.1452337    .0366033
       var14 |   15.98833   10.80377     1.48   0.139    -5.192132    37.16879
       var15 |  -14.42825   11.24869    -1.28   0.200    -36.48095    7.624458
       _cons |   44.31362   4.958261     8.94   0.000     34.59311    54.03414
------------------------------------------------------------------------------

Absorbed degrees of freedom:
-----------------------------------------------------+
 Absorbed FE | Categories  - Redundant  = Num. Coefs |
-------------+---------------------------------------|
     firm_id |      1047           1        1046     |
     user_id |      4695        4695           0    *|
          yh |        11           1          10     |
-----------------------------------------------------+
* = FE nested within cluster; treated as redundant for DoF computation
(dropped 41 singleton observations)
(MWFE estimator converged in 105 iterations)

Stored estimation results
-------------------------
----------------------------------------------------------------------------
             |           Dependent  Number of        
        Name | Command    variable     param.  Title 
-------------+--------------------------------------------------------------
_ivreg2_var3 | ivreg2         var3          7  First-stage regression: var3
_ivreg2_var5 | ivreg2         var5          7  First-stage regression: var5
_ivreg2_var9 | ivreg2         var9          7  First-stage regression: var9
_ivreg2_v~15 | ivreg2        var15          7  First-stage regression: var15
----------------------------------------------------------------------------

IV (2SLS) estimation
--------------------

Estimates efficient for homoskedasticity only
Statistics robust to heteroskedasticity and clustering on user_id

Number of clusters (user_id) =    4510                Number of obs =    47771
                                                      F(  7,  4509) =     1.31
                                                      Prob > F      =   0.2411
Total (centered) SS     =  11897296.85                Centered R2   =  -1.3218
Total (uncentered) SS   =  11897296.85                Uncentered R2 =  -1.3218
Residual SS             =   27622949.1                Root MSE      =    24.31

------------------------------------------------------------------------------
             |               Robust
total_co~100 | Coefficient  std. err.      t    P>|t|     [95% conf. interval]
-------------+----------------------------------------------------------------
        var3 |   160.3218   922.1591     0.17   0.862    -1647.562    1968.206
        var5 |    70.4693   66.78589     1.06   0.291    -60.46379    201.4024
        var9 |   5.144464   11.17389     0.46   0.645    -16.76183    27.05076
       var15 |  -468.6178   616.5625    -0.76   0.447    -1677.383     740.147
        var4 |  -56.69688   51.60149    -1.10   0.272    -157.8611    44.46733
        var8 |  -3.421526   7.551996    -0.45   0.651    -18.22714    11.38409
       var14 |    418.295   587.8912     0.71   0.477    -734.2601     1570.85
------------------------------------------------------------------------------
Underidentification test (Kleibergen-Paap rk LM statistic):              0.342
                                                   Chi-sq(1) P-val =    0.5586
------------------------------------------------------------------------------
Weak identification test (Cragg-Donald Wald F statistic):                0.713
                         (Kleibergen-Paap rk Wald F statistic):          0.084
Stock-Yogo weak ID test critical values:                       <not available>
------------------------------------------------------------------------------
Hansen J statistic (overidentification test of all instruments):         0.000
                                                 (equation exactly identified)
------------------------------------------------------------------------------
Instrumented:         var3 var5 var9 var15
Included instruments: var4 var8 var14
Excluded instruments: var6 var7 var10 var16
Partialled-out:       _cons
                      nb: total SS, model F and R2s are after partialling-out;
                          any small-sample adjustments include partialled-out
                          variables in regressor count K
------------------------------------------------------------------------------

Absorbed degrees of freedom:
-----------------------------------------------------+
 Absorbed FE | Categories  - Redundant  = Num. Coefs |
-------------+---------------------------------------|
     firm_id |      1006           1        1005     |
     user_id |      4510        4510           0    *|
          yh |        11           1          10     |
-----------------------------------------------------+
* = FE nested within cluster; treated as redundant for DoF computation
→ Spec 8: rent_gap
(dropped 26 singleton observations)
(MWFE estimator converged in 105 iterations)

HDFE Linear regression                            Number of obs   =     51,392
Absorbing 3 HDFE groups                           F(   7,   4694) =      10.45
Statistics robust to heteroskedasticity           Prob > F        =     0.0000
                                                  R-squared       =     0.7044
                                                  Adj R-squared   =     0.6671
                                                  Within R-sq.    =     0.0048
Number of clusters (user_id) =      4,695         Root MSE        =    16.8037

                            (Std. err. adjusted for 4,695 clusters in user_id)
------------------------------------------------------------------------------
             |               Robust
total_co~100 | Coefficient  std. err.      t    P>|t|     [95% conf. interval]
-------------+----------------------------------------------------------------
        var3 |   6.083403   3.404857     1.79   0.074    -.5917146    12.75852
        var5 |   8.365852   2.726437     3.07   0.002     3.020756    13.71095
        var4 |   -10.7693    2.37581    -4.53   0.000      -15.427   -6.111598
        var8 |  -.0005722   .0356031    -0.02   0.987    -.0703709    .0692265
        var9 |  -.0557903   .0462103    -1.21   0.227    -.1463843    .0348036
       var17 |   .0000982   .0000338     2.90   0.004     .0000319    .0001646
       var18 |  -.0001182   .0000505    -2.34   0.019    -.0002172   -.0000191
       _cons |   49.32752   1.084712    45.48   0.000     47.20098    51.45407
------------------------------------------------------------------------------

Absorbed degrees of freedom:
-----------------------------------------------------+
 Absorbed FE | Categories  - Redundant  = Num. Coefs |
-------------+---------------------------------------|
     firm_id |      1047           1        1046     |
     user_id |      4695        4695           0    *|
          yh |        11           1          10     |
-----------------------------------------------------+
* = FE nested within cluster; treated as redundant for DoF computation
(dropped 41 singleton observations)
(MWFE estimator converged in 104 iterations)

Stored estimation results
-------------------------
----------------------------------------------------------------------------
             |           Dependent  Number of        
        Name | Command    variable     param.  Title 
-------------+--------------------------------------------------------------
_ivreg2_var3 | ivreg2         var3          7  First-stage regression: var3
_ivreg2_var5 | ivreg2         var5          7  First-stage regression: var5
_ivreg2_var9 | ivreg2         var9          7  First-stage regression: var9
_ivreg2_v~18 | ivreg2        var18          7  First-stage regression: var18
----------------------------------------------------------------------------

IV (2SLS) estimation
--------------------

Estimates efficient for homoskedasticity only
Statistics robust to heteroskedasticity and clustering on user_id

Number of clusters (user_id) =    4510                Number of obs =    47771
                                                      F(  7,  4509) =     0.50
                                                      Prob > F      =   0.8384
Total (centered) SS     =  11897296.85                Centered R2   =  -4.4609
Total (uncentered) SS   =  11897296.85                Uncentered R2 =  -4.4609
Residual SS             =  64969783.51                Root MSE      =    37.28

------------------------------------------------------------------------------
             |               Robust
total_co~100 | Coefficient  std. err.      t    P>|t|     [95% conf. interval]
-------------+----------------------------------------------------------------
        var3 |  -573.5932    886.813    -0.65   0.518    -2312.181    1164.995
        var5 |   101.3159   125.3379     0.81   0.419    -144.4078    347.0397
        var9 |   10.60216    17.2758     0.61   0.539    -23.26687    44.47119
       var18 |  -.0004031   .0022697    -0.18   0.859    -.0048529    .0040467
        var4 |    -80.478   96.17809    -0.84   0.403    -269.0342    108.0782
        var8 |  -7.164726   11.72165    -0.61   0.541    -30.14491    15.81546
       var17 |   .0001877   .0014222     0.13   0.895    -.0026005    .0029758
------------------------------------------------------------------------------
Underidentification test (Kleibergen-Paap rk LM statistic):              0.390
                                                   Chi-sq(1) P-val =    0.5325
------------------------------------------------------------------------------
Weak identification test (Cragg-Donald Wald F statistic):                0.634
                         (Kleibergen-Paap rk Wald F statistic):          0.095
Stock-Yogo weak ID test critical values:                       <not available>
------------------------------------------------------------------------------
Hansen J statistic (overidentification test of all instruments):         0.000
                                                 (equation exactly identified)
------------------------------------------------------------------------------
Instrumented:         var3 var5 var9 var18
Included instruments: var4 var8 var17
Excluded instruments: var6 var7 var10 var19
Partialled-out:       _cons
                      nb: total SS, model F and R2s are after partialling-out;
                          any small-sample adjustments include partialled-out
                          variables in regressor count K
------------------------------------------------------------------------------

Absorbed degrees of freedom:
-----------------------------------------------------+
 Absorbed FE | Categories  - Redundant  = Num. Coefs |
-------------+---------------------------------------|
     firm_id |      1006           1        1005     |
     user_id |      4510        4510           0    *|
          yh |        11           1          10     |
-----------------------------------------------------+
* = FE nested within cluster; treated as redundant for DoF computation
→ Spec 9: hhi_seniority
(dropped 26 singleton observations)
(MWFE estimator converged in 105 iterations)

HDFE Linear regression                            Number of obs   =     51,392
Absorbing 3 HDFE groups                           F(   7,   4694) =       9.03
Statistics robust to heteroskedasticity           Prob > F        =     0.0000
                                                  R-squared       =     0.7042
                                                  Adj R-squared   =     0.6669
                                                  Within R-sq.    =     0.0042
Number of clusters (user_id) =      4,695         Root MSE        =    16.8082

                            (Std. err. adjusted for 4,695 clusters in user_id)
------------------------------------------------------------------------------
             |               Robust
total_co~100 | Coefficient  std. err.      t    P>|t|     [95% conf. interval]
-------------+----------------------------------------------------------------
        var3 |   16.22901    11.8335     1.37   0.170    -6.970207    39.42822
        var5 |   7.599329   2.945336     2.58   0.010     1.825087    13.37357
        var4 |  -9.955811   2.594097    -3.84   0.000    -15.04146   -4.870163
       var11 |  -.0006567    .001743    -0.38   0.706    -.0040738    .0027603
       var12 |  -.0007498   .0021022    -0.36   0.721    -.0048711    .0033714
       var14 |   17.35739   11.14183     1.56   0.119    -4.485822    39.20061
       var15 |   -18.6264   11.68161    -1.59   0.111    -41.52785    4.275048
       _cons |   43.83004   5.096062     8.60   0.000     33.83937    53.82072
------------------------------------------------------------------------------

Absorbed degrees of freedom:
-----------------------------------------------------+
 Absorbed FE | Categories  - Redundant  = Num. Coefs |
-------------+---------------------------------------|
     firm_id |      1047           1        1046     |
     user_id |      4695        4695           0    *|
          yh |        11           1          10     |
-----------------------------------------------------+
* = FE nested within cluster; treated as redundant for DoF computation
(dropped 41 singleton observations)
(MWFE estimator converged in 105 iterations)

Stored estimation results
-------------------------
----------------------------------------------------------------------------
             |           Dependent  Number of        
        Name | Command    variable     param.  Title 
-------------+--------------------------------------------------------------
_ivreg2_var3 | ivreg2         var3          7  First-stage regression: var3
_ivreg2_var5 | ivreg2         var5          7  First-stage regression: var5
_ivreg2_v~12 | ivreg2        var12          7  First-stage regression: var12
_ivreg2_v~15 | ivreg2        var15          7  First-stage regression: var15
----------------------------------------------------------------------------

IV (2SLS) estimation
--------------------

Estimates efficient for homoskedasticity only
Statistics robust to heteroskedasticity and clustering on user_id

Number of clusters (user_id) =    4510                Number of obs =    47771
                                                      F(  7,  4509) =     0.86
                                                      Prob > F      =   0.5377
Total (centered) SS     =  11897296.85                Centered R2   =  -1.6858
Total (uncentered) SS   =  11897296.85                Uncentered R2 =  -1.6858
Residual SS             =  31953315.68                Root MSE      =    26.14

------------------------------------------------------------------------------
             |               Robust
total_co~100 | Coefficient  std. err.      t    P>|t|     [95% conf. interval]
-------------+----------------------------------------------------------------
        var3 |   957.6835   3030.759     0.32   0.752    -4984.089    6899.456
        var5 |  -107.2073   379.6248    -0.28   0.778     -851.458    637.0434
       var12 |   .1054968   .2971013     0.36   0.723    -.4769673    .6879609
       var15 |  -1106.675   3223.965    -0.34   0.731    -7427.227    5213.876
        var4 |   112.8515   374.1623     0.30   0.763    -620.6901     846.393
       var11 |  -.0896011   .2444332    -0.37   0.714      -.56881    .3896079
       var14 |   1042.895   3023.691     0.34   0.730    -4885.021    6970.811
------------------------------------------------------------------------------
Underidentification test (Kleibergen-Paap rk LM statistic):              0.224
                                                   Chi-sq(1) P-val =    0.6363
------------------------------------------------------------------------------
Weak identification test (Cragg-Donald Wald F statistic):                0.424
                         (Kleibergen-Paap rk Wald F statistic):          0.055
Stock-Yogo weak ID test critical values:                       <not available>
------------------------------------------------------------------------------
Hansen J statistic (overidentification test of all instruments):         0.000
                                                 (equation exactly identified)
------------------------------------------------------------------------------
Instrumented:         var3 var5 var12 var15
Included instruments: var4 var11 var14
Excluded instruments: var6 var7 var13 var16
Partialled-out:       _cons
                      nb: total SS, model F and R2s are after partialling-out;
                          any small-sample adjustments include partialled-out
                          variables in regressor count K
------------------------------------------------------------------------------

Absorbed degrees of freedom:
-----------------------------------------------------+
 Absorbed FE | Categories  - Redundant  = Num. Coefs |
-------------+---------------------------------------|
     firm_id |      1006           1        1005     |
     user_id |      4510        4510           0    *|
          yh |        11           1          10     |
-----------------------------------------------------+
* = FE nested within cluster; treated as redundant for DoF computation
→ Spec 10: hhi_gap
(dropped 26 singleton observations)
(MWFE estimator converged in 105 iterations)

HDFE Linear regression                            Number of obs   =     51,392
Absorbing 3 HDFE groups                           F(   7,   4694) =      10.08
Statistics robust to heteroskedasticity           Prob > F        =     0.0000
                                                  R-squared       =     0.7043
                                                  Adj R-squared   =     0.6670
                                                  Within R-sq.    =     0.0045
Number of clusters (user_id) =      4,695         Root MSE        =    16.8057

                            (Std. err. adjusted for 4,695 clusters in user_id)
------------------------------------------------------------------------------
             |               Robust
total_co~100 | Coefficient  std. err.      t    P>|t|     [95% conf. interval]
-------------+----------------------------------------------------------------
        var3 |   3.062012   2.603272     1.18   0.240    -2.041624    8.165648
        var5 |   7.703735   2.904921     2.65   0.008     2.008725    13.39875
        var4 |  -9.994716   2.558856    -3.91   0.000    -15.01128   -4.978156
       var11 |  -.0014149   .0017114    -0.83   0.408    -.0047699    .0019402
       var12 |   .0002617    .002014     0.13   0.897    -.0036867    .0042101
       var17 |   .0001062   .0000342     3.11   0.002     .0000392    .0001732
       var18 |  -.0001199   .0000508    -2.36   0.018    -.0002196   -.0000203
       _cons |   49.48541   .8108472    61.03   0.000     47.89577    51.07505
------------------------------------------------------------------------------

Absorbed degrees of freedom:
-----------------------------------------------------+
 Absorbed FE | Categories  - Redundant  = Num. Coefs |
-------------+---------------------------------------|
     firm_id |      1047           1        1046     |
     user_id |      4695        4695           0    *|
          yh |        11           1          10     |
-----------------------------------------------------+
* = FE nested within cluster; treated as redundant for DoF computation
(dropped 41 singleton observations)
(MWFE estimator converged in 104 iterations)

Stored estimation results
-------------------------
----------------------------------------------------------------------------
             |           Dependent  Number of        
        Name | Command    variable     param.  Title 
-------------+--------------------------------------------------------------
_ivreg2_var3 | ivreg2         var3          7  First-stage regression: var3
_ivreg2_var5 | ivreg2         var5          7  First-stage regression: var5
_ivreg2_v~12 | ivreg2        var12          7  First-stage regression: var12
_ivreg2_v~18 | ivreg2        var18          7  First-stage regression: var18
----------------------------------------------------------------------------

IV (2SLS) estimation
--------------------

Estimates efficient for homoskedasticity only
Statistics robust to heteroskedasticity and clustering on user_id

Number of clusters (user_id) =    4510                Number of obs =    47771
                                                      F(  7,  4509) =     2.65
                                                      Prob > F      =   0.0099
Total (centered) SS     =  11897296.85                Centered R2   =  -0.1914
Total (uncentered) SS   =  11897296.85                Uncentered R2 =  -0.1914
Residual SS             =  14174794.66                Root MSE      =    17.41

------------------------------------------------------------------------------
             |               Robust
total_co~100 | Coefficient  std. err.      t    P>|t|     [95% conf. interval]
-------------+----------------------------------------------------------------
        var3 |   78.93646    334.518     0.24   0.813    -576.8829    734.7558
        var5 |   104.8122   460.5458     0.23   0.820    -798.0834    1007.708
       var12 |  -.0656816   .3418814    -0.19   0.848    -.7359368    .6045736
       var18 |   -.000635   .0011247    -0.56   0.572      -.00284      .00157
        var4 |  -97.98052   443.0168    -0.22   0.825    -966.5107    770.5496
       var11 |   .0520847   .2781343     0.19   0.851    -.4931949    .5973643
       var17 |    .000394   .0008684     0.45   0.650    -.0013084    .0020964
------------------------------------------------------------------------------
Underidentification test (Kleibergen-Paap rk LM statistic):              0.047
                                                   Chi-sq(1) P-val =    0.8280
------------------------------------------------------------------------------
Weak identification test (Cragg-Donald Wald F statistic):                0.698
                         (Kleibergen-Paap rk Wald F statistic):          0.012
Stock-Yogo weak ID test critical values:                       <not available>
------------------------------------------------------------------------------
Hansen J statistic (overidentification test of all instruments):         0.000
                                                 (equation exactly identified)
------------------------------------------------------------------------------
Instrumented:         var3 var5 var12 var18
Included instruments: var4 var11 var17
Excluded instruments: var6 var7 var13 var19
Partialled-out:       _cons
                      nb: total SS, model F and R2s are after partialling-out;
                          any small-sample adjustments include partialled-out
                          variables in regressor count K
------------------------------------------------------------------------------

Absorbed degrees of freedom:
-----------------------------------------------------+
 Absorbed FE | Categories  - Redundant  = Num. Coefs |
-------------+---------------------------------------|
     firm_id |      1006           1        1005     |
     user_id |      4510        4510           0    *|
          yh |        11           1          10     |
-----------------------------------------------------+
* = FE nested within cluster; treated as redundant for DoF computation
→ Spec 11: seniority_gap
(dropped 26 singleton observations)
(MWFE estimator converged in 105 iterations)

HDFE Linear regression                            Number of obs   =     51,392
Absorbing 3 HDFE groups                           F(   7,   4694) =       9.52
Statistics robust to heteroskedasticity           Prob > F        =     0.0000
                                                  R-squared       =     0.7043
                                                  Adj R-squared   =     0.6670
                                                  Within R-sq.    =     0.0043
Number of clusters (user_id) =      4,695         Root MSE        =    16.8075

                            (Std. err. adjusted for 4,695 clusters in user_id)
------------------------------------------------------------------------------
             |               Robust
total_co~100 | Coefficient  std. err.      t    P>|t|     [95% conf. interval]
-------------+----------------------------------------------------------------
        var3 |   18.01402   11.93428     1.51   0.131    -5.382785    41.41082
        var5 |   7.855036   2.745475     2.86   0.004     2.472615    13.23746
        var4 |  -10.58209   2.380977    -4.44   0.000    -15.24992   -5.914258
       var17 |   .0001016   .0000335     3.03   0.002     .0000358    .0001673
       var18 |  -.0001146   .0000505    -2.27   0.023    -.0002135   -.0000157
       var14 |   16.06372   11.33992     1.42   0.157    -6.167853     38.2953
       var15 |  -15.13048   11.76153    -1.29   0.198     -38.1886    7.927637
       _cons |   42.00939   5.196592     8.08   0.000     31.82163    52.19715
------------------------------------------------------------------------------

Absorbed degrees of freedom:
-----------------------------------------------------+
 Absorbed FE | Categories  - Redundant  = Num. Coefs |
-------------+---------------------------------------|
     firm_id |      1047           1        1046     |
     user_id |      4695        4695           0    *|
          yh |        11           1          10     |
-----------------------------------------------------+
* = FE nested within cluster; treated as redundant for DoF computation
(dropped 41 singleton observations)
(MWFE estimator converged in 105 iterations)

Stored estimation results
-------------------------
----------------------------------------------------------------------------
             |           Dependent  Number of        
        Name | Command    variable     param.  Title 
-------------+--------------------------------------------------------------
_ivreg2_var3 | ivreg2         var3          7  First-stage regression: var3
_ivreg2_var5 | ivreg2         var5          7  First-stage regression: var5
_ivreg2_v~18 | ivreg2        var18          7  First-stage regression: var18
_ivreg2_v~15 | ivreg2        var15          7  First-stage regression: var15
----------------------------------------------------------------------------

IV (2SLS) estimation
--------------------

Estimates efficient for homoskedasticity only
Statistics robust to heteroskedasticity and clustering on user_id

Number of clusters (user_id) =    4510                Number of obs =    47771
                                                      F(  7,  4509) =     1.86
                                                      Prob > F      =   0.0720
Total (centered) SS     =  11897296.85                Centered R2   =  -2.0132
Total (uncentered) SS   =  11897296.85                Uncentered R2 =  -2.0132
Residual SS             =  35848996.46                Root MSE      =    27.69

------------------------------------------------------------------------------
             |               Robust
total_co~100 | Coefficient  std. err.      t    P>|t|     [95% conf. interval]
-------------+----------------------------------------------------------------
        var3 |  -1640.155    3352.78    -0.49   0.625    -8213.248    4932.937
        var5 |  -16.90181   89.07273    -0.19   0.850     -191.528    157.7244
       var18 |  -.0026078   .0037829    -0.69   0.491    -.0100242    .0048085
       var15 |   1771.767   3520.577     0.50   0.615    -5130.291    8673.824
        var4 |   10.08935   67.86224     0.15   0.882    -122.9539    143.1326
       var17 |    .001715   .0025156     0.68   0.495    -.0032168    .0066468
       var14 |  -1656.909   3303.937    -0.50   0.616    -8134.246    4820.427
------------------------------------------------------------------------------
Underidentification test (Kleibergen-Paap rk LM statistic):              0.524
                                                   Chi-sq(1) P-val =    0.4690
------------------------------------------------------------------------------
Weak identification test (Cragg-Donald Wald F statistic):                0.204
                         (Kleibergen-Paap rk Wald F statistic):          0.128
Stock-Yogo weak ID test critical values:                       <not available>
------------------------------------------------------------------------------
Hansen J statistic (overidentification test of all instruments):         0.000
                                                 (equation exactly identified)
------------------------------------------------------------------------------
Instrumented:         var3 var5 var18 var15
Included instruments: var4 var17 var14
Excluded instruments: var6 var7 var19 var16
Partialled-out:       _cons
                      nb: total SS, model F and R2s are after partialling-out;
                          any small-sample adjustments include partialled-out
                          variables in regressor count K
------------------------------------------------------------------------------

Absorbed degrees of freedom:
-----------------------------------------------------+
 Absorbed FE | Categories  - Redundant  = Num. Coefs |
-------------+---------------------------------------|
     firm_id |      1006           1        1005     |
     user_id |      4510        4510           0    *|
          yh |        11           1          10     |
-----------------------------------------------------+
* = FE nested within cluster; treated as redundant for DoF computation
→ Spec 12: rent_hhi_seniority
(dropped 26 singleton observations)
(MWFE estimator converged in 105 iterations)

HDFE Linear regression                            Number of obs   =     51,392
Absorbing 3 HDFE groups                           F(   9,   4694) =       8.12
Statistics robust to heteroskedasticity           Prob > F        =     0.0000
                                                  R-squared       =     0.7044
                                                  Adj R-squared   =     0.6671
                                                  Within R-sq.    =     0.0049
Number of clusters (user_id) =      4,695         Root MSE        =    16.8028

                            (Std. err. adjusted for 4,695 clusters in user_id)
------------------------------------------------------------------------------
             |               Robust
total_co~100 | Coefficient  std. err.      t    P>|t|     [95% conf. interval]
-------------+----------------------------------------------------------------
        var3 |   19.06681   11.82761     1.61   0.107    -4.120862    42.25449
        var5 |   7.745591   2.951841     2.62   0.009     1.958597    13.53258
        var4 |  -9.713591    2.59964    -3.74   0.000    -14.81011   -4.617077
        var8 |   .0029475   .0360406     0.08   0.935     -.067709     .073604
        var9 |  -.0625247   .0466321    -1.34   0.180    -.1539455    .0288961
       var11 |  -.0002995   .0017684    -0.17   0.866    -.0037663    .0031674
       var12 |  -.0011861   .0021273    -0.56   0.577    -.0053566    .0029843
       var14 |    17.1663    11.0173     1.56   0.119    -4.432779    38.76538
       var15 |  -17.88157   11.55939    -1.55   0.122     -40.5434    4.780256
       _cons |   43.70673   5.073293     8.62   0.000     33.76069    53.65277
------------------------------------------------------------------------------

Absorbed degrees of freedom:
-----------------------------------------------------+
 Absorbed FE | Categories  - Redundant  = Num. Coefs |
-------------+---------------------------------------|
     firm_id |      1047           1        1046     |
     user_id |      4695        4695           0    *|
          yh |        11           1          10     |
-----------------------------------------------------+
* = FE nested within cluster; treated as redundant for DoF computation
(dropped 41 singleton observations)
(MWFE estimator converged in 105 iterations)

Stored estimation results
-------------------------
----------------------------------------------------------------------------
             |           Dependent  Number of        
        Name | Command    variable     param.  Title 
-------------+--------------------------------------------------------------
_ivreg2_var3 | ivreg2         var3          9  First-stage regression: var3
_ivreg2_var5 | ivreg2         var5          9  First-stage regression: var5
_ivreg2_var9 | ivreg2         var9          9  First-stage regression: var9
_ivreg2_v~12 | ivreg2        var12          9  First-stage regression: var12
_ivreg2_v~15 | ivreg2        var15          9  First-stage regression: var15
----------------------------------------------------------------------------

IV (2SLS) estimation
--------------------

Estimates efficient for homoskedasticity only
Statistics robust to heteroskedasticity and clustering on user_id

Number of clusters (user_id) =    4510                Number of obs =    47771
                                                      F(  9,  4509) =     0.64
                                                      Prob > F      =   0.7622
Total (centered) SS     =  11897296.85                Centered R2   =  -1.9095
Total (uncentered) SS   =  11897296.85                Uncentered R2 =  -1.9095
Residual SS             =  34614864.77                Root MSE      =    27.21

------------------------------------------------------------------------------
             |               Robust
total_co~100 | Coefficient  std. err.      t    P>|t|     [95% conf. interval]
-------------+----------------------------------------------------------------
        var3 |  -267.6292    3882.03    -0.07   0.945    -7878.311    7343.052
        var5 |   227.1199   1235.017     0.18   0.854    -2194.119    2648.359
        var9 |   6.275195   19.92978     0.31   0.753    -32.79695    45.34734
       var12 |  -.1202153    1.04372    -0.12   0.908    -2.166419    1.925988
       var15 |   43.12381   4453.547     0.01   0.992    -8688.011    8774.259
        var4 |  -210.5416   1203.969    -0.17   0.861     -2570.91    2149.827
        var8 |  -4.547339   15.37527    -0.30   0.767     -34.6904    25.59572
       var11 |   .1044361   .8718973     0.12   0.905     -1.60491    1.813782
       var14 |  -65.42414   4271.886    -0.02   0.988    -8440.414    8309.566
------------------------------------------------------------------------------
Underidentification test (Kleibergen-Paap rk LM statistic):              0.017
                                                   Chi-sq(1) P-val =    0.8973
------------------------------------------------------------------------------
Weak identification test (Cragg-Donald Wald F statistic):                0.099
                         (Kleibergen-Paap rk Wald F statistic):          0.003
Stock-Yogo weak ID test critical values:                       <not available>
------------------------------------------------------------------------------
Hansen J statistic (overidentification test of all instruments):         0.000
                                                 (equation exactly identified)
------------------------------------------------------------------------------
Instrumented:         var3 var5 var9 var12 var15
Included instruments: var4 var8 var11 var14
Excluded instruments: var6 var7 var10 var13 var16
Partialled-out:       _cons
                      nb: total SS, model F and R2s are after partialling-out;
                          any small-sample adjustments include partialled-out
                          variables in regressor count K
------------------------------------------------------------------------------

Absorbed degrees of freedom:
-----------------------------------------------------+
 Absorbed FE | Categories  - Redundant  = Num. Coefs |
-------------+---------------------------------------|
     firm_id |      1006           1        1005     |
     user_id |      4510        4510           0    *|
          yh |        11           1          10     |
-----------------------------------------------------+
* = FE nested within cluster; treated as redundant for DoF computation
→ Spec 13: rent_hhi_gap
(dropped 26 singleton observations)
(MWFE estimator converged in 105 iterations)

HDFE Linear regression                            Number of obs   =     51,392
Absorbing 3 HDFE groups                           F(   9,   4694) =       8.80
Statistics robust to heteroskedasticity           Prob > F        =     0.0000
                                                  R-squared       =     0.7045
                                                  Adj R-squared   =     0.6672
                                                  Within R-sq.    =     0.0052
Number of clusters (user_id) =      4,695         Root MSE        =    16.8007

                            (Std. err. adjusted for 4,695 clusters in user_id)
------------------------------------------------------------------------------
             |               Robust
total_co~100 | Coefficient  std. err.      t    P>|t|     [95% conf. interval]
-------------+----------------------------------------------------------------
        var3 |   6.967446   3.410765     2.04   0.041     .2807447    13.65415
        var5 |   7.961866   2.906779     2.74   0.006     2.263214    13.66052
        var4 |  -9.856774   2.560248    -3.85   0.000    -14.87606   -4.837486
        var8 |   .0090506   .0360803     0.25   0.802    -.0616838     .079785
        var9 |  -.0681117    .046509    -1.46   0.143    -.1592912    .0230678
       var11 |  -.0010387   .0017398    -0.60   0.551    -.0044496    .0023721
       var12 |  -.0002601   .0020428    -0.13   0.899    -.0042649    .0037447
       var17 |   .0001014   .0000347     2.92   0.004     .0000333    .0001695
       var18 |  -.0001216   .0000512    -2.38   0.017    -.0002219   -.0000213
       _cons |   49.26833   1.088986    45.24   0.000     47.13341    51.40326
------------------------------------------------------------------------------

Absorbed degrees of freedom:
-----------------------------------------------------+
 Absorbed FE | Categories  - Redundant  = Num. Coefs |
-------------+---------------------------------------|
     firm_id |      1047           1        1046     |
     user_id |      4695        4695           0    *|
          yh |        11           1          10     |
-----------------------------------------------------+
* = FE nested within cluster; treated as redundant for DoF computation
(dropped 41 singleton observations)
(MWFE estimator converged in 104 iterations)

Stored estimation results
-------------------------
----------------------------------------------------------------------------
             |           Dependent  Number of        
        Name | Command    variable     param.  Title 
-------------+--------------------------------------------------------------
_ivreg2_var3 | ivreg2         var3          9  First-stage regression: var3
_ivreg2_var5 | ivreg2         var5          9  First-stage regression: var5
_ivreg2_var9 | ivreg2         var9          9  First-stage regression: var9
_ivreg2_v~12 | ivreg2        var12          9  First-stage regression: var12
_ivreg2_v~18 | ivreg2        var18          9  First-stage regression: var18
----------------------------------------------------------------------------

IV (2SLS) estimation
--------------------

Estimates efficient for homoskedasticity only
Statistics robust to heteroskedasticity and clustering on user_id

Number of clusters (user_id) =    4510                Number of obs =    47771
                                                      F(  9,  4509) =     0.65
                                                      Prob > F      =   0.7510
Total (centered) SS     =  11897296.85                Centered R2   =  -2.5024
Total (uncentered) SS   =  11897296.85                Uncentered R2 =  -2.5024
Residual SS             =  41668608.71                Root MSE      =    29.86

------------------------------------------------------------------------------
             |               Robust
total_co~100 | Coefficient  std. err.      t    P>|t|     [95% conf. interval]
-------------+----------------------------------------------------------------
        var3 |   -343.995   1669.544    -0.21   0.837    -3617.119    2929.129
        var5 |   202.3474   352.9048     0.57   0.566    -489.5189    894.2138
        var9 |   7.981258   27.64689     0.29   0.773    -46.22021    62.18272
       var12 |   -.068982   .4334871    -0.16   0.874    -.9188293    .7808653
       var18 |  -.0004147   .0030829    -0.13   0.893    -.0064587    .0056294
        var4 |   -184.532   340.7565    -0.54   0.588    -852.5819    483.5178
        var8 |  -5.614588   18.11942    -0.31   0.757    -41.13753    29.90835
       var11 |   .0673571   .3242166     0.21   0.835    -.5682664    .7029805
       var17 |    .000139   .0020425     0.07   0.946    -.0038654    .0041433
------------------------------------------------------------------------------
Underidentification test (Kleibergen-Paap rk LM statistic):              0.032
                                                   Chi-sq(1) P-val =    0.8585
------------------------------------------------------------------------------
Weak identification test (Cragg-Donald Wald F statistic):                0.157
                         (Kleibergen-Paap rk Wald F statistic):          0.006
Stock-Yogo weak ID test critical values:                       <not available>
------------------------------------------------------------------------------
Hansen J statistic (overidentification test of all instruments):         0.000
                                                 (equation exactly identified)
------------------------------------------------------------------------------
Instrumented:         var3 var5 var9 var12 var18
Included instruments: var4 var8 var11 var17
Excluded instruments: var6 var7 var10 var13 var19
Partialled-out:       _cons
                      nb: total SS, model F and R2s are after partialling-out;
                          any small-sample adjustments include partialled-out
                          variables in regressor count K
------------------------------------------------------------------------------

Absorbed degrees of freedom:
-----------------------------------------------------+
 Absorbed FE | Categories  - Redundant  = Num. Coefs |
-------------+---------------------------------------|
     firm_id |      1006           1        1005     |
     user_id |      4510        4510           0    *|
          yh |        11           1          10     |
-----------------------------------------------------+
* = FE nested within cluster; treated as redundant for DoF computation
→ Spec 14: rent_seniority_gap
(dropped 26 singleton observations)
(MWFE estimator converged in 105 iterations)

HDFE Linear regression                            Number of obs   =     51,392
Absorbing 3 HDFE groups                           F(   9,   4694) =       8.36
Statistics robust to heteroskedasticity           Prob > F        =     0.0000
                                                  R-squared       =     0.7045
                                                  Adj R-squared   =     0.6672
                                                  Within R-sq.    =     0.0050
Number of clusters (user_id) =      4,695         Root MSE        =    16.8024

                            (Std. err. adjusted for 4,695 clusters in user_id)
------------------------------------------------------------------------------
             |               Robust
total_co~100 | Coefficient  std. err.      t    P>|t|     [95% conf. interval]
-------------+----------------------------------------------------------------
        var3 |   20.30975   11.91303     1.70   0.088    -3.045376    43.66487
        var5 |   7.813523   2.768738     2.82   0.005     2.385497    13.24155
        var4 |  -10.17408   2.405698    -4.23   0.000    -14.89038   -5.457784
        var8 |   9.30e-06   .0356208     0.00   1.000    -.0698243    .0698429
        var9 |  -.0577136   .0463672    -1.24   0.213    -.1486151    .0331879
       var14 |     15.708    11.1648     1.41   0.160    -6.180236    37.59625
       var15 |  -14.09406   11.59202    -1.22   0.224    -36.81986    8.631733
       var17 |   .0000979   .0000338     2.89   0.004     .0000316    .0001642
       var18 |  -.0001182   .0000506    -2.34   0.019    -.0002173   -.0000191
       _cons |   42.17808   5.164325     8.17   0.000     32.05358    52.30258
------------------------------------------------------------------------------

Absorbed degrees of freedom:
-----------------------------------------------------+
 Absorbed FE | Categories  - Redundant  = Num. Coefs |
-------------+---------------------------------------|
     firm_id |      1047           1        1046     |
     user_id |      4695        4695           0    *|
          yh |        11           1          10     |
-----------------------------------------------------+
* = FE nested within cluster; treated as redundant for DoF computation
(dropped 41 singleton observations)
(MWFE estimator converged in 105 iterations)

Stored estimation results
-------------------------
----------------------------------------------------------------------------
             |           Dependent  Number of        
        Name | Command    variable     param.  Title 
-------------+--------------------------------------------------------------
_ivreg2_var3 | ivreg2         var3          9  First-stage regression: var3
_ivreg2_var5 | ivreg2         var5          9  First-stage regression: var5
_ivreg2_var9 | ivreg2         var9          9  First-stage regression: var9
_ivreg2_v~15 | ivreg2        var15          9  First-stage regression: var15
_ivreg2_v~18 | ivreg2        var18          9  First-stage regression: var18
----------------------------------------------------------------------------

IV (2SLS) estimation
--------------------

Estimates efficient for homoskedasticity only
Statistics robust to heteroskedasticity and clustering on user_id

Number of clusters (user_id) =    4510                Number of obs =    47771
                                                      F(  9,  4509) =     1.21
                                                      Prob > F      =   0.2844
Total (centered) SS     =  11897296.85                Centered R2   =  -1.1735
Total (uncentered) SS   =  11897296.85                Uncentered R2 =  -1.1735
Residual SS             =  25858612.45                Root MSE      =    23.52

------------------------------------------------------------------------------
             |               Robust
total_co~100 | Coefficient  std. err.      t    P>|t|     [95% conf. interval]
-------------+----------------------------------------------------------------
        var3 |    177.245   793.3174     0.22   0.823    -1378.046    1732.536
        var5 |   65.50138   46.40216     1.41   0.158     -25.4696    156.4723
        var9 |   4.812885   8.632662     0.56   0.577    -12.11137    21.73713
       var15 |  -458.4321   618.2638    -0.74   0.458    -1670.532     753.668
       var18 |  -.0001666   .0013124    -0.13   0.899    -.0027396    .0024064
        var4 |  -52.61704   35.26198    -1.49   0.136    -121.7478    16.51372
        var8 |  -3.202452    5.86002    -0.55   0.585    -14.69096    8.286059
       var14 |   410.3236   587.9594     0.70   0.485    -742.3652    1563.012
       var17 |   .0000926   .0008068     0.11   0.909    -.0014891    .0016743
------------------------------------------------------------------------------
Underidentification test (Kleibergen-Paap rk LM statistic):              0.515
                                                   Chi-sq(1) P-val =    0.4730
------------------------------------------------------------------------------
Weak identification test (Cragg-Donald Wald F statistic):                0.783
                         (Kleibergen-Paap rk Wald F statistic):          0.101
Stock-Yogo weak ID test critical values:                       <not available>
------------------------------------------------------------------------------
Hansen J statistic (overidentification test of all instruments):         0.000
                                                 (equation exactly identified)
------------------------------------------------------------------------------
Instrumented:         var3 var5 var9 var15 var18
Included instruments: var4 var8 var14 var17
Excluded instruments: var6 var7 var10 var16 var19
Partialled-out:       _cons
                      nb: total SS, model F and R2s are after partialling-out;
                          any small-sample adjustments include partialled-out
                          variables in regressor count K
------------------------------------------------------------------------------

Absorbed degrees of freedom:
-----------------------------------------------------+
 Absorbed FE | Categories  - Redundant  = Num. Coefs |
-------------+---------------------------------------|
     firm_id |      1006           1        1005     |
     user_id |      4510        4510           0    *|
          yh |        11           1          10     |
-----------------------------------------------------+
* = FE nested within cluster; treated as redundant for DoF computation
→ Spec 15: hhi_seniority_gap
(dropped 26 singleton observations)
(MWFE estimator converged in 105 iterations)

HDFE Linear regression                            Number of obs   =     51,392
Absorbing 3 HDFE groups                           F(   9,   4694) =       8.00
Statistics robust to heteroskedasticity           Prob > F        =     0.0000
                                                  R-squared       =     0.7044
                                                  Adj R-squared   =     0.6671
                                                  Within R-sq.    =     0.0047
Number of clusters (user_id) =      4,695         Root MSE        =    16.8047

                            (Std. err. adjusted for 4,695 clusters in user_id)
------------------------------------------------------------------------------
             |               Robust
total_co~100 | Coefficient  std. err.      t    P>|t|     [95% conf. interval]
-------------+----------------------------------------------------------------
        var3 |   20.98506    12.2555     1.71   0.087    -3.041479     45.0116
        var5 |   6.998752   2.928436     2.39   0.017     1.257642    12.73986
        var4 |  -9.330975   2.579514    -3.62   0.000    -14.38803   -4.273918
       var11 |  -.0012422   .0017361    -0.72   0.474    -.0046457    .0021613
       var12 |  -.0000498   .0020989    -0.02   0.981    -.0041645     .004065
       var14 |   16.87535   11.51795     1.47   0.143    -5.705238    39.45593
       var15 |  -17.93008   12.04123    -1.49   0.137    -41.53655    5.676385
       var17 |   .0001047   .0000343     3.05   0.002     .0000375    .0001719
       var18 |  -.0001175   .0000512    -2.29   0.022    -.0002178   -.0000171
       _cons |   41.81728   5.285398     7.91   0.000     31.45542    52.17914
------------------------------------------------------------------------------

Absorbed degrees of freedom:
-----------------------------------------------------+
 Absorbed FE | Categories  - Redundant  = Num. Coefs |
-------------+---------------------------------------|
     firm_id |      1047           1        1046     |
     user_id |      4695        4695           0    *|
          yh |        11           1          10     |
-----------------------------------------------------+
* = FE nested within cluster; treated as redundant for DoF computation
(dropped 41 singleton observations)
(MWFE estimator converged in 105 iterations)

Stored estimation results
-------------------------
----------------------------------------------------------------------------
             |           Dependent  Number of        
        Name | Command    variable     param.  Title 
-------------+--------------------------------------------------------------
_ivreg2_var3 | ivreg2         var3          9  First-stage regression: var3
_ivreg2_var5 | ivreg2         var5          9  First-stage regression: var5
_ivreg2_v~12 | ivreg2        var12          9  First-stage regression: var12
_ivreg2_v~15 | ivreg2        var15          9  First-stage regression: var15
_ivreg2_v~18 | ivreg2        var18          9  First-stage regression: var18
----------------------------------------------------------------------------

IV (2SLS) estimation
--------------------

Estimates efficient for homoskedasticity only
Statistics robust to heteroskedasticity and clustering on user_id

Number of clusters (user_id) =    4510                Number of obs =    47771
                                                      F(  9,  4509) =     0.52
                                                      Prob > F      =   0.8607
Total (centered) SS     =  11897296.85                Centered R2   =  -2.5840
Total (uncentered) SS   =  11897296.85                Uncentered R2 =  -2.5840
Residual SS             =  42640118.82                Root MSE      =     30.2

------------------------------------------------------------------------------
             |               Robust
total_co~100 | Coefficient  std. err.      t    P>|t|     [95% conf. interval]
-------------+----------------------------------------------------------------
        var3 |   1243.854   8409.426     0.15   0.882    -15242.74    17730.45
        var5 |  -126.9497     522.86    -0.24   0.808    -1152.012    898.1122
       var12 |   .1257787   .4503212     0.28   0.780    -.7570717    1.008629
       var15 |  -1444.849   9346.353    -0.15   0.877    -19768.28    16878.59
       var18 |   .0005056   .0087857     0.06   0.954    -.0167186    .0177299
        var4 |   134.1528   542.0774     0.25   0.805    -928.5847     1196.89
       var11 |  -.1069341    .386427    -0.28   0.782    -.8645205    .6506522
       var14 |   1359.951   8742.562     0.16   0.876    -15779.76    18499.66
       var17 |  -.0002476   .0055741    -0.04   0.965    -.0111755    .0106803
------------------------------------------------------------------------------
Underidentification test (Kleibergen-Paap rk LM statistic):              0.042
                                                   Chi-sq(1) P-val =    0.8372
------------------------------------------------------------------------------
Weak identification test (Cragg-Donald Wald F statistic):                0.194
                         (Kleibergen-Paap rk Wald F statistic):          0.008
Stock-Yogo weak ID test critical values:                       <not available>
------------------------------------------------------------------------------
Hansen J statistic (overidentification test of all instruments):         0.000
                                                 (equation exactly identified)
------------------------------------------------------------------------------
Instrumented:         var3 var5 var12 var15 var18
Included instruments: var4 var11 var14 var17
Excluded instruments: var6 var7 var13 var16 var19
Partialled-out:       _cons
                      nb: total SS, model F and R2s are after partialling-out;
                          any small-sample adjustments include partialled-out
                          variables in regressor count K
------------------------------------------------------------------------------

Absorbed degrees of freedom:
-----------------------------------------------------+
 Absorbed FE | Categories  - Redundant  = Num. Coefs |
-------------+---------------------------------------|
     firm_id |      1006           1        1005     |
     user_id |      4510        4510           0    *|
          yh |        11           1          10     |
-----------------------------------------------------+
* = FE nested within cluster; treated as redundant for DoF computation
→ Spec 16: rent_hhi_seniority_gap
(dropped 26 singleton observations)
(MWFE estimator converged in 105 iterations)

HDFE Linear regression                            Number of obs   =     51,392
Absorbing 3 HDFE groups                           F(  11,   4694) =       7.34
Statistics robust to heteroskedasticity           Prob > F        =     0.0000
                                                  R-squared       =     0.7046
                                                  Adj R-squared   =     0.6673
                                                  Within R-sq.    =     0.0053
Number of clusters (user_id) =      4,695         Root MSE        =    16.7997

                            (Std. err. adjusted for 4,695 clusters in user_id)
------------------------------------------------------------------------------
             |               Robust
total_co~100 | Coefficient  std. err.      t    P>|t|     [95% conf. interval]
-------------+----------------------------------------------------------------
        var3 |   24.05608   12.25474     1.96   0.050     .0310418    48.08113
        var5 |   7.270151    2.93197     2.48   0.013     1.522112    13.01819
        var4 |  -9.206029   2.582017    -3.57   0.000    -14.26799   -4.144064
        var8 |   .0086154   .0361172     0.24   0.811    -.0621913    .0794222
        var9 |  -.0674226   .0466434    -1.45   0.148    -.1588656    .0240205
       var11 |  -.0009153   .0017639    -0.52   0.604    -.0043734    .0025427
       var12 |  -.0004542   .0021251    -0.21   0.831    -.0046203    .0037119
       var14 |   16.65257   11.38152     1.46   0.144    -5.660548    38.96568
       var15 |  -17.13954   11.90899    -1.44   0.150    -40.48676    6.207678
       var17 |   .0001002   .0000348     2.88   0.004      .000032    .0001685
       var18 |  -.0001198   .0000515    -2.32   0.020    -.0002208   -.0000188
       _cons |   41.71135   5.265916     7.92   0.000     31.38768    52.03502
------------------------------------------------------------------------------

Absorbed degrees of freedom:
-----------------------------------------------------+
 Absorbed FE | Categories  - Redundant  = Num. Coefs |
-------------+---------------------------------------|
     firm_id |      1047           1        1046     |
     user_id |      4695        4695           0    *|
          yh |        11           1          10     |
-----------------------------------------------------+
* = FE nested within cluster; treated as redundant for DoF computation
(dropped 41 singleton observations)
(MWFE estimator converged in 105 iterations)

Stored estimation results
-------------------------
----------------------------------------------------------------------------
             |           Dependent  Number of        
        Name | Command    variable     param.  Title 
-------------+--------------------------------------------------------------
_ivreg2_var3 | ivreg2         var3         11  First-stage regression: var3
_ivreg2_var5 | ivreg2         var5         11  First-stage regression: var5
_ivreg2_var9 | ivreg2         var9         11  First-stage regression: var9
_ivreg2_v~12 | ivreg2        var12         11  First-stage regression: var12
_ivreg2_v~15 | ivreg2        var15         11  First-stage regression: var15
_ivreg2_v~18 | ivreg2        var18         11  First-stage regression: var18
----------------------------------------------------------------------------

IV (2SLS) estimation
--------------------

Estimates efficient for homoskedasticity only
Statistics robust to heteroskedasticity and clustering on user_id

Number of clusters (user_id) =    4510                Number of obs =    47771
                                                      F( 11,  4509) =     0.61
                                                      Prob > F      =   0.8236
Total (centered) SS     =  11897296.85                Centered R2   =  -1.7010
Total (uncentered) SS   =  11897296.85                Uncentered R2 =  -1.7010
Residual SS             =  32134749.42                Root MSE      =    26.22

------------------------------------------------------------------------------
             |               Robust
total_co~100 | Coefficient  std. err.      t    P>|t|     [95% conf. interval]
-------------+----------------------------------------------------------------
        var3 |   -236.016   6844.105    -0.03   0.972    -13653.82    13181.79
        var5 |   219.7601   2338.338     0.09   0.925    -4364.529     4804.05
        var9 |   5.821029   18.23296     0.32   0.750    -29.92451    41.56657
       var12 |  -.1184251   2.029267    -0.06   0.953    -4.096782    3.859932
       var15 |   36.87873   8346.718     0.00   0.996    -16326.78    16400.54
       var18 |  -.0000766   .0037445    -0.02   0.984    -.0074176    .0072644
        var4 |   -203.678    2281.81    -0.09   0.929    -4677.145    4269.789
        var8 |  -4.245618     16.712    -0.25   0.799    -37.00933     28.5181
       var11 |   .1024066   1.682322     0.06   0.951    -3.195769    3.400582
       var14 |  -58.06933   7997.737    -0.01   0.994    -15737.55    15621.42
       var17 |  -.0000877   .0041852    -0.02   0.983    -.0082928    .0081175
------------------------------------------------------------------------------
Underidentification test (Kleibergen-Paap rk LM statistic):              0.003
                                                   Chi-sq(1) P-val =    0.9587
------------------------------------------------------------------------------
Weak identification test (Cragg-Donald Wald F statistic):                0.026
                         (Kleibergen-Paap rk Wald F statistic):          0.000
Stock-Yogo weak ID test critical values:                       <not available>
------------------------------------------------------------------------------
Hansen J statistic (overidentification test of all instruments):         0.000
                                                 (equation exactly identified)
------------------------------------------------------------------------------
Instrumented:         var3 var5 var9 var12 var15 var18
Included instruments: var4 var8 var11 var14 var17
Excluded instruments: var6 var7 var10 var13 var16 var19
Partialled-out:       _cons
                      nb: total SS, model F and R2s are after partialling-out;
                          any small-sample adjustments include partialled-out
                          variables in regressor count K
------------------------------------------------------------------------------

Absorbed degrees of freedom:
-----------------------------------------------------+
 Absorbed FE | Categories  - Redundant  = Num. Coefs |
-------------+---------------------------------------|
     firm_id |      1006           1        1005     |
     user_id |      4510        4510           0    *|
          yh |        11           1          10     |
-----------------------------------------------------+
* = FE nested within cluster; treated as redundant for DoF computation

. 
. // 5) Close & export
. postclose handle

. use `out', clear

. export delimited using "`result_dir'/consolidated_results.csv", ///
>     replace delimiter(",") quote
file ../results/raw/user_mechanisms_wage_gap/consolidated_results.csv saved

. 
. display as result "→ CSV written to `result_dir'/consolidated_results.csv"
→ CSV written to ../results/raw/user_mechanisms_wage_gap/consolidated_results.csv

. capture log close
