---------------------------------------------------------------------------------------------------------------------------------
      name:  <unnamed>
       log:  /Users/saul/Dropbox/Remote Work Startups/main/spec/log/user_mechanisms_lean_precovid.log
  log type:  text
 opened on:  16 Sep 2025, 09:32:33

. 
. 
. // 1) Globals + setup
. do "../src/globals.do"

. global raw_data "../data/raw"

. global processed_data  "../data/processed"

. global results "../results/raw"

. global clean_results "../results/cleaned"

. 
. 
. 
. 
. 
end of do-file

. local result_dir "$results/`specname'"

. capture mkdir "`result_dir'"

. 
. // 1) Load & prepare once
. use "$processed_data/user_panel_`panel_variant'.dta", clear

. gen seniority_4 = !inrange(seniority_levels,1,3)

. 
. // interactions
. gen var8  = covid*rent
(6,813 missing values generated)

. gen var9 = covid*rent*startup
(6,813 missing values generated)

. gen var11  = covid*hhi_1000
(118 missing values generated)

. gen var12 = covid*hhi_1000*startup
(118 missing values generated)

. gen var14  = covid*seniority_4

. gen var15 = covid*seniority_4*startup

. 
. 
. // pick your mechanism here
. // local mech    sd_wage
. // local mech_label  sdw 
. 
. // local mech    p90_p10_gap
. // local mech_label  gap
. 
. // generate interactions
. // gen var17 = covid*`mech'
. // gen var18 = covid*`mech'*startup
. 
. gen var17 = covid*1

. gen var18 = covid*1

. 
. 
. 
. 
. 
. capture postclose handle

. tempfile out

. postfile handle ///
>     str8   model_type  /// 
>     str244 spec        ///
>     str40  param       ///
>     double coef se pval pre_mean rkf nobs ///
>     using `out', replace
(file /var/folders/hg/s3xm9w393gxby64_zklmhgbc0000gn/T//S_38485.000001 not found)

. 
. 
. 
. local specs ///
>   "baseline" ///
>   "rent" "hhi" "seniority" "`mech_label'" ///
>   "rent_hhi" "rent_seniority" "rent_`mech_label'" "hhi_seniority" "hhi_`mech_label'" "seniority_`mech_label'" ///
>   "rent_hhi_seniority" "rent_hhi_`mech_label'" "rent_seniority_`mech_label'" "hhi_seniority_`mech_label'" ///
>   "rent_hhi_seniority_`mech_label'"

. 
. 
.   
. * ────────────────────────────────────────────────────────
. * 3) Define spec_… locals for OLS exog, IV exog, instruments & endogenous
. *    (indices correspond to word positions in `specs`)
. * ────────────────────────────────────────────────────────
. 
. //  1) baseline
. local spec_ols_exog1  var4

. local spec_iv_exog1   var4

. local spec_instr1     var6 var7

. local spec_endo1      var3 var5

. 
. //  2) rent
. local spec_ols_exog2  var4 var8 var9  

. local spec_iv_exog2   var4 var8 var9

. local spec_instr2     var6 var7 

. local spec_endo2      var3 var5 

. 
. //  3) hhi
. local spec_ols_exog3  var4 var11 var12 

. local spec_iv_exog3   var4 var11 var12

. local spec_instr3     var6 var7 

. local spec_endo3      var3 var5 

. 
. //  4) seniority
. local spec_ols_exog4  var4 var14 var15 

. local spec_iv_exog4   var4 var14 var15

. local spec_instr4     var6 var7 

. local spec_endo4      var3 var5 

. 
. //  5) `mech'
. local spec_ols_exog5  var4 var17 var18 

. local spec_iv_exog5   var4 var17 var18

. local spec_instr5     var6 var7 

. local spec_endo5      var3 var5 

. 
. //  6) rent_hhi
. local spec_ols_exog6  var4 var8 var9  var11 var12 

. local spec_iv_exog6   var4 var8 var9 var11 var12

. local spec_instr6     var6 var7  

. local spec_endo6      var3 var5  

. 
. //  7) rent_seniority
. local spec_ols_exog7  var4 var8 var9  var14 var15 

. local spec_iv_exog7   var4 var8 var9 var14 var15

. local spec_instr7     var6 var7  

. local spec_endo7      var3 var5  

. 
. //  8) rent_`mech'
. local spec_ols_exog8  var4 var8 var9  var17 var18 

. local spec_iv_exog8   var4 var8 var9 var17 var18

. local spec_instr8     var6 var7  

. local spec_endo8      var3 var5  

. 
. //  9) hhi_seniority
. local spec_ols_exog9  var4 var11 var12  var14 var15 

. local spec_iv_exog9   var4 var11 var12 var14 var15

. local spec_instr9     var6 var7  

. local spec_endo9      var3 var5  

. 
. // 10) hhi_`mech'
. local spec_ols_exog10 var4 var11 var12  var17 var18 

. local spec_iv_exog10  var4 var11 var12 var17 var18

. local spec_instr10    var6 var7  

. local spec_endo10     var3 var5  

. 
. // 11) `mech'_seniority
. local spec_ols_exog11 var4 var17 var18  var14 var15 

. local spec_iv_exog11  var4 var17 var18 var14 var15

. local spec_instr11    var6 var7  

. local spec_endo11     var3 var5  

. 
. // 12) rent_hhi_seniority
. local spec_ols_exog12 var4 var8 var9  var11 var12  var14 var15 

. local spec_iv_exog12  var4 var8 var9 var11 var12 var14 var15

. local spec_instr12    var6 var7   

. local spec_endo12     var3 var5   

. 
. // 13) rent_hhi_`mech'
. local spec_ols_exog13 var4 var8 var9  var11 var12  var17 var18 

. local spec_iv_exog13  var4 var8 var9 var11 var12 var17 var18

. local spec_instr13    var6 var7   

. local spec_endo13     var3 var5   

. 
. // 14) rent_seniority_`mech'
. local spec_ols_exog14 var4 var8 var9  var14 var15  var17 var18 

. local spec_iv_exog14  var4 var8 var9 var14 var15 var17 var18

. local spec_instr14    var6 var7   

. local spec_endo14     var3 var5   

. 
. // 15) hhi_seniority_`mech'
. local spec_ols_exog15 var4 var11 var12  var14 var15  var17 var18 

. local spec_iv_exog15  var4 var11 var12 var14 var15 var17 var18

. local spec_instr15    var6 var7   

. local spec_endo15     var3 var5   

. 
. // 16) rent_hhi_seniority_`mech'
. local spec_ols_exog16 var4 var8 var9  var11 var12  var14 var15  var17 var18 

. local spec_iv_exog16  var4 var8 var9 var11 var12 var14 var15 var17 var18

. local spec_instr16    var6 var7    

. local spec_endo16     var3 var5    

. 
. 
. 
. // drop if missing(rent, hhi_1000, seniority_4, sd_wage, p90_p10_gap)
. 
. 
. // 3) SPEC 1: Baseline on the full sample
. display as text "→ Spec 1: baseline (full sample)"
→ Spec 1: baseline (full sample)

. 
. summarize total_contributions_q100 if covid == 0, meanonly

. local pre_mean = r(mean)

. 
. // 3a) OLS
. reghdfe total_contributions_q100 var3 var5 var4, ///
>     absorb(firm_id#user_id yh) vce(cluster user_id)
(dropped 6597 singleton observations)
(MWFE estimator converged in 8 iterations)

HDFE Linear regression                            Number of obs   =    224,708
Absorbing 2 HDFE groups                           F(   3,  35478) =      16.65
Statistics robust to heteroskedasticity           Prob > F        =     0.0000
                                                  R-squared       =     0.7186
                                                  Adj R-squared   =     0.6525
                                                  Within R-sq.    =     0.0006
Number of clusters (user_id) =     35,479         Root MSE        =    17.6444

                           (Std. err. adjusted for 35,479 clusters in user_id)
------------------------------------------------------------------------------
             |               Robust
total_co~100 | Coefficient  std. err.      t    P>|t|     [95% conf. interval]
-------------+----------------------------------------------------------------
        var3 |  -1.234691   .4958927    -2.49   0.013    -2.206656   -.2627261
        var5 |   6.208444   1.270913     4.89   0.000     3.717416    8.699472
        var4 |  -6.711066   1.096609    -6.12   0.000    -8.860454   -4.561678
       _cons |   50.52317   .1507992   335.04   0.000      50.2276    50.81874
------------------------------------------------------------------------------

Absorbed degrees of freedom:
-----------------------------------------------------------+
       Absorbed FE | Categories  - Redundant  = Num. Coefs |
-------------------+---------------------------------------|
   firm_id#user_id |     42710       42710           0    *|
                yh |        11           1          10     |
-----------------------------------------------------------+
* = FE nested within cluster; treated as redundant for DoF computation

. local N = e(N)

. foreach p in var3 var5 {
  2.     local b    = _b[`p']
  3.     local se   = _se[`p']
  4.     local t    = `b'/`se'
  5.     local pval = 2*ttail(e(df_r), abs(`t'))
  6.     post handle ("OLS") ("baseline") ("`p'") ///
>                 (`b') (`se') (`pval') (`pre_mean') ///
>                 (.) (`N')
  7. }

. 
. // 3b) IV
. ivreghdfe total_contributions_q100 (var3 var5 = var6 var7) var4, ///
>     absorb(firm_id#user_id yh) vce(cluster user_id) savefirst
(dropped 6597 singleton observations)
(MWFE estimator converged in 8 iterations)

Stored estimation results
-------------------------
---------------------------------------------------------------------------
             |           Dependent  Number of        
        Name | Command    variable     param.  Title 
-------------+-------------------------------------------------------------
_ivreg2_var3 | ivreg2         var3          3  First-stage regression: var3
_ivreg2_var5 | ivreg2         var5          3  First-stage regression: var5
---------------------------------------------------------------------------

IV (2SLS) estimation
--------------------

Estimates efficient for homoskedasticity only
Statistics robust to heteroskedasticity and clustering on user_id

Number of clusters (user_id) =   35479                Number of obs =   224708
                                                      F(  3, 35478) =    10.55
                                                      Prob > F      =   0.0000
Total (centered) SS     =  56688987.29                Centered R2   =  -0.0026
Total (uncentered) SS   =  56688987.29                Uncentered R2 =  -0.0026
Residual SS             =   56837758.2                Root MSE      =     15.9

------------------------------------------------------------------------------
             |               Robust
total_co~100 | Coefficient  std. err.      t    P>|t|     [95% conf. interval]
-------------+----------------------------------------------------------------
        var3 |  -9.263295   4.013595    -2.31   0.021    -17.13006   -1.396526
        var5 |   12.45296   5.392867     2.31   0.021     1.882779    23.02315
        var4 |  -10.43373   4.045733    -2.58   0.010    -18.36349   -2.503968
------------------------------------------------------------------------------
Underidentification test (Kleibergen-Paap rk LM statistic):            231.086
                                                   Chi-sq(1) P-val =    0.0000
------------------------------------------------------------------------------
Weak identification test (Cragg-Donald Wald F statistic):             1854.151
                         (Kleibergen-Paap rk Wald F statistic):        123.431
Stock-Yogo weak ID test critical values: 10% maximal IV size              7.03
                                         15% maximal IV size              4.58
                                         20% maximal IV size              3.95
                                         25% maximal IV size              3.63
Source: Stock-Yogo (2005).  Reproduced by permission.
NB: Critical values are for Cragg-Donald F statistic and i.i.d. errors.
------------------------------------------------------------------------------
Hansen J statistic (overidentification test of all instruments):         0.000
                                                 (equation exactly identified)
------------------------------------------------------------------------------
Instrumented:         var3 var5
Included instruments: var4
Excluded instruments: var6 var7
Partialled-out:       _cons
                      nb: total SS, model F and R2s are after partialling-out;
                          any small-sample adjustments include partialled-out
                          variables in regressor count K
------------------------------------------------------------------------------

Absorbed degrees of freedom:
-----------------------------------------------------------+
       Absorbed FE | Categories  - Redundant  = Num. Coefs |
-------------------+---------------------------------------|
   firm_id#user_id |     42710       42710           0    *|
                yh |        11           1          10     |
-----------------------------------------------------------+
* = FE nested within cluster; treated as redundant for DoF computation

. local rkf = e(rkf)

. local N   = e(N)

. foreach p in var3 var5 {
  2.     local b    = _b[`p']
  3.     local se   = _se[`p']
  4.     local t    = `b'/`se'
  5.     local pval = 2*ttail(e(df_r), abs(`t'))
  6.     post handle ("IV") ("baseline") ("`p'") ///
>                 (`b') (`se') (`pval') (`pre_mean') ///
>                 (`rkf') (`N')
  7. }

. 
. 
. 
. // 4) Loop
. forvalues i = 2/16 {
  2.     // 1) pick the spec name
.     local spec    : word `i' of `specs'
  3. 
.     // 2) build up the four pieces we need
.     local ols_exog "`spec_ols_exog`i''"
  4.     local iv_exog  "`spec_iv_exog`i''"
  5.     local instr    "`spec_instr`i''"
  6.     local endo     "`spec_endo`i''"
  7.         
. 
.     display as text "→ Spec `i': `spec'"
  8. 
.     summarize total_contributions_q100 if covid == 0, meanonly
  9.     local pre_mean = r(mean)
 10. 
.     // 4a) OLS
.     reghdfe total_contributions_q100 var3 var5 `ols_exog', ///
>         absorb(firm_id#user_id yh) vce(cluster user_id)
 11.         
.         local N = e(N) 
 12.         
.     foreach p in var3 var5 {
 13.         local b    = _b[`p']
 14.         local se   = _se[`p']
 15.         local t    = `b'/`se'
 16.         local pval = 2*ttail(e(df_r), abs(`t'))
 17.        post handle ("OLS") ("`spec'") ("`p'") ///
>                     (`b') (`se') (`pval') (`pre_mean') ///
>                     (.) (`N')
 18.     }
 19. 
.     // 4b) IV
.     ivreghdfe total_contributions_q100 (`endo' = `instr') `iv_exog', ///
>         absorb(firm_id#user_id yh) vce(cluster user_id) savefirst
 20.     local rkf = e(rkf)
 21.         local N   = e(N)
 22.         
.     foreach p in var3 var5 {
 23.         local b    = _b[`p']
 24.         local se   = _se[`p']
 25.         local t    = `b'/`se'
 26.         local pval = 2*ttail(e(df_r), abs(`t'))
 27.        post handle ("IV") ("`spec'") ("`p'") ///
>                     (`b') (`se') (`pval') (`pre_mean') ///
>                     (`rkf') (`N')
 28.     }
 29. 
. }
→ Spec 2: rent
(dropped 6380 singleton observations)
(MWFE estimator converged in 8 iterations)

HDFE Linear regression                            Number of obs   =    218,112
Absorbing 2 HDFE groups                           F(   5,  34563) =      10.37
Statistics robust to heteroskedasticity           Prob > F        =     0.0000
                                                  R-squared       =     0.7190
                                                  Adj R-squared   =     0.6532
                                                  Within R-sq.    =     0.0006
Number of clusters (user_id) =     34,564         Root MSE        =    17.6271

                           (Std. err. adjusted for 34,564 clusters in user_id)
------------------------------------------------------------------------------
             |               Robust
total_co~100 | Coefficient  std. err.      t    P>|t|     [95% conf. interval]
-------------+----------------------------------------------------------------
        var3 |  -.9466209   .5138644    -1.84   0.065    -1.953812      .06057
        var5 |   4.027549   1.255782     3.21   0.001     1.566175    6.488922
        var4 |  -6.444608   1.447099    -4.45   0.000     -9.28097   -3.608247
        var8 |  -.0314316   .0078352    -4.01   0.000    -.0467888   -.0160745
        var9 |   .0344721   .0182177     1.89   0.058    -.0012351    .0701793
       _cons |   51.12915   .2077331   246.13   0.000     50.72198    51.53631
------------------------------------------------------------------------------

Absorbed degrees of freedom:
-----------------------------------------------------------+
       Absorbed FE | Categories  - Redundant  = Num. Coefs |
-------------------+---------------------------------------|
   firm_id#user_id |     41412       41412           0    *|
                yh |        11           1          10     |
-----------------------------------------------------------+
* = FE nested within cluster; treated as redundant for DoF computation
(dropped 6380 singleton observations)
(MWFE estimator converged in 8 iterations)

Stored estimation results
-------------------------
---------------------------------------------------------------------------
             |           Dependent  Number of        
        Name | Command    variable     param.  Title 
-------------+-------------------------------------------------------------
_ivreg2_var3 | ivreg2         var3          5  First-stage regression: var3
_ivreg2_var5 | ivreg2         var5          5  First-stage regression: var5
---------------------------------------------------------------------------

IV (2SLS) estimation
--------------------

Estimates efficient for homoskedasticity only
Statistics robust to heteroskedasticity and clustering on user_id

Number of clusters (user_id) =   34564                Number of obs =   218112
                                                      F(  5, 34563) =     8.70
                                                      Prob > F      =   0.0000
Total (centered) SS     =     54932284                Centered R2   =  -0.0027
Total (uncentered) SS   =     54932284                Uncentered R2 =  -0.0027
Residual SS             =  55078796.38                Root MSE      =    15.89

------------------------------------------------------------------------------
             |               Robust
total_co~100 | Coefficient  std. err.      t    P>|t|     [95% conf. interval]
-------------+----------------------------------------------------------------
        var3 |   -9.22878   4.868094    -1.90   0.058     -18.7704    .3128438
        var5 |   11.75867   6.149307     1.91   0.056    -.2941697    23.81152
        var4 |  -10.35728   4.252886    -2.44   0.015    -18.69308    -2.02149
        var8 |  -.0100247   .0147582    -0.68   0.497    -.0389513    .0189018
        var9 |   .0132433   .0220533     0.60   0.548    -.0299819    .0564685
------------------------------------------------------------------------------
Underidentification test (Kleibergen-Paap rk LM statistic):            156.415
                                                   Chi-sq(1) P-val =    0.0000
------------------------------------------------------------------------------
Weak identification test (Cragg-Donald Wald F statistic):             1300.130
                         (Kleibergen-Paap rk Wald F statistic):         81.619
Stock-Yogo weak ID test critical values: 10% maximal IV size              7.03
                                         15% maximal IV size              4.58
                                         20% maximal IV size              3.95
                                         25% maximal IV size              3.63
Source: Stock-Yogo (2005).  Reproduced by permission.
NB: Critical values are for Cragg-Donald F statistic and i.i.d. errors.
------------------------------------------------------------------------------
Hansen J statistic (overidentification test of all instruments):         0.000
                                                 (equation exactly identified)
------------------------------------------------------------------------------
Instrumented:         var3 var5
Included instruments: var4 var8 var9
Excluded instruments: var6 var7
Partialled-out:       _cons
                      nb: total SS, model F and R2s are after partialling-out;
                          any small-sample adjustments include partialled-out
                          variables in regressor count K
------------------------------------------------------------------------------

Absorbed degrees of freedom:
-----------------------------------------------------------+
       Absorbed FE | Categories  - Redundant  = Num. Coefs |
-------------------+---------------------------------------|
   firm_id#user_id |     41412       41412           0    *|
                yh |        11           1          10     |
-----------------------------------------------------------+
* = FE nested within cluster; treated as redundant for DoF computation
→ Spec 3: hhi
(dropped 6591 singleton observations)
(MWFE estimator converged in 8 iterations)

HDFE Linear regression                            Number of obs   =    224,596
Absorbing 2 HDFE groups                           F(   5,  35468) =      10.82
Statistics robust to heteroskedasticity           Prob > F        =     0.0000
                                                  R-squared       =     0.7185
                                                  Adj R-squared   =     0.6524
                                                  Within R-sq.    =     0.0006
Number of clusters (user_id) =     35,469         Root MSE        =    17.6444

                           (Std. err. adjusted for 35,469 clusters in user_id)
------------------------------------------------------------------------------
             |               Robust
total_co~100 | Coefficient  std. err.      t    P>|t|     [95% conf. interval]
-------------+----------------------------------------------------------------
        var3 |  -1.224212   .4959626    -2.47   0.014    -2.196314   -.2521096
        var5 |   6.392582   1.282388     4.98   0.000     3.879061    8.906102
        var4 |  -7.542079   1.184627    -6.37   0.000    -9.863985   -5.220172
       var11 |  -.0004986   .0003737    -1.33   0.182     -.001231    .0002338
       var12 |   .0009923   .0004831     2.05   0.040     .0000453    .0019392
       _cons |   50.62152   .1678746   301.54   0.000     50.29248    50.95056
------------------------------------------------------------------------------

Absorbed degrees of freedom:
-----------------------------------------------------------+
       Absorbed FE | Categories  - Redundant  = Num. Coefs |
-------------------+---------------------------------------|
   firm_id#user_id |     42681       42681           0    *|
                yh |        11           1          10     |
-----------------------------------------------------------+
* = FE nested within cluster; treated as redundant for DoF computation
(dropped 6591 singleton observations)
(MWFE estimator converged in 8 iterations)

Stored estimation results
-------------------------
---------------------------------------------------------------------------
             |           Dependent  Number of        
        Name | Command    variable     param.  Title 
-------------+-------------------------------------------------------------
_ivreg2_var3 | ivreg2         var3          5  First-stage regression: var3
_ivreg2_var5 | ivreg2         var5          5  First-stage regression: var5
---------------------------------------------------------------------------

IV (2SLS) estimation
--------------------

Estimates efficient for homoskedasticity only
Statistics robust to heteroskedasticity and clustering on user_id

Number of clusters (user_id) =   35469                Number of obs =   224596
                                                      F(  5, 35468) =     7.32
                                                      Prob > F      =   0.0000
Total (centered) SS     =  56665329.36                Centered R2   =  -0.0029
Total (uncentered) SS   =  56665329.36                Uncentered R2 =  -0.0029
Residual SS             =  56831256.05                Root MSE      =    15.91

------------------------------------------------------------------------------
             |               Robust
total_co~100 | Coefficient  std. err.      t    P>|t|     [95% conf. interval]
-------------+----------------------------------------------------------------
        var3 |  -9.718425    3.92797    -2.47   0.013    -17.41737   -2.019482
        var5 |   14.93535   5.622397     2.66   0.008     3.915282    25.95543
        var4 |  -13.07823   4.392382    -2.98   0.003    -21.68744    -4.46903
       var11 |  -.0003903   .0003799    -1.03   0.304    -.0011349    .0003543
       var12 |   .0008857   .0005085     1.74   0.082    -.0001109    .0018823
------------------------------------------------------------------------------
Underidentification test (Kleibergen-Paap rk LM statistic):            245.442
                                                   Chi-sq(1) P-val =    0.0000
------------------------------------------------------------------------------
Weak identification test (Cragg-Donald Wald F statistic):             1936.757
                         (Kleibergen-Paap rk Wald F statistic):        130.141
Stock-Yogo weak ID test critical values: 10% maximal IV size              7.03
                                         15% maximal IV size              4.58
                                         20% maximal IV size              3.95
                                         25% maximal IV size              3.63
Source: Stock-Yogo (2005).  Reproduced by permission.
NB: Critical values are for Cragg-Donald F statistic and i.i.d. errors.
------------------------------------------------------------------------------
Hansen J statistic (overidentification test of all instruments):         0.000
                                                 (equation exactly identified)
------------------------------------------------------------------------------
Instrumented:         var3 var5
Included instruments: var4 var11 var12
Excluded instruments: var6 var7
Partialled-out:       _cons
                      nb: total SS, model F and R2s are after partialling-out;
                          any small-sample adjustments include partialled-out
                          variables in regressor count K
------------------------------------------------------------------------------

Absorbed degrees of freedom:
-----------------------------------------------------------+
       Absorbed FE | Categories  - Redundant  = Num. Coefs |
-------------------+---------------------------------------|
   firm_id#user_id |     42681       42681           0    *|
                yh |        11           1          10     |
-----------------------------------------------------------+
* = FE nested within cluster; treated as redundant for DoF computation
→ Spec 4: seniority
(dropped 6597 singleton observations)
(MWFE estimator converged in 8 iterations)

HDFE Linear regression                            Number of obs   =    224,708
Absorbing 2 HDFE groups                           F(   5,  35478) =      10.35
Statistics robust to heteroskedasticity           Prob > F        =     0.0000
                                                  R-squared       =     0.7186
                                                  Adj R-squared   =     0.6525
                                                  Within R-sq.    =     0.0006
Number of clusters (user_id) =     35,479         Root MSE        =    17.6443

                           (Std. err. adjusted for 35,479 clusters in user_id)
------------------------------------------------------------------------------
             |               Robust
total_co~100 | Coefficient  std. err.      t    P>|t|     [95% conf. interval]
-------------+----------------------------------------------------------------
        var3 |  -1.189301   .4973662    -2.39   0.017    -2.164155   -.2144483
        var5 |   6.145517   1.278236     4.81   0.000     3.640135    8.650898
        var4 |  -4.182987   2.444225    -1.71   0.087    -8.973743    .6077694
       var14 |   2.234918   1.713342     1.30   0.192    -1.123284     5.59312
       var15 |  -2.511617   2.143938    -1.17   0.241    -6.713801    1.690567
       _cons |   49.50313   .7972447    62.09   0.000      47.9405    51.06575
------------------------------------------------------------------------------

Absorbed degrees of freedom:
-----------------------------------------------------------+
       Absorbed FE | Categories  - Redundant  = Num. Coefs |
-------------------+---------------------------------------|
   firm_id#user_id |     42710       42710           0    *|
                yh |        11           1          10     |
-----------------------------------------------------------+
* = FE nested within cluster; treated as redundant for DoF computation
(dropped 6597 singleton observations)
(MWFE estimator converged in 8 iterations)

Stored estimation results
-------------------------
---------------------------------------------------------------------------
             |           Dependent  Number of        
        Name | Command    variable     param.  Title 
-------------+-------------------------------------------------------------
_ivreg2_var3 | ivreg2         var3          5  First-stage regression: var3
_ivreg2_var5 | ivreg2         var5          5  First-stage regression: var5
---------------------------------------------------------------------------

IV (2SLS) estimation
--------------------

Estimates efficient for homoskedasticity only
Statistics robust to heteroskedasticity and clustering on user_id

Number of clusters (user_id) =   35479                Number of obs =   224708
                                                      F(  5, 35478) =     6.73
                                                      Prob > F      =   0.0000
Total (centered) SS     =  56688987.29                Centered R2   =  -0.0026
Total (uncentered) SS   =  56688987.29                Uncentered R2 =  -0.0026
Residual SS             =  56838716.89                Root MSE      =     15.9

------------------------------------------------------------------------------
             |               Robust
total_co~100 | Coefficient  std. err.      t    P>|t|     [95% conf. interval]
-------------+----------------------------------------------------------------
        var3 |  -9.279731    4.11531    -2.25   0.024    -17.34587   -1.213597
        var5 |   12.30043   5.518864     2.23   0.026     1.483288    23.11758
        var4 |  -10.07629    5.58544    -1.80   0.071    -21.02392    .8713486
       var14 |  -.1904593   2.098292    -0.09   0.928    -4.303177    3.922259
       var15 |   -.245971   2.475823    -0.10   0.921    -5.098661    4.606719
------------------------------------------------------------------------------
Underidentification test (Kleibergen-Paap rk LM statistic):            220.512
                                                   Chi-sq(1) P-val =    0.0000
------------------------------------------------------------------------------
Weak identification test (Cragg-Donald Wald F statistic):             1773.068
                         (Kleibergen-Paap rk Wald F statistic):        117.478
Stock-Yogo weak ID test critical values: 10% maximal IV size              7.03
                                         15% maximal IV size              4.58
                                         20% maximal IV size              3.95
                                         25% maximal IV size              3.63
Source: Stock-Yogo (2005).  Reproduced by permission.
NB: Critical values are for Cragg-Donald F statistic and i.i.d. errors.
------------------------------------------------------------------------------
Hansen J statistic (overidentification test of all instruments):         0.000
                                                 (equation exactly identified)
------------------------------------------------------------------------------
Instrumented:         var3 var5
Included instruments: var4 var14 var15
Excluded instruments: var6 var7
Partialled-out:       _cons
                      nb: total SS, model F and R2s are after partialling-out;
                          any small-sample adjustments include partialled-out
                          variables in regressor count K
------------------------------------------------------------------------------

Absorbed degrees of freedom:
-----------------------------------------------------------+
       Absorbed FE | Categories  - Redundant  = Num. Coefs |
-------------------+---------------------------------------|
   firm_id#user_id |     42710       42710           0    *|
                yh |        11           1          10     |
-----------------------------------------------------------+
* = FE nested within cluster; treated as redundant for DoF computation
→ Spec 5: 
(dropped 6597 singleton observations)
(MWFE estimator converged in 8 iterations)
note: var17 is probably collinear with the fixed effects (all partialled-out values are close to zero; tol = 1.0e-09)
note: var18 is probably collinear with the fixed effects (all partialled-out values are close to zero; tol = 1.0e-09)

HDFE Linear regression                            Number of obs   =    224,708
Absorbing 2 HDFE groups                           F(   3,  35478) =      16.65
Statistics robust to heteroskedasticity           Prob > F        =     0.0000
                                                  R-squared       =     0.7186
                                                  Adj R-squared   =     0.6525
                                                  Within R-sq.    =     0.0006
Number of clusters (user_id) =     35,479         Root MSE        =    17.6444

                           (Std. err. adjusted for 35,479 clusters in user_id)
------------------------------------------------------------------------------
             |               Robust
total_co~100 | Coefficient  std. err.      t    P>|t|     [95% conf. interval]
-------------+----------------------------------------------------------------
        var3 |  -1.234691   .4958927    -2.49   0.013    -2.206656   -.2627261
        var5 |   6.208444   1.270913     4.89   0.000     3.717416    8.699472
        var4 |  -6.711066   1.096609    -6.12   0.000    -8.860454   -4.561678
       var17 |          0  (omitted)
       var18 |          0  (omitted)
       _cons |   50.52317   .1507992   335.04   0.000      50.2276    50.81874
------------------------------------------------------------------------------

Absorbed degrees of freedom:
-----------------------------------------------------------+
       Absorbed FE | Categories  - Redundant  = Num. Coefs |
-------------------+---------------------------------------|
   firm_id#user_id |     42710       42710           0    *|
                yh |        11           1          10     |
-----------------------------------------------------------+
* = FE nested within cluster; treated as redundant for DoF computation
(dropped 6597 singleton observations)
Warning - collinearities detected
Vars dropped:       var18
(MWFE estimator converged in 8 iterations)

Stored estimation results
-------------------------
---------------------------------------------------------------------------
             |           Dependent  Number of        
        Name | Command    variable     param.  Title 
-------------+-------------------------------------------------------------
_ivreg2_var3 | ivreg2         var3          5  First-stage regression: var3
_ivreg2_var5 | ivreg2         var5          5  First-stage regression: var5
---------------------------------------------------------------------------

IV (2SLS) estimation
--------------------

Estimates efficient for homoskedasticity only
Statistics robust to heteroskedasticity and clustering on user_id

Number of clusters (user_id) =   35479                Number of obs =   224708
                                                      F(  4, 35478) =     7.91
                                                      Prob > F      =   0.0000
Total (centered) SS     =  56688987.29                Centered R2   =  -0.0026
Total (uncentered) SS   =  56688987.29                Uncentered R2 =  -0.0026
Residual SS             =   56837758.2                Root MSE      =     15.9

------------------------------------------------------------------------------
             |               Robust
total_co~100 | Coefficient  std. err.      t    P>|t|     [95% conf. interval]
-------------+----------------------------------------------------------------
        var3 |  -9.263295   4.013604    -2.31   0.021    -17.13008   -1.396508
        var5 |   12.45296   5.392879     2.31   0.021     1.882755    23.02317
        var4 |  -10.43373   4.045742    -2.58   0.010    -18.36351    -2.50395
       var17 |  -623355.5   3.11e+09    -0.00   1.000    -6.10e+09    6.10e+09
       var18 |          0  (omitted)
------------------------------------------------------------------------------
Underidentification test (Kleibergen-Paap rk LM statistic):            231.086
                                                   Chi-sq(1) P-val =    0.0000
------------------------------------------------------------------------------
Weak identification test (Cragg-Donald Wald F statistic):             1854.143
                         (Kleibergen-Paap rk Wald F statistic):        123.431
Stock-Yogo weak ID test critical values: 10% maximal IV size              7.03
                                         15% maximal IV size              4.58
                                         20% maximal IV size              3.95
                                         25% maximal IV size              3.63
Source: Stock-Yogo (2005).  Reproduced by permission.
NB: Critical values are for Cragg-Donald F statistic and i.i.d. errors.
------------------------------------------------------------------------------
Warning: estimated covariance matrix of moment conditions not of full rank.
         overidentification statistic not reported, and standard errors and
         model tests should be interpreted with caution.
Possible causes:
         number of clusters insufficient to calculate robust covariance matrix
         singleton dummy variable (dummy with one 1 and N-1 0s or vice versa)
partial option may address problem.
------------------------------------------------------------------------------
Instrumented:         var3 var5
Included instruments: var4 var17
Excluded instruments: var6 var7
Partialled-out:       _cons
                      nb: total SS, model F and R2s are after partialling-out;
                          any small-sample adjustments include partialled-out
                          variables in regressor count K
Dropped collinear:    var18
------------------------------------------------------------------------------

Absorbed degrees of freedom:
-----------------------------------------------------------+
       Absorbed FE | Categories  - Redundant  = Num. Coefs |
-------------------+---------------------------------------|
   firm_id#user_id |     42710       42710           0    *|
                yh |        11           1          10     |
-----------------------------------------------------------+
* = FE nested within cluster; treated as redundant for DoF computation
→ Spec 6: rent_hhi
(dropped 6377 singleton observations)
(MWFE estimator converged in 8 iterations)

HDFE Linear regression                            Number of obs   =    218,032
Absorbing 2 HDFE groups                           F(   7,  34556) =       7.84
Statistics robust to heteroskedasticity           Prob > F        =     0.0000
                                                  R-squared       =     0.7190
                                                  Adj R-squared   =     0.6531
                                                  Within R-sq.    =     0.0006
Number of clusters (user_id) =     34,557         Root MSE        =    17.6275

                           (Std. err. adjusted for 34,557 clusters in user_id)
------------------------------------------------------------------------------
             |               Robust
total_co~100 | Coefficient  std. err.      t    P>|t|     [95% conf. interval]
-------------+----------------------------------------------------------------
        var3 |  -.9500225   .5137247    -1.85   0.064     -1.95694    .0568947
        var5 |   4.212261   1.269331     3.32   0.001      1.72433    6.700193
        var4 |  -7.077177   1.499064    -4.72   0.000    -10.01539   -4.138962
        var8 |  -.0304553   .0078729    -3.87   0.000    -.0458864   -.0150242
        var9 |   .0329556   .0182818     1.80   0.071    -.0028774    .0687886
       var11 |  -.0004316   .0003816    -1.13   0.258    -.0011796    .0003163
       var12 |   .0008207   .0004969     1.65   0.099    -.0001533    .0017946
       _cons |   51.19631   .2166001   236.36   0.000     50.77176    51.62085
------------------------------------------------------------------------------

Absorbed degrees of freedom:
-----------------------------------------------------------+
       Absorbed FE | Categories  - Redundant  = Num. Coefs |
-------------------+---------------------------------------|
   firm_id#user_id |     41392       41392           0    *|
                yh |        11           1          10     |
-----------------------------------------------------------+
* = FE nested within cluster; treated as redundant for DoF computation
(dropped 6377 singleton observations)
(MWFE estimator converged in 8 iterations)

Stored estimation results
-------------------------
---------------------------------------------------------------------------
             |           Dependent  Number of        
        Name | Command    variable     param.  Title 
-------------+-------------------------------------------------------------
_ivreg2_var3 | ivreg2         var3          7  First-stage regression: var3
_ivreg2_var5 | ivreg2         var5          7  First-stage regression: var5
---------------------------------------------------------------------------

IV (2SLS) estimation
--------------------

Estimates efficient for homoskedasticity only
Statistics robust to heteroskedasticity and clustering on user_id

Number of clusters (user_id) =   34557                Number of obs =   218032
                                                      F(  7, 34556) =     6.70
                                                      Prob > F      =   0.0000
Total (centered) SS     =  54917227.33                Centered R2   =  -0.0032
Total (uncentered) SS   =  54917227.33                Uncentered R2 =  -0.0032
Residual SS             =  55095595.67                Root MSE      =     15.9

------------------------------------------------------------------------------
             |               Robust
total_co~100 | Coefficient  std. err.      t    P>|t|     [95% conf. interval]
-------------+----------------------------------------------------------------
        var3 |  -9.966949   4.864894    -2.05   0.040     -19.5023   -.4315975
        var5 |   14.34756   6.494409     2.21   0.027     1.618308    27.07682
        var4 |  -12.82197   4.719573    -2.72   0.007    -22.07248    -3.57145
        var8 |  -.0070521   .0148041    -0.48   0.634    -.0360686    .0219644
        var9 |     .00925   .0221512     0.42   0.676     -.034167    .0526671
       var11 |  -.0004753   .0003837    -1.24   0.216    -.0012273    .0002768
       var12 |   .0009027   .0005265     1.71   0.086    -.0001293    .0019346
------------------------------------------------------------------------------
Underidentification test (Kleibergen-Paap rk LM statistic):            159.541
                                                   Chi-sq(1) P-val =    0.0000
------------------------------------------------------------------------------
Weak identification test (Cragg-Donald Wald F statistic):             1302.385
                         (Kleibergen-Paap rk Wald F statistic):         82.683
Stock-Yogo weak ID test critical values: 10% maximal IV size              7.03
                                         15% maximal IV size              4.58
                                         20% maximal IV size              3.95
                                         25% maximal IV size              3.63
Source: Stock-Yogo (2005).  Reproduced by permission.
NB: Critical values are for Cragg-Donald F statistic and i.i.d. errors.
------------------------------------------------------------------------------
Hansen J statistic (overidentification test of all instruments):         0.000
                                                 (equation exactly identified)
------------------------------------------------------------------------------
Instrumented:         var3 var5
Included instruments: var4 var8 var9 var11 var12
Excluded instruments: var6 var7
Partialled-out:       _cons
                      nb: total SS, model F and R2s are after partialling-out;
                          any small-sample adjustments include partialled-out
                          variables in regressor count K
------------------------------------------------------------------------------

Absorbed degrees of freedom:
-----------------------------------------------------------+
       Absorbed FE | Categories  - Redundant  = Num. Coefs |
-------------------+---------------------------------------|
   firm_id#user_id |     41392       41392           0    *|
                yh |        11           1          10     |
-----------------------------------------------------------+
* = FE nested within cluster; treated as redundant for DoF computation
→ Spec 7: rent_seniority
(dropped 6380 singleton observations)
(MWFE estimator converged in 8 iterations)

HDFE Linear regression                            Number of obs   =    218,112
Absorbing 2 HDFE groups                           F(   7,  34563) =       7.67
Statistics robust to heteroskedasticity           Prob > F        =     0.0000
                                                  R-squared       =     0.7190
                                                  Adj R-squared   =     0.6532
                                                  Within R-sq.    =     0.0006
Number of clusters (user_id) =     34,564         Root MSE        =    17.6271

                           (Std. err. adjusted for 34,564 clusters in user_id)
------------------------------------------------------------------------------
             |               Robust
total_co~100 | Coefficient  std. err.      t    P>|t|     [95% conf. interval]
-------------+----------------------------------------------------------------
        var3 |  -.8972495    .515414    -1.74   0.082    -1.907478    .1129787
        var5 |   3.963672   1.264552     3.13   0.002      1.48511    6.442235
        var4 |  -3.861441   2.598375    -1.49   0.137    -8.954342    1.231459
        var8 |  -.0315041   .0078358    -4.02   0.000    -.0468625   -.0161458
        var9 |   .0348564   .0183594     1.90   0.058    -.0011285    .0708414
       var14 |   2.366083   1.745055     1.36   0.175    -1.054282    5.786449
       var15 |  -2.586609   2.194755    -1.18   0.239    -6.888401    1.715184
       _cons |   50.04898   .8234877    60.78   0.000     48.43492    51.66304
------------------------------------------------------------------------------

Absorbed degrees of freedom:
-----------------------------------------------------------+
       Absorbed FE | Categories  - Redundant  = Num. Coefs |
-------------------+---------------------------------------|
   firm_id#user_id |     41412       41412           0    *|
                yh |        11           1          10     |
-----------------------------------------------------------+
* = FE nested within cluster; treated as redundant for DoF computation
(dropped 6380 singleton observations)
(MWFE estimator converged in 8 iterations)

Stored estimation results
-------------------------
---------------------------------------------------------------------------
             |           Dependent  Number of        
        Name | Command    variable     param.  Title 
-------------+-------------------------------------------------------------
_ivreg2_var3 | ivreg2         var3          7  First-stage regression: var3
_ivreg2_var5 | ivreg2         var5          7  First-stage regression: var5
---------------------------------------------------------------------------

IV (2SLS) estimation
--------------------

Estimates efficient for homoskedasticity only
Statistics robust to heteroskedasticity and clustering on user_id

Number of clusters (user_id) =   34564                Number of obs =   218112
                                                      F(  7, 34563) =     6.50
                                                      Prob > F      =   0.0000
Total (centered) SS     =     54932284                Centered R2   =  -0.0027
Total (uncentered) SS   =     54932284                Uncentered R2 =  -0.0027
Residual SS             =  55079331.86                Root MSE      =    15.89

------------------------------------------------------------------------------
             |               Robust
total_co~100 | Coefficient  std. err.      t    P>|t|     [95% conf. interval]
-------------+----------------------------------------------------------------
        var3 |  -9.240665   5.025396    -1.84   0.066    -19.09061    .6092763
        var5 |    11.6802   6.314087     1.85   0.064     -.695614    24.05602
        var4 |  -10.15961   5.892325    -1.72   0.085    -21.70876    1.389543
        var8 |  -.0099963   .0150765    -0.66   0.507    -.0395468    .0195541
        var9 |    .013621   .0223765     0.61   0.543    -.0302377    .0574797
       var14 |  -.1080899   2.286208    -0.05   0.962    -4.589133    4.372953
       var15 |  -.1645667    2.65512    -0.06   0.951    -5.368688    5.039554
------------------------------------------------------------------------------
Underidentification test (Kleibergen-Paap rk LM statistic):            147.342
                                                   Chi-sq(1) P-val =    0.0000
------------------------------------------------------------------------------
Weak identification test (Cragg-Donald Wald F statistic):             1226.877
                         (Kleibergen-Paap rk Wald F statistic):         76.716
Stock-Yogo weak ID test critical values: 10% maximal IV size              7.03
                                         15% maximal IV size              4.58
                                         20% maximal IV size              3.95
                                         25% maximal IV size              3.63
Source: Stock-Yogo (2005).  Reproduced by permission.
NB: Critical values are for Cragg-Donald F statistic and i.i.d. errors.
------------------------------------------------------------------------------
Hansen J statistic (overidentification test of all instruments):         0.000
                                                 (equation exactly identified)
------------------------------------------------------------------------------
Instrumented:         var3 var5
Included instruments: var4 var8 var9 var14 var15
Excluded instruments: var6 var7
Partialled-out:       _cons
                      nb: total SS, model F and R2s are after partialling-out;
                          any small-sample adjustments include partialled-out
                          variables in regressor count K
------------------------------------------------------------------------------

Absorbed degrees of freedom:
-----------------------------------------------------------+
       Absorbed FE | Categories  - Redundant  = Num. Coefs |
-------------------+---------------------------------------|
   firm_id#user_id |     41412       41412           0    *|
                yh |        11           1          10     |
-----------------------------------------------------------+
* = FE nested within cluster; treated as redundant for DoF computation
→ Spec 8: rent_
(dropped 6380 singleton observations)
(MWFE estimator converged in 8 iterations)
note: var17 is probably collinear with the fixed effects (all partialled-out values are close to zero; tol = 1.0e-09)
note: var18 is probably collinear with the fixed effects (all partialled-out values are close to zero; tol = 1.0e-09)

HDFE Linear regression                            Number of obs   =    218,112
Absorbing 2 HDFE groups                           F(   5,  34563) =      10.37
Statistics robust to heteroskedasticity           Prob > F        =     0.0000
                                                  R-squared       =     0.7190
                                                  Adj R-squared   =     0.6532
                                                  Within R-sq.    =     0.0006
Number of clusters (user_id) =     34,564         Root MSE        =    17.6271

                           (Std. err. adjusted for 34,564 clusters in user_id)
------------------------------------------------------------------------------
             |               Robust
total_co~100 | Coefficient  std. err.      t    P>|t|     [95% conf. interval]
-------------+----------------------------------------------------------------
        var3 |  -.9466209   .5138644    -1.84   0.065    -1.953812      .06057
        var5 |   4.027549   1.255782     3.21   0.001     1.566175    6.488922
        var4 |  -6.444608   1.447099    -4.45   0.000     -9.28097   -3.608247
        var8 |  -.0314316   .0078352    -4.01   0.000    -.0467888   -.0160745
        var9 |   .0344721   .0182177     1.89   0.058    -.0012351    .0701793
       var17 |          0  (omitted)
       var18 |          0  (omitted)
       _cons |   51.12915   .2077331   246.13   0.000     50.72198    51.53631
------------------------------------------------------------------------------

Absorbed degrees of freedom:
-----------------------------------------------------------+
       Absorbed FE | Categories  - Redundant  = Num. Coefs |
-------------------+---------------------------------------|
   firm_id#user_id |     41412       41412           0    *|
                yh |        11           1          10     |
-----------------------------------------------------------+
* = FE nested within cluster; treated as redundant for DoF computation
(dropped 6380 singleton observations)
Warning - collinearities detected
Vars dropped:       var18
(MWFE estimator converged in 8 iterations)

Stored estimation results
-------------------------
---------------------------------------------------------------------------
             |           Dependent  Number of        
        Name | Command    variable     param.  Title 
-------------+-------------------------------------------------------------
_ivreg2_var3 | ivreg2         var3          7  First-stage regression: var3
_ivreg2_var5 | ivreg2         var5          7  First-stage regression: var5
---------------------------------------------------------------------------

IV (2SLS) estimation
--------------------

Estimates efficient for homoskedasticity only
Statistics robust to heteroskedasticity and clustering on user_id

Number of clusters (user_id) =   34564                Number of obs =   218112
                                                      F(  6, 34563) =     7.25
                                                      Prob > F      =   0.0000
Total (centered) SS     =     54932284                Centered R2   =  -0.0027
Total (uncentered) SS   =     54932284                Uncentered R2 =  -0.0027
Residual SS             =  55078796.38                Root MSE      =    15.89

------------------------------------------------------------------------------
             |               Robust
total_co~100 | Coefficient  std. err.      t    P>|t|     [95% conf. interval]
-------------+----------------------------------------------------------------
        var3 |   -9.22878   4.868106    -1.90   0.058    -18.77043    .3128657
        var5 |   11.75867   6.149322     1.91   0.056    -.2941974    23.81154
        var4 |  -10.35728   4.252895    -2.44   0.015     -18.6931   -2.021471
        var8 |  -.0100247   .0147582    -0.68   0.497    -.0389513    .0189019
        var9 |   .0132433   .0220534     0.60   0.548     -.029982    .0564686
       var17 |     561921   3.26e+09     0.00   1.000    -6.38e+09    6.38e+09
       var18 |          0  (omitted)
------------------------------------------------------------------------------
Underidentification test (Kleibergen-Paap rk LM statistic):            156.415
                                                   Chi-sq(1) P-val =    0.0000
------------------------------------------------------------------------------
Weak identification test (Cragg-Donald Wald F statistic):             1300.124
                         (Kleibergen-Paap rk Wald F statistic):         81.619
Stock-Yogo weak ID test critical values: 10% maximal IV size              7.03
                                         15% maximal IV size              4.58
                                         20% maximal IV size              3.95
                                         25% maximal IV size              3.63
Source: Stock-Yogo (2005).  Reproduced by permission.
NB: Critical values are for Cragg-Donald F statistic and i.i.d. errors.
------------------------------------------------------------------------------
Warning: estimated covariance matrix of moment conditions not of full rank.
         overidentification statistic not reported, and standard errors and
         model tests should be interpreted with caution.
Possible causes:
         number of clusters insufficient to calculate robust covariance matrix
         singleton dummy variable (dummy with one 1 and N-1 0s or vice versa)
partial option may address problem.
------------------------------------------------------------------------------
Instrumented:         var3 var5
Included instruments: var4 var8 var9 var17
Excluded instruments: var6 var7
Partialled-out:       _cons
                      nb: total SS, model F and R2s are after partialling-out;
                          any small-sample adjustments include partialled-out
                          variables in regressor count K
Dropped collinear:    var18
------------------------------------------------------------------------------

Absorbed degrees of freedom:
-----------------------------------------------------------+
       Absorbed FE | Categories  - Redundant  = Num. Coefs |
-------------------+---------------------------------------|
   firm_id#user_id |     41412       41412           0    *|
                yh |        11           1          10     |
-----------------------------------------------------------+
* = FE nested within cluster; treated as redundant for DoF computation
→ Spec 9: hhi_seniority
(dropped 6591 singleton observations)
(MWFE estimator converged in 8 iterations)

HDFE Linear regression                            Number of obs   =    224,596
Absorbing 2 HDFE groups                           F(   7,  35468) =       7.90
Statistics robust to heteroskedasticity           Prob > F        =     0.0000
                                                  R-squared       =     0.7185
                                                  Adj R-squared   =     0.6524
                                                  Within R-sq.    =     0.0006
Number of clusters (user_id) =     35,469         Root MSE        =    17.6444

                           (Std. err. adjusted for 35,469 clusters in user_id)
------------------------------------------------------------------------------
             |               Robust
total_co~100 | Coefficient  std. err.      t    P>|t|     [95% conf. interval]
-------------+----------------------------------------------------------------
        var3 |  -1.189373   .4972812    -2.39   0.017     -2.16406   -.2146867
        var5 |   6.404191   1.296097     4.94   0.000     3.863801    8.944582
        var4 |  -6.222738    2.62074    -2.37   0.018    -11.35947   -1.086007
       var11 |  -.0004215   .0003841    -1.10   0.272    -.0011743    .0003313
       var12 |   .0009513   .0004958     1.92   0.055    -.0000206    .0019231
       var14 |   1.794582   1.761705     1.02   0.308    -1.658415    5.247579
       var15 |  -1.318906    2.19894    -0.60   0.549    -5.628897    2.991084
       _cons |    49.7875   .8393559    59.32   0.000     48.14234    51.43267
------------------------------------------------------------------------------

Absorbed degrees of freedom:
-----------------------------------------------------------+
       Absorbed FE | Categories  - Redundant  = Num. Coefs |
-------------------+---------------------------------------|
   firm_id#user_id |     42681       42681           0    *|
                yh |        11           1          10     |
-----------------------------------------------------------+
* = FE nested within cluster; treated as redundant for DoF computation
(dropped 6591 singleton observations)
(MWFE estimator converged in 8 iterations)

Stored estimation results
-------------------------
---------------------------------------------------------------------------
             |           Dependent  Number of        
        Name | Command    variable     param.  Title 
-------------+-------------------------------------------------------------
_ivreg2_var3 | ivreg2         var3          7  First-stage regression: var3
_ivreg2_var5 | ivreg2         var5          7  First-stage regression: var5
---------------------------------------------------------------------------

IV (2SLS) estimation
--------------------

Estimates efficient for homoskedasticity only
Statistics robust to heteroskedasticity and clustering on user_id

Number of clusters (user_id) =   35469                Number of obs =   224596
                                                      F(  7, 35468) =     5.41
                                                      Prob > F      =   0.0000
Total (centered) SS     =  56665329.36                Centered R2   =  -0.0030
Total (uncentered) SS   =  56665329.36                Uncentered R2 =  -0.0030
Residual SS             =   56836223.3                Root MSE      =    15.91

------------------------------------------------------------------------------
             |               Robust
total_co~100 | Coefficient  std. err.      t    P>|t|     [95% conf. interval]
-------------+----------------------------------------------------------------
        var3 |  -9.824646   4.083198    -2.41   0.016    -17.82784   -1.821453
        var5 |    15.4794   5.939888     2.61   0.009     3.837037    27.12177
        var4 |  -14.88164   6.228112    -2.39   0.017    -27.08893   -2.674346
       var11 |  -.0004234   .0003864    -1.10   0.273    -.0011808     .000334
       var12 |   .0009713   .0005306     1.83   0.067    -.0000686    .0020111
       var14 |  -.7960566   2.131389    -0.37   0.709    -4.973644    3.381531
       var15 |   1.332885   2.550325     0.52   0.601    -3.665831    6.331601
------------------------------------------------------------------------------
Underidentification test (Kleibergen-Paap rk LM statistic):            229.427
                                                   Chi-sq(1) P-val =    0.0000
------------------------------------------------------------------------------
Weak identification test (Cragg-Donald Wald F statistic):             1801.157
                         (Kleibergen-Paap rk Wald F statistic):        121.019
Stock-Yogo weak ID test critical values: 10% maximal IV size              7.03
                                         15% maximal IV size              4.58
                                         20% maximal IV size              3.95
                                         25% maximal IV size              3.63
Source: Stock-Yogo (2005).  Reproduced by permission.
NB: Critical values are for Cragg-Donald F statistic and i.i.d. errors.
------------------------------------------------------------------------------
Hansen J statistic (overidentification test of all instruments):         0.000
                                                 (equation exactly identified)
------------------------------------------------------------------------------
Instrumented:         var3 var5
Included instruments: var4 var11 var12 var14 var15
Excluded instruments: var6 var7
Partialled-out:       _cons
                      nb: total SS, model F and R2s are after partialling-out;
                          any small-sample adjustments include partialled-out
                          variables in regressor count K
------------------------------------------------------------------------------

Absorbed degrees of freedom:
-----------------------------------------------------------+
       Absorbed FE | Categories  - Redundant  = Num. Coefs |
-------------------+---------------------------------------|
   firm_id#user_id |     42681       42681           0    *|
                yh |        11           1          10     |
-----------------------------------------------------------+
* = FE nested within cluster; treated as redundant for DoF computation
→ Spec 10: hhi_
(dropped 6591 singleton observations)
(MWFE estimator converged in 8 iterations)
note: var17 is probably collinear with the fixed effects (all partialled-out values are close to zero; tol = 1.0e-09)
note: var18 is probably collinear with the fixed effects (all partialled-out values are close to zero; tol = 1.0e-09)

HDFE Linear regression                            Number of obs   =    224,596
Absorbing 2 HDFE groups                           F(   5,  35468) =      10.82
Statistics robust to heteroskedasticity           Prob > F        =     0.0000
                                                  R-squared       =     0.7185
                                                  Adj R-squared   =     0.6524
                                                  Within R-sq.    =     0.0006
Number of clusters (user_id) =     35,469         Root MSE        =    17.6444

                           (Std. err. adjusted for 35,469 clusters in user_id)
------------------------------------------------------------------------------
             |               Robust
total_co~100 | Coefficient  std. err.      t    P>|t|     [95% conf. interval]
-------------+----------------------------------------------------------------
        var3 |  -1.224212   .4959626    -2.47   0.014    -2.196314   -.2521096
        var5 |   6.392582   1.282388     4.98   0.000     3.879061    8.906102
        var4 |  -7.542079   1.184627    -6.37   0.000    -9.863985   -5.220172
       var11 |  -.0004986   .0003737    -1.33   0.182     -.001231    .0002338
       var12 |   .0009923   .0004831     2.05   0.040     .0000453    .0019392
       var17 |          0  (omitted)
       var18 |          0  (omitted)
       _cons |   50.62152   .1678746   301.54   0.000     50.29248    50.95056
------------------------------------------------------------------------------

Absorbed degrees of freedom:
-----------------------------------------------------------+
       Absorbed FE | Categories  - Redundant  = Num. Coefs |
-------------------+---------------------------------------|
   firm_id#user_id |     42681       42681           0    *|
                yh |        11           1          10     |
-----------------------------------------------------------+
* = FE nested within cluster; treated as redundant for DoF computation
(dropped 6591 singleton observations)
Warning - collinearities detected
Vars dropped:       var18
(MWFE estimator converged in 8 iterations)

Stored estimation results
-------------------------
---------------------------------------------------------------------------
             |           Dependent  Number of        
        Name | Command    variable     param.  Title 
-------------+-------------------------------------------------------------
_ivreg2_var3 | ivreg2         var3          7  First-stage regression: var3
_ivreg2_var5 | ivreg2         var5          7  First-stage regression: var5
---------------------------------------------------------------------------

IV (2SLS) estimation
--------------------

Estimates efficient for homoskedasticity only
Statistics robust to heteroskedasticity and clustering on user_id

Number of clusters (user_id) =   35469                Number of obs =   224596
                                                      F(  6, 35468) =     6.10
                                                      Prob > F      =   0.0000
Total (centered) SS     =  56665329.36                Centered R2   =  -0.0029
Total (uncentered) SS   =  56665329.36                Uncentered R2 =  -0.0029
Residual SS             =  56831256.05                Root MSE      =    15.91

------------------------------------------------------------------------------
             |               Robust
total_co~100 | Coefficient  std. err.      t    P>|t|     [95% conf. interval]
-------------+----------------------------------------------------------------
        var3 |  -9.718425   3.927979    -2.47   0.013    -17.41739   -2.019465
        var5 |   14.93535    5.62241     2.66   0.008     3.915258    25.95545
        var4 |  -13.07823   4.392392    -2.98   0.003    -21.68746   -4.469011
       var11 |  -.0003903   .0003799    -1.03   0.304    -.0011349    .0003543
       var12 |   .0008857   .0005085     1.74   0.082     -.000111    .0018823
       var17 |    -148893   3.12e+09    -0.00   1.000    -6.12e+09    6.12e+09
       var18 |          0  (omitted)
------------------------------------------------------------------------------
Underidentification test (Kleibergen-Paap rk LM statistic):            245.442
                                                   Chi-sq(1) P-val =    0.0000
------------------------------------------------------------------------------
Weak identification test (Cragg-Donald Wald F statistic):             1936.748
                         (Kleibergen-Paap rk Wald F statistic):        130.140
Stock-Yogo weak ID test critical values: 10% maximal IV size              7.03
                                         15% maximal IV size              4.58
                                         20% maximal IV size              3.95
                                         25% maximal IV size              3.63
Source: Stock-Yogo (2005).  Reproduced by permission.
NB: Critical values are for Cragg-Donald F statistic and i.i.d. errors.
------------------------------------------------------------------------------
Warning: estimated covariance matrix of moment conditions not of full rank.
         overidentification statistic not reported, and standard errors and
         model tests should be interpreted with caution.
Possible causes:
         number of clusters insufficient to calculate robust covariance matrix
         singleton dummy variable (dummy with one 1 and N-1 0s or vice versa)
partial option may address problem.
------------------------------------------------------------------------------
Instrumented:         var3 var5
Included instruments: var4 var11 var12 var17
Excluded instruments: var6 var7
Partialled-out:       _cons
                      nb: total SS, model F and R2s are after partialling-out;
                          any small-sample adjustments include partialled-out
                          variables in regressor count K
Dropped collinear:    var18
------------------------------------------------------------------------------

Absorbed degrees of freedom:
-----------------------------------------------------------+
       Absorbed FE | Categories  - Redundant  = Num. Coefs |
-------------------+---------------------------------------|
   firm_id#user_id |     42681       42681           0    *|
                yh |        11           1          10     |
-----------------------------------------------------------+
* = FE nested within cluster; treated as redundant for DoF computation
→ Spec 11: seniority_
(dropped 6597 singleton observations)
(MWFE estimator converged in 8 iterations)
note: var17 is probably collinear with the fixed effects (all partialled-out values are close to zero; tol = 1.0e-09)
note: var18 is probably collinear with the fixed effects (all partialled-out values are close to zero; tol = 1.0e-09)

HDFE Linear regression                            Number of obs   =    224,708
Absorbing 2 HDFE groups                           F(   5,  35478) =      10.35
Statistics robust to heteroskedasticity           Prob > F        =     0.0000
                                                  R-squared       =     0.7186
                                                  Adj R-squared   =     0.6525
                                                  Within R-sq.    =     0.0006
Number of clusters (user_id) =     35,479         Root MSE        =    17.6443

                           (Std. err. adjusted for 35,479 clusters in user_id)
------------------------------------------------------------------------------
             |               Robust
total_co~100 | Coefficient  std. err.      t    P>|t|     [95% conf. interval]
-------------+----------------------------------------------------------------
        var3 |  -1.189301   .4973662    -2.39   0.017    -2.164155   -.2144483
        var5 |   6.145517   1.278236     4.81   0.000     3.640135    8.650898
        var4 |  -4.182987   2.444225    -1.71   0.087    -8.973743    .6077694
       var17 |          0  (omitted)
       var18 |          0  (omitted)
       var14 |   2.234918   1.713342     1.30   0.192    -1.123284     5.59312
       var15 |  -2.511617   2.143938    -1.17   0.241    -6.713801    1.690567
       _cons |   49.50313   .7972447    62.09   0.000      47.9405    51.06575
------------------------------------------------------------------------------

Absorbed degrees of freedom:
-----------------------------------------------------------+
       Absorbed FE | Categories  - Redundant  = Num. Coefs |
-------------------+---------------------------------------|
   firm_id#user_id |     42710       42710           0    *|
                yh |        11           1          10     |
-----------------------------------------------------------+
* = FE nested within cluster; treated as redundant for DoF computation
(dropped 6597 singleton observations)
Warning - collinearities detected
Vars dropped:       var18
(MWFE estimator converged in 8 iterations)

Stored estimation results
-------------------------
---------------------------------------------------------------------------
             |           Dependent  Number of        
        Name | Command    variable     param.  Title 
-------------+-------------------------------------------------------------
_ivreg2_var3 | ivreg2         var3          7  First-stage regression: var3
_ivreg2_var5 | ivreg2         var5          7  First-stage regression: var5
---------------------------------------------------------------------------

IV (2SLS) estimation
--------------------

Estimates efficient for homoskedasticity only
Statistics robust to heteroskedasticity and clustering on user_id

Number of clusters (user_id) =   35479                Number of obs =   224708
                                                      F(  6, 35478) =     5.61
                                                      Prob > F      =   0.0000
Total (centered) SS     =  56688987.29                Centered R2   =  -0.0026
Total (uncentered) SS   =  56688987.29                Uncentered R2 =  -0.0026
Residual SS             =  56838716.89                Root MSE      =     15.9

------------------------------------------------------------------------------
             |               Robust
total_co~100 | Coefficient  std. err.      t    P>|t|     [95% conf. interval]
-------------+----------------------------------------------------------------
        var3 |  -9.279731   4.115319    -2.25   0.024    -17.34588   -1.213579
        var5 |   12.30043   5.518877     2.23   0.026     1.483264     23.1176
        var4 |  -10.07629   5.585452    -1.80   0.071    -21.02394     .871373
       var17 |  -623215.2   3.11e+09    -0.00   1.000    -6.10e+09    6.10e+09
       var18 |          0  (omitted)
       var14 |  -.1904593   2.098297    -0.09   0.928    -4.303186    3.922268
       var15 |   -.245971   2.475829    -0.10   0.921    -5.098672     4.60673
------------------------------------------------------------------------------
Underidentification test (Kleibergen-Paap rk LM statistic):            220.512
                                                   Chi-sq(1) P-val =    0.0000
------------------------------------------------------------------------------
Weak identification test (Cragg-Donald Wald F statistic):             1773.060
                         (Kleibergen-Paap rk Wald F statistic):        117.477
Stock-Yogo weak ID test critical values: 10% maximal IV size              7.03
                                         15% maximal IV size              4.58
                                         20% maximal IV size              3.95
                                         25% maximal IV size              3.63
Source: Stock-Yogo (2005).  Reproduced by permission.
NB: Critical values are for Cragg-Donald F statistic and i.i.d. errors.
------------------------------------------------------------------------------
Warning: estimated covariance matrix of moment conditions not of full rank.
         overidentification statistic not reported, and standard errors and
         model tests should be interpreted with caution.
Possible causes:
         number of clusters insufficient to calculate robust covariance matrix
         singleton dummy variable (dummy with one 1 and N-1 0s or vice versa)
partial option may address problem.
------------------------------------------------------------------------------
Instrumented:         var3 var5
Included instruments: var4 var17 var14 var15
Excluded instruments: var6 var7
Partialled-out:       _cons
                      nb: total SS, model F and R2s are after partialling-out;
                          any small-sample adjustments include partialled-out
                          variables in regressor count K
Dropped collinear:    var18
------------------------------------------------------------------------------

Absorbed degrees of freedom:
-----------------------------------------------------------+
       Absorbed FE | Categories  - Redundant  = Num. Coefs |
-------------------+---------------------------------------|
   firm_id#user_id |     42710       42710           0    *|
                yh |        11           1          10     |
-----------------------------------------------------------+
* = FE nested within cluster; treated as redundant for DoF computation
→ Spec 12: rent_hhi_seniority
(dropped 6377 singleton observations)
(MWFE estimator converged in 8 iterations)

HDFE Linear regression                            Number of obs   =    218,032
Absorbing 2 HDFE groups                           F(   9,  34556) =       6.25
Statistics robust to heteroskedasticity           Prob > F        =     0.0000
                                                  R-squared       =     0.7190
                                                  Adj R-squared   =     0.6531
                                                  Within R-sq.    =     0.0007
Number of clusters (user_id) =     34,557         Root MSE        =    17.6275

                           (Std. err. adjusted for 34,557 clusters in user_id)
------------------------------------------------------------------------------
             |               Robust
total_co~100 | Coefficient  std. err.      t    P>|t|     [95% conf. interval]
-------------+----------------------------------------------------------------
        var3 |  -.9074932   .5153069    -1.76   0.078    -1.917512    .1025252
        var5 |   4.206677   1.285195     3.27   0.001     1.687653    6.725701
        var4 |  -5.387688   2.732335    -1.97   0.049    -10.74315   -.0322224
        var8 |  -.0307162   .0078785    -3.90   0.000    -.0461583   -.0152741
        var9 |   .0326883   .0184816     1.77   0.077    -.0035361    .0689128
       var11 |  -.0003435   .0003926    -0.87   0.382    -.0011131    .0004261
       var12 |   .0007591   .0005097     1.49   0.136      -.00024    .0017581
       var14 |   2.003732   1.796125     1.12   0.265    -1.516732    5.524195
       var15 |  -1.651513   2.249899    -0.73   0.463    -6.061389    2.758362
       _cons |   50.26781   .8625424    58.28   0.000      48.5772    51.95842
------------------------------------------------------------------------------

Absorbed degrees of freedom:
-----------------------------------------------------------+
       Absorbed FE | Categories  - Redundant  = Num. Coefs |
-------------------+---------------------------------------|
   firm_id#user_id |     41392       41392           0    *|
                yh |        11           1          10     |
-----------------------------------------------------------+
* = FE nested within cluster; treated as redundant for DoF computation
(dropped 6377 singleton observations)
(MWFE estimator converged in 8 iterations)

Stored estimation results
-------------------------
---------------------------------------------------------------------------
             |           Dependent  Number of        
        Name | Command    variable     param.  Title 
-------------+-------------------------------------------------------------
_ivreg2_var3 | ivreg2         var3          9  First-stage regression: var3
_ivreg2_var5 | ivreg2         var5          9  First-stage regression: var5
---------------------------------------------------------------------------

IV (2SLS) estimation
--------------------

Estimates efficient for homoskedasticity only
Statistics robust to heteroskedasticity and clustering on user_id

Number of clusters (user_id) =   34557                Number of obs =   218032
                                                      F(  9, 34556) =     5.37
                                                      Prob > F      =   0.0000
Total (centered) SS     =  54917227.33                Centered R2   =  -0.0034
Total (uncentered) SS   =  54917227.33                Uncentered R2 =  -0.0034
Residual SS             =  55103603.77                Root MSE      =     15.9

------------------------------------------------------------------------------
             |               Robust
total_co~100 | Coefficient  std. err.      t    P>|t|     [95% conf. interval]
-------------+----------------------------------------------------------------
        var3 |  -10.12898   5.142822    -1.97   0.049    -20.20907   -.0488769
        var5 |   14.96544   6.908455     2.17   0.030     1.424646    28.50624
        var4 |  -14.75034    6.75335    -2.18   0.029    -27.98713   -1.513556
        var8 |  -.0065635   .0155292    -0.42   0.673    -.0370014    .0238743
        var9 |   .0077896   .0228345     0.34   0.733    -.0369668     .052546
       var11 |   -.000516   .0004043    -1.28   0.202    -.0013084    .0002763
       var12 |       .001   .0005607     1.78   0.075    -.0000989    .0020989
       var14 |   -.911126   2.410925    -0.38   0.705    -5.636618    3.814366
       var15 |   1.481192    2.80821     0.53   0.598    -4.022991    6.985376
------------------------------------------------------------------------------
Underidentification test (Kleibergen-Paap rk LM statistic):            144.024
                                                   Chi-sq(1) P-val =    0.0000
------------------------------------------------------------------------------
Weak identification test (Cragg-Donald Wald F statistic):             1172.764
                         (Kleibergen-Paap rk Wald F statistic):         74.320
Stock-Yogo weak ID test critical values: 10% maximal IV size              7.03
                                         15% maximal IV size              4.58
                                         20% maximal IV size              3.95
                                         25% maximal IV size              3.63
Source: Stock-Yogo (2005).  Reproduced by permission.
NB: Critical values are for Cragg-Donald F statistic and i.i.d. errors.
------------------------------------------------------------------------------
Hansen J statistic (overidentification test of all instruments):         0.000
                                                 (equation exactly identified)
------------------------------------------------------------------------------
Instrumented:         var3 var5
Included instruments: var4 var8 var9 var11 var12 var14 var15
Excluded instruments: var6 var7
Partialled-out:       _cons
                      nb: total SS, model F and R2s are after partialling-out;
                          any small-sample adjustments include partialled-out
                          variables in regressor count K
------------------------------------------------------------------------------

Absorbed degrees of freedom:
-----------------------------------------------------------+
       Absorbed FE | Categories  - Redundant  = Num. Coefs |
-------------------+---------------------------------------|
   firm_id#user_id |     41392       41392           0    *|
                yh |        11           1          10     |
-----------------------------------------------------------+
* = FE nested within cluster; treated as redundant for DoF computation
→ Spec 13: rent_hhi_
(dropped 6377 singleton observations)
(MWFE estimator converged in 8 iterations)
note: var17 is probably collinear with the fixed effects (all partialled-out values are close to zero; tol = 1.0e-09)
note: var18 is probably collinear with the fixed effects (all partialled-out values are close to zero; tol = 1.0e-09)

HDFE Linear regression                            Number of obs   =    218,032
Absorbing 2 HDFE groups                           F(   7,  34556) =       7.84
Statistics robust to heteroskedasticity           Prob > F        =     0.0000
                                                  R-squared       =     0.7190
                                                  Adj R-squared   =     0.6531
                                                  Within R-sq.    =     0.0006
Number of clusters (user_id) =     34,557         Root MSE        =    17.6275

                           (Std. err. adjusted for 34,557 clusters in user_id)
------------------------------------------------------------------------------
             |               Robust
total_co~100 | Coefficient  std. err.      t    P>|t|     [95% conf. interval]
-------------+----------------------------------------------------------------
        var3 |  -.9500225   .5137247    -1.85   0.064     -1.95694    .0568947
        var5 |   4.212261   1.269331     3.32   0.001      1.72433    6.700193
        var4 |  -7.077177   1.499064    -4.72   0.000    -10.01539   -4.138962
        var8 |  -.0304553   .0078729    -3.87   0.000    -.0458864   -.0150242
        var9 |   .0329556   .0182818     1.80   0.071    -.0028774    .0687886
       var11 |  -.0004316   .0003816    -1.13   0.258    -.0011796    .0003163
       var12 |   .0008207   .0004969     1.65   0.099    -.0001533    .0017946
       var17 |          0  (omitted)
       var18 |          0  (omitted)
       _cons |   51.19631   .2166001   236.36   0.000     50.77176    51.62085
------------------------------------------------------------------------------

Absorbed degrees of freedom:
-----------------------------------------------------------+
       Absorbed FE | Categories  - Redundant  = Num. Coefs |
-------------------+---------------------------------------|
   firm_id#user_id |     41392       41392           0    *|
                yh |        11           1          10     |
-----------------------------------------------------------+
* = FE nested within cluster; treated as redundant for DoF computation
(dropped 6377 singleton observations)
Warning - collinearities detected
Vars dropped:       var18
(MWFE estimator converged in 8 iterations)

Stored estimation results
-------------------------
---------------------------------------------------------------------------
             |           Dependent  Number of        
        Name | Command    variable     param.  Title 
-------------+-------------------------------------------------------------
_ivreg2_var3 | ivreg2         var3          9  First-stage regression: var3
_ivreg2_var5 | ivreg2         var5          9  First-stage regression: var5
---------------------------------------------------------------------------

IV (2SLS) estimation
--------------------

Estimates efficient for homoskedasticity only
Statistics robust to heteroskedasticity and clustering on user_id

Number of clusters (user_id) =   34557                Number of obs =   218032
                                                      F(  8, 34556) =     5.86
                                                      Prob > F      =   0.0000
Total (centered) SS     =  54917227.33                Centered R2   =  -0.0032
Total (uncentered) SS   =  54917227.33                Uncentered R2 =  -0.0032
Residual SS             =  55095595.67                Root MSE      =     15.9

------------------------------------------------------------------------------
             |               Robust
total_co~100 | Coefficient  std. err.      t    P>|t|     [95% conf. interval]
-------------+----------------------------------------------------------------
        var3 |  -9.966949   4.864906    -2.05   0.040    -19.50232   -.4315757
        var5 |   14.34756   6.494424     2.21   0.027     1.618279    27.07684
        var4 |  -12.82197   4.719583    -2.72   0.007     -22.0725   -3.571428
        var8 |  -.0070521   .0148041    -0.48   0.634    -.0360686    .0219645
        var9 |     .00925   .0221512     0.42   0.676    -.0341671    .0526672
       var11 |  -.0004753   .0003837    -1.24   0.216    -.0012274    .0002768
       var12 |   .0009027   .0005265     1.71   0.086    -.0001293    .0019346
       var17 |   472713.5   3.26e+09     0.00   1.000    -6.40e+09    6.40e+09
       var18 |          0  (omitted)
------------------------------------------------------------------------------
Underidentification test (Kleibergen-Paap rk LM statistic):            159.541
                                                   Chi-sq(1) P-val =    0.0000
------------------------------------------------------------------------------
Weak identification test (Cragg-Donald Wald F statistic):             1302.379
                         (Kleibergen-Paap rk Wald F statistic):         82.683
Stock-Yogo weak ID test critical values: 10% maximal IV size              7.03
                                         15% maximal IV size              4.58
                                         20% maximal IV size              3.95
                                         25% maximal IV size              3.63
Source: Stock-Yogo (2005).  Reproduced by permission.
NB: Critical values are for Cragg-Donald F statistic and i.i.d. errors.
------------------------------------------------------------------------------
Warning: estimated covariance matrix of moment conditions not of full rank.
         overidentification statistic not reported, and standard errors and
         model tests should be interpreted with caution.
Possible causes:
         number of clusters insufficient to calculate robust covariance matrix
         singleton dummy variable (dummy with one 1 and N-1 0s or vice versa)
partial option may address problem.
------------------------------------------------------------------------------
Instrumented:         var3 var5
Included instruments: var4 var8 var9 var11 var12 var17
Excluded instruments: var6 var7
Partialled-out:       _cons
                      nb: total SS, model F and R2s are after partialling-out;
                          any small-sample adjustments include partialled-out
                          variables in regressor count K
Dropped collinear:    var18
------------------------------------------------------------------------------

Absorbed degrees of freedom:
-----------------------------------------------------------+
       Absorbed FE | Categories  - Redundant  = Num. Coefs |
-------------------+---------------------------------------|
   firm_id#user_id |     41392       41392           0    *|
                yh |        11           1          10     |
-----------------------------------------------------------+
* = FE nested within cluster; treated as redundant for DoF computation
→ Spec 14: rent_seniority_
(dropped 6380 singleton observations)
(MWFE estimator converged in 8 iterations)
note: var17 is probably collinear with the fixed effects (all partialled-out values are close to zero; tol = 1.0e-09)
note: var18 is probably collinear with the fixed effects (all partialled-out values are close to zero; tol = 1.0e-09)

HDFE Linear regression                            Number of obs   =    218,112
Absorbing 2 HDFE groups                           F(   7,  34563) =       7.67
Statistics robust to heteroskedasticity           Prob > F        =     0.0000
                                                  R-squared       =     0.7190
                                                  Adj R-squared   =     0.6532
                                                  Within R-sq.    =     0.0006
Number of clusters (user_id) =     34,564         Root MSE        =    17.6271

                           (Std. err. adjusted for 34,564 clusters in user_id)
------------------------------------------------------------------------------
             |               Robust
total_co~100 | Coefficient  std. err.      t    P>|t|     [95% conf. interval]
-------------+----------------------------------------------------------------
        var3 |  -.8972495    .515414    -1.74   0.082    -1.907478    .1129787
        var5 |   3.963672   1.264552     3.13   0.002      1.48511    6.442235
        var4 |  -3.861441   2.598375    -1.49   0.137    -8.954342    1.231459
        var8 |  -.0315041   .0078358    -4.02   0.000    -.0468625   -.0161458
        var9 |   .0348564   .0183594     1.90   0.058    -.0011285    .0708414
       var14 |   2.366083   1.745055     1.36   0.175    -1.054282    5.786449
       var15 |  -2.586609   2.194755    -1.18   0.239    -6.888401    1.715184
       var17 |          0  (omitted)
       var18 |          0  (omitted)
       _cons |   50.04898   .8234877    60.78   0.000     48.43492    51.66304
------------------------------------------------------------------------------

Absorbed degrees of freedom:
-----------------------------------------------------------+
       Absorbed FE | Categories  - Redundant  = Num. Coefs |
-------------------+---------------------------------------|
   firm_id#user_id |     41412       41412           0    *|
                yh |        11           1          10     |
-----------------------------------------------------------+
* = FE nested within cluster; treated as redundant for DoF computation
(dropped 6380 singleton observations)
Warning - collinearities detected
Vars dropped:       var18
(MWFE estimator converged in 8 iterations)

Stored estimation results
-------------------------
---------------------------------------------------------------------------
             |           Dependent  Number of        
        Name | Command    variable     param.  Title 
-------------+-------------------------------------------------------------
_ivreg2_var3 | ivreg2         var3          9  First-stage regression: var3
_ivreg2_var5 | ivreg2         var5          9  First-stage regression: var5
---------------------------------------------------------------------------

IV (2SLS) estimation
--------------------

Estimates efficient for homoskedasticity only
Statistics robust to heteroskedasticity and clustering on user_id

Number of clusters (user_id) =   34564                Number of obs =   218112
                                                      F(  8, 34563) =     5.69
                                                      Prob > F      =   0.0000
Total (centered) SS     =     54932284                Centered R2   =  -0.0027
Total (uncentered) SS   =     54932284                Uncentered R2 =  -0.0027
Residual SS             =  55079331.86                Root MSE      =    15.89

------------------------------------------------------------------------------
             |               Robust
total_co~100 | Coefficient  std. err.      t    P>|t|     [95% conf. interval]
-------------+----------------------------------------------------------------
        var3 |  -9.240665   5.025408    -1.84   0.066    -19.09063    .6092989
        var5 |    11.6802   6.314101     1.85   0.064    -.6956424    24.05605
        var4 |  -10.15961   5.892339    -1.72   0.085    -21.70878    1.389569
        var8 |  -.0099963   .0150765    -0.66   0.507    -.0395469    .0195542
        var9 |    .013621   .0223766     0.61   0.543    -.0302378    .0574798
       var14 |  -.1080899   2.286214    -0.05   0.962    -4.589143    4.372963
       var15 |  -.1645667   2.655126    -0.06   0.951      -5.3687    5.039566
       var17 |     561741   3.26e+09     0.00   1.000    -6.38e+09    6.38e+09
       var18 |          0  (omitted)
------------------------------------------------------------------------------
Underidentification test (Kleibergen-Paap rk LM statistic):            147.342
                                                   Chi-sq(1) P-val =    0.0000
------------------------------------------------------------------------------
Weak identification test (Cragg-Donald Wald F statistic):             1226.871
                         (Kleibergen-Paap rk Wald F statistic):         76.716
Stock-Yogo weak ID test critical values: 10% maximal IV size              7.03
                                         15% maximal IV size              4.58
                                         20% maximal IV size              3.95
                                         25% maximal IV size              3.63
Source: Stock-Yogo (2005).  Reproduced by permission.
NB: Critical values are for Cragg-Donald F statistic and i.i.d. errors.
------------------------------------------------------------------------------
Warning: estimated covariance matrix of moment conditions not of full rank.
         overidentification statistic not reported, and standard errors and
         model tests should be interpreted with caution.
Possible causes:
         number of clusters insufficient to calculate robust covariance matrix
         singleton dummy variable (dummy with one 1 and N-1 0s or vice versa)
partial option may address problem.
------------------------------------------------------------------------------
Instrumented:         var3 var5
Included instruments: var4 var8 var9 var14 var15 var17
Excluded instruments: var6 var7
Partialled-out:       _cons
                      nb: total SS, model F and R2s are after partialling-out;
                          any small-sample adjustments include partialled-out
                          variables in regressor count K
Dropped collinear:    var18
------------------------------------------------------------------------------

Absorbed degrees of freedom:
-----------------------------------------------------------+
       Absorbed FE | Categories  - Redundant  = Num. Coefs |
-------------------+---------------------------------------|
   firm_id#user_id |     41412       41412           0    *|
                yh |        11           1          10     |
-----------------------------------------------------------+
* = FE nested within cluster; treated as redundant for DoF computation
→ Spec 15: hhi_seniority_
(dropped 6591 singleton observations)
(MWFE estimator converged in 8 iterations)
note: var17 is probably collinear with the fixed effects (all partialled-out values are close to zero; tol = 1.0e-09)
note: var18 is probably collinear with the fixed effects (all partialled-out values are close to zero; tol = 1.0e-09)

HDFE Linear regression                            Number of obs   =    224,596
Absorbing 2 HDFE groups                           F(   7,  35468) =       7.90
Statistics robust to heteroskedasticity           Prob > F        =     0.0000
                                                  R-squared       =     0.7185
                                                  Adj R-squared   =     0.6524
                                                  Within R-sq.    =     0.0006
Number of clusters (user_id) =     35,469         Root MSE        =    17.6444

                           (Std. err. adjusted for 35,469 clusters in user_id)
------------------------------------------------------------------------------
             |               Robust
total_co~100 | Coefficient  std. err.      t    P>|t|     [95% conf. interval]
-------------+----------------------------------------------------------------
        var3 |  -1.189373   .4972812    -2.39   0.017     -2.16406   -.2146867
        var5 |   6.404191   1.296097     4.94   0.000     3.863801    8.944582
        var4 |  -6.222738    2.62074    -2.37   0.018    -11.35947   -1.086007
       var11 |  -.0004215   .0003841    -1.10   0.272    -.0011743    .0003313
       var12 |   .0009513   .0004958     1.92   0.055    -.0000206    .0019231
       var14 |   1.794582   1.761705     1.02   0.308    -1.658415    5.247579
       var15 |  -1.318906    2.19894    -0.60   0.549    -5.628897    2.991084
       var17 |          0  (omitted)
       var18 |          0  (omitted)
       _cons |    49.7875   .8393559    59.32   0.000     48.14234    51.43267
------------------------------------------------------------------------------

Absorbed degrees of freedom:
-----------------------------------------------------------+
       Absorbed FE | Categories  - Redundant  = Num. Coefs |
-------------------+---------------------------------------|
   firm_id#user_id |     42681       42681           0    *|
                yh |        11           1          10     |
-----------------------------------------------------------+
* = FE nested within cluster; treated as redundant for DoF computation
(dropped 6591 singleton observations)
Warning - collinearities detected
Vars dropped:       var18
(MWFE estimator converged in 8 iterations)

Stored estimation results
-------------------------
---------------------------------------------------------------------------
             |           Dependent  Number of        
        Name | Command    variable     param.  Title 
-------------+-------------------------------------------------------------
_ivreg2_var3 | ivreg2         var3          9  First-stage regression: var3
_ivreg2_var5 | ivreg2         var5          9  First-stage regression: var5
---------------------------------------------------------------------------

IV (2SLS) estimation
--------------------

Estimates efficient for homoskedasticity only
Statistics robust to heteroskedasticity and clustering on user_id

Number of clusters (user_id) =   35469                Number of obs =   224596
                                                      F(  8, 35468) =     4.74
                                                      Prob > F      =   0.0000
Total (centered) SS     =  56665329.36                Centered R2   =  -0.0030
Total (uncentered) SS   =  56665329.36                Uncentered R2 =  -0.0030
Residual SS             =   56836223.3                Root MSE      =    15.91

------------------------------------------------------------------------------
             |               Robust
total_co~100 | Coefficient  std. err.      t    P>|t|     [95% conf. interval]
-------------+----------------------------------------------------------------
        var3 |  -9.824646   4.083207    -2.41   0.016    -17.82786   -1.821435
        var5 |    15.4794   5.939901     2.61   0.009     3.837011    27.12179
        var4 |  -14.88164   6.228126    -2.39   0.017    -27.08896   -2.674319
       var11 |  -.0004234   .0003864    -1.10   0.273    -.0011808     .000334
       var12 |   .0009713   .0005306     1.83   0.067    -.0000686    .0020111
       var14 |  -.7960566   2.131394    -0.37   0.709    -4.973654    3.381541
       var15 |   1.332885   2.550331     0.52   0.601    -3.665842    6.331612
       var17 |  -149884.4   3.12e+09    -0.00   1.000    -6.12e+09    6.12e+09
       var18 |          0  (omitted)
------------------------------------------------------------------------------
Underidentification test (Kleibergen-Paap rk LM statistic):            229.427
                                                   Chi-sq(1) P-val =    0.0000
------------------------------------------------------------------------------
Weak identification test (Cragg-Donald Wald F statistic):             1801.149
                         (Kleibergen-Paap rk Wald F statistic):        121.019
Stock-Yogo weak ID test critical values: 10% maximal IV size              7.03
                                         15% maximal IV size              4.58
                                         20% maximal IV size              3.95
                                         25% maximal IV size              3.63
Source: Stock-Yogo (2005).  Reproduced by permission.
NB: Critical values are for Cragg-Donald F statistic and i.i.d. errors.
------------------------------------------------------------------------------
Warning: estimated covariance matrix of moment conditions not of full rank.
         overidentification statistic not reported, and standard errors and
         model tests should be interpreted with caution.
Possible causes:
         number of clusters insufficient to calculate robust covariance matrix
         singleton dummy variable (dummy with one 1 and N-1 0s or vice versa)
partial option may address problem.
------------------------------------------------------------------------------
Instrumented:         var3 var5
Included instruments: var4 var11 var12 var14 var15 var17
Excluded instruments: var6 var7
Partialled-out:       _cons
                      nb: total SS, model F and R2s are after partialling-out;
                          any small-sample adjustments include partialled-out
                          variables in regressor count K
Dropped collinear:    var18
------------------------------------------------------------------------------

Absorbed degrees of freedom:
-----------------------------------------------------------+
       Absorbed FE | Categories  - Redundant  = Num. Coefs |
-------------------+---------------------------------------|
   firm_id#user_id |     42681       42681           0    *|
                yh |        11           1          10     |
-----------------------------------------------------------+
* = FE nested within cluster; treated as redundant for DoF computation
→ Spec 16: rent_hhi_seniority_
(dropped 6377 singleton observations)
(MWFE estimator converged in 8 iterations)
note: var17 is probably collinear with the fixed effects (all partialled-out values are close to zero; tol = 1.0e-09)
note: var18 is probably collinear with the fixed effects (all partialled-out values are close to zero; tol = 1.0e-09)

HDFE Linear regression                            Number of obs   =    218,032
Absorbing 2 HDFE groups                           F(   9,  34556) =       6.25
Statistics robust to heteroskedasticity           Prob > F        =     0.0000
                                                  R-squared       =     0.7190
                                                  Adj R-squared   =     0.6531
                                                  Within R-sq.    =     0.0007
Number of clusters (user_id) =     34,557         Root MSE        =    17.6275

                           (Std. err. adjusted for 34,557 clusters in user_id)
------------------------------------------------------------------------------
             |               Robust
total_co~100 | Coefficient  std. err.      t    P>|t|     [95% conf. interval]
-------------+----------------------------------------------------------------
        var3 |  -.9074932   .5153069    -1.76   0.078    -1.917512    .1025252
        var5 |   4.206677   1.285195     3.27   0.001     1.687653    6.725701
        var4 |  -5.387688   2.732335    -1.97   0.049    -10.74315   -.0322224
        var8 |  -.0307162   .0078785    -3.90   0.000    -.0461583   -.0152741
        var9 |   .0326883   .0184816     1.77   0.077    -.0035361    .0689128
       var11 |  -.0003435   .0003926    -0.87   0.382    -.0011131    .0004261
       var12 |   .0007591   .0005097     1.49   0.136      -.00024    .0017581
       var14 |   2.003732   1.796125     1.12   0.265    -1.516732    5.524195
       var15 |  -1.651513   2.249899    -0.73   0.463    -6.061389    2.758362
       var17 |          0  (omitted)
       var18 |          0  (omitted)
       _cons |   50.26781   .8625424    58.28   0.000      48.5772    51.95842
------------------------------------------------------------------------------

Absorbed degrees of freedom:
-----------------------------------------------------------+
       Absorbed FE | Categories  - Redundant  = Num. Coefs |
-------------------+---------------------------------------|
   firm_id#user_id |     41392       41392           0    *|
                yh |        11           1          10     |
-----------------------------------------------------------+
* = FE nested within cluster; treated as redundant for DoF computation
(dropped 6377 singleton observations)
Warning - collinearities detected
Vars dropped:       var18
(MWFE estimator converged in 8 iterations)

Stored estimation results
-------------------------
---------------------------------------------------------------------------
             |           Dependent  Number of        
        Name | Command    variable     param.  Title 
-------------+-------------------------------------------------------------
_ivreg2_var3 | ivreg2         var3         11  First-stage regression: var3
_ivreg2_var5 | ivreg2         var5         11  First-stage regression: var5
---------------------------------------------------------------------------

IV (2SLS) estimation
--------------------

Estimates efficient for homoskedasticity only
Statistics robust to heteroskedasticity and clustering on user_id

Number of clusters (user_id) =   34557                Number of obs =   218032
                                                      F( 10, 34556) =     4.83
                                                      Prob > F      =   0.0000
Total (centered) SS     =  54917227.33                Centered R2   =  -0.0034
Total (uncentered) SS   =  54917227.33                Uncentered R2 =  -0.0034
Residual SS             =  55103603.77                Root MSE      =     15.9

------------------------------------------------------------------------------
             |               Robust
total_co~100 | Coefficient  std. err.      t    P>|t|     [95% conf. interval]
-------------+----------------------------------------------------------------
        var3 |  -10.12898   5.142834    -1.97   0.049     -20.2091   -.0488538
        var5 |   14.96544   6.908471     2.17   0.030     1.424615    28.50627
        var4 |  -14.75034   6.753365    -2.18   0.029    -27.98716   -1.513526
        var8 |  -.0065635   .0155293    -0.42   0.673    -.0370014    .0238744
        var9 |   .0077896   .0228346     0.34   0.733    -.0369669    .0525461
       var11 |   -.000516   .0004043    -1.28   0.202    -.0013084    .0002763
       var12 |       .001   .0005607     1.78   0.075     -.000099    .0020989
       var14 |   -.911126   2.410931    -0.38   0.705    -5.636629    3.814377
       var15 |   1.481192   2.808217     0.53   0.598    -4.023004    6.985389
       var17 |   472755.1   3.26e+09     0.00   1.000    -6.40e+09    6.40e+09
       var18 |          0  (omitted)
------------------------------------------------------------------------------
Underidentification test (Kleibergen-Paap rk LM statistic):            144.024
                                                   Chi-sq(1) P-val =    0.0000
------------------------------------------------------------------------------
Weak identification test (Cragg-Donald Wald F statistic):             1172.758
                         (Kleibergen-Paap rk Wald F statistic):         74.319
Stock-Yogo weak ID test critical values: 10% maximal IV size              7.03
                                         15% maximal IV size              4.58
                                         20% maximal IV size              3.95
                                         25% maximal IV size              3.63
Source: Stock-Yogo (2005).  Reproduced by permission.
NB: Critical values are for Cragg-Donald F statistic and i.i.d. errors.
------------------------------------------------------------------------------
Warning: estimated covariance matrix of moment conditions not of full rank.
         overidentification statistic not reported, and standard errors and
         model tests should be interpreted with caution.
Possible causes:
         number of clusters insufficient to calculate robust covariance matrix
         singleton dummy variable (dummy with one 1 and N-1 0s or vice versa)
partial option may address problem.
------------------------------------------------------------------------------
Instrumented:         var3 var5
Included instruments: var4 var8 var9 var11 var12 var14 var15 var17
Excluded instruments: var6 var7
Partialled-out:       _cons
                      nb: total SS, model F and R2s are after partialling-out;
                          any small-sample adjustments include partialled-out
                          variables in regressor count K
Dropped collinear:    var18
------------------------------------------------------------------------------

Absorbed degrees of freedom:
-----------------------------------------------------------+
       Absorbed FE | Categories  - Redundant  = Num. Coefs |
-------------------+---------------------------------------|
   firm_id#user_id |     41392       41392           0    *|
                yh |        11           1          10     |
-----------------------------------------------------------+
* = FE nested within cluster; treated as redundant for DoF computation

. 
. // 5) Close & export
. postclose handle

. use `out', clear

. export delimited using "`result_dir'/consolidated_results.csv", ///
>     replace delimiter(",") quote
file ../results/raw/user_mechanisms_lean_precovid/consolidated_results.csv saved

. 
. display as result "→ CSV written to `result_dir'/consolidated_results.csv"
→ CSV written to ../results/raw/user_mechanisms_lean_precovid/consolidated_results.csv

. capture log close
