-----------------------------------------------------------------------------------------------------------------------------------------
      name:  <unnamed>
       log:  /Users/saul/Dropbox/Remote Work Startups/main/spec/log/user_productivity_precovid_weighted.log
  log type:  text
 opened on:  19 Jun 2025, 00:40:41

. 
. // 0) Setup environment
. do "../src/globals.do"

. global raw_data "../data/raw"

. global processed_data  "../data/processed"

. global results "../results/raw"

. global clean_results "../results/cleaned"

. 
. 
. 
. 
. 
end of do-file

. 
. 
. 
. import delimited "$raw_data/Scoop_alt.csv", clear
(encoding automatically selected: ISO-8859-1)
(6 vars, 323,593 obs)

. 
. gen date_numeric = date(date, "YMD")

. drop date

. rename date_numeric date

. format date %td

. 
. gen yh = hofd(date)

. gen year = yofd(date)

. format yh %th

. 
. collapse (last) date (sum) join leave, by(companyname yh)

. 
. tempfile join_leave

. keep companyname yh join leave

. save `join_leave'
file /var/folders/hg/s3xm9w393gxby64_zklmhgbc0000gn/T//S_97664.000001 saved as .dta format

. 
. 
. import delimited "$processed_data/Scoop_Positions_Firm_Collapse2.csv", clear
(encoding automatically selected: ISO-8859-1)
(6 vars, 323,675 obs)

. drop v1

. 
. gen date_numeric = date(date, "YMD")

. drop date

. rename date_numeric date

. format date %td

. 
. gen yh = hofd(date)

. gen year = yofd(date)

. format yh %th

. 
. // Drop one-off observations in June 2022
. drop if date == 22797
(4,345 observations deleted)

. 
. 
. // Collapse to have one observation per firm-half-year, and calculate growth & rates:
. collapse (last) total_employees date (sum) join leave, by(companyname yh)

. 
. drop join leave

. merge 1:1 companyname yh using `join_leave'

    Result                      Number of obs
    -----------------------------------------
    Not matched                            16
        from master                        14  (_merge==1)
        from using                          2  (_merge==2)

    Matched                            54,161  (_merge==3)
    -----------------------------------------

. drop _merge

. 
. encode companyname, gen(company_numeric)

. xtset company_numeric yh

Panel variable: company_numeric (unbalanced)
 Time variable: yh, 2016h1 to 2022h1, but with gaps
         Delta: 1 halfyear

. sort company_numeric yh

. 
. gen growth_rate = (total_employees / L.total_employees) - 1 if _n > 1
(4,422 missing values generated)

. gen join_rate = join / L.total_employees if _n > 1
(4,427 missing values generated)

. gen leave_rate = leave / L.total_employees if _n > 1
(4,427 missing values generated)

. 
. xtset, clear

. 
. winsor2 growth_rate join_rate leave_rate, cuts(1 99) suffix(_we)

. label variable growth_rate_we "Winsorized growth rate [1,99]"

. label variable join_rate_we "Winsorized join rate [1,99]"

. label variable leave_rate_we "Winsorized leave rate [1,99]"

. 
. drop growth_rate join_rate leave_rate company_numeric

. 
. keep companyname yh     total_employees

. 
. tempfile employee_counts

. save `employee_counts'
file /var/folders/hg/s3xm9w393gxby64_zklmhgbc0000gn/T//S_97664.000002 saved as .dta format

. 
. 
. // 1) Load worker‐level panel
. use "$processed_data/user_panel_`panel_variant'.dta", clear

. capture drop _merge

. 
. merge m:1 companyname yh using `employee_counts'

    Result                      Number of obs
    -----------------------------------------
    Not matched                        34,791
        from master                         0  (_merge==1)
        from using                     34,791  (_merge==2)

    Matched                           231,305  (_merge==3)
    -----------------------------------------

. 
. 
. // 2) Prepare output dir & reset any old postfile
. *--------------------------------------------------------------------------*
. * Results are now *always* written to <specname> _<panel‐variant> (e.g.,
. *   "user_productivity_unbalanced") so the output folder unambiguously states
. * which user‐panel sample was used.  No silent fallback for the default
. * sample.
. *--------------------------------------------------------------------------*
. 
. local result_dir  "$results/`specname'"

. capture mkdir "`result_dir'"

. 
. capture postclose handle

. tempfile out

. *--- postfile header (main results) -------------------------------------------
. postfile handle ///
>     str8   model_type ///
>     str40  outcome     ///
>     str40  param       ///
>     double coef se pval pre_mean ///
>     double rkf nobs     ///
>     using `out', replace
(file /var/folders/hg/s3xm9w393gxby64_zklmhgbc0000gn/T//S_97664.000003 not found)

. 
. 
. *------------------------------------------------------------------
. *  First-stage results → first_stage_fstats.csv
. *------------------------------------------------------------------
. tempfile out_fs

. capture postclose handle_fs

. postfile handle_fs ///
>     str8   endovar            ///  var3 / var5
>     str40  param              ///  var6 / var7 / var4
>     double coef se pval       ///
>     double partialF rkf nobs  ///
>     using `out_fs', replace
(file /var/folders/hg/s3xm9w393gxby64_zklmhgbc0000gn/T//S_97664.000004 not found)

.         
. 
. local outcomes total_contributions_q100 

. local fs_done 0

. 
. foreach y of local outcomes {
  2.     di as text "→ Processing outcome: `y'"
  3. 
.     summarize `y' if covid == 0, meanonly
  4.     local pre_mean = r(mean)
  5. 
.     // ----- OLS -----
.     reghdfe `y' var3 var5 var4 [pweight = total_employees], absorb(user_id firm_id yh) ///
>         vce(cluster user_id)
  6.                 
.         local N = e(N) 
  7.         
.     foreach p in var3 var5 var4 {
  8.         local b    = _b[`p']
  9.         local se   = _se[`p']
 10.         local t    = `b'/`se'
 11.         local pval = 2*ttail(e(df_r), abs(`t'))
 12.                 *--- inside the OLS loop ------------------------------------------------------
.         post handle ("OLS") ("`y'") ("`p'") ///
>                                         (`b') (`se') (`pval') (`pre_mean') ///
>                                         (.) (`N')                 // dot for rkf, then nobs
 13.     }
 14. 
.     // ----- IV (2nd‐stage) -----
.     ivreghdfe ///
>         `y' (var3 var5 = var6 var7) var4 [pweight = total_employees], ///
>         absorb(user_id firm_id yh) vce(cluster user_id) savefirst
 15.                 
.     local rkf = e(rkf)
 16.         local N = e(N) 
 17.         
.     foreach p in var3 var5 var4 {
 18.         local b    = _b[`p']
 19.         local se   = _se[`p']
 20.         local t    = `b'/`se'
 21.         local pval = 2*ttail(e(df_r), abs(`t'))
 22.                 *--- inside the IV loop -------------------------------------------------------
.         post handle ("IV") ("`y'") ("`p'") ///
>                                         (`b') (`se') (`pval') (`pre_mean') ///
>                                         (`rkf') (`N')            // rkf, then nobs
 23.     }
 24. 
.         if !`fs_done' {
 25.                 
.                 matrix FS = e(first)
 26.         local F3 = FS[4,1]
 27.         local F5 = FS[4,2]
 28. 
.                 /* -------- var3 first stage -------------------------------- */
.                 estimates restore _ivreg2_var3
 29.                 local N_fs = e(N)
 30.                 foreach p in var6 var7 var4 {
 31.                         local b    = _b[`p']
 32.                         local se   = _se[`p']
 33.                         local t    = `b'/`se'
 34.                         local pval = 2*ttail(e(df_r), abs(`t'))
 35. 
.                         post handle_fs ("var3") ("`p'") ///
>                                                         (`b') (`se') (`pval') ///
>                                                         (`F3') (`rkf') (`N_fs')
 36.                 }
 37. 
.                 /* -------- var5 first stage -------------------------------- */
.                 estimates restore _ivreg2_var5
 38.                 local N_fs = e(N)
 39.                 foreach p in var6 var7 var4 {
 40.                         local b    = _b[`p']
 41.                         local se   = _se[`p']
 42.                         local t    = `b'/`se'
 43.                         local pval = 2*ttail(e(df_r), abs(`t'))
 44. 
.                         post handle_fs ("var5") ("`p'") ///
>                                                         (`b') (`se') (`pval') ///
>                                                         (`F5') (`rkf') (`N_fs')
 45.                 }
 46. 
.                 local fs_done 1
 47.         }
 48. }
→ Processing outcome: total_contributions_q100
(dropped 1443 singleton observations)
(MWFE estimator converged in 201 iterations)

HDFE Linear regression                            Number of obs   =    229,857
Absorbing 3 HDFE groups                           F(   3,  35788) =       4.60
Statistics robust to heteroskedasticity           Prob > F        =     0.0032
                                                  R-squared       =     0.6476
                                                  Adj R-squared   =     0.5779
                                                  Within R-sq.    =     0.0000
Number of clusters (user_id) =     35,789         Root MSE        =    18.4504

                           (Std. err. adjusted for 35,789 clusters in user_id)
------------------------------------------------------------------------------
             |               Robust
total_co~100 | Coefficient  std. err.      t    P>|t|     [95% conf. interval]
-------------+----------------------------------------------------------------
        var3 |   .0143585   1.036985     0.01   0.989    -2.018163     2.04688
        var5 |   8.949733   2.642853     3.39   0.001     3.769662     14.1298
        var4 |  -7.003795   2.033072    -3.44   0.001    -10.98868   -3.018911
       _cons |   40.16253   .3082917   130.27   0.000     39.55827    40.76679
------------------------------------------------------------------------------

Absorbed degrees of freedom:
-----------------------------------------------------+
 Absorbed FE | Categories  - Redundant  = Num. Coefs |
-------------+---------------------------------------|
     user_id |     35789       35789           0    *|
     firm_id |      2151           1        2150     |
          yh |        11           1          10     |
-----------------------------------------------------+
* = FE nested within cluster; treated as redundant for DoF computation
(dropped 1443 singleton observations)
(sum of wgt is     5.6433e+09)
(MWFE estimator converged in 202 iterations)

Stored estimation results
-------------------------
---------------------------------------------------------------------------
             |           Dependent  Number of        
        Name | Command    variable     param.  Title 
-------------+-------------------------------------------------------------
_ivreg2_var3 | ivreg2         var3          3  First-stage regression: var3
_ivreg2_var5 | ivreg2         var5          3  First-stage regression: var5
---------------------------------------------------------------------------

IV (2SLS) estimation
--------------------

Estimates efficient for homoskedasticity only
Statistics robust to heteroskedasticity and clustering on user_id

Number of clusters (user_id) =   35789                Number of obs =   229857
                                                      F(  3, 35788) =     1.55
                                                      Prob > F      =   0.2003
Total (centered) SS     =  65330889.87                Centered R2   =  -0.0007
Total (uncentered) SS   =  65330889.87                Uncentered R2 =  -0.0007
Residual SS             =  65376359.81                Root MSE      =    16.94

------------------------------------------------------------------------------
             |               Robust
total_co~100 | Coefficient  std. err.      t    P>|t|     [95% conf. interval]
-------------+----------------------------------------------------------------
        var3 |   -6.87849   9.803089    -0.70   0.483    -26.09284    12.33586
        var5 |   15.81906   10.82928     1.46   0.144    -5.406654    37.04478
        var4 |  -10.95402   6.595836    -1.66   0.097    -23.88206     1.97402
------------------------------------------------------------------------------
Underidentification test (Kleibergen-Paap rk LM statistic):            166.289
                                                   Chi-sq(1) P-val =    0.0000
------------------------------------------------------------------------------
Weak identification test (Cragg-Donald Wald F statistic):             3108.624
                         (Kleibergen-Paap rk Wald F statistic):         92.081
Stock-Yogo weak ID test critical values: 10% maximal IV size              7.03
                                         15% maximal IV size              4.58
                                         20% maximal IV size              3.95
                                         25% maximal IV size              3.63
Source: Stock-Yogo (2005).  Reproduced by permission.
NB: Critical values are for Cragg-Donald F statistic and i.i.d. errors.
------------------------------------------------------------------------------
Hansen J statistic (overidentification test of all instruments):         0.000
                                                 (equation exactly identified)
------------------------------------------------------------------------------
Instrumented:         var3 var5
Included instruments: var4
Excluded instruments: var6 var7
Partialled-out:       _cons
                      nb: total SS, model F and R2s are after partialling-out;
                          any small-sample adjustments include partialled-out
                          variables in regressor count K
------------------------------------------------------------------------------

Absorbed degrees of freedom:
-----------------------------------------------------+
 Absorbed FE | Categories  - Redundant  = Num. Coefs |
-------------+---------------------------------------|
     user_id |     35789       35789           0    *|
     firm_id |      2151           1        2150     |
          yh |        11           1          10     |
-----------------------------------------------------+
* = FE nested within cluster; treated as redundant for DoF computation
(results _ivreg2_var3 are active now)
(results _ivreg2_var5 are active now)

. 
. // 4) Close & export to CSV
. postclose handle

. use `out', clear

. export delimited using "`result_dir'/consolidated_results.csv", ///
>     replace delimiter(",") quote
file ../results/raw/user_productivity_precovid_weighted/consolidated_results.csv saved

. 
. * --- write first-stage CSV -----------------------------------------
. postclose handle_fs

. use `out_fs', clear

. export delimited using "`result_dir'/first_stage.csv", ///
>         replace delimiter(",") quote
file ../results/raw/user_productivity_precovid_weighted/first_stage.csv saved

. 
. di as result "→ second-stage CSV : `result_dir'/consolidated_results.csv"
→ second-stage CSV : ../results/raw/user_productivity_precovid_weighted/consolidated_results.csv

. di as result "→ first-stage  CSV : `result_dir'/first_stage.csv"
→ first-stage  CSV : ../results/raw/user_productivity_precovid_weighted/first_stage.csv

. capture log close
