-----------------------------------------------------------------------------------------------------------------------------------------
      name:  <unnamed>
       log:  /Users/saul/Dropbox/Remote Work Startups/main/spec/log/user_mechanisms_wage_gap.log
  log type:  text
 opened on:  28 May 2025, 05:58:56

. 
. 
. // 0) Globals + setup
. do "../src/globals.do"

. global raw_data "../data/raw"

. global processed_data  "../data/processed"

. global results "../results/raw"

. global clean_results "../results/cleaned"

. 
. 
. 
end of do-file

. local result_dir "$results/`specname'"

. capture mkdir "`result_dir'"

. 
. // 1) Load & prepare once
. use "$processed_data/user_panel.dta", clear

. gen seniority_4 = !inrange(seniority_levels,1,3)

. // drop if missing(hhi_1000, seniority_4, rent)
. 
. // interactions
. gen var8  = covid*rent
(1,589 missing values generated)

. gen var9  = covid*rent*remote
(1,589 missing values generated)

. gen var10 = teleworkable*covid*rent
(5,195 missing values generated)

. gen var11 = covid*hhi_1000
(13 missing values generated)

. gen var12 = covid*hhi_1000*remote
(13 missing values generated)

. gen var13 = teleworkable*covid*hhi_1000
(3,746 missing values generated)

. gen var14 = covid*seniority_4

. gen var15 = covid*seniority_4*remote

. gen var16 = teleworkable*covid*seniority_4
(3,733 missing values generated)

. 
. 
. // pick your mechanism here
. local mech    sd_wage    // or: p90_p10_gap

. local mech_label  sdw 

. 
. // generate interactions
. gen var17 = covid*`mech'
(3 missing values generated)

. gen var18 = covid*`mech'*remote
(3 missing values generated)

. gen var19 = teleworkable*covid*`mech'
(3,736 missing values generated)

. 
. 
. 
. 
. capture postclose handle

. tempfile out

. postfile handle ///
>     str8   model_type  /// "OLS", "IV"
>     str244 spec        ///
>     str40  param       ///
>     double coef se pval pre_mean rkf nobs /// <-- exactly five numeric columns
>     using `out', replace
(file /var/folders/hg/s3xm9w393gxby64_zklmhgbc0000gn/T//S_39148.000001 not found)

. 
. 
. 
. local specs ///
>   "baseline" ///
>   "rent" "hhi" "seniority" "`mech_label'" ///
>   "rent_hhi" "rent_seniority" "rent_`mech_label'" "hhi_seniority" "hhi_`mech_label'" "seniority_`mech_label'" ///
>   "rent_hhi_seniority" "rent_hhi_`mech_label'" "rent_seniority_`mech_label'" "hhi_seniority_`mech_label'" ///
>   "rent_hhi_seniority_`mech_label'"

. 
. 
.   
. * ────────────────────────────────────────────────────────
. * 3) Define spec_… locals for OLS exog, IV exog, instruments & endogenous
. *    (indices correspond to word positions in `specs`)
. * ────────────────────────────────────────────────────────
. 
. //  1) baseline
. local spec_ols_exog1  var4

. local spec_iv_exog1   var4

. local spec_instr1     var6 var7

. local spec_endo1      var3 var5

. 
. //  2) rent
. local spec_ols_exog2  var4 var8  var9

. local spec_iv_exog2   var4 var8

. local spec_instr2     var6 var7 var10

. local spec_endo2      var3 var5 var9

. 
. //  3) hhi
. local spec_ols_exog3  var4 var11 var12

. local spec_iv_exog3   var4 var11

. local spec_instr3     var6 var7 var13

. local spec_endo3      var3 var5 var12

. 
. //  4) seniority
. local spec_ols_exog4  var4 var14 var15

. local spec_iv_exog4   var4 var14

. local spec_instr4     var6 var7 var16

. local spec_endo4      var3 var5 var15

. 
. //  5) `mech'
. local spec_ols_exog5  var4 var17 var18

. local spec_iv_exog5   var4 var17

. local spec_instr5     var6 var7 var19

. local spec_endo5      var3 var5 var18

. 
. //  6) rent_hhi
. local spec_ols_exog6  var4 var8 var9 var11 var12

. local spec_iv_exog6   var4 var8 var11

. local spec_instr6     var6 var7 var10 var13

. local spec_endo6      var3 var5 var9 var12

. 
. //  7) rent_seniority
. local spec_ols_exog7  var4 var8 var9 var14 var15

. local spec_iv_exog7   var4 var8 var14

. local spec_instr7     var6 var7 var10 var16

. local spec_endo7      var3 var5 var9 var15

. 
. //  8) rent_`mech'
. local spec_ols_exog8  var4 var8 var9 var17 var18

. local spec_iv_exog8   var4 var8 var17

. local spec_instr8     var6 var7 var10 var19

. local spec_endo8      var3 var5 var9 var18

. 
. //  9) hhi_seniority
. local spec_ols_exog9  var4 var11 var12 var14 var15

. local spec_iv_exog9   var4 var11 var14

. local spec_instr9     var6 var7 var13 var16

. local spec_endo9      var3 var5 var12 var15

. 
. // 10) hhi_`mech'
. local spec_ols_exog10 var4 var11 var12 var17 var18

. local spec_iv_exog10  var4 var11 var17

. local spec_instr10    var6 var7 var13 var19

. local spec_endo10     var3 var5 var12 var18

. 
. // 11) `mech'_seniority
. local spec_ols_exog11 var4 var17 var18 var14 var15

. local spec_iv_exog11  var4 var17 var14

. local spec_instr11    var6 var7 var19 var16

. local spec_endo11     var3 var5 var18 var15

. 
. // 12) rent_hhi_seniority
. local spec_ols_exog12 var4 var8 var9 var11 var12 var14 var15

. local spec_iv_exog12  var4 var8 var11 var14

. local spec_instr12    var6 var7 var10 var13 var16

. local spec_endo12     var3 var5 var9 var12 var15

. 
. // 13) rent_hhi_`mech'
. local spec_ols_exog13 var4 var8 var9 var11 var12 var17 var18

. local spec_iv_exog13  var4 var8 var11 var17

. local spec_instr13    var6 var7 var10 var13 var19

. local spec_endo13     var3 var5 var9 var12 var18

. 
. // 14) rent_seniority_`mech'
. local spec_ols_exog14 var4 var8 var9 var14 var15 var17 var18

. local spec_iv_exog14  var4 var8 var14 var17

. local spec_instr14    var6 var7 var10 var16 var19

. local spec_endo14     var3 var5 var9 var15 var18

. 
. // 15) hhi_seniority_`mech'
. local spec_ols_exog15 var4 var11 var12 var14 var15 var17 var18

. local spec_iv_exog15  var4 var11 var14 var17

. local spec_instr15    var6 var7 var13 var16 var19

. local spec_endo15     var3 var5 var12 var15 var18

. 
. // 16) rent_hhi_seniority_`mech'
. local spec_ols_exog16 var4 var8 var9 var11 var12 var14 var15 var17 var18

. local spec_iv_exog16  var4 var8 var11 var14 var17

. local spec_instr16    var6 var7 var10 var13 var16 var19

. local spec_endo16     var3 var5 var9 var12 var15 var18

. 
. 
. 
. drop if missing(rent, hhi_1000, seniority_4, sd_wage, p90_p10_gap)
(1,602 observations deleted)

. 
. 
. // 3) SPEC 1: Baseline on the full sample
. display as text "→ Spec 1: baseline (full sample)"
→ Spec 1: baseline (full sample)

. 
. summarize total_contributions_q100 if covid == 0, meanonly

. local pre_mean = r(mean)

. 
. // 3a) OLS
. reghdfe total_contributions_q100 var3 var5 var4, ///
>     absorb(firm_id user_id yh) vce(cluster user_id)
(dropped 26 singleton observations)
(MWFE estimator converged in 105 iterations)

HDFE Linear regression                            Number of obs   =     51,392
Absorbing 3 HDFE groups                           F(   3,   4694) =      18.60
Statistics robust to heteroskedasticity           Prob > F        =     0.0000
                                                  R-squared       =     0.7041
                                                  Adj R-squared   =     0.6668
                                                  Within R-sq.    =     0.0037
Number of clusters (user_id) =      4,695         Root MSE        =    16.8119

                            (Std. err. adjusted for 4,695 clusters in user_id)
------------------------------------------------------------------------------
             |               Robust
total_co~100 | Coefficient  std. err.      t    P>|t|     [95% conf. interval]
-------------+----------------------------------------------------------------
        var3 |  -2.749458   1.001652    -2.74   0.006    -4.713165   -.7857508
        var5 |   8.735788   2.721552     3.21   0.001     3.400267    14.07131
        var4 |  -11.51933   2.366823    -4.87   0.000    -16.15942   -6.879249
       _cons |   51.59015   .3140211   164.29   0.000     50.97452    52.20578
------------------------------------------------------------------------------

Absorbed degrees of freedom:
-----------------------------------------------------+
 Absorbed FE | Categories  - Redundant  = Num. Coefs |
-------------+---------------------------------------|
     firm_id |      1047           1        1046     |
     user_id |      4695        4695           0    *|
          yh |        11           1          10     |
-----------------------------------------------------+
* = FE nested within cluster; treated as redundant for DoF computation

. local N = e(N)

. foreach p in var3 var5 {
  2.     local b    = _b[`p']
  3.     local se   = _se[`p']
  4.     local t    = `b'/`se'
  5.     local pval = 2*ttail(e(df_r), abs(`t'))
  6.     post handle ("OLS") ("baseline") ("`p'") ///
>                 (`b') (`se') (`pval') (`pre_mean') ///
>                 (.) (`N')
  7. }

. 
. // 3b) IV
. ivreghdfe total_contributions_q100 (var3 var5 = var6 var7) var4, ///
>     absorb(firm_id user_id yh) vce(cluster user_id) savefirst
(dropped 26 singleton observations)
(MWFE estimator converged in 105 iterations)

Stored estimation results
-------------------------
---------------------------------------------------------------------------
             |           Dependent  Number of        
        Name | Command    variable     param.  Title 
-------------+-------------------------------------------------------------
_ivreg2_var3 | ivreg2         var3          3  First-stage regression: var3
_ivreg2_var5 | ivreg2         var5          3  First-stage regression: var5
---------------------------------------------------------------------------

IV (2SLS) estimation
--------------------

Estimates efficient for homoskedasticity only
Statistics robust to heteroskedasticity and clustering on user_id

Number of clusters (user_id) =    4695                Number of obs =    51392
                                                      F(  3,  4694) =    15.55
                                                      Prob > F      =   0.0000
Total (centered) SS     =  12947193.15                Centered R2   =  -0.0138
Total (uncentered) SS   =  12947193.15                Uncentered R2 =  -0.0138
Residual SS             =  13125511.05                Root MSE      =    16.15

------------------------------------------------------------------------------
             |               Robust
total_co~100 | Coefficient  std. err.      t    P>|t|     [95% conf. interval]
-------------+----------------------------------------------------------------
        var3 |  -18.50913    9.46081    -1.96   0.050    -37.05676    .0384969
        var5 |   33.63957   13.16855     2.55   0.011     7.823028    59.45611
        var4 |   -29.9754   10.17445    -2.95   0.003    -49.92209   -10.02871
------------------------------------------------------------------------------
Underidentification test (Kleibergen-Paap rk LM statistic):             42.423
                                                   Chi-sq(1) P-val =    0.0000
------------------------------------------------------------------------------
Weak identification test (Cragg-Donald Wald F statistic):              343.946
                         (Kleibergen-Paap rk Wald F statistic):         22.242
Stock-Yogo weak ID test critical values: 10% maximal IV size              7.03
                                         15% maximal IV size              4.58
                                         20% maximal IV size              3.95
                                         25% maximal IV size              3.63
Source: Stock-Yogo (2005).  Reproduced by permission.
NB: Critical values are for Cragg-Donald F statistic and i.i.d. errors.
------------------------------------------------------------------------------
Hansen J statistic (overidentification test of all instruments):         0.000
                                                 (equation exactly identified)
------------------------------------------------------------------------------
Instrumented:         var3 var5
Included instruments: var4
Excluded instruments: var6 var7
Partialled-out:       _cons
                      nb: total SS, model F and R2s are after partialling-out;
                          any small-sample adjustments include partialled-out
                          variables in regressor count K
------------------------------------------------------------------------------

Absorbed degrees of freedom:
-----------------------------------------------------+
 Absorbed FE | Categories  - Redundant  = Num. Coefs |
-------------+---------------------------------------|
     firm_id |      1047           1        1046     |
     user_id |      4695        4695           0    *|
          yh |        11           1          10     |
-----------------------------------------------------+
* = FE nested within cluster; treated as redundant for DoF computation

. local rkf = e(rkf)

. local N   = e(N)

. foreach p in var3 var5 {
  2.     local b    = _b[`p']
  3.     local se   = _se[`p']
  4.     local t    = `b'/`se'
  5.     local pval = 2*ttail(e(df_r), abs(`t'))
  6.     post handle ("IV") ("baseline") ("`p'") ///
>                 (`b') (`se') (`pval') (`pre_mean') ///
>                 (`rkf') (`N')
  7. }

. 
. // 4) Now restrict to observations with mechanism vars
. // Ensure a common sample across *all* mechanism variables (rent, HHI, seniority,
. // wage dispersion).  This keeps the estimation sample identical in the two
. // mechanism families.
. 
. 
. 
. // 4) Loop
. forvalues i = 2/16 {
  2.     // 1) pick the spec name
.     local spec    : word `i' of `specs'
  3. 
.     // 2) build up the four pieces we need
.     local ols_exog "`spec_ols_exog`i''"
  4.     local iv_exog  "`spec_iv_exog`i''"
  5.     local instr    "`spec_instr`i''"
  6.     local endo     "`spec_endo`i''"
  7.         
. 
.     display as text "→ Spec `i': `spec'"
  8. 
.     summarize total_contributions_q100 if covid == 0, meanonly
  9.     local pre_mean = r(mean)
 10. 
.     // 4a) OLS
.     reghdfe total_contributions_q100 var3 var5 `ols_exog', ///
>         absorb(firm_id user_id yh) vce(cluster user_id)
 11.         
.         local N = e(N) 
 12.         
.     foreach p in var3 var5 {
 13.         local b    = _b[`p']
 14.         local se   = _se[`p']
 15.         local t    = `b'/`se'
 16.         local pval = 2*ttail(e(df_r), abs(`t'))
 17.        post handle ("OLS") ("`spec'") ("`p'") ///
>                     (`b') (`se') (`pval') (`pre_mean') ///
>                     (.) (`N')
 18.     }
 19. 
.     // 4b) IV
.     ivreghdfe total_contributions_q100 (`endo' = `instr') `iv_exog', ///
>         absorb(firm_id user_id yh) vce(cluster user_id) savefirst
 20.     local rkf = e(rkf)
 21.         local N   = e(N)
 22.         
.     foreach p in var3 var5 {
 23.         local b    = _b[`p']
 24.         local se   = _se[`p']
 25.         local t    = `b'/`se'
 26.         local pval = 2*ttail(e(df_r), abs(`t'))
 27.        post handle ("IV") ("`spec'") ("`p'") ///
>                     (`b') (`se') (`pval') (`pre_mean') ///
>                     (`rkf') (`N')
 28.     }
 29. 
. }
→ Spec 2: rent
(dropped 26 singleton observations)
(MWFE estimator converged in 105 iterations)

HDFE Linear regression                            Number of obs   =     51,392
Absorbing 3 HDFE groups                           F(   5,   4694) =      13.06
Statistics robust to heteroskedasticity           Prob > F        =     0.0000
                                                  R-squared       =     0.7043
                                                  Adj R-squared   =     0.6670
                                                  Within R-sq.    =     0.0044
Number of clusters (user_id) =      4,695         Root MSE        =    16.8067

                            (Std. err. adjusted for 4,695 clusters in user_id)
------------------------------------------------------------------------------
             |               Robust
total_co~100 | Coefficient  std. err.      t    P>|t|     [95% conf. interval]
-------------+----------------------------------------------------------------
        var3 |   .1755012   2.328712     0.08   0.940    -4.389867    4.740869
        var5 |   8.504787   2.744517     3.10   0.002     3.124245    13.88533
        var4 |  -10.97132   2.392154    -4.59   0.000    -15.66106   -6.281573
        var8 |  -.0043894   .0355769    -0.12   0.902    -.0741369    .0653581
        var9 |  -.0524685   .0462255    -1.14   0.256    -.1430922    .0381553
       _cons |   51.59826   .7546167    68.38   0.000     50.11886    53.07766
------------------------------------------------------------------------------

Absorbed degrees of freedom:
-----------------------------------------------------+
 Absorbed FE | Categories  - Redundant  = Num. Coefs |
-------------+---------------------------------------|
     firm_id |      1047           1        1046     |
     user_id |      4695        4695           0    *|
          yh |        11           1          10     |
-----------------------------------------------------+
* = FE nested within cluster; treated as redundant for DoF computation
(dropped 41 singleton observations)
(MWFE estimator converged in 104 iterations)

Stored estimation results
-------------------------
---------------------------------------------------------------------------
             |           Dependent  Number of        
        Name | Command    variable     param.  Title 
-------------+-------------------------------------------------------------
_ivreg2_var3 | ivreg2         var3          5  First-stage regression: var3
_ivreg2_var5 | ivreg2         var5          5  First-stage regression: var5
_ivreg2_var9 | ivreg2         var9          5  First-stage regression: var9
---------------------------------------------------------------------------

IV (2SLS) estimation
--------------------

Estimates efficient for homoskedasticity only
Statistics robust to heteroskedasticity and clustering on user_id

Number of clusters (user_id) =    4510                Number of obs =    47771
                                                      F(  5,  4509) =     0.52
                                                      Prob > F      =   0.7606
Total (centered) SS     =  11897296.85                Centered R2   =  -5.5582
Total (uncentered) SS   =  11897296.85                Uncentered R2 =  -5.5582
Residual SS             =  78024573.28                Root MSE      =    40.85

------------------------------------------------------------------------------
             |               Robust
total_co~100 | Coefficient  std. err.      t    P>|t|     [95% conf. interval]
-------------+----------------------------------------------------------------
        var3 |  -662.2811   1258.524    -0.53   0.599    -3129.604    1805.042
        var5 |   117.0408   170.7827     0.69   0.493    -217.7771    451.8586
        var9 |   11.85085   23.40563     0.51   0.613    -34.03565    57.73735
        var4 |  -93.28694   131.9896    -0.71   0.480    -352.0513    165.4775
        var8 |  -7.998002   15.85055    -0.50   0.614    -39.07285    23.07685
------------------------------------------------------------------------------
Underidentification test (Kleibergen-Paap rk LM statistic):              0.273
                                                   Chi-sq(1) P-val =    0.6016
------------------------------------------------------------------------------
Weak identification test (Cragg-Donald Wald F statistic):                0.602
                         (Kleibergen-Paap rk Wald F statistic):          0.089
Stock-Yogo weak ID test critical values:                       <not available>
------------------------------------------------------------------------------
Hansen J statistic (overidentification test of all instruments):         0.000
                                                 (equation exactly identified)
------------------------------------------------------------------------------
Instrumented:         var3 var5 var9
Included instruments: var4 var8
Excluded instruments: var6 var7 var10
Partialled-out:       _cons
                      nb: total SS, model F and R2s are after partialling-out;
                          any small-sample adjustments include partialled-out
                          variables in regressor count K
------------------------------------------------------------------------------

Absorbed degrees of freedom:
-----------------------------------------------------+
 Absorbed FE | Categories  - Redundant  = Num. Coefs |
-------------+---------------------------------------|
     firm_id |      1006           1        1005     |
     user_id |      4510        4510           0    *|
          yh |        11           1          10     |
-----------------------------------------------------+
* = FE nested within cluster; treated as redundant for DoF computation
→ Spec 3: hhi
(dropped 26 singleton observations)
(MWFE estimator converged in 105 iterations)

HDFE Linear regression                            Number of obs   =     51,392
Absorbing 3 HDFE groups                           F(   5,   4694) =      12.25
Statistics robust to heteroskedasticity           Prob > F        =     0.0000
                                                  R-squared       =     0.7042
                                                  Adj R-squared   =     0.6669
                                                  Within R-sq.    =     0.0041
Number of clusters (user_id) =      4,695         Root MSE        =    16.8093

                            (Std. err. adjusted for 4,695 clusters in user_id)
------------------------------------------------------------------------------
             |               Robust
total_co~100 | Coefficient  std. err.      t    P>|t|     [95% conf. interval]
-------------+----------------------------------------------------------------
        var3 |  -2.520717   1.299189    -1.94   0.052    -5.067738    .0263044
        var5 |   8.331521   2.918792     2.85   0.004     2.609317    14.05372
        var4 |  -10.64688   2.570209    -4.14   0.000     -15.6857   -5.608062
       var11 |  -.0008406   .0017213    -0.49   0.625    -.0042152    .0025339
       var12 |  -.0004031   .0020241    -0.20   0.842    -.0043712     .003565
       _cons |   51.75127   .4494044   115.16   0.000     50.87023    52.63231
------------------------------------------------------------------------------

Absorbed degrees of freedom:
-----------------------------------------------------+
 Absorbed FE | Categories  - Redundant  = Num. Coefs |
-------------+---------------------------------------|
     firm_id |      1047           1        1046     |
     user_id |      4695        4695           0    *|
          yh |        11           1          10     |
-----------------------------------------------------+
* = FE nested within cluster; treated as redundant for DoF computation
(dropped 41 singleton observations)
(MWFE estimator converged in 104 iterations)

Stored estimation results
-------------------------
----------------------------------------------------------------------------
             |           Dependent  Number of        
        Name | Command    variable     param.  Title 
-------------+--------------------------------------------------------------
_ivreg2_var3 | ivreg2         var3          5  First-stage regression: var3
_ivreg2_var5 | ivreg2         var5          5  First-stage regression: var5
_ivreg2_v~12 | ivreg2        var12          5  First-stage regression: var12
----------------------------------------------------------------------------

IV (2SLS) estimation
--------------------

Estimates efficient for homoskedasticity only
Statistics robust to heteroskedasticity and clustering on user_id

Number of clusters (user_id) =    4510                Number of obs =    47771
                                                      F(  5,  4509) =     1.15
                                                      Prob > F      =   0.3311
Total (centered) SS     =  11897296.85                Centered R2   =  -1.0001
Total (uncentered) SS   =  11897296.85                Uncentered R2 =  -1.0001
Residual SS             =  23796009.18                Root MSE      =    22.56

------------------------------------------------------------------------------
             |               Robust
total_co~100 | Coefficient  std. err.      t    P>|t|     [95% conf. interval]
-------------+----------------------------------------------------------------
        var3 |   123.2169   577.6034     0.21   0.831    -1009.169    1255.603
        var5 |    211.084   709.6838     0.30   0.766    -1180.244    1602.412
       var12 |  -.1389589   .5414797    -0.26   0.797    -1.200525    .9226068
        var4 |   -199.506   685.0411    -0.29   0.771    -1542.522     1143.51
       var11 |   .1118301   .4402363     0.25   0.799    -.7512488     .974909
------------------------------------------------------------------------------
Underidentification test (Kleibergen-Paap rk LM statistic):              0.073
                                                   Chi-sq(1) P-val =    0.7864
------------------------------------------------------------------------------
Weak identification test (Cragg-Donald Wald F statistic):                1.036
                         (Kleibergen-Paap rk Wald F statistic):          0.024
Stock-Yogo weak ID test critical values:                       <not available>
------------------------------------------------------------------------------
Hansen J statistic (overidentification test of all instruments):         0.000
                                                 (equation exactly identified)
------------------------------------------------------------------------------
Instrumented:         var3 var5 var12
Included instruments: var4 var11
Excluded instruments: var6 var7 var13
Partialled-out:       _cons
                      nb: total SS, model F and R2s are after partialling-out;
                          any small-sample adjustments include partialled-out
                          variables in regressor count K
------------------------------------------------------------------------------

Absorbed degrees of freedom:
-----------------------------------------------------+
 Absorbed FE | Categories  - Redundant  = Num. Coefs |
-------------+---------------------------------------|
     firm_id |      1006           1        1005     |
     user_id |      4510        4510           0    *|
          yh |        11           1          10     |
-----------------------------------------------------+
* = FE nested within cluster; treated as redundant for DoF computation
→ Spec 4: seniority
(dropped 26 singleton observations)
(MWFE estimator converged in 105 iterations)

HDFE Linear regression                            Number of obs   =     51,392
Absorbing 3 HDFE groups                           F(   5,   4694) =      11.62
Statistics robust to heteroskedasticity           Prob > F        =     0.0000
                                                  R-squared       =     0.7041
                                                  Adj R-squared   =     0.6668
                                                  Within R-sq.    =     0.0039
Number of clusters (user_id) =      4,695         Root MSE        =    16.8108

                            (Std. err. adjusted for 4,695 clusters in user_id)
------------------------------------------------------------------------------
             |               Robust
total_co~100 | Coefficient  std. err.      t    P>|t|     [95% conf. interval]
-------------+----------------------------------------------------------------
        var3 |   12.68553   11.42493     1.11   0.267    -9.712687    35.08376
        var5 |   8.091896   2.762209     2.93   0.003     2.676669    13.50712
        var4 |  -10.87511   2.396536    -4.54   0.000    -15.57345   -6.176778
       var14 |     16.315   10.95947     1.49   0.137    -5.170708     37.8007
       var15 |  -15.41783   11.39993    -1.35   0.176    -37.76705    6.931387
       _cons |   44.17236   4.988244     8.86   0.000     34.39306    53.95166
------------------------------------------------------------------------------

Absorbed degrees of freedom:
-----------------------------------------------------+
 Absorbed FE | Categories  - Redundant  = Num. Coefs |
-------------+---------------------------------------|
     firm_id |      1047           1        1046     |
     user_id |      4695        4695           0    *|
          yh |        11           1          10     |
-----------------------------------------------------+
* = FE nested within cluster; treated as redundant for DoF computation
(dropped 41 singleton observations)
(MWFE estimator converged in 105 iterations)

Stored estimation results
-------------------------
----------------------------------------------------------------------------
             |           Dependent  Number of        
        Name | Command    variable     param.  Title 
-------------+--------------------------------------------------------------
_ivreg2_var3 | ivreg2         var3          5  First-stage regression: var3
_ivreg2_var5 | ivreg2         var5          5  First-stage regression: var5
_ivreg2_v~15 | ivreg2        var15          5  First-stage regression: var15
----------------------------------------------------------------------------

IV (2SLS) estimation
--------------------

Estimates efficient for homoskedasticity only
Statistics robust to heteroskedasticity and clustering on user_id

Number of clusters (user_id) =    4510                Number of obs =    47771
                                                      F(  5,  4509) =     0.07
                                                      Prob > F      =   0.9968
Total (centered) SS     =  11897296.85                Centered R2   = -2.7e+02
Total (uncentered) SS   =  11897296.85                Uncentered R2 = -2.7e+02
Residual SS             =   3199679459                Root MSE      =    261.6

------------------------------------------------------------------------------
             |               Robust
total_co~100 | Coefficient  std. err.      t    P>|t|     [95% conf. interval]
-------------+----------------------------------------------------------------
        var3 |  -21312.51   66029.29    -0.32   0.747    -150762.3    108137.3
        var5 |  -47.81493   427.1568    -0.11   0.911    -885.2517    789.6218
       var15 |    21459.9   66550.89     0.32   0.747    -109012.5    151932.3
        var4 |  -9.716167   322.8544    -0.03   0.976    -642.6691    623.2367
       var14 |  -20103.53   62426.35    -0.32   0.747    -142489.8    102282.7
------------------------------------------------------------------------------
Underidentification test (Kleibergen-Paap rk LM statistic):              0.099
                                                   Chi-sq(1) P-val =    0.7535
------------------------------------------------------------------------------
Weak identification test (Cragg-Donald Wald F statistic):                0.003
                         (Kleibergen-Paap rk Wald F statistic):          0.032
Stock-Yogo weak ID test critical values:                       <not available>
------------------------------------------------------------------------------
Hansen J statistic (overidentification test of all instruments):         0.000
                                                 (equation exactly identified)
------------------------------------------------------------------------------
Instrumented:         var3 var5 var15
Included instruments: var4 var14
Excluded instruments: var6 var7 var16
Partialled-out:       _cons
                      nb: total SS, model F and R2s are after partialling-out;
                          any small-sample adjustments include partialled-out
                          variables in regressor count K
------------------------------------------------------------------------------

Absorbed degrees of freedom:
-----------------------------------------------------+
 Absorbed FE | Categories  - Redundant  = Num. Coefs |
-------------+---------------------------------------|
     firm_id |      1006           1        1005     |
     user_id |      4510        4510           0    *|
          yh |        11           1          10     |
-----------------------------------------------------+
* = FE nested within cluster; treated as redundant for DoF computation
→ Spec 5: sdw
(dropped 26 singleton observations)
(MWFE estimator converged in 105 iterations)

HDFE Linear regression                            Number of obs   =     51,392
Absorbing 3 HDFE groups                           F(   5,   4694) =      13.06
Statistics robust to heteroskedasticity           Prob > F        =     0.0000
                                                  R-squared       =     0.7042
                                                  Adj R-squared   =     0.6669
                                                  Within R-sq.    =     0.0041
Number of clusters (user_id) =      4,695         Root MSE        =    16.8088

                            (Std. err. adjusted for 4,695 clusters in user_id)
------------------------------------------------------------------------------
             |               Robust
total_co~100 | Coefficient  std. err.      t    P>|t|     [95% conf. interval]
-------------+----------------------------------------------------------------
        var3 |   3.923721   3.344033     1.17   0.241    -2.632152     10.4796
        var5 |   8.243682   2.709961     3.04   0.002     2.930886    13.55648
        var4 |  -11.00446    2.35637    -4.67   0.000    -15.62405   -6.384869
       var17 |   .0002795   .0000977     2.86   0.004      .000088    .0004709
       var18 |  -.0002912   .0001443    -2.02   0.044    -.0005741   -8.23e-06
       _cons |   48.66844   1.053969    46.18   0.000     46.60216    50.73471
------------------------------------------------------------------------------

Absorbed degrees of freedom:
-----------------------------------------------------+
 Absorbed FE | Categories  - Redundant  = Num. Coefs |
-------------+---------------------------------------|
     firm_id |      1047           1        1046     |
     user_id |      4695        4695           0    *|
          yh |        11           1          10     |
-----------------------------------------------------+
* = FE nested within cluster; treated as redundant for DoF computation
(dropped 41 singleton observations)
(MWFE estimator converged in 104 iterations)

Stored estimation results
-------------------------
----------------------------------------------------------------------------
             |           Dependent  Number of        
        Name | Command    variable     param.  Title 
-------------+--------------------------------------------------------------
_ivreg2_var3 | ivreg2         var3          5  First-stage regression: var3
_ivreg2_var5 | ivreg2         var5          5  First-stage regression: var5
_ivreg2_v~18 | ivreg2        var18          5  First-stage regression: var18
----------------------------------------------------------------------------

IV (2SLS) estimation
--------------------

Estimates efficient for homoskedasticity only
Statistics robust to heteroskedasticity and clustering on user_id

Number of clusters (user_id) =    4510                Number of obs =    47771
                                                      F(  5,  4509) =     7.63
                                                      Prob > F      =   0.0000
Total (centered) SS     =  11897296.85                Centered R2   =  -0.0424
Total (uncentered) SS   =  11897296.85                Uncentered R2 =  -0.0424
Residual SS             =   12401350.3                Root MSE      =    16.29

------------------------------------------------------------------------------
             |               Robust
total_co~100 | Coefficient  std. err.      t    P>|t|     [95% conf. interval]
-------------+----------------------------------------------------------------
        var3 |   35.38383   66.98448     0.53   0.597     -95.9386    166.7062
        var5 |    26.9571   18.58698     1.45   0.147    -9.482487     63.3967
       var18 |  -.0026284   .0028791    -0.91   0.361    -.0082729    .0030161
        var4 |  -22.00454   15.48297    -1.42   0.155    -52.35875    8.349674
       var17 |   .0017177   .0019494     0.88   0.378     -.002104    .0055395
------------------------------------------------------------------------------
Underidentification test (Kleibergen-Paap rk LM statistic):              4.314
                                                   Chi-sq(1) P-val =    0.0378
------------------------------------------------------------------------------
Weak identification test (Cragg-Donald Wald F statistic):               59.746
                         (Kleibergen-Paap rk Wald F statistic):          1.453
Stock-Yogo weak ID test critical values:                       <not available>
------------------------------------------------------------------------------
Hansen J statistic (overidentification test of all instruments):         0.000
                                                 (equation exactly identified)
------------------------------------------------------------------------------
Instrumented:         var3 var5 var18
Included instruments: var4 var17
Excluded instruments: var6 var7 var19
Partialled-out:       _cons
                      nb: total SS, model F and R2s are after partialling-out;
                          any small-sample adjustments include partialled-out
                          variables in regressor count K
------------------------------------------------------------------------------

Absorbed degrees of freedom:
-----------------------------------------------------+
 Absorbed FE | Categories  - Redundant  = Num. Coefs |
-------------+---------------------------------------|
     firm_id |      1006           1        1005     |
     user_id |      4510        4510           0    *|
          yh |        11           1          10     |
-----------------------------------------------------+
* = FE nested within cluster; treated as redundant for DoF computation
→ Spec 6: rent_hhi
(dropped 26 singleton observations)
(MWFE estimator converged in 105 iterations)

HDFE Linear regression                            Number of obs   =     51,392
Absorbing 3 HDFE groups                           F(   7,   4694) =      10.15
Statistics robust to heteroskedasticity           Prob > F        =     0.0000
                                                  R-squared       =     0.7044
                                                  Adj R-squared   =     0.6671
                                                  Within R-sq.    =     0.0048
Number of clusters (user_id) =      4,695         Root MSE        =    16.8039

                            (Std. err. adjusted for 4,695 clusters in user_id)
------------------------------------------------------------------------------
             |               Robust
total_co~100 | Coefficient  std. err.      t    P>|t|     [95% conf. interval]
-------------+----------------------------------------------------------------
        var3 |   1.137784   2.445217     0.47   0.642     -3.65599    5.931558
        var5 |   8.465728   2.923505     2.90   0.004     2.734286    14.19717
        var4 |  -10.39173   2.574475    -4.04   0.000     -15.4389   -5.344546
        var8 |   .0033852   .0360048     0.09   0.925    -.0672011    .0739715
        var9 |  -.0633108   .0465119    -1.36   0.174     -.154496    .0278745
       var11 |  -.0004368    .001747    -0.25   0.803    -.0038616    .0029881
       var12 |  -.0009523   .0020509    -0.46   0.642     -.004973    .0030685
       _cons |   51.52459   .7903569    65.19   0.000     49.97512    53.07406
------------------------------------------------------------------------------

Absorbed degrees of freedom:
-----------------------------------------------------+
 Absorbed FE | Categories  - Redundant  = Num. Coefs |
-------------+---------------------------------------|
     firm_id |      1047           1        1046     |
     user_id |      4695        4695           0    *|
          yh |        11           1          10     |
-----------------------------------------------------+
* = FE nested within cluster; treated as redundant for DoF computation
(dropped 41 singleton observations)
(MWFE estimator converged in 104 iterations)

Stored estimation results
-------------------------
----------------------------------------------------------------------------
             |           Dependent  Number of        
        Name | Command    variable     param.  Title 
-------------+--------------------------------------------------------------
_ivreg2_var3 | ivreg2         var3          7  First-stage regression: var3
_ivreg2_var5 | ivreg2         var5          7  First-stage regression: var5
_ivreg2_var9 | ivreg2         var9          7  First-stage regression: var9
_ivreg2_v~12 | ivreg2        var12          7  First-stage regression: var12
----------------------------------------------------------------------------

IV (2SLS) estimation
--------------------

Estimates efficient for homoskedasticity only
Statistics robust to heteroskedasticity and clustering on user_id

Number of clusters (user_id) =    4510                Number of obs =    47771
                                                      F(  7,  4509) =     0.70
                                                      Prob > F      =   0.6754
Total (centered) SS     =  11897296.85                Centered R2   =  -2.4928
Total (uncentered) SS   =  11897296.85                Uncentered R2 =  -2.4928
Residual SS             =  41555403.41                Root MSE      =    29.81

------------------------------------------------------------------------------
             |               Robust
total_co~100 | Coefficient  std. err.      t    P>|t|     [95% conf. interval]
-------------+----------------------------------------------------------------
        var3 |  -312.4863   1438.404    -0.22   0.828    -3132.464    2507.491
        var5 |   238.6796   398.7078     0.60   0.549    -542.9832    1020.342
        var9 |   7.619879   24.68384     0.31   0.758    -40.77255    56.01231
       var12 |  -.0997999   .3251301    -0.31   0.759    -.7372143    .5376144
        var4 |  -219.4393   373.8027    -0.59   0.557    -952.2758    513.3972
        var8 |  -5.433064   16.60533    -0.33   0.744    -37.98765    27.12153
       var11 |     .09199   .2552651     0.36   0.719    -.4084548    .5924348
------------------------------------------------------------------------------
Underidentification test (Kleibergen-Paap rk LM statistic):              0.165
                                                   Chi-sq(1) P-val =    0.6848
------------------------------------------------------------------------------
Weak identification test (Cragg-Donald Wald F statistic):                0.468
                         (Kleibergen-Paap rk Wald F statistic):          0.040
Stock-Yogo weak ID test critical values:                       <not available>
------------------------------------------------------------------------------
Hansen J statistic (overidentification test of all instruments):         0.000
                                                 (equation exactly identified)
------------------------------------------------------------------------------
Instrumented:         var3 var5 var9 var12
Included instruments: var4 var8 var11
Excluded instruments: var6 var7 var10 var13
Partialled-out:       _cons
                      nb: total SS, model F and R2s are after partialling-out;
                          any small-sample adjustments include partialled-out
                          variables in regressor count K
------------------------------------------------------------------------------

Absorbed degrees of freedom:
-----------------------------------------------------+
 Absorbed FE | Categories  - Redundant  = Num. Coefs |
-------------+---------------------------------------|
     firm_id |      1006           1        1005     |
     user_id |      4510        4510           0    *|
          yh |        11           1          10     |
-----------------------------------------------------+
* = FE nested within cluster; treated as redundant for DoF computation
→ Spec 7: rent_seniority
(dropped 26 singleton observations)
(MWFE estimator converged in 105 iterations)

HDFE Linear regression                            Number of obs   =     51,392
Absorbing 3 HDFE groups                           F(   7,   4694) =       9.70
Statistics robust to heteroskedasticity           Prob > F        =     0.0000
                                                  R-squared       =     0.7043
                                                  Adj R-squared   =     0.6670
                                                  Within R-sq.    =     0.0046
Number of clusters (user_id) =      4,695         Root MSE        =    16.8055

                            (Std. err. adjusted for 4,695 clusters in user_id)
------------------------------------------------------------------------------
             |               Robust
total_co~100 | Coefficient  std. err.      t    P>|t|     [95% conf. interval]
-------------+----------------------------------------------------------------
        var3 |   14.72976   11.40518     1.29   0.197    -7.629745    37.08926
        var5 |     7.9325   2.788348     2.84   0.004     2.466029    13.39897
        var4 |   -10.3603   2.424588    -4.27   0.000    -15.11363   -5.606971
        var8 |  -.0038049   .0355976    -0.11   0.915     -.073593    .0659832
        var9 |  -.0543152   .0463759    -1.17   0.242    -.1452337    .0366033
       var14 |   15.98833   10.80377     1.48   0.139    -5.192132    37.16879
       var15 |  -14.42825   11.24869    -1.28   0.200    -36.48095    7.624458
       _cons |   44.31362   4.958261     8.94   0.000     34.59311    54.03414
------------------------------------------------------------------------------

Absorbed degrees of freedom:
-----------------------------------------------------+
 Absorbed FE | Categories  - Redundant  = Num. Coefs |
-------------+---------------------------------------|
     firm_id |      1047           1        1046     |
     user_id |      4695        4695           0    *|
          yh |        11           1          10     |
-----------------------------------------------------+
* = FE nested within cluster; treated as redundant for DoF computation
(dropped 41 singleton observations)
(MWFE estimator converged in 105 iterations)

Stored estimation results
-------------------------
----------------------------------------------------------------------------
             |           Dependent  Number of        
        Name | Command    variable     param.  Title 
-------------+--------------------------------------------------------------
_ivreg2_var3 | ivreg2         var3          7  First-stage regression: var3
_ivreg2_var5 | ivreg2         var5          7  First-stage regression: var5
_ivreg2_var9 | ivreg2         var9          7  First-stage regression: var9
_ivreg2_v~15 | ivreg2        var15          7  First-stage regression: var15
----------------------------------------------------------------------------

IV (2SLS) estimation
--------------------

Estimates efficient for homoskedasticity only
Statistics robust to heteroskedasticity and clustering on user_id

Number of clusters (user_id) =    4510                Number of obs =    47771
                                                      F(  7,  4509) =     1.31
                                                      Prob > F      =   0.2411
Total (centered) SS     =  11897296.85                Centered R2   =  -1.3218
Total (uncentered) SS   =  11897296.85                Uncentered R2 =  -1.3218
Residual SS             =   27622949.1                Root MSE      =    24.31

------------------------------------------------------------------------------
             |               Robust
total_co~100 | Coefficient  std. err.      t    P>|t|     [95% conf. interval]
-------------+----------------------------------------------------------------
        var3 |   160.3218   922.1591     0.17   0.862    -1647.562    1968.206
        var5 |    70.4693   66.78589     1.06   0.291    -60.46379    201.4024
        var9 |   5.144464   11.17389     0.46   0.645    -16.76183    27.05076
       var15 |  -468.6178   616.5625    -0.76   0.447    -1677.383     740.147
        var4 |  -56.69688   51.60149    -1.10   0.272    -157.8611    44.46733
        var8 |  -3.421526   7.551996    -0.45   0.651    -18.22714    11.38409
       var14 |    418.295   587.8912     0.71   0.477    -734.2601     1570.85
------------------------------------------------------------------------------
Underidentification test (Kleibergen-Paap rk LM statistic):              0.342
                                                   Chi-sq(1) P-val =    0.5586
------------------------------------------------------------------------------
Weak identification test (Cragg-Donald Wald F statistic):                0.713
                         (Kleibergen-Paap rk Wald F statistic):          0.084
Stock-Yogo weak ID test critical values:                       <not available>
------------------------------------------------------------------------------
Hansen J statistic (overidentification test of all instruments):         0.000
                                                 (equation exactly identified)
------------------------------------------------------------------------------
Instrumented:         var3 var5 var9 var15
Included instruments: var4 var8 var14
Excluded instruments: var6 var7 var10 var16
Partialled-out:       _cons
                      nb: total SS, model F and R2s are after partialling-out;
                          any small-sample adjustments include partialled-out
                          variables in regressor count K
------------------------------------------------------------------------------

Absorbed degrees of freedom:
-----------------------------------------------------+
 Absorbed FE | Categories  - Redundant  = Num. Coefs |
-------------+---------------------------------------|
     firm_id |      1006           1        1005     |
     user_id |      4510        4510           0    *|
          yh |        11           1          10     |
-----------------------------------------------------+
* = FE nested within cluster; treated as redundant for DoF computation
→ Spec 8: rent_sdw
(dropped 26 singleton observations)
(MWFE estimator converged in 105 iterations)

HDFE Linear regression                            Number of obs   =     51,392
Absorbing 3 HDFE groups                           F(   7,   4694) =      10.46
Statistics robust to heteroskedasticity           Prob > F        =     0.0000
                                                  R-squared       =     0.7044
                                                  Adj R-squared   =     0.6671
                                                  Within R-sq.    =     0.0047
Number of clusters (user_id) =      4,695         Root MSE        =    16.8041

                            (Std. err. adjusted for 4,695 clusters in user_id)
------------------------------------------------------------------------------
             |               Robust
total_co~100 | Coefficient  std. err.      t    P>|t|     [95% conf. interval]
-------------+----------------------------------------------------------------
        var3 |   7.505573   4.075918     1.84   0.066    -.4851399    15.49629
        var5 |    8.23815   2.730262     3.02   0.003     2.885556    13.59074
        var4 |  -10.66661   2.378726    -4.48   0.000    -15.33003   -6.003189
        var8 |   .0053895   .0357316     0.15   0.880    -.0646613    .0754403
        var9 |  -.0620478   .0463009    -1.34   0.180    -.1528194    .0287238
       var17 |   .0002677   .0000986     2.71   0.007     .0000743     .000461
       var18 |  -.0003043   .0001446    -2.10   0.035    -.0005877   -.0000209
       _cons |   48.62051   1.323999    36.72   0.000     46.02485    51.21618
------------------------------------------------------------------------------

Absorbed degrees of freedom:
-----------------------------------------------------+
 Absorbed FE | Categories  - Redundant  = Num. Coefs |
-------------+---------------------------------------|
     firm_id |      1047           1        1046     |
     user_id |      4695        4695           0    *|
          yh |        11           1          10     |
-----------------------------------------------------+
* = FE nested within cluster; treated as redundant for DoF computation
(dropped 41 singleton observations)
(MWFE estimator converged in 104 iterations)

Stored estimation results
-------------------------
----------------------------------------------------------------------------
             |           Dependent  Number of        
        Name | Command    variable     param.  Title 
-------------+--------------------------------------------------------------
_ivreg2_var3 | ivreg2         var3          7  First-stage regression: var3
_ivreg2_var5 | ivreg2         var5          7  First-stage regression: var5
_ivreg2_var9 | ivreg2         var9          7  First-stage regression: var9
_ivreg2_v~18 | ivreg2        var18          7  First-stage regression: var18
----------------------------------------------------------------------------

IV (2SLS) estimation
--------------------

Estimates efficient for homoskedasticity only
Statistics robust to heteroskedasticity and clustering on user_id

Number of clusters (user_id) =    4510                Number of obs =    47771
                                                      F(  7,  4509) =     0.41
                                                      Prob > F      =   0.8940
Total (centered) SS     =  11897296.85                Centered R2   =  -5.4941
Total (uncentered) SS   =  11897296.85                Uncentered R2 =  -5.4941
Residual SS             =  77262586.43                Root MSE      =    40.65

------------------------------------------------------------------------------
             |               Robust
total_co~100 | Coefficient  std. err.      t    P>|t|     [95% conf. interval]
-------------+----------------------------------------------------------------
        var3 |  -653.1437   1134.407    -0.58   0.565    -2877.137    1570.849
        var5 |   102.9962   136.5838     0.75   0.451     -164.775    370.7674
        var9 |   12.03069   22.22712     0.54   0.588    -31.54536    55.60674
       var18 |  -.0002207   .0077842    -0.03   0.977    -.0154815    .0150402
        var4 |    -83.366   106.8983    -0.78   0.436    -292.9391    126.2071
        var8 |  -8.194912   15.18278    -0.54   0.589    -37.96061    21.57079
       var17 |  -.0007183   .0049678    -0.14   0.885    -.0104577     .009021
------------------------------------------------------------------------------
Underidentification test (Kleibergen-Paap rk LM statistic):              0.296
                                                   Chi-sq(1) P-val =    0.5864
------------------------------------------------------------------------------
Weak identification test (Cragg-Donald Wald F statistic):                0.528
                         (Kleibergen-Paap rk Wald F statistic):          0.072
Stock-Yogo weak ID test critical values:                       <not available>
------------------------------------------------------------------------------
Hansen J statistic (overidentification test of all instruments):         0.000
                                                 (equation exactly identified)
------------------------------------------------------------------------------
Instrumented:         var3 var5 var9 var18
Included instruments: var4 var8 var17
Excluded instruments: var6 var7 var10 var19
Partialled-out:       _cons
                      nb: total SS, model F and R2s are after partialling-out;
                          any small-sample adjustments include partialled-out
                          variables in regressor count K
------------------------------------------------------------------------------

Absorbed degrees of freedom:
-----------------------------------------------------+
 Absorbed FE | Categories  - Redundant  = Num. Coefs |
-------------+---------------------------------------|
     firm_id |      1006           1        1005     |
     user_id |      4510        4510           0    *|
          yh |        11           1          10     |
-----------------------------------------------------+
* = FE nested within cluster; treated as redundant for DoF computation
→ Spec 9: hhi_seniority
(dropped 26 singleton observations)
(MWFE estimator converged in 105 iterations)

HDFE Linear regression                            Number of obs   =     51,392
Absorbing 3 HDFE groups                           F(   7,   4694) =       9.03
Statistics robust to heteroskedasticity           Prob > F        =     0.0000
                                                  R-squared       =     0.7042
                                                  Adj R-squared   =     0.6669
                                                  Within R-sq.    =     0.0042
Number of clusters (user_id) =      4,695         Root MSE        =    16.8082

                            (Std. err. adjusted for 4,695 clusters in user_id)
------------------------------------------------------------------------------
             |               Robust
total_co~100 | Coefficient  std. err.      t    P>|t|     [95% conf. interval]
-------------+----------------------------------------------------------------
        var3 |   16.22901    11.8335     1.37   0.170    -6.970207    39.42822
        var5 |   7.599329   2.945336     2.58   0.010     1.825087    13.37357
        var4 |  -9.955811   2.594097    -3.84   0.000    -15.04146   -4.870163
       var11 |  -.0006567    .001743    -0.38   0.706    -.0040738    .0027603
       var12 |  -.0007498   .0021022    -0.36   0.721    -.0048711    .0033714
       var14 |   17.35739   11.14183     1.56   0.119    -4.485822    39.20061
       var15 |   -18.6264   11.68161    -1.59   0.111    -41.52785    4.275048
       _cons |   43.83004   5.096062     8.60   0.000     33.83937    53.82072
------------------------------------------------------------------------------

Absorbed degrees of freedom:
-----------------------------------------------------+
 Absorbed FE | Categories  - Redundant  = Num. Coefs |
-------------+---------------------------------------|
     firm_id |      1047           1        1046     |
     user_id |      4695        4695           0    *|
          yh |        11           1          10     |
-----------------------------------------------------+
* = FE nested within cluster; treated as redundant for DoF computation
(dropped 41 singleton observations)
(MWFE estimator converged in 105 iterations)

Stored estimation results
-------------------------
----------------------------------------------------------------------------
             |           Dependent  Number of        
        Name | Command    variable     param.  Title 
-------------+--------------------------------------------------------------
_ivreg2_var3 | ivreg2         var3          7  First-stage regression: var3
_ivreg2_var5 | ivreg2         var5          7  First-stage regression: var5
_ivreg2_v~12 | ivreg2        var12          7  First-stage regression: var12
_ivreg2_v~15 | ivreg2        var15          7  First-stage regression: var15
----------------------------------------------------------------------------

IV (2SLS) estimation
--------------------

Estimates efficient for homoskedasticity only
Statistics robust to heteroskedasticity and clustering on user_id

Number of clusters (user_id) =    4510                Number of obs =    47771
                                                      F(  7,  4509) =     0.86
                                                      Prob > F      =   0.5377
Total (centered) SS     =  11897296.85                Centered R2   =  -1.6858
Total (uncentered) SS   =  11897296.85                Uncentered R2 =  -1.6858
Residual SS             =  31953315.68                Root MSE      =    26.14

------------------------------------------------------------------------------
             |               Robust
total_co~100 | Coefficient  std. err.      t    P>|t|     [95% conf. interval]
-------------+----------------------------------------------------------------
        var3 |   957.6835   3030.759     0.32   0.752    -4984.089    6899.456
        var5 |  -107.2073   379.6248    -0.28   0.778     -851.458    637.0434
       var12 |   .1054968   .2971013     0.36   0.723    -.4769673    .6879609
       var15 |  -1106.675   3223.965    -0.34   0.731    -7427.227    5213.876
        var4 |   112.8515   374.1623     0.30   0.763    -620.6901     846.393
       var11 |  -.0896011   .2444332    -0.37   0.714      -.56881    .3896079
       var14 |   1042.895   3023.691     0.34   0.730    -4885.021    6970.811
------------------------------------------------------------------------------
Underidentification test (Kleibergen-Paap rk LM statistic):              0.224
                                                   Chi-sq(1) P-val =    0.6363
------------------------------------------------------------------------------
Weak identification test (Cragg-Donald Wald F statistic):                0.424
                         (Kleibergen-Paap rk Wald F statistic):          0.055
Stock-Yogo weak ID test critical values:                       <not available>
------------------------------------------------------------------------------
Hansen J statistic (overidentification test of all instruments):         0.000
                                                 (equation exactly identified)
------------------------------------------------------------------------------
Instrumented:         var3 var5 var12 var15
Included instruments: var4 var11 var14
Excluded instruments: var6 var7 var13 var16
Partialled-out:       _cons
                      nb: total SS, model F and R2s are after partialling-out;
                          any small-sample adjustments include partialled-out
                          variables in regressor count K
------------------------------------------------------------------------------

Absorbed degrees of freedom:
-----------------------------------------------------+
 Absorbed FE | Categories  - Redundant  = Num. Coefs |
-------------+---------------------------------------|
     firm_id |      1006           1        1005     |
     user_id |      4510        4510           0    *|
          yh |        11           1          10     |
-----------------------------------------------------+
* = FE nested within cluster; treated as redundant for DoF computation
→ Spec 10: hhi_sdw
(dropped 26 singleton observations)
(MWFE estimator converged in 105 iterations)

HDFE Linear regression                            Number of obs   =     51,392
Absorbing 3 HDFE groups                           F(   7,   4694) =      10.11
Statistics robust to heteroskedasticity           Prob > F        =     0.0000
                                                  R-squared       =     0.7043
                                                  Adj R-squared   =     0.6670
                                                  Within R-sq.    =     0.0045
Number of clusters (user_id) =      4,695         Root MSE        =    16.8060

                            (Std. err. adjusted for 4,695 clusters in user_id)
------------------------------------------------------------------------------
             |               Robust
total_co~100 | Coefficient  std. err.      t    P>|t|     [95% conf. interval]
-------------+----------------------------------------------------------------
        var3 |   4.031563   3.340778     1.21   0.228    -2.517929    10.58106
        var5 |   7.562063    2.91278     2.60   0.009     1.851647    13.27248
        var4 |  -9.878362   2.565212    -3.85   0.000    -14.90738   -4.849342
       var11 |  -.0012451   .0017163    -0.73   0.468    -.0046098    .0021196
       var12 |   .0000646    .002022     0.03   0.975    -.0038994    .0040286
       var17 |   .0002859    .000099     2.89   0.004     .0000917      .00048
       var18 |  -.0002947   .0001451    -2.03   0.042    -.0005791   -.0000102
       _cons |   48.84293   1.060299    46.07   0.000     46.76424    50.92161
------------------------------------------------------------------------------

Absorbed degrees of freedom:
-----------------------------------------------------+
 Absorbed FE | Categories  - Redundant  = Num. Coefs |
-------------+---------------------------------------|
     firm_id |      1047           1        1046     |
     user_id |      4695        4695           0    *|
          yh |        11           1          10     |
-----------------------------------------------------+
* = FE nested within cluster; treated as redundant for DoF computation
(dropped 41 singleton observations)
(MWFE estimator converged in 104 iterations)

Stored estimation results
-------------------------
----------------------------------------------------------------------------
             |           Dependent  Number of        
        Name | Command    variable     param.  Title 
-------------+--------------------------------------------------------------
_ivreg2_var3 | ivreg2         var3          7  First-stage regression: var3
_ivreg2_var5 | ivreg2         var5          7  First-stage regression: var5
_ivreg2_v~12 | ivreg2        var12          7  First-stage regression: var12
_ivreg2_v~18 | ivreg2        var18          7  First-stage regression: var18
----------------------------------------------------------------------------

IV (2SLS) estimation
--------------------

Estimates efficient for homoskedasticity only
Statistics robust to heteroskedasticity and clustering on user_id

Number of clusters (user_id) =    4510                Number of obs =    47771
                                                      F(  7,  4509) =     2.88
                                                      Prob > F      =   0.0054
Total (centered) SS     =  11897296.85                Centered R2   =  -0.1558
Total (uncentered) SS   =  11897296.85                Uncentered R2 =  -0.1558
Residual SS             =  13751260.56                Root MSE      =    17.15

------------------------------------------------------------------------------
             |               Robust
total_co~100 | Coefficient  std. err.      t    P>|t|     [95% conf. interval]
-------------+----------------------------------------------------------------
        var3 |   86.93525   272.4947     0.32   0.750     -447.288    621.1585
        var5 |   101.8224   374.2992     0.27   0.786    -631.9876    835.6324
       var12 |  -.0601944   .2808976    -0.21   0.830    -.6108913    .4905026
       var18 |  -.0021323   .0035229    -0.61   0.545     -.009039    .0047743
        var4 |   -93.9879   360.4767    -0.26   0.794    -800.6989    612.7231
       var11 |   .0478253   .2282818     0.21   0.834    -.3997189    .4953695
       var17 |   .0014278    .002332     0.61   0.540     -.003144    .0059996
------------------------------------------------------------------------------
Underidentification test (Kleibergen-Paap rk LM statistic):              0.055
                                                   Chi-sq(1) P-val =    0.8152
------------------------------------------------------------------------------
Weak identification test (Cragg-Donald Wald F statistic):                0.865
                         (Kleibergen-Paap rk Wald F statistic):          0.013
Stock-Yogo weak ID test critical values:                       <not available>
------------------------------------------------------------------------------
Hansen J statistic (overidentification test of all instruments):         0.000
                                                 (equation exactly identified)
------------------------------------------------------------------------------
Instrumented:         var3 var5 var12 var18
Included instruments: var4 var11 var17
Excluded instruments: var6 var7 var13 var19
Partialled-out:       _cons
                      nb: total SS, model F and R2s are after partialling-out;
                          any small-sample adjustments include partialled-out
                          variables in regressor count K
------------------------------------------------------------------------------

Absorbed degrees of freedom:
-----------------------------------------------------+
 Absorbed FE | Categories  - Redundant  = Num. Coefs |
-------------+---------------------------------------|
     firm_id |      1006           1        1005     |
     user_id |      4510        4510           0    *|
          yh |        11           1          10     |
-----------------------------------------------------+
* = FE nested within cluster; treated as redundant for DoF computation
→ Spec 11: seniority_sdw
(dropped 26 singleton observations)
(MWFE estimator converged in 105 iterations)

HDFE Linear regression                            Number of obs   =     51,392
Absorbing 3 HDFE groups                           F(   7,   4694) =       9.51
Statistics robust to heteroskedasticity           Prob > F        =     0.0000
                                                  R-squared       =     0.7043
                                                  Adj R-squared   =     0.6669
                                                  Within R-sq.    =     0.0043
Number of clusters (user_id) =      4,695         Root MSE        =    16.8078

                            (Std. err. adjusted for 4,695 clusters in user_id)
------------------------------------------------------------------------------
             |               Robust
total_co~100 | Coefficient  std. err.      t    P>|t|     [95% conf. interval]
-------------+----------------------------------------------------------------
        var3 |   18.82364   12.28965     1.53   0.126     -5.26983    42.91712
        var5 |   7.623351   2.748106     2.77   0.006     2.235773    13.01093
        var4 |  -10.38254   2.382842    -4.36   0.000    -15.05403   -5.711051
       var17 |   .0002766   .0000976     2.83   0.005     .0000852     .000468
       var18 |  -.0002875   .0001444    -1.99   0.047    -.0005706   -4.29e-06
       var14 |   15.88139    11.4618     1.39   0.166    -6.589108    38.35189
       var15 |  -14.96592   11.89533    -1.26   0.208    -38.28634    8.354505
       _cons |   41.47718   5.323905     7.79   0.000     31.03983    51.91454
------------------------------------------------------------------------------

Absorbed degrees of freedom:
-----------------------------------------------------+
 Absorbed FE | Categories  - Redundant  = Num. Coefs |
-------------+---------------------------------------|
     firm_id |      1047           1        1046     |
     user_id |      4695        4695           0    *|
          yh |        11           1          10     |
-----------------------------------------------------+
* = FE nested within cluster; treated as redundant for DoF computation
(dropped 41 singleton observations)
(MWFE estimator converged in 105 iterations)

Stored estimation results
-------------------------
----------------------------------------------------------------------------
             |           Dependent  Number of        
        Name | Command    variable     param.  Title 
-------------+--------------------------------------------------------------
_ivreg2_var3 | ivreg2         var3          7  First-stage regression: var3
_ivreg2_var5 | ivreg2         var5          7  First-stage regression: var5
_ivreg2_v~18 | ivreg2        var18          7  First-stage regression: var18
_ivreg2_v~15 | ivreg2        var15          7  First-stage regression: var15
----------------------------------------------------------------------------

IV (2SLS) estimation
--------------------

Estimates efficient for homoskedasticity only
Statistics robust to heteroskedasticity and clustering on user_id

Number of clusters (user_id) =    4510                Number of obs =    47771
                                                      F(  7,  4509) =     2.77
                                                      Prob > F      =   0.0072
Total (centered) SS     =  11897296.85                Centered R2   =  -0.6910
Total (uncentered) SS   =  11897296.85                Uncentered R2 =  -0.6910
Residual SS             =  20118010.08                Root MSE      =    20.74

------------------------------------------------------------------------------
             |               Robust
total_co~100 | Coefficient  std. err.      t    P>|t|     [95% conf. interval]
-------------+----------------------------------------------------------------
        var3 |  -821.4751   1712.368    -0.48   0.631    -4178.556    2535.606
        var5 |   6.380427   49.64244     0.13   0.898    -90.94309    103.7039
       var18 |  -.0069767   .0097413    -0.72   0.474    -.0260744     .012121
       var15 |   962.4475   1880.917     0.51   0.609    -2725.071    4649.966
        var4 |   -5.34896   40.95911    -0.13   0.896    -85.64889    74.95097
       var17 |   .0046273   .0065257     0.71   0.478    -.0081662    .0174209
       var14 |  -900.8424    1767.02    -0.51   0.610    -4365.068    2563.383
------------------------------------------------------------------------------
Underidentification test (Kleibergen-Paap rk LM statistic):              0.816
                                                   Chi-sq(1) P-val =    0.3664
------------------------------------------------------------------------------
Weak identification test (Cragg-Donald Wald F statistic):                0.630
                         (Kleibergen-Paap rk Wald F statistic):          0.199
Stock-Yogo weak ID test critical values:                       <not available>
------------------------------------------------------------------------------
Hansen J statistic (overidentification test of all instruments):         0.000
                                                 (equation exactly identified)
------------------------------------------------------------------------------
Instrumented:         var3 var5 var18 var15
Included instruments: var4 var17 var14
Excluded instruments: var6 var7 var19 var16
Partialled-out:       _cons
                      nb: total SS, model F and R2s are after partialling-out;
                          any small-sample adjustments include partialled-out
                          variables in regressor count K
------------------------------------------------------------------------------

Absorbed degrees of freedom:
-----------------------------------------------------+
 Absorbed FE | Categories  - Redundant  = Num. Coefs |
-------------+---------------------------------------|
     firm_id |      1006           1        1005     |
     user_id |      4510        4510           0    *|
          yh |        11           1          10     |
-----------------------------------------------------+
* = FE nested within cluster; treated as redundant for DoF computation
→ Spec 12: rent_hhi_seniority
(dropped 26 singleton observations)
(MWFE estimator converged in 105 iterations)

HDFE Linear regression                            Number of obs   =     51,392
Absorbing 3 HDFE groups                           F(   9,   4694) =       8.12
Statistics robust to heteroskedasticity           Prob > F        =     0.0000
                                                  R-squared       =     0.7044
                                                  Adj R-squared   =     0.6671
                                                  Within R-sq.    =     0.0049
Number of clusters (user_id) =      4,695         Root MSE        =    16.8028

                            (Std. err. adjusted for 4,695 clusters in user_id)
------------------------------------------------------------------------------
             |               Robust
total_co~100 | Coefficient  std. err.      t    P>|t|     [95% conf. interval]
-------------+----------------------------------------------------------------
        var3 |   19.06681   11.82761     1.61   0.107    -4.120862    42.25449
        var5 |   7.745591   2.951841     2.62   0.009     1.958597    13.53258
        var4 |  -9.713591    2.59964    -3.74   0.000    -14.81011   -4.617077
        var8 |   .0029475   .0360406     0.08   0.935     -.067709     .073604
        var9 |  -.0625247   .0466321    -1.34   0.180    -.1539455    .0288961
       var11 |  -.0002995   .0017684    -0.17   0.866    -.0037663    .0031674
       var12 |  -.0011861   .0021273    -0.56   0.577    -.0053566    .0029843
       var14 |    17.1663    11.0173     1.56   0.119    -4.432779    38.76538
       var15 |  -17.88157   11.55939    -1.55   0.122     -40.5434    4.780256
       _cons |   43.70673   5.073293     8.62   0.000     33.76069    53.65277
------------------------------------------------------------------------------

Absorbed degrees of freedom:
-----------------------------------------------------+
 Absorbed FE | Categories  - Redundant  = Num. Coefs |
-------------+---------------------------------------|
     firm_id |      1047           1        1046     |
     user_id |      4695        4695           0    *|
          yh |        11           1          10     |
-----------------------------------------------------+
* = FE nested within cluster; treated as redundant for DoF computation
(dropped 41 singleton observations)
(MWFE estimator converged in 105 iterations)

Stored estimation results
-------------------------
----------------------------------------------------------------------------
             |           Dependent  Number of        
        Name | Command    variable     param.  Title 
-------------+--------------------------------------------------------------
_ivreg2_var3 | ivreg2         var3          9  First-stage regression: var3
_ivreg2_var5 | ivreg2         var5          9  First-stage regression: var5
_ivreg2_var9 | ivreg2         var9          9  First-stage regression: var9
_ivreg2_v~12 | ivreg2        var12          9  First-stage regression: var12
_ivreg2_v~15 | ivreg2        var15          9  First-stage regression: var15
----------------------------------------------------------------------------

IV (2SLS) estimation
--------------------

Estimates efficient for homoskedasticity only
Statistics robust to heteroskedasticity and clustering on user_id

Number of clusters (user_id) =    4510                Number of obs =    47771
                                                      F(  9,  4509) =     0.64
                                                      Prob > F      =   0.7622
Total (centered) SS     =  11897296.85                Centered R2   =  -1.9095
Total (uncentered) SS   =  11897296.85                Uncentered R2 =  -1.9095
Residual SS             =  34614864.77                Root MSE      =    27.21

------------------------------------------------------------------------------
             |               Robust
total_co~100 | Coefficient  std. err.      t    P>|t|     [95% conf. interval]
-------------+----------------------------------------------------------------
        var3 |  -267.6292    3882.03    -0.07   0.945    -7878.311    7343.052
        var5 |   227.1199   1235.017     0.18   0.854    -2194.119    2648.359
        var9 |   6.275195   19.92978     0.31   0.753    -32.79695    45.34734
       var12 |  -.1202153    1.04372    -0.12   0.908    -2.166419    1.925988
       var15 |   43.12381   4453.547     0.01   0.992    -8688.011    8774.259
        var4 |  -210.5416   1203.969    -0.17   0.861     -2570.91    2149.827
        var8 |  -4.547339   15.37527    -0.30   0.767     -34.6904    25.59572
       var11 |   .1044361   .8718973     0.12   0.905     -1.60491    1.813782
       var14 |  -65.42414   4271.886    -0.02   0.988    -8440.414    8309.566
------------------------------------------------------------------------------
Underidentification test (Kleibergen-Paap rk LM statistic):              0.017
                                                   Chi-sq(1) P-val =    0.8973
------------------------------------------------------------------------------
Weak identification test (Cragg-Donald Wald F statistic):                0.099
                         (Kleibergen-Paap rk Wald F statistic):          0.003
Stock-Yogo weak ID test critical values:                       <not available>
------------------------------------------------------------------------------
Hansen J statistic (overidentification test of all instruments):         0.000
                                                 (equation exactly identified)
------------------------------------------------------------------------------
Instrumented:         var3 var5 var9 var12 var15
Included instruments: var4 var8 var11 var14
Excluded instruments: var6 var7 var10 var13 var16
Partialled-out:       _cons
                      nb: total SS, model F and R2s are after partialling-out;
                          any small-sample adjustments include partialled-out
                          variables in regressor count K
------------------------------------------------------------------------------

Absorbed degrees of freedom:
-----------------------------------------------------+
 Absorbed FE | Categories  - Redundant  = Num. Coefs |
-------------+---------------------------------------|
     firm_id |      1006           1        1005     |
     user_id |      4510        4510           0    *|
          yh |        11           1          10     |
-----------------------------------------------------+
* = FE nested within cluster; treated as redundant for DoF computation
→ Spec 13: rent_hhi_sdw
(dropped 26 singleton observations)
(MWFE estimator converged in 105 iterations)

HDFE Linear regression                            Number of obs   =     51,392
Absorbing 3 HDFE groups                           F(   9,   4694) =       8.79
Statistics robust to heteroskedasticity           Prob > F        =     0.0000
                                                  R-squared       =     0.7045
                                                  Adj R-squared   =     0.6672
                                                  Within R-sq.    =     0.0051
Number of clusters (user_id) =      4,695         Root MSE        =    16.8011

                            (Std. err. adjusted for 4,695 clusters in user_id)
------------------------------------------------------------------------------
             |               Robust
total_co~100 | Coefficient  std. err.      t    P>|t|     [95% conf. interval]
-------------+----------------------------------------------------------------
        var3 |   8.352221   4.081145     2.05   0.041     .3512608    16.35318
        var5 |   7.894233   2.914852     2.71   0.007     2.179754    13.60871
        var4 |  -9.810038   2.566982    -3.82   0.000    -14.84253   -4.777549
        var8 |   .0148744   .0362676     0.41   0.682    -.0562271    .0859758
        var9 |  -.0741861   .0466535    -1.59   0.112    -.1656488    .0172766
       var11 |  -.0009207   .0017452    -0.53   0.598    -.0043421    .0025006
       var12 |  -.0003993   .0020497    -0.19   0.846    -.0044177     .003619
       var17 |   .0002745   .0001009     2.72   0.007     .0000766    .0004724
       var18 |  -.0003075   .0001461    -2.11   0.035    -.0005939   -.0000211
       _cons |   48.53912   1.328546    36.54   0.000     45.93455     51.1437
------------------------------------------------------------------------------

Absorbed degrees of freedom:
-----------------------------------------------------+
 Absorbed FE | Categories  - Redundant  = Num. Coefs |
-------------+---------------------------------------|
     firm_id |      1047           1        1046     |
     user_id |      4695        4695           0    *|
          yh |        11           1          10     |
-----------------------------------------------------+
* = FE nested within cluster; treated as redundant for DoF computation
(dropped 41 singleton observations)
(MWFE estimator converged in 104 iterations)

Stored estimation results
-------------------------
----------------------------------------------------------------------------
             |           Dependent  Number of        
        Name | Command    variable     param.  Title 
-------------+--------------------------------------------------------------
_ivreg2_var3 | ivreg2         var3          9  First-stage regression: var3
_ivreg2_var5 | ivreg2         var5          9  First-stage regression: var5
_ivreg2_var9 | ivreg2         var9          9  First-stage regression: var9
_ivreg2_v~12 | ivreg2        var12          9  First-stage regression: var12
_ivreg2_v~18 | ivreg2        var18          9  First-stage regression: var18
----------------------------------------------------------------------------

IV (2SLS) estimation
--------------------

Estimates efficient for homoskedasticity only
Statistics robust to heteroskedasticity and clustering on user_id

Number of clusters (user_id) =    4510                Number of obs =    47771
                                                      F(  9,  4509) =     0.63
                                                      Prob > F      =   0.7751
Total (centered) SS     =  11897296.85                Centered R2   =  -2.3826
Total (uncentered) SS   =  11897296.85                Uncentered R2 =  -2.3826
Residual SS             =  40243472.86                Root MSE      =    29.34

------------------------------------------------------------------------------
             |               Robust
total_co~100 | Coefficient  std. err.      t    P>|t|     [95% conf. interval]
-------------+----------------------------------------------------------------
        var3 |  -274.8012   1575.002    -0.17   0.861    -3362.576    2812.974
        var5 |   230.9436   368.7565     0.63   0.531         -492    953.8871
        var9 |   7.324757   28.19855     0.26   0.795    -47.95823    62.60775
       var12 |  -.1066224   .3875982    -0.28   0.783    -.8665049    .6532601
       var18 |  -.0001852   .0073067    -0.03   0.980      -.01451    .0141395
        var4 |  -215.2066   353.7619    -0.61   0.543    -908.7533    478.3401
        var8 |  -5.306536   18.88057    -0.28   0.779    -42.32172    31.70864
       var11 |   .0971464   .2939223     0.33   0.741    -.4790855    .6733782
       var17 |  -.0005291   .0034911    -0.15   0.880    -.0073734    .0063152
------------------------------------------------------------------------------
Underidentification test (Kleibergen-Paap rk LM statistic):              0.056
                                                   Chi-sq(1) P-val =    0.8125
------------------------------------------------------------------------------
Weak identification test (Cragg-Donald Wald F statistic):                0.235
                         (Kleibergen-Paap rk Wald F statistic):          0.011
Stock-Yogo weak ID test critical values:                       <not available>
------------------------------------------------------------------------------
Hansen J statistic (overidentification test of all instruments):         0.000
                                                 (equation exactly identified)
------------------------------------------------------------------------------
Instrumented:         var3 var5 var9 var12 var18
Included instruments: var4 var8 var11 var17
Excluded instruments: var6 var7 var10 var13 var19
Partialled-out:       _cons
                      nb: total SS, model F and R2s are after partialling-out;
                          any small-sample adjustments include partialled-out
                          variables in regressor count K
------------------------------------------------------------------------------

Absorbed degrees of freedom:
-----------------------------------------------------+
 Absorbed FE | Categories  - Redundant  = Num. Coefs |
-------------+---------------------------------------|
     firm_id |      1006           1        1005     |
     user_id |      4510        4510           0    *|
          yh |        11           1          10     |
-----------------------------------------------------+
* = FE nested within cluster; treated as redundant for DoF computation
→ Spec 14: rent_seniority_sdw
(dropped 26 singleton observations)
(MWFE estimator converged in 105 iterations)

HDFE Linear regression                            Number of obs   =     51,392
Absorbing 3 HDFE groups                           F(   9,   4694) =       8.30
Statistics robust to heteroskedasticity           Prob > F        =     0.0000
                                                  R-squared       =     0.7044
                                                  Adj R-squared   =     0.6671
                                                  Within R-sq.    =     0.0049
Number of clusters (user_id) =      4,695         Root MSE        =    16.8029

                            (Std. err. adjusted for 4,695 clusters in user_id)
------------------------------------------------------------------------------
             |               Robust
total_co~100 | Coefficient  std. err.      t    P>|t|     [95% conf. interval]
-------------+----------------------------------------------------------------
        var3 |    21.4975   12.31163     1.75   0.081    -2.639071    45.63407
        var5 |   7.693566   2.771548     2.78   0.006     2.260031     13.1271
        var4 |  -10.08024   2.407644    -4.19   0.000    -14.80036   -5.360132
        var8 |   .0058856   .0357614     0.16   0.869    -.0642236    .0759947
        var9 |   -.063858   .0464707    -1.37   0.169    -.1549623    .0272464
       var14 |   15.51634   11.31046     1.37   0.170    -6.657466    37.69016
       var15 |  -13.92116   11.74842    -1.18   0.236    -36.95358    9.111266
       var17 |    .000265   .0000987     2.68   0.007     .0000715    .0004586
       var18 |  -.0003019   .0001447    -2.09   0.037    -.0005855   -.0000182
       _cons |   41.57962   5.312952     7.83   0.000     31.16374     51.9955
------------------------------------------------------------------------------

Absorbed degrees of freedom:
-----------------------------------------------------+
 Absorbed FE | Categories  - Redundant  = Num. Coefs |
-------------+---------------------------------------|
     firm_id |      1047           1        1046     |
     user_id |      4695        4695           0    *|
          yh |        11           1          10     |
-----------------------------------------------------+
* = FE nested within cluster; treated as redundant for DoF computation
(dropped 41 singleton observations)
(MWFE estimator converged in 105 iterations)

Stored estimation results
-------------------------
----------------------------------------------------------------------------
             |           Dependent  Number of        
        Name | Command    variable     param.  Title 
-------------+--------------------------------------------------------------
_ivreg2_var3 | ivreg2         var3          9  First-stage regression: var3
_ivreg2_var5 | ivreg2         var5          9  First-stage regression: var5
_ivreg2_var9 | ivreg2         var9          9  First-stage regression: var9
_ivreg2_v~15 | ivreg2        var15          9  First-stage regression: var15
_ivreg2_v~18 | ivreg2        var18          9  First-stage regression: var18
----------------------------------------------------------------------------

IV (2SLS) estimation
--------------------

Estimates efficient for homoskedasticity only
Statistics robust to heteroskedasticity and clustering on user_id

Number of clusters (user_id) =    4510                Number of obs =    47771
                                                      F(  9,  4509) =     0.96
                                                      Prob > F      =   0.4677
Total (centered) SS     =  11897296.85                Centered R2   =  -1.5755
Total (uncentered) SS   =  11897296.85                Uncentered R2 =  -1.5755
Residual SS             =  30641946.24                Root MSE      =     25.6

------------------------------------------------------------------------------
             |               Robust
total_co~100 | Coefficient  std. err.      t    P>|t|     [95% conf. interval]
-------------+----------------------------------------------------------------
        var3 |   102.6696   849.5578     0.12   0.904     -1562.88    1768.219
        var5 |   70.02899   52.91452     1.32   0.186    -33.70942    173.7674
        var9 |   5.894988    10.6722     0.55   0.581    -15.02775    26.81773
       var15 |  -457.3387   672.0703    -0.68   0.496    -1774.926    860.2485
       var18 |   .0005576   .0049999     0.11   0.911    -.0092446    .0103598
        var4 |  -57.18873   40.96404    -1.40   0.163    -137.4983    23.12087
        var8 |  -3.966472   7.273333    -0.55   0.586    -18.22577    10.29283
       var14 |   406.2515   637.7316     0.64   0.524    -844.0152    1656.518
       var17 |  -.0007866   .0029251    -0.27   0.788    -.0065211     .004948
------------------------------------------------------------------------------
Underidentification test (Kleibergen-Paap rk LM statistic):              0.425
                                                   Chi-sq(1) P-val =    0.5145
------------------------------------------------------------------------------
Weak identification test (Cragg-Donald Wald F statistic):                0.650
                         (Kleibergen-Paap rk Wald F statistic):          0.083
Stock-Yogo weak ID test critical values:                       <not available>
------------------------------------------------------------------------------
Hansen J statistic (overidentification test of all instruments):         0.000
                                                 (equation exactly identified)
------------------------------------------------------------------------------
Instrumented:         var3 var5 var9 var15 var18
Included instruments: var4 var8 var14 var17
Excluded instruments: var6 var7 var10 var16 var19
Partialled-out:       _cons
                      nb: total SS, model F and R2s are after partialling-out;
                          any small-sample adjustments include partialled-out
                          variables in regressor count K
------------------------------------------------------------------------------

Absorbed degrees of freedom:
-----------------------------------------------------+
 Absorbed FE | Categories  - Redundant  = Num. Coefs |
-------------+---------------------------------------|
     firm_id |      1006           1        1005     |
     user_id |      4510        4510           0    *|
          yh |        11           1          10     |
-----------------------------------------------------+
* = FE nested within cluster; treated as redundant for DoF computation
→ Spec 15: hhi_seniority_sdw
(dropped 26 singleton observations)
(MWFE estimator converged in 105 iterations)

HDFE Linear regression                            Number of obs   =     51,392
Absorbing 3 HDFE groups                           F(   9,   4694) =       7.96
Statistics robust to heteroskedasticity           Prob > F        =     0.0000
                                                  R-squared       =     0.7044
                                                  Adj R-squared   =     0.6671
                                                  Within R-sq.    =     0.0047
Number of clusters (user_id) =      4,695         Root MSE        =    16.8050

                            (Std. err. adjusted for 4,695 clusters in user_id)
------------------------------------------------------------------------------
             |               Robust
total_co~100 | Coefficient  std. err.      t    P>|t|     [95% conf. interval]
-------------+----------------------------------------------------------------
        var3 |   21.85298   12.60883     1.73   0.083    -2.866256    46.57221
        var5 |   6.863735   2.935007     2.34   0.019     1.109743    12.61773
        var4 |  -9.221044   2.584707    -3.57   0.000    -14.28828   -4.153805
       var11 |  -.0010655   .0017407    -0.61   0.541    -.0044781    .0023472
       var12 |  -.0002641    .002107    -0.13   0.900    -.0043949    .0038666
       var14 |   16.77421   11.65199     1.44   0.150     -6.06916    39.61758
       var15 |  -17.90888   12.18778    -1.47   0.142    -41.80266    5.984894
       var17 |   .0002801   .0000994     2.82   0.005     .0000852     .000475
       var18 |  -.0002855   .0001462    -1.95   0.051    -.0005721    1.19e-06
       _cons |   41.24585   5.415413     7.62   0.000      30.6291    51.86261
------------------------------------------------------------------------------

Absorbed degrees of freedom:
-----------------------------------------------------+
 Absorbed FE | Categories  - Redundant  = Num. Coefs |
-------------+---------------------------------------|
     firm_id |      1047           1        1046     |
     user_id |      4695        4695           0    *|
          yh |        11           1          10     |
-----------------------------------------------------+
* = FE nested within cluster; treated as redundant for DoF computation
(dropped 41 singleton observations)
(MWFE estimator converged in 105 iterations)

Stored estimation results
-------------------------
----------------------------------------------------------------------------
             |           Dependent  Number of        
        Name | Command    variable     param.  Title 
-------------+--------------------------------------------------------------
_ivreg2_var3 | ivreg2         var3          9  First-stage regression: var3
_ivreg2_var5 | ivreg2         var5          9  First-stage regression: var5
_ivreg2_v~12 | ivreg2        var12          9  First-stage regression: var12
_ivreg2_v~15 | ivreg2        var15          9  First-stage regression: var15
_ivreg2_v~18 | ivreg2        var18          9  First-stage regression: var18
----------------------------------------------------------------------------

IV (2SLS) estimation
--------------------

Estimates efficient for homoskedasticity only
Statistics robust to heteroskedasticity and clustering on user_id

Number of clusters (user_id) =    4510                Number of obs =    47771
                                                      F(  9,  4509) =     0.02
                                                      Prob > F      =   1.0000
Total (centered) SS     =  11897296.85                Centered R2   = -91.5087
Total (uncentered) SS   =  11897296.85                Uncentered R2 = -91.5087
Residual SS             =   1100603194                Root MSE      =    153.4

------------------------------------------------------------------------------
             |               Robust
total_co~100 | Coefficient  std. err.      t    P>|t|     [95% conf. interval]
-------------+----------------------------------------------------------------
        var3 |  -8476.703   293964.8    -0.03   0.977    -584791.9    567838.4
        var5 |    700.342   26678.12     0.03   0.979    -51601.84    53002.53
       var12 |  -.6089945   23.71597    -0.03   0.980    -47.10392    45.88593
       var15 |   10286.89   358400.9     0.03   0.977    -692354.5    712928.3
       var18 |  -.0480464   1.584899    -0.03   0.976    -3.155226    3.059133
        var4 |   -715.975   27290.63    -0.03   0.979       -54219    52787.05
       var11 |   .5227125   20.24229     0.03   0.979    -39.16211    40.20753
       var14 |  -9659.525   336865.6    -0.03   0.977    -670081.2    650762.2
       var17 |   .0324035   1.071487     0.03   0.976    -2.068237    2.133044
------------------------------------------------------------------------------
Underidentification test (Kleibergen-Paap rk LM statistic):              0.001
                                                   Chi-sq(1) P-val =    0.9777
------------------------------------------------------------------------------
Weak identification test (Cragg-Donald Wald F statistic):                0.005
                         (Kleibergen-Paap rk Wald F statistic):          0.000
Stock-Yogo weak ID test critical values:                       <not available>
------------------------------------------------------------------------------
Hansen J statistic (overidentification test of all instruments):         0.000
                                                 (equation exactly identified)
------------------------------------------------------------------------------
Instrumented:         var3 var5 var12 var15 var18
Included instruments: var4 var11 var14 var17
Excluded instruments: var6 var7 var13 var16 var19
Partialled-out:       _cons
                      nb: total SS, model F and R2s are after partialling-out;
                          any small-sample adjustments include partialled-out
                          variables in regressor count K
------------------------------------------------------------------------------

Absorbed degrees of freedom:
-----------------------------------------------------+
 Absorbed FE | Categories  - Redundant  = Num. Coefs |
-------------+---------------------------------------|
     firm_id |      1006           1        1005     |
     user_id |      4510        4510           0    *|
          yh |        11           1          10     |
-----------------------------------------------------+
* = FE nested within cluster; treated as redundant for DoF computation
→ Spec 16: rent_hhi_seniority_sdw
(dropped 26 singleton observations)
(MWFE estimator converged in 105 iterations)

HDFE Linear regression                            Number of obs   =     51,392
Absorbing 3 HDFE groups                           F(  11,   4694) =       7.27
Statistics robust to heteroskedasticity           Prob > F        =     0.0000
                                                  R-squared       =     0.7045
                                                  Adj R-squared   =     0.6672
                                                  Within R-sq.    =     0.0053
Number of clusters (user_id) =      4,695         Root MSE        =    16.8002

                            (Std. err. adjusted for 4,695 clusters in user_id)
------------------------------------------------------------------------------
             |               Robust
total_co~100 | Coefficient  std. err.      t    P>|t|     [95% conf. interval]
-------------+----------------------------------------------------------------
        var3 |   25.29276    12.6555     2.00   0.046     .4820405    50.10348
        var5 |   7.209394   2.938569     2.45   0.014     1.448419    12.97037
        var4 |   -9.16647   2.587314    -3.54   0.000    -14.23882    -4.09412
        var8 |   .0143023   .0363216     0.39   0.694    -.0569051    .0855097
        var9 |    -.07329   .0468083    -1.57   0.117    -.1650562    .0184763
       var11 |  -.0007903    .001769    -0.45   0.655    -.0042584    .0026778
       var12 |  -.0006092   .0021319    -0.29   0.775    -.0047886    .0035702
       var14 |   16.52156   11.53942     1.43   0.152    -6.101118    39.14423
       var15 |  -17.07767   12.07757    -1.41   0.157    -40.75538    6.600042
       var17 |   .0002695   .0001014     2.66   0.008     .0000707    .0004682
       var18 |  -.0002998   .0001472    -2.04   0.042    -.0005885   -.0000111
       _cons |   41.06916     5.4187     7.58   0.000     30.44596    51.69235
------------------------------------------------------------------------------

Absorbed degrees of freedom:
-----------------------------------------------------+
 Absorbed FE | Categories  - Redundant  = Num. Coefs |
-------------+---------------------------------------|
     firm_id |      1047           1        1046     |
     user_id |      4695        4695           0    *|
          yh |        11           1          10     |
-----------------------------------------------------+
* = FE nested within cluster; treated as redundant for DoF computation
(dropped 41 singleton observations)
(MWFE estimator converged in 105 iterations)

Stored estimation results
-------------------------
----------------------------------------------------------------------------
             |           Dependent  Number of        
        Name | Command    variable     param.  Title 
-------------+--------------------------------------------------------------
_ivreg2_var3 | ivreg2         var3         11  First-stage regression: var3
_ivreg2_var5 | ivreg2         var5         11  First-stage regression: var5
_ivreg2_var9 | ivreg2         var9         11  First-stage regression: var9
_ivreg2_v~12 | ivreg2        var12         11  First-stage regression: var12
_ivreg2_v~15 | ivreg2        var15         11  First-stage regression: var15
_ivreg2_v~18 | ivreg2        var18         11  First-stage regression: var18
----------------------------------------------------------------------------

IV (2SLS) estimation
--------------------

Estimates efficient for homoskedasticity only
Statistics robust to heteroskedasticity and clustering on user_id

Number of clusters (user_id) =    4510                Number of obs =    47771
                                                      F( 11,  4509) =     0.35
                                                      Prob > F      =   0.9747
Total (centered) SS     =  11897296.85                Centered R2   =  -3.1193
Total (uncentered) SS   =  11897296.85                Uncentered R2 =  -3.1193
Residual SS             =   49008082.2                Root MSE      =    32.38

------------------------------------------------------------------------------
             |               Robust
total_co~100 | Coefficient  std. err.      t    P>|t|     [95% conf. interval]
-------------+----------------------------------------------------------------
        var3 |   -497.863   4597.855    -0.11   0.914    -9511.913    8516.187
        var5 |   283.4211   1488.443     0.19   0.849    -2634.657    3201.499
        var9 |   7.354795   23.81634     0.31   0.757     -39.3369    54.04649
       var12 |  -.1706701   1.321281    -0.13   0.897    -2.761029    2.419688
       var15 |   285.8883   5613.879     0.05   0.959    -10720.07    11291.84
       var18 |   .0000172   .0060886     0.00   0.998    -.0119194    .0119537
        var4 |  -268.1636   1462.711    -0.18   0.855    -3135.794    2599.467
        var8 |  -5.486757   18.22692    -0.30   0.763    -41.22046    30.24694
       var11 |   .1477769   1.098751     0.13   0.893    -2.006314    2.301867
       var14 |  -295.4168   5372.424    -0.05   0.956       -10828    10237.17
       var17 |  -.0006771   .0032806    -0.21   0.837    -.0071087    .0057546
------------------------------------------------------------------------------
Underidentification test (Kleibergen-Paap rk LM statistic):              0.013
                                                   Chi-sq(1) P-val =    0.9078
------------------------------------------------------------------------------
Weak identification test (Cragg-Donald Wald F statistic):                0.112
                         (Kleibergen-Paap rk Wald F statistic):          0.002
Stock-Yogo weak ID test critical values:                       <not available>
------------------------------------------------------------------------------
Hansen J statistic (overidentification test of all instruments):         0.000
                                                 (equation exactly identified)
------------------------------------------------------------------------------
Instrumented:         var3 var5 var9 var12 var15 var18
Included instruments: var4 var8 var11 var14 var17
Excluded instruments: var6 var7 var10 var13 var16 var19
Partialled-out:       _cons
                      nb: total SS, model F and R2s are after partialling-out;
                          any small-sample adjustments include partialled-out
                          variables in regressor count K
------------------------------------------------------------------------------

Absorbed degrees of freedom:
-----------------------------------------------------+
 Absorbed FE | Categories  - Redundant  = Num. Coefs |
-------------+---------------------------------------|
     firm_id |      1006           1        1005     |
     user_id |      4510        4510           0    *|
          yh |        11           1          10     |
-----------------------------------------------------+
* = FE nested within cluster; treated as redundant for DoF computation

. 
. // 5) Close & export
. postclose handle

. use `out', clear

. export delimited using "`result_dir'/consolidated_results.csv", ///
>     replace delimiter(",") quote
(file ../results/raw/user_mechanisms_wage_gap/consolidated_results.csv not found)
file ../results/raw/user_mechanisms_wage_gap/consolidated_results.csv saved

. 
. display as result "→ CSV written to `result_dir'/consolidated_results.csv"
→ CSV written to ../results/raw/user_mechanisms_wage_gap/consolidated_results.csv

. capture log close
