-----------------------------------------------------------------------------------------------------------------------------------------
      name:  <unnamed>
       log:  /Users/saul/Dropbox/Remote Work Startups/main/spec/log/user_mechanisms_lean_balanced_pre.log
  log type:  text
 opened on:  12 Jun 2025, 10:48:32

. 
. 
. // 1) Globals + setup
. do "../src/globals.do"

. global raw_data "../data/raw"

. global processed_data  "../data/processed"

. global results "../results/raw"

. global clean_results "../results/cleaned"

. 
. 
. 
. 
. 
end of do-file

. local result_dir "$results/`specname'"

. capture mkdir "`result_dir'"

. 
. // 1) Load & prepare once
. use "$processed_data/user_panel_`panel_variant'.dta", clear

. gen seniority_4 = !inrange(seniority_levels,1,3)

. 
. // interactions
. gen var8  = covid*rent
(1,589 missing values generated)

. gen var9 = covid*rent*startup
(1,589 missing values generated)

. gen var11  = covid*hhi_1000
(13 missing values generated)

. gen var12 = covid*hhi_1000*startup
(13 missing values generated)

. gen var14  = covid*seniority_4

. gen var15 = covid*seniority_4*startup

. 
. 
. // pick your mechanism here
. // local mech    sd_wage
. // local mech_label  sdw 
. 
. local mech    p90_p10_gap

. local mech_label  gap

. 
. // generate interactions
. gen var17 = covid*`mech'

. gen var18 = covid*`mech'*startup

. 
. 
. 
. 
. 
. capture postclose handle

. tempfile out

. postfile handle ///
>     str8   model_type  /// 
>     str244 spec        ///
>     str40  param       ///
>     double coef se pval pre_mean rkf nobs ///
>     using `out', replace
(file /var/folders/hg/s3xm9w393gxby64_zklmhgbc0000gn/T//S_86562.000001 not found)

. 
. 
. 
. local specs ///
>   "baseline" ///
>   "rent" "hhi" "seniority" "`mech_label'" ///
>   "rent_hhi" "rent_seniority" "rent_`mech_label'" "hhi_seniority" "hhi_`mech_label'" "seniority_`mech_label'" ///
>   "rent_hhi_seniority" "rent_hhi_`mech_label'" "rent_seniority_`mech_label'" "hhi_seniority_`mech_label'" ///
>   "rent_hhi_seniority_`mech_label'"

. 
. 
.   
. * ────────────────────────────────────────────────────────
. * 3) Define spec_… locals for OLS exog, IV exog, instruments & endogenous
. *    (indices correspond to word positions in `specs`)
. * ────────────────────────────────────────────────────────
. 
. //  1) baseline
. local spec_ols_exog1  var4

. local spec_iv_exog1   var4

. local spec_instr1     var6 var7

. local spec_endo1      var3 var5

. 
. //  2) rent
. local spec_ols_exog2  var4 var8 var9  

. local spec_iv_exog2   var4 var8 var9

. local spec_instr2     var6 var7 

. local spec_endo2      var3 var5 

. 
. //  3) hhi
. local spec_ols_exog3  var4 var11 var12 

. local spec_iv_exog3   var4 var11 var12

. local spec_instr3     var6 var7 

. local spec_endo3      var3 var5 

. 
. //  4) seniority
. local spec_ols_exog4  var4 var14 var15 

. local spec_iv_exog4   var4 var14 var15

. local spec_instr4     var6 var7 

. local spec_endo4      var3 var5 

. 
. //  5) `mech'
. local spec_ols_exog5  var4 var17 var18 

. local spec_iv_exog5   var4 var17 var18

. local spec_instr5     var6 var7 

. local spec_endo5      var3 var5 

. 
. //  6) rent_hhi
. local spec_ols_exog6  var4 var8 var9  var11 var12 

. local spec_iv_exog6   var4 var8 var9 var11 var12

. local spec_instr6     var6 var7  

. local spec_endo6      var3 var5  

. 
. //  7) rent_seniority
. local spec_ols_exog7  var4 var8 var9  var14 var15 

. local spec_iv_exog7   var4 var8 var9 var14 var15

. local spec_instr7     var6 var7  

. local spec_endo7      var3 var5  

. 
. //  8) rent_`mech'
. local spec_ols_exog8  var4 var8 var9  var17 var18 

. local spec_iv_exog8   var4 var8 var9 var17 var18

. local spec_instr8     var6 var7  

. local spec_endo8      var3 var5  

. 
. //  9) hhi_seniority
. local spec_ols_exog9  var4 var11 var12  var14 var15 

. local spec_iv_exog9   var4 var11 var12 var14 var15

. local spec_instr9     var6 var7  

. local spec_endo9      var3 var5  

. 
. // 10) hhi_`mech'
. local spec_ols_exog10 var4 var11 var12  var17 var18 

. local spec_iv_exog10  var4 var11 var12 var17 var18

. local spec_instr10    var6 var7  

. local spec_endo10     var3 var5  

. 
. // 11) `mech'_seniority
. local spec_ols_exog11 var4 var17 var18  var14 var15 

. local spec_iv_exog11  var4 var17 var18 var14 var15

. local spec_instr11    var6 var7  

. local spec_endo11     var3 var5  

. 
. // 12) rent_hhi_seniority
. local spec_ols_exog12 var4 var8 var9  var11 var12  var14 var15 

. local spec_iv_exog12  var4 var8 var9 var11 var12 var14 var15

. local spec_instr12    var6 var7   

. local spec_endo12     var3 var5   

. 
. // 13) rent_hhi_`mech'
. local spec_ols_exog13 var4 var8 var9  var11 var12  var17 var18 

. local spec_iv_exog13  var4 var8 var9 var11 var12 var17 var18

. local spec_instr13    var6 var7   

. local spec_endo13     var3 var5   

. 
. // 14) rent_seniority_`mech'
. local spec_ols_exog14 var4 var8 var9  var14 var15  var17 var18 

. local spec_iv_exog14  var4 var8 var9 var14 var15 var17 var18

. local spec_instr14    var6 var7   

. local spec_endo14     var3 var5   

. 
. // 15) hhi_seniority_`mech'
. local spec_ols_exog15 var4 var11 var12  var14 var15  var17 var18 

. local spec_iv_exog15  var4 var11 var12 var14 var15 var17 var18

. local spec_instr15    var6 var7   

. local spec_endo15     var3 var5   

. 
. // 16) rent_hhi_seniority_`mech'
. local spec_ols_exog16 var4 var8 var9  var11 var12  var14 var15  var17 var18 

. local spec_iv_exog16  var4 var8 var9 var11 var12 var14 var15 var17 var18

. local spec_instr16    var6 var7    

. local spec_endo16     var3 var5    

. 
. 
. 
. // drop if missing(rent, hhi_1000, seniority_4, sd_wage, p90_p10_gap)
. 
. 
. // 3) SPEC 1: Baseline on the full sample
. display as text "→ Spec 1: baseline (full sample)"
→ Spec 1: baseline (full sample)

. 
. summarize total_contributions_q100 if covid == 0, meanonly

. local pre_mean = r(mean)

. 
. // 3a) OLS
. reghdfe total_contributions_q100 var3 var5 var4, ///
>     absorb(firm_id#user_id yh) vce(cluster user_id)
(dropped 302 singleton observations)
(MWFE estimator converged in 6 iterations)

HDFE Linear regression                            Number of obs   =     52,718
Absorbing 2 HDFE groups                           F(   3,   4819) =      22.79
Statistics robust to heteroskedasticity           Prob > F        =     0.0000
                                                  R-squared       =     0.7195
                                                  Adj R-squared   =     0.6836
                                                  Within R-sq.    =     0.0046
Number of clusters (user_id) =      4,820         Root MSE        =    16.4022

                            (Std. err. adjusted for 4,820 clusters in user_id)
------------------------------------------------------------------------------
             |               Robust
total_co~100 | Coefficient  std. err.      t    P>|t|     [95% conf. interval]
-------------+----------------------------------------------------------------
        var3 |  -2.792291   .9859502    -2.83   0.005    -4.725203   -.8593786
        var5 |   9.773256   2.682665     3.64   0.000     4.514007     15.0325
        var4 |  -12.85105   2.333083    -5.51   0.000    -17.42495   -8.277139
       _cons |    51.6552   .3105077   166.36   0.000     51.04646    52.26394
------------------------------------------------------------------------------

Absorbed degrees of freedom:
-----------------------------------------------------------+
       Absorbed FE | Categories  - Redundant  = Num. Coefs |
-------------------+---------------------------------------|
   firm_id#user_id |      5980        5980           0    *|
                yh |        11           1          10     |
-----------------------------------------------------------+
* = FE nested within cluster; treated as redundant for DoF computation

. local N = e(N)

. foreach p in var3 var5 {
  2.     local b    = _b[`p']
  3.     local se   = _se[`p']
  4.     local t    = `b'/`se'
  5.     local pval = 2*ttail(e(df_r), abs(`t'))
  6.     post handle ("OLS") ("baseline") ("`p'") ///
>                 (`b') (`se') (`pval') (`pre_mean') ///
>                 (.) (`N')
  7. }

. 
. // 3b) IV
. ivreghdfe total_contributions_q100 (var3 var5 = var6 var7) var4, ///
>     absorb(firm_id#user_id yh) vce(cluster user_id) savefirst
(dropped 302 singleton observations)
(MWFE estimator converged in 6 iterations)

Stored estimation results
-------------------------
---------------------------------------------------------------------------
             |           Dependent  Number of        
        Name | Command    variable     param.  Title 
-------------+-------------------------------------------------------------
_ivreg2_var3 | ivreg2         var3          3  First-stage regression: var3
_ivreg2_var5 | ivreg2         var5          3  First-stage regression: var5
---------------------------------------------------------------------------

IV (2SLS) estimation
--------------------

Estimates efficient for homoskedasticity only
Statistics robust to heteroskedasticity and clustering on user_id

Number of clusters (user_id) =    4820                Number of obs =    52718
                                                      F(  3,  4819) =    18.97
                                                      Prob > F      =   0.0000
Total (centered) SS     =  12628633.21                Centered R2   =  -0.0149
Total (uncentered) SS   =  12628633.21                Uncentered R2 =  -0.0149
Residual SS             =  12816907.26                Root MSE      =    15.59

------------------------------------------------------------------------------
             |               Robust
total_co~100 | Coefficient  std. err.      t    P>|t|     [95% conf. interval]
-------------+----------------------------------------------------------------
        var3 |  -19.29558   8.792483    -2.19   0.028    -36.53286   -2.058304
        var5 |   33.66757   12.31548     2.73   0.006     9.523614    57.81152
        var4 |   -30.3495   9.563901    -3.17   0.002    -49.09911   -11.59989
------------------------------------------------------------------------------
Underidentification test (Kleibergen-Paap rk LM statistic):             47.587
                                                   Chi-sq(1) P-val =    0.0000
------------------------------------------------------------------------------
Weak identification test (Cragg-Donald Wald F statistic):              407.653
                         (Kleibergen-Paap rk Wald F statistic):         25.601
Stock-Yogo weak ID test critical values: 10% maximal IV size              7.03
                                         15% maximal IV size              4.58
                                         20% maximal IV size              3.95
                                         25% maximal IV size              3.63
Source: Stock-Yogo (2005).  Reproduced by permission.
NB: Critical values are for Cragg-Donald F statistic and i.i.d. errors.
------------------------------------------------------------------------------
Hansen J statistic (overidentification test of all instruments):         0.000
                                                 (equation exactly identified)
------------------------------------------------------------------------------
Instrumented:         var3 var5
Included instruments: var4
Excluded instruments: var6 var7
Partialled-out:       _cons
                      nb: total SS, model F and R2s are after partialling-out;
                          any small-sample adjustments include partialled-out
                          variables in regressor count K
------------------------------------------------------------------------------

Absorbed degrees of freedom:
-----------------------------------------------------------+
       Absorbed FE | Categories  - Redundant  = Num. Coefs |
-------------------+---------------------------------------|
   firm_id#user_id |      5980        5980           0    *|
                yh |        11           1          10     |
-----------------------------------------------------------+
* = FE nested within cluster; treated as redundant for DoF computation

. local rkf = e(rkf)

. local N   = e(N)

. foreach p in var3 var5 {
  2.     local b    = _b[`p']
  3.     local se   = _se[`p']
  4.     local t    = `b'/`se'
  5.     local pval = 2*ttail(e(df_r), abs(`t'))
  6.     post handle ("IV") ("baseline") ("`p'") ///
>                 (`b') (`se') (`pval') (`pre_mean') ///
>                 (`rkf') (`N')
  7. }

. 
. 
. 
. // 4) Loop
. forvalues i = 2/16 {
  2.     // 1) pick the spec name
.     local spec    : word `i' of `specs'
  3. 
.     // 2) build up the four pieces we need
.     local ols_exog "`spec_ols_exog`i''"
  4.     local iv_exog  "`spec_iv_exog`i''"
  5.     local instr    "`spec_instr`i''"
  6.     local endo     "`spec_endo`i''"
  7.         
. 
.     display as text "→ Spec `i': `spec'"
  8. 
.     summarize total_contributions_q100 if covid == 0, meanonly
  9.     local pre_mean = r(mean)
 10. 
.     // 4a) OLS
.     reghdfe total_contributions_q100 var3 var5 `ols_exog', ///
>         absorb(firm_id#user_id yh) vce(cluster user_id)
 11.         
.         local N = e(N) 
 12.         
.     foreach p in var3 var5 {
 13.         local b    = _b[`p']
 14.         local se   = _se[`p']
 15.         local t    = `b'/`se'
 16.         local pval = 2*ttail(e(df_r), abs(`t'))
 17.        post handle ("OLS") ("`spec'") ("`p'") ///
>                     (`b') (`se') (`pval') (`pre_mean') ///
>                     (.) (`N')
 18.     }
 19. 
.     // 4b) IV
.     ivreghdfe total_contributions_q100 (`endo' = `instr') `iv_exog', ///
>         absorb(firm_id#user_id yh) vce(cluster user_id) savefirst
 20.     local rkf = e(rkf)
 21.         local N   = e(N)
 22.         
.     foreach p in var3 var5 {
 23.         local b    = _b[`p']
 24.         local se   = _se[`p']
 25.         local t    = `b'/`se'
 26.         local pval = 2*ttail(e(df_r), abs(`t'))
 27.        post handle ("IV") ("`spec'") ("`p'") ///
>                     (`b') (`se') (`pval') (`pre_mean') ///
>                     (`rkf') (`N')
 28.     }
 29. 
. }
→ Spec 2: rent
(dropped 287 singleton observations)
(MWFE estimator converged in 6 iterations)

HDFE Linear regression                            Number of obs   =     51,144
Absorbing 2 HDFE groups                           F(   5,   4694) =      14.43
Statistics robust to heteroskedasticity           Prob > F        =     0.0000
                                                  R-squared       =     0.7195
                                                  Adj R-squared   =     0.6834
                                                  Within R-sq.    =     0.0050
Number of clusters (user_id) =      4,695         Root MSE        =    16.3885

                            (Std. err. adjusted for 4,695 clusters in user_id)
------------------------------------------------------------------------------
             |               Robust
total_co~100 | Coefficient  std. err.      t    P>|t|     [95% conf. interval]
-------------+----------------------------------------------------------------
        var3 |   -2.26984    1.03433    -2.19   0.028    -4.297613   -.2420666
        var5 |   8.326469   2.720572     3.06   0.002     2.992871    13.66007
        var4 |  -13.07228   3.137416    -4.17   0.000    -19.22309   -6.921475
        var8 |  -.0478829    .016069    -2.98   0.003    -.0793857   -.0163801
        var9 |   .0349025   .0374862     0.93   0.352    -.0385881    .1083932
       _cons |   52.58061   .4151227   126.66   0.000     51.76678    53.39445
------------------------------------------------------------------------------

Absorbed degrees of freedom:
-----------------------------------------------------------+
       Absorbed FE | Categories  - Redundant  = Num. Coefs |
-------------------+---------------------------------------|
   firm_id#user_id |      5813        5813           0    *|
                yh |        11           1          10     |
-----------------------------------------------------------+
* = FE nested within cluster; treated as redundant for DoF computation
(dropped 287 singleton observations)
(MWFE estimator converged in 6 iterations)

Stored estimation results
-------------------------
---------------------------------------------------------------------------
             |           Dependent  Number of        
        Name | Command    variable     param.  Title 
-------------+-------------------------------------------------------------
_ivreg2_var3 | ivreg2         var3          5  First-stage regression: var3
_ivreg2_var5 | ivreg2         var5          5  First-stage regression: var5
---------------------------------------------------------------------------

IV (2SLS) estimation
--------------------

Estimates efficient for homoskedasticity only
Statistics robust to heteroskedasticity and clustering on user_id

Number of clusters (user_id) =    4695                Number of obs =    51144
                                                      F(  5,  4694) =    12.67
                                                      Prob > F      =   0.0000
Total (centered) SS     =  12232146.57                Centered R2   =  -0.0188
Total (uncentered) SS   =  12232146.57                Uncentered R2 =  -0.0188
Residual SS             =  12462085.16                Root MSE      =    15.61

------------------------------------------------------------------------------
             |               Robust
total_co~100 | Coefficient  std. err.      t    P>|t|     [95% conf. interval]
-------------+----------------------------------------------------------------
        var3 |  -20.95324    10.1179    -2.07   0.038    -40.78908   -1.117405
        var5 |   34.85444   13.74636     2.54   0.011     7.905117    61.80376
        var4 |  -29.80725   10.26901    -2.90   0.004    -49.93933   -9.675164
        var8 |   .0117991   .0364674     0.32   0.746     -.059694    .0832922
        var9 |  -.0203015   .0505263    -0.40   0.688    -.1193567    .0787538
------------------------------------------------------------------------------
Underidentification test (Kleibergen-Paap rk LM statistic):             36.777
                                                   Chi-sq(1) P-val =    0.0000
------------------------------------------------------------------------------
Weak identification test (Cragg-Donald Wald F statistic):              330.568
                         (Kleibergen-Paap rk Wald F statistic):         19.186
Stock-Yogo weak ID test critical values: 10% maximal IV size              7.03
                                         15% maximal IV size              4.58
                                         20% maximal IV size              3.95
                                         25% maximal IV size              3.63
Source: Stock-Yogo (2005).  Reproduced by permission.
NB: Critical values are for Cragg-Donald F statistic and i.i.d. errors.
------------------------------------------------------------------------------
Hansen J statistic (overidentification test of all instruments):         0.000
                                                 (equation exactly identified)
------------------------------------------------------------------------------
Instrumented:         var3 var5
Included instruments: var4 var8 var9
Excluded instruments: var6 var7
Partialled-out:       _cons
                      nb: total SS, model F and R2s are after partialling-out;
                          any small-sample adjustments include partialled-out
                          variables in regressor count K
------------------------------------------------------------------------------

Absorbed degrees of freedom:
-----------------------------------------------------------+
       Absorbed FE | Categories  - Redundant  = Num. Coefs |
-------------------+---------------------------------------|
   firm_id#user_id |      5813        5813           0    *|
                yh |        11           1          10     |
-----------------------------------------------------------+
* = FE nested within cluster; treated as redundant for DoF computation
→ Spec 3: hhi
(dropped 302 singleton observations)
(MWFE estimator converged in 6 iterations)

HDFE Linear regression                            Number of obs   =     52,705
Absorbing 2 HDFE groups                           F(   5,   4819) =      14.45
Statistics robust to heteroskedasticity           Prob > F        =     0.0000
                                                  R-squared       =     0.7195
                                                  Adj R-squared   =     0.6835
                                                  Within R-sq.    =     0.0048
Number of clusters (user_id) =      4,820         Root MSE        =    16.4014

                            (Std. err. adjusted for 4,820 clusters in user_id)
------------------------------------------------------------------------------
             |               Robust
total_co~100 | Coefficient  std. err.      t    P>|t|     [95% conf. interval]
-------------+----------------------------------------------------------------
        var3 |  -2.726319   .9875485    -2.76   0.006    -4.662364   -.7902727
        var5 |   9.437756   2.693096     3.50   0.000     4.158058    14.71745
        var4 |  -12.64764   2.481303    -5.10   0.000    -17.51213   -7.783158
       var11 |  -.0013506   .0009237    -1.46   0.144    -.0031614    .0004602
       var12 |   .0007508   .0011018     0.68   0.496    -.0014093    .0029109
       _cons |   51.90681   .3521582   147.40   0.000     51.21642    52.59721
------------------------------------------------------------------------------

Absorbed degrees of freedom:
-----------------------------------------------------------+
       Absorbed FE | Categories  - Redundant  = Num. Coefs |
-------------------+---------------------------------------|
   firm_id#user_id |      5976        5976           0    *|
                yh |        11           1          10     |
-----------------------------------------------------------+
* = FE nested within cluster; treated as redundant for DoF computation
(dropped 302 singleton observations)
(MWFE estimator converged in 6 iterations)

Stored estimation results
-------------------------
---------------------------------------------------------------------------
             |           Dependent  Number of        
        Name | Command    variable     param.  Title 
-------------+-------------------------------------------------------------
_ivreg2_var3 | ivreg2         var3          5  First-stage regression: var3
_ivreg2_var5 | ivreg2         var5          5  First-stage regression: var5
---------------------------------------------------------------------------

IV (2SLS) estimation
--------------------

Estimates efficient for homoskedasticity only
Statistics robust to heteroskedasticity and clustering on user_id

Number of clusters (user_id) =    4820                Number of obs =    52705
                                                      F(  5,  4819) =    12.31
                                                      Prob > F      =   0.0000
Total (centered) SS     =  12627191.38                Centered R2   =  -0.0158
Total (uncentered) SS   =  12627191.38                Uncentered R2 =  -0.0158
Residual SS             =  12826602.16                Root MSE      =     15.6

------------------------------------------------------------------------------
             |               Robust
total_co~100 | Coefficient  std. err.      t    P>|t|     [95% conf. interval]
-------------+----------------------------------------------------------------
        var3 |  -19.81972   8.497709    -2.33   0.020    -36.47911   -3.160331
        var5 |   32.11732   12.70259     2.53   0.011     7.214457    57.02019
        var4 |  -28.79825   10.15416    -2.84   0.005    -48.70503   -8.891473
       var11 |  -.0006902   .0010175    -0.68   0.498    -.0026849    .0013045
       var12 |   .0002289   .0012115     0.19   0.850    -.0021461    .0026039
------------------------------------------------------------------------------
Underidentification test (Kleibergen-Paap rk LM statistic):             50.936
                                                   Chi-sq(1) P-val =    0.0000
------------------------------------------------------------------------------
Weak identification test (Cragg-Donald Wald F statistic):              436.108
                         (Kleibergen-Paap rk Wald F statistic):         27.251
Stock-Yogo weak ID test critical values: 10% maximal IV size              7.03
                                         15% maximal IV size              4.58
                                         20% maximal IV size              3.95
                                         25% maximal IV size              3.63
Source: Stock-Yogo (2005).  Reproduced by permission.
NB: Critical values are for Cragg-Donald F statistic and i.i.d. errors.
------------------------------------------------------------------------------
Hansen J statistic (overidentification test of all instruments):         0.000
                                                 (equation exactly identified)
------------------------------------------------------------------------------
Instrumented:         var3 var5
Included instruments: var4 var11 var12
Excluded instruments: var6 var7
Partialled-out:       _cons
                      nb: total SS, model F and R2s are after partialling-out;
                          any small-sample adjustments include partialled-out
                          variables in regressor count K
------------------------------------------------------------------------------

Absorbed degrees of freedom:
-----------------------------------------------------------+
       Absorbed FE | Categories  - Redundant  = Num. Coefs |
-------------------+---------------------------------------|
   firm_id#user_id |      5976        5976           0    *|
                yh |        11           1          10     |
-----------------------------------------------------------+
* = FE nested within cluster; treated as redundant for DoF computation
→ Spec 4: seniority
(dropped 302 singleton observations)
(MWFE estimator converged in 6 iterations)

HDFE Linear regression                            Number of obs   =     52,718
Absorbing 2 HDFE groups                           F(   5,   4819) =      13.81
Statistics robust to heteroskedasticity           Prob > F        =     0.0000
                                                  R-squared       =     0.7195
                                                  Adj R-squared   =     0.6836
                                                  Within R-sq.    =     0.0046
Number of clusters (user_id) =      4,820         Root MSE        =    16.4023

                            (Std. err. adjusted for 4,820 clusters in user_id)
------------------------------------------------------------------------------
             |               Robust
total_co~100 | Coefficient  std. err.      t    P>|t|     [95% conf. interval]
-------------+----------------------------------------------------------------
        var3 |  -2.762757    .988862    -2.79   0.005    -4.701378    -.824136
        var5 |   9.848334   2.690126     3.66   0.000     4.574459    15.12221
        var4 |  -13.30412   5.060847    -2.63   0.009    -23.22569   -3.382554
       var14 |   1.290004   3.488825     0.37   0.712    -5.549685    8.129694
       var15 |   .4614857   4.434086     0.10   0.917    -8.231346    9.154317
       _cons |   51.06474   1.625381    31.42   0.000     47.87826    54.25123
------------------------------------------------------------------------------

Absorbed degrees of freedom:
-----------------------------------------------------------+
       Absorbed FE | Categories  - Redundant  = Num. Coefs |
-------------------+---------------------------------------|
   firm_id#user_id |      5980        5980           0    *|
                yh |        11           1          10     |
-----------------------------------------------------------+
* = FE nested within cluster; treated as redundant for DoF computation
(dropped 302 singleton observations)
(MWFE estimator converged in 6 iterations)

Stored estimation results
-------------------------
---------------------------------------------------------------------------
             |           Dependent  Number of        
        Name | Command    variable     param.  Title 
-------------+-------------------------------------------------------------
_ivreg2_var3 | ivreg2         var3          5  First-stage regression: var3
_ivreg2_var5 | ivreg2         var5          5  First-stage regression: var5
---------------------------------------------------------------------------

IV (2SLS) estimation
--------------------

Estimates efficient for homoskedasticity only
Statistics robust to heteroskedasticity and clustering on user_id

Number of clusters (user_id) =    4820                Number of obs =    52718
                                                      F(  5,  4819) =    11.59
                                                      Prob > F      =   0.0000
Total (centered) SS     =  12628633.21                Centered R2   =  -0.0158
Total (uncentered) SS   =  12628633.21                Uncentered R2 =  -0.0158
Residual SS             =  12828185.21                Root MSE      =     15.6

------------------------------------------------------------------------------
             |               Robust
total_co~100 | Coefficient  std. err.      t    P>|t|     [95% conf. interval]
-------------+----------------------------------------------------------------
        var3 |  -19.65905   9.059514    -2.17   0.030    -37.41983   -1.898268
        var5 |   35.09495   12.60854     2.78   0.005     10.37645    59.81345
        var4 |  -37.27563   12.61731    -2.95   0.003    -62.01132   -12.53995
       var14 |  -3.598552   4.372381    -0.82   0.411    -12.17041     4.97331
       var15 |   5.902638   5.153184     1.15   0.252    -4.199956    16.00523
------------------------------------------------------------------------------
Underidentification test (Kleibergen-Paap rk LM statistic):             45.066
                                                   Chi-sq(1) P-val =    0.0000
------------------------------------------------------------------------------
Weak identification test (Cragg-Donald Wald F statistic):              387.190
                         (Kleibergen-Paap rk Wald F statistic):         24.174
Stock-Yogo weak ID test critical values: 10% maximal IV size              7.03
                                         15% maximal IV size              4.58
                                         20% maximal IV size              3.95
                                         25% maximal IV size              3.63
Source: Stock-Yogo (2005).  Reproduced by permission.
NB: Critical values are for Cragg-Donald F statistic and i.i.d. errors.
------------------------------------------------------------------------------
Hansen J statistic (overidentification test of all instruments):         0.000
                                                 (equation exactly identified)
------------------------------------------------------------------------------
Instrumented:         var3 var5
Included instruments: var4 var14 var15
Excluded instruments: var6 var7
Partialled-out:       _cons
                      nb: total SS, model F and R2s are after partialling-out;
                          any small-sample adjustments include partialled-out
                          variables in regressor count K
------------------------------------------------------------------------------

Absorbed degrees of freedom:
-----------------------------------------------------------+
       Absorbed FE | Categories  - Redundant  = Num. Coefs |
-------------------+---------------------------------------|
   firm_id#user_id |      5980        5980           0    *|
                yh |        11           1          10     |
-----------------------------------------------------------+
* = FE nested within cluster; treated as redundant for DoF computation
→ Spec 5: gap
(dropped 302 singleton observations)
(MWFE estimator converged in 6 iterations)

HDFE Linear regression                            Number of obs   =     52,718
Absorbing 2 HDFE groups                           F(   5,   4819) =      15.67
Statistics robust to heteroskedasticity           Prob > F        =     0.0000
                                                  R-squared       =     0.7197
                                                  Adj R-squared   =     0.6838
                                                  Within R-sq.    =     0.0054
Number of clusters (user_id) =      4,820         Root MSE        =    16.3962

                            (Std. err. adjusted for 4,820 clusters in user_id)
------------------------------------------------------------------------------
             |               Robust
total_co~100 | Coefficient  std. err.      t    P>|t|     [95% conf. interval]
-------------+----------------------------------------------------------------
        var3 |  -2.691329   .9857986    -2.73   0.006    -4.623944   -.7587135
        var5 |   10.25162   2.709165     3.78   0.000     4.940424    15.56282
        var4 |  -7.054748   3.093079    -2.28   0.023    -13.11859   -.9909022
       var17 |   .0000554   .0000178     3.11   0.002     .0000205    .0000904
       var18 |  -.0001255   .0000463    -2.71   0.007    -.0002163   -.0000348
       _cons |   50.37603    .515113    97.80   0.000     49.36617    51.38588
------------------------------------------------------------------------------

Absorbed degrees of freedom:
-----------------------------------------------------------+
       Absorbed FE | Categories  - Redundant  = Num. Coefs |
-------------------+---------------------------------------|
   firm_id#user_id |      5980        5980           0    *|
                yh |        11           1          10     |
-----------------------------------------------------------+
* = FE nested within cluster; treated as redundant for DoF computation
(dropped 302 singleton observations)
(MWFE estimator converged in 6 iterations)

Stored estimation results
-------------------------
---------------------------------------------------------------------------
             |           Dependent  Number of        
        Name | Command    variable     param.  Title 
-------------+-------------------------------------------------------------
_ivreg2_var3 | ivreg2         var3          5  First-stage regression: var3
_ivreg2_var5 | ivreg2         var5          5  First-stage regression: var5
---------------------------------------------------------------------------

IV (2SLS) estimation
--------------------

Estimates efficient for homoskedasticity only
Statistics robust to heteroskedasticity and clustering on user_id

Number of clusters (user_id) =    4820                Number of obs =    52718
                                                      F(  5,  4819) =    13.24
                                                      Prob > F      =   0.0000
Total (centered) SS     =  12628633.21                Centered R2   =  -0.0141
Total (uncentered) SS   =  12628633.21                Uncentered R2 =  -0.0141
Residual SS             =  12806079.59                Root MSE      =    15.59

------------------------------------------------------------------------------
             |               Robust
total_co~100 | Coefficient  std. err.      t    P>|t|     [95% conf. interval]
-------------+----------------------------------------------------------------
        var3 |  -19.18579   8.789761    -2.18   0.029    -36.41773   -1.953847
        var5 |   33.91773   12.36739     2.74   0.006     9.672009    58.16346
        var4 |  -24.43814   9.539898    -2.56   0.010     -43.1407   -5.735591
       var17 |   .0000429   .0000191     2.25   0.024     5.54e-06    .0000803
       var18 |  -.0001239   .0000482    -2.57   0.010    -.0002184   -.0000295
------------------------------------------------------------------------------
Underidentification test (Kleibergen-Paap rk LM statistic):             47.650
                                                   Chi-sq(1) P-val =    0.0000
------------------------------------------------------------------------------
Weak identification test (Cragg-Donald Wald F statistic):              406.620
                         (Kleibergen-Paap rk Wald F statistic):         25.657
Stock-Yogo weak ID test critical values: 10% maximal IV size              7.03
                                         15% maximal IV size              4.58
                                         20% maximal IV size              3.95
                                         25% maximal IV size              3.63
Source: Stock-Yogo (2005).  Reproduced by permission.
NB: Critical values are for Cragg-Donald F statistic and i.i.d. errors.
------------------------------------------------------------------------------
Hansen J statistic (overidentification test of all instruments):         0.000
                                                 (equation exactly identified)
------------------------------------------------------------------------------
Instrumented:         var3 var5
Included instruments: var4 var17 var18
Excluded instruments: var6 var7
Partialled-out:       _cons
                      nb: total SS, model F and R2s are after partialling-out;
                          any small-sample adjustments include partialled-out
                          variables in regressor count K
------------------------------------------------------------------------------

Absorbed degrees of freedom:
-----------------------------------------------------------+
       Absorbed FE | Categories  - Redundant  = Num. Coefs |
-------------------+---------------------------------------|
   firm_id#user_id |      5980        5980           0    *|
                yh |        11           1          10     |
-----------------------------------------------------------+
* = FE nested within cluster; treated as redundant for DoF computation
→ Spec 6: rent_hhi
(dropped 287 singleton observations)
(MWFE estimator converged in 6 iterations)

HDFE Linear regression                            Number of obs   =     51,131
Absorbing 2 HDFE groups                           F(   7,   4694) =      10.90
Statistics robust to heteroskedasticity           Prob > F        =     0.0000
                                                  R-squared       =     0.7195
                                                  Adj R-squared   =     0.6834
                                                  Within R-sq.    =     0.0053
Number of clusters (user_id) =      4,695         Root MSE        =    16.3873

                            (Std. err. adjusted for 4,695 clusters in user_id)
------------------------------------------------------------------------------
             |               Robust
total_co~100 | Coefficient  std. err.      t    P>|t|     [95% conf. interval]
-------------+----------------------------------------------------------------
        var3 |  -2.232584   1.034458    -2.16   0.031    -4.260607   -.2045601
        var5 |   7.964028    2.72729     2.92   0.004     2.617259     13.3108
        var4 |  -12.62159   3.242466    -3.89   0.000    -18.97835   -6.264839
        var8 |  -.0455098   .0160878    -2.83   0.005    -.0770495   -.0139702
        var9 |   .0309286   .0373728     0.83   0.408    -.0423396    .1041969
       var11 |  -.0014855   .0009577    -1.55   0.121    -.0033631    .0003921
       var12 |   .0008102   .0011319     0.72   0.474    -.0014089    .0030294
       _cons |   52.81582     .44231   119.41   0.000     51.94868    53.68296
------------------------------------------------------------------------------

Absorbed degrees of freedom:
-----------------------------------------------------------+
       Absorbed FE | Categories  - Redundant  = Num. Coefs |
-------------------+---------------------------------------|
   firm_id#user_id |      5809        5809           0    *|
                yh |        11           1          10     |
-----------------------------------------------------------+
* = FE nested within cluster; treated as redundant for DoF computation
(dropped 287 singleton observations)
(MWFE estimator converged in 6 iterations)

Stored estimation results
-------------------------
---------------------------------------------------------------------------
             |           Dependent  Number of        
        Name | Command    variable     param.  Title 
-------------+-------------------------------------------------------------
_ivreg2_var3 | ivreg2         var3          7  First-stage regression: var3
_ivreg2_var5 | ivreg2         var5          7  First-stage regression: var5
---------------------------------------------------------------------------

IV (2SLS) estimation
--------------------

Estimates efficient for homoskedasticity only
Statistics robust to heteroskedasticity and clustering on user_id

Number of clusters (user_id) =    4695                Number of obs =    51131
                                                      F(  7,  4694) =     9.73
                                                      Prob > F      =   0.0000
Total (centered) SS     =  12230710.02                Centered R2   =  -0.0208
Total (uncentered) SS   =  12230710.02                Uncentered R2 =  -0.0208
Residual SS             =  12485678.99                Root MSE      =    15.63

------------------------------------------------------------------------------
             |               Robust
total_co~100 | Coefficient  std. err.      t    P>|t|     [95% conf. interval]
-------------+----------------------------------------------------------------
        var3 |  -21.95336   9.914313    -2.21   0.027    -41.39007   -2.516656
        var5 |   33.14669   14.34868     2.31   0.021     5.016541    61.27684
        var4 |  -27.74879   11.28649    -2.46   0.014    -49.87561   -5.621967
        var8 |   .0168495    .035602     0.47   0.636    -.0529472    .0866461
        var9 |  -.0280139   .0499589    -0.56   0.575    -.1259569     .069929
       var11 |  -.0011061   .0010083    -1.10   0.273    -.0030828    .0008705
       var12 |   .0005705   .0012127     0.47   0.638     -.001807     .002948
------------------------------------------------------------------------------
Underidentification test (Kleibergen-Paap rk LM statistic):             38.735
                                                   Chi-sq(1) P-val =    0.0000
------------------------------------------------------------------------------
Weak identification test (Cragg-Donald Wald F statistic):              345.189
                         (Kleibergen-Paap rk Wald F statistic):         20.079
Stock-Yogo weak ID test critical values: 10% maximal IV size              7.03
                                         15% maximal IV size              4.58
                                         20% maximal IV size              3.95
                                         25% maximal IV size              3.63
Source: Stock-Yogo (2005).  Reproduced by permission.
NB: Critical values are for Cragg-Donald F statistic and i.i.d. errors.
------------------------------------------------------------------------------
Hansen J statistic (overidentification test of all instruments):         0.000
                                                 (equation exactly identified)
------------------------------------------------------------------------------
Instrumented:         var3 var5
Included instruments: var4 var8 var9 var11 var12
Excluded instruments: var6 var7
Partialled-out:       _cons
                      nb: total SS, model F and R2s are after partialling-out;
                          any small-sample adjustments include partialled-out
                          variables in regressor count K
------------------------------------------------------------------------------

Absorbed degrees of freedom:
-----------------------------------------------------------+
       Absorbed FE | Categories  - Redundant  = Num. Coefs |
-------------------+---------------------------------------|
   firm_id#user_id |      5809        5809           0    *|
                yh |        11           1          10     |
-----------------------------------------------------------+
* = FE nested within cluster; treated as redundant for DoF computation
→ Spec 7: rent_seniority
(dropped 287 singleton observations)
(MWFE estimator converged in 6 iterations)

HDFE Linear regression                            Number of obs   =     51,144
Absorbing 2 HDFE groups                           F(   7,   4694) =      10.41
Statistics robust to heteroskedasticity           Prob > F        =     0.0000
                                                  R-squared       =     0.7195
                                                  Adj R-squared   =     0.6834
                                                  Within R-sq.    =     0.0050
Number of clusters (user_id) =      4,695         Root MSE        =    16.3884

                            (Std. err. adjusted for 4,695 clusters in user_id)
------------------------------------------------------------------------------
             |               Robust
total_co~100 | Coefficient  std. err.      t    P>|t|     [95% conf. interval]
-------------+----------------------------------------------------------------
        var3 |  -2.229543   1.038953    -2.15   0.032    -4.266378   -.1927077
        var5 |   8.398407   2.725248     3.08   0.002     3.055641    13.74117
        var4 |  -13.36251   5.292199    -2.52   0.012    -23.73771   -2.987317
        var8 |  -.0481138   .0160982    -2.99   0.003    -.0796738   -.0165538
        var9 |   .0314505   .0380299     0.83   0.408     -.043106     .106007
       var14 |   1.551974   3.470703     0.45   0.655    -5.252233    8.356181
       var15 |   .5154689   4.481539     0.12   0.908    -8.270451    9.301389
       _cons |   51.87385    1.62414    31.94   0.000     48.68978    55.05793
------------------------------------------------------------------------------

Absorbed degrees of freedom:
-----------------------------------------------------------+
       Absorbed FE | Categories  - Redundant  = Num. Coefs |
-------------------+---------------------------------------|
   firm_id#user_id |      5813        5813           0    *|
                yh |        11           1          10     |
-----------------------------------------------------------+
* = FE nested within cluster; treated as redundant for DoF computation
(dropped 287 singleton observations)
(MWFE estimator converged in 6 iterations)

Stored estimation results
-------------------------
---------------------------------------------------------------------------
             |           Dependent  Number of        
        Name | Command    variable     param.  Title 
-------------+-------------------------------------------------------------
_ivreg2_var3 | ivreg2         var3          7  First-stage regression: var3
_ivreg2_var5 | ivreg2         var5          7  First-stage regression: var5
---------------------------------------------------------------------------

IV (2SLS) estimation
--------------------

Estimates efficient for homoskedasticity only
Statistics robust to heteroskedasticity and clustering on user_id

Number of clusters (user_id) =    4695                Number of obs =    51144
                                                      F(  7,  4694) =     9.19
                                                      Prob > F      =   0.0000
Total (centered) SS     =  12232146.57                Centered R2   =  -0.0201
Total (uncentered) SS   =  12232146.57                Uncentered R2 =  -0.0201
Residual SS             =  12477856.52                Root MSE      =    15.62

------------------------------------------------------------------------------
             |               Robust
total_co~100 | Coefficient  std. err.      t    P>|t|     [95% conf. interval]
-------------+----------------------------------------------------------------
        var3 |  -21.46563   10.51084    -2.04   0.041     -42.0718   -.8594621
        var5 |   36.37165   14.10905     2.58   0.010      8.71129    64.03202
        var4 |  -37.40007   13.26245    -2.82   0.005     -63.4007   -11.39945
        var8 |   .0137193   .0378252     0.36   0.717    -.0604358    .0878745
        var9 |  -.0263422   .0517965    -0.51   0.611    -.1278876    .0752031
       var14 |  -4.283458    4.75072    -0.90   0.367     -13.5971    5.030183
       var15 |   6.873272   5.515175     1.25   0.213     -3.93906     17.6856
------------------------------------------------------------------------------
Underidentification test (Kleibergen-Paap rk LM statistic):             34.341
                                                   Chi-sq(1) P-val =    0.0000
------------------------------------------------------------------------------
Weak identification test (Cragg-Donald Wald F statistic):              309.855
                         (Kleibergen-Paap rk Wald F statistic):         17.872
Stock-Yogo weak ID test critical values: 10% maximal IV size              7.03
                                         15% maximal IV size              4.58
                                         20% maximal IV size              3.95
                                         25% maximal IV size              3.63
Source: Stock-Yogo (2005).  Reproduced by permission.
NB: Critical values are for Cragg-Donald F statistic and i.i.d. errors.
------------------------------------------------------------------------------
Hansen J statistic (overidentification test of all instruments):         0.000
                                                 (equation exactly identified)
------------------------------------------------------------------------------
Instrumented:         var3 var5
Included instruments: var4 var8 var9 var14 var15
Excluded instruments: var6 var7
Partialled-out:       _cons
                      nb: total SS, model F and R2s are after partialling-out;
                          any small-sample adjustments include partialled-out
                          variables in regressor count K
------------------------------------------------------------------------------

Absorbed degrees of freedom:
-----------------------------------------------------------+
       Absorbed FE | Categories  - Redundant  = Num. Coefs |
-------------------+---------------------------------------|
   firm_id#user_id |      5813        5813           0    *|
                yh |        11           1          10     |
-----------------------------------------------------------+
* = FE nested within cluster; treated as redundant for DoF computation
→ Spec 8: rent_gap
(dropped 287 singleton observations)
(MWFE estimator converged in 6 iterations)

HDFE Linear regression                            Number of obs   =     51,144
Absorbing 2 HDFE groups                           F(   7,   4694) =      11.18
Statistics robust to heteroskedasticity           Prob > F        =     0.0000
                                                  R-squared       =     0.7197
                                                  Adj R-squared   =     0.6836
                                                  Within R-sq.    =     0.0055
Number of clusters (user_id) =      4,695         Root MSE        =    16.3844

                            (Std. err. adjusted for 4,695 clusters in user_id)
------------------------------------------------------------------------------
             |               Robust
total_co~100 | Coefficient  std. err.      t    P>|t|     [95% conf. interval]
-------------+----------------------------------------------------------------
        var3 |  -2.249213   1.033458    -2.18   0.030    -4.275277   -.2231493
        var5 |   8.778572   2.745863     3.20   0.001     3.395391    14.16175
        var4 |  -7.725823   3.863544    -2.00   0.046    -15.30018   -.1514628
        var8 |  -.0436058   .0161644    -2.70   0.007    -.0752957   -.0119159
        var9 |   .0259025   .0375271     0.69   0.490    -.0476682    .0994732
       var17 |   .0000468   .0000189     2.47   0.014     9.62e-06    .0000839
       var18 |  -.0001062   .0000479    -2.22   0.027    -.0002001   -.0000123
       _cons |   51.42725   .6241313    82.40   0.000     50.20366    52.65084
------------------------------------------------------------------------------

Absorbed degrees of freedom:
-----------------------------------------------------------+
       Absorbed FE | Categories  - Redundant  = Num. Coefs |
-------------------+---------------------------------------|
   firm_id#user_id |      5813        5813           0    *|
                yh |        11           1          10     |
-----------------------------------------------------------+
* = FE nested within cluster; treated as redundant for DoF computation
(dropped 287 singleton observations)
(MWFE estimator converged in 6 iterations)

Stored estimation results
-------------------------
---------------------------------------------------------------------------
             |           Dependent  Number of        
        Name | Command    variable     param.  Title 
-------------+-------------------------------------------------------------
_ivreg2_var3 | ivreg2         var3          7  First-stage regression: var3
_ivreg2_var5 | ivreg2         var5          7  First-stage regression: var5
---------------------------------------------------------------------------

IV (2SLS) estimation
--------------------

Estimates efficient for homoskedasticity only
Statistics robust to heteroskedasticity and clustering on user_id

Number of clusters (user_id) =    4695                Number of obs =    51144
                                                      F(  7,  4694) =     9.90
                                                      Prob > F      =   0.0000
Total (centered) SS     =  12232146.57                Centered R2   =  -0.0178
Total (uncentered) SS   =  12232146.57                Uncentered R2 =  -0.0178
Residual SS             =  12450035.82                Root MSE      =     15.6

------------------------------------------------------------------------------
             |               Robust
total_co~100 | Coefficient  std. err.      t    P>|t|     [95% conf. interval]
-------------+----------------------------------------------------------------
        var3 |  -20.79149   10.10054    -2.06   0.040    -40.59329   -.9896843
        var5 |   34.61503   13.71508     2.52   0.012     7.727038    61.50303
        var4 |  -23.49873   9.916708    -2.37   0.018    -42.94013   -4.057324
        var8 |   .0153181   .0364355     0.42   0.674    -.0561125    .0867487
        var9 |  -.0297406   .0502672    -0.59   0.554    -.1282878    .0688067
       var17 |   .0000435   .0000189     2.30   0.021     6.49e-06    .0000804
       var18 |  -.0001134   .0000493    -2.30   0.021      -.00021   -.0000167
------------------------------------------------------------------------------
Underidentification test (Kleibergen-Paap rk LM statistic):             36.814
                                                   Chi-sq(1) P-val =    0.0000
------------------------------------------------------------------------------
Weak identification test (Cragg-Donald Wald F statistic):              330.161
                         (Kleibergen-Paap rk Wald F statistic):         19.200
Stock-Yogo weak ID test critical values: 10% maximal IV size              7.03
                                         15% maximal IV size              4.58
                                         20% maximal IV size              3.95
                                         25% maximal IV size              3.63
Source: Stock-Yogo (2005).  Reproduced by permission.
NB: Critical values are for Cragg-Donald F statistic and i.i.d. errors.
------------------------------------------------------------------------------
Hansen J statistic (overidentification test of all instruments):         0.000
                                                 (equation exactly identified)
------------------------------------------------------------------------------
Instrumented:         var3 var5
Included instruments: var4 var8 var9 var17 var18
Excluded instruments: var6 var7
Partialled-out:       _cons
                      nb: total SS, model F and R2s are after partialling-out;
                          any small-sample adjustments include partialled-out
                          variables in regressor count K
------------------------------------------------------------------------------

Absorbed degrees of freedom:
-----------------------------------------------------------+
       Absorbed FE | Categories  - Redundant  = Num. Coefs |
-------------------+---------------------------------------|
   firm_id#user_id |      5813        5813           0    *|
                yh |        11           1          10     |
-----------------------------------------------------------+
* = FE nested within cluster; treated as redundant for DoF computation
→ Spec 9: hhi_seniority
(dropped 302 singleton observations)
(MWFE estimator converged in 6 iterations)

HDFE Linear regression                            Number of obs   =     52,705
Absorbing 2 HDFE groups                           F(   7,   4819) =      10.34
Statistics robust to heteroskedasticity           Prob > F        =     0.0000
                                                  R-squared       =     0.7195
                                                  Adj R-squared   =     0.6835
                                                  Within R-sq.    =     0.0048
Number of clusters (user_id) =      4,820         Root MSE        =    16.4017

                            (Std. err. adjusted for 4,820 clusters in user_id)
------------------------------------------------------------------------------
             |               Robust
total_co~100 | Coefficient  std. err.      t    P>|t|     [95% conf. interval]
-------------+----------------------------------------------------------------
        var3 |  -2.724769   .9891881    -2.75   0.006    -4.664029    -.785509
        var5 |   9.519618   2.716524     3.50   0.000     4.193991    14.84525
        var4 |   -13.5107   5.545388    -2.44   0.015    -24.38219   -2.639211
       var11 |  -.0013463   .0009473    -1.42   0.155    -.0032034    .0005108
       var12 |   .0008195   .0011447     0.72   0.474    -.0014247    .0030636
       var14 |   .0768932   3.593501     0.02   0.983    -6.968009    7.121795
       var15 |   .7702926   4.634139     0.17   0.868    -8.314735     9.85532
       _cons |   51.87081   1.716832    30.21   0.000     48.50503    55.23658
------------------------------------------------------------------------------

Absorbed degrees of freedom:
-----------------------------------------------------------+
       Absorbed FE | Categories  - Redundant  = Num. Coefs |
-------------------+---------------------------------------|
   firm_id#user_id |      5976        5976           0    *|
                yh |        11           1          10     |
-----------------------------------------------------------+
* = FE nested within cluster; treated as redundant for DoF computation
(dropped 302 singleton observations)
(MWFE estimator converged in 6 iterations)

Stored estimation results
-------------------------
---------------------------------------------------------------------------
             |           Dependent  Number of        
        Name | Command    variable     param.  Title 
-------------+-------------------------------------------------------------
_ivreg2_var3 | ivreg2         var3          7  First-stage regression: var3
_ivreg2_var5 | ivreg2         var5          7  First-stage regression: var5
---------------------------------------------------------------------------

IV (2SLS) estimation
--------------------

Estimates efficient for homoskedasticity only
Statistics robust to heteroskedasticity and clustering on user_id

Number of clusters (user_id) =    4820                Number of obs =    52705
                                                      F(  7,  4819) =     8.82
                                                      Prob > F      =   0.0000
Total (centered) SS     =  12627191.38                Centered R2   =  -0.0174
Total (uncentered) SS   =  12627191.38                Uncentered R2 =  -0.0174
Residual SS             =  12847534.62                Root MSE      =    15.62

------------------------------------------------------------------------------
             |               Robust
total_co~100 | Coefficient  std. err.      t    P>|t|     [95% conf. interval]
-------------+----------------------------------------------------------------
        var3 |  -20.47557   8.827361    -2.32   0.020    -37.78122   -3.169912
        var5 |   34.41985   13.47021     2.56   0.011     8.012088    60.82761
        var4 |  -37.24946    13.9593    -2.67   0.008    -64.61606   -9.882854
       var11 |  -.0009313   .0009958    -0.94   0.350    -.0028835    .0010209
       var12 |    .000657   .0012424     0.53   0.597    -.0017786    .0030926
       var14 |  -4.681575   4.297915    -1.09   0.276    -13.10745      3.7443
       var15 |   6.426234    5.29473     1.21   0.225    -3.953854    16.80632
------------------------------------------------------------------------------
Underidentification test (Kleibergen-Paap rk LM statistic):             47.964
                                                   Chi-sq(1) P-val =    0.0000
------------------------------------------------------------------------------
Weak identification test (Cragg-Donald Wald F statistic):              407.443
                         (Kleibergen-Paap rk Wald F statistic):         25.516
Stock-Yogo weak ID test critical values: 10% maximal IV size              7.03
                                         15% maximal IV size              4.58
                                         20% maximal IV size              3.95
                                         25% maximal IV size              3.63
Source: Stock-Yogo (2005).  Reproduced by permission.
NB: Critical values are for Cragg-Donald F statistic and i.i.d. errors.
------------------------------------------------------------------------------
Hansen J statistic (overidentification test of all instruments):         0.000
                                                 (equation exactly identified)
------------------------------------------------------------------------------
Instrumented:         var3 var5
Included instruments: var4 var11 var12 var14 var15
Excluded instruments: var6 var7
Partialled-out:       _cons
                      nb: total SS, model F and R2s are after partialling-out;
                          any small-sample adjustments include partialled-out
                          variables in regressor count K
------------------------------------------------------------------------------

Absorbed degrees of freedom:
-----------------------------------------------------------+
       Absorbed FE | Categories  - Redundant  = Num. Coefs |
-------------------+---------------------------------------|
   firm_id#user_id |      5976        5976           0    *|
                yh |        11           1          10     |
-----------------------------------------------------------+
* = FE nested within cluster; treated as redundant for DoF computation
→ Spec 10: hhi_gap
(dropped 302 singleton observations)
(MWFE estimator converged in 6 iterations)

HDFE Linear regression                            Number of obs   =     52,705
Absorbing 2 HDFE groups                           F(   7,   4819) =      11.68
Statistics robust to heteroskedasticity           Prob > F        =     0.0000
                                                  R-squared       =     0.7197
                                                  Adj R-squared   =     0.6838
                                                  Within R-sq.    =     0.0056
Number of clusters (user_id) =      4,820         Root MSE        =    16.3950

                            (Std. err. adjusted for 4,820 clusters in user_id)
------------------------------------------------------------------------------
             |               Robust
total_co~100 | Coefficient  std. err.      t    P>|t|     [95% conf. interval]
-------------+----------------------------------------------------------------
        var3 |  -2.614109   .9868115    -2.65   0.008     -4.54871   -.6795085
        var5 |   9.901449   2.716387     3.65   0.000      4.57609    15.22681
        var4 |  -6.766947   3.210161    -2.11   0.035    -13.06033   -.4735657
       var11 |  -.0015027   .0009205    -1.63   0.103    -.0033073    .0003018
       var12 |   .0008863   .0010951     0.81   0.418    -.0012605    .0030331
       var17 |   .0000575   .0000182     3.16   0.002     .0000219    .0000932
       var18 |  -.0001281   .0000463    -2.77   0.006    -.0002189   -.0000373
       _cons |   50.60835   .5275606    95.93   0.000     49.57409    51.64261
------------------------------------------------------------------------------

Absorbed degrees of freedom:
-----------------------------------------------------------+
       Absorbed FE | Categories  - Redundant  = Num. Coefs |
-------------------+---------------------------------------|
   firm_id#user_id |      5976        5976           0    *|
                yh |        11           1          10     |
-----------------------------------------------------------+
* = FE nested within cluster; treated as redundant for DoF computation
(dropped 302 singleton observations)
(MWFE estimator converged in 6 iterations)

Stored estimation results
-------------------------
---------------------------------------------------------------------------
             |           Dependent  Number of        
        Name | Command    variable     param.  Title 
-------------+-------------------------------------------------------------
_ivreg2_var3 | ivreg2         var3          7  First-stage regression: var3
_ivreg2_var5 | ivreg2         var5          7  First-stage regression: var5
---------------------------------------------------------------------------

IV (2SLS) estimation
--------------------

Estimates efficient for homoskedasticity only
Statistics robust to heteroskedasticity and clustering on user_id

Number of clusters (user_id) =    4820                Number of obs =    52705
                                                      F(  7,  4819) =    10.06
                                                      Prob > F      =   0.0000
Total (centered) SS     =  12627191.38                Centered R2   =  -0.0151
Total (uncentered) SS   =  12627191.38                Uncentered R2 =  -0.0151
Residual SS             =   12817994.6                Root MSE      =     15.6

------------------------------------------------------------------------------
             |               Robust
total_co~100 | Coefficient  std. err.      t    P>|t|     [95% conf. interval]
-------------+----------------------------------------------------------------
        var3 |  -19.79397   8.481581    -2.33   0.020    -36.42174   -3.166205
        var5 |   32.30991   12.71811     2.54   0.011     7.376603    57.24321
        var4 |  -22.94661   10.01768    -2.29   0.022    -42.58583    -3.30739
       var11 |   -.000803   .0010278    -0.78   0.435     -.002818    .0012121
       var12 |   .0003128   .0012155     0.26   0.797    -.0020702    .0026959
       var17 |   .0000435   .0000194     2.24   0.025     5.47e-06    .0000816
       var18 |  -.0001219   .0000484    -2.52   0.012    -.0002167   -.0000271
------------------------------------------------------------------------------
Underidentification test (Kleibergen-Paap rk LM statistic):             51.202
                                                   Chi-sq(1) P-val =    0.0000
------------------------------------------------------------------------------
Weak identification test (Cragg-Donald Wald F statistic):              436.374
                         (Kleibergen-Paap rk Wald F statistic):         27.460
Stock-Yogo weak ID test critical values: 10% maximal IV size              7.03
                                         15% maximal IV size              4.58
                                         20% maximal IV size              3.95
                                         25% maximal IV size              3.63
Source: Stock-Yogo (2005).  Reproduced by permission.
NB: Critical values are for Cragg-Donald F statistic and i.i.d. errors.
------------------------------------------------------------------------------
Hansen J statistic (overidentification test of all instruments):         0.000
                                                 (equation exactly identified)
------------------------------------------------------------------------------
Instrumented:         var3 var5
Included instruments: var4 var11 var12 var17 var18
Excluded instruments: var6 var7
Partialled-out:       _cons
                      nb: total SS, model F and R2s are after partialling-out;
                          any small-sample adjustments include partialled-out
                          variables in regressor count K
------------------------------------------------------------------------------

Absorbed degrees of freedom:
-----------------------------------------------------------+
       Absorbed FE | Categories  - Redundant  = Num. Coefs |
-------------------+---------------------------------------|
   firm_id#user_id |      5976        5976           0    *|
                yh |        11           1          10     |
-----------------------------------------------------------+
* = FE nested within cluster; treated as redundant for DoF computation
→ Spec 11: seniority_gap
(dropped 302 singleton observations)
(MWFE estimator converged in 6 iterations)

HDFE Linear regression                            Number of obs   =     52,718
Absorbing 2 HDFE groups                           F(   7,   4819) =      11.35
Statistics robust to heteroskedasticity           Prob > F        =     0.0000
                                                  R-squared       =     0.7197
                                                  Adj R-squared   =     0.6838
                                                  Within R-sq.    =     0.0054
Number of clusters (user_id) =      4,820         Root MSE        =    16.3963

                            (Std. err. adjusted for 4,820 clusters in user_id)
------------------------------------------------------------------------------
             |               Robust
total_co~100 | Coefficient  std. err.      t    P>|t|     [95% conf. interval]
-------------+----------------------------------------------------------------
        var3 |  -2.672132   .9882784    -2.70   0.007    -4.609608   -.7346549
        var5 |   10.33163   2.715453     3.80   0.000     5.008101    15.65516
        var4 |  -7.908352   5.432474    -1.46   0.146    -18.55848    2.741777
       var17 |   .0000552    .000018     3.08   0.002       .00002    .0000904
       var18 |  -.0001251   .0000463    -2.70   0.007    -.0002157   -.0000344
       var14 |   .8561186   3.610891     0.24   0.813    -6.222875    7.935112
       var15 |   .8374181   4.495228     0.19   0.852    -7.975281    9.650117
       _cons |   49.98925   1.656794    30.17   0.000     46.74118    53.23732
------------------------------------------------------------------------------

Absorbed degrees of freedom:
-----------------------------------------------------------+
       Absorbed FE | Categories  - Redundant  = Num. Coefs |
-------------------+---------------------------------------|
   firm_id#user_id |      5980        5980           0    *|
                yh |        11           1          10     |
-----------------------------------------------------------+
* = FE nested within cluster; treated as redundant for DoF computation
(dropped 302 singleton observations)
(MWFE estimator converged in 6 iterations)

Stored estimation results
-------------------------
---------------------------------------------------------------------------
             |           Dependent  Number of        
        Name | Command    variable     param.  Title 
-------------+-------------------------------------------------------------
_ivreg2_var3 | ivreg2         var3          7  First-stage regression: var3
_ivreg2_var5 | ivreg2         var5          7  First-stage regression: var5
---------------------------------------------------------------------------

IV (2SLS) estimation
--------------------

Estimates efficient for homoskedasticity only
Statistics robust to heteroskedasticity and clustering on user_id

Number of clusters (user_id) =    4820                Number of obs =    52718
                                                      F(  7,  4819) =     9.69
                                                      Prob > F      =   0.0000
Total (centered) SS     =  12628633.21                Centered R2   =  -0.0150
Total (uncentered) SS   =  12628633.21                Uncentered R2 =  -0.0150
Residual SS             =  12818009.45                Root MSE      =     15.6

------------------------------------------------------------------------------
             |               Robust
total_co~100 | Coefficient  std. err.      t    P>|t|     [95% conf. interval]
-------------+----------------------------------------------------------------
        var3 |  -19.58175   9.053188    -2.16   0.031    -37.33013   -1.833366
        var5 |   35.34013   12.65035     2.79   0.005     10.53968    60.14058
        var4 |  -31.51432   12.56176    -2.51   0.012    -56.14111   -6.887531
       var17 |   .0000437   .0000191     2.29   0.022     6.32e-06     .000081
       var18 |  -.0001258    .000048    -2.62   0.009    -.0002199   -.0000317
       var14 |  -3.940122   4.442169    -0.89   0.375     -12.6488    4.768556
       var15 |   6.152869   5.177129     1.19   0.235    -3.996667     16.3024
------------------------------------------------------------------------------
Underidentification test (Kleibergen-Paap rk LM statistic):             45.163
                                                   Chi-sq(1) P-val =    0.0000
------------------------------------------------------------------------------
Weak identification test (Cragg-Donald Wald F statistic):              386.677
                         (Kleibergen-Paap rk Wald F statistic):         24.246
Stock-Yogo weak ID test critical values: 10% maximal IV size              7.03
                                         15% maximal IV size              4.58
                                         20% maximal IV size              3.95
                                         25% maximal IV size              3.63
Source: Stock-Yogo (2005).  Reproduced by permission.
NB: Critical values are for Cragg-Donald F statistic and i.i.d. errors.
------------------------------------------------------------------------------
Hansen J statistic (overidentification test of all instruments):         0.000
                                                 (equation exactly identified)
------------------------------------------------------------------------------
Instrumented:         var3 var5
Included instruments: var4 var17 var18 var14 var15
Excluded instruments: var6 var7
Partialled-out:       _cons
                      nb: total SS, model F and R2s are after partialling-out;
                          any small-sample adjustments include partialled-out
                          variables in regressor count K
------------------------------------------------------------------------------

Absorbed degrees of freedom:
-----------------------------------------------------------+
       Absorbed FE | Categories  - Redundant  = Num. Coefs |
-------------------+---------------------------------------|
   firm_id#user_id |      5980        5980           0    *|
                yh |        11           1          10     |
-----------------------------------------------------------+
* = FE nested within cluster; treated as redundant for DoF computation
→ Spec 12: rent_hhi_seniority
(dropped 287 singleton observations)
(MWFE estimator converged in 6 iterations)

HDFE Linear regression                            Number of obs   =     51,131
Absorbing 2 HDFE groups                           F(   9,   4694) =       8.49
Statistics robust to heteroskedasticity           Prob > F        =     0.0000
                                                  R-squared       =     0.7195
                                                  Adj R-squared   =     0.6834
                                                  Within R-sq.    =     0.0053
Number of clusters (user_id) =      4,695         Root MSE        =    16.3876

                            (Std. err. adjusted for 4,695 clusters in user_id)
------------------------------------------------------------------------------
             |               Robust
total_co~100 | Coefficient  std. err.      t    P>|t|     [95% conf. interval]
-------------+----------------------------------------------------------------
        var3 |  -2.227637   1.037736    -2.15   0.032    -4.262087   -.1931877
        var5 |    8.05899   2.748672     2.93   0.003     2.670304    13.44768
        var4 |  -13.48509   5.731735    -2.35   0.019    -24.72198   -2.248196
        var8 |  -.0455591   .0161409    -2.82   0.005    -.0772028   -.0139153
        var9 |   .0293117   .0379854     0.77   0.440    -.0451576    .1037811
       var11 |  -.0014734   .0009853    -1.50   0.135    -.0034051    .0004583
       var12 |   .0008869   .0011782     0.75   0.452    -.0014229    .0031966
       var14 |   .2022296   3.590456     0.06   0.955    -6.836749    7.241208
       var15 |   .8510788   4.701094     0.18   0.856    -8.365272    10.06743
       _cons |    52.7219   1.718397    30.68   0.000     49.35303    56.09076
------------------------------------------------------------------------------

Absorbed degrees of freedom:
-----------------------------------------------------------+
       Absorbed FE | Categories  - Redundant  = Num. Coefs |
-------------------+---------------------------------------|
   firm_id#user_id |      5809        5809           0    *|
                yh |        11           1          10     |
-----------------------------------------------------------+
* = FE nested within cluster; treated as redundant for DoF computation
(dropped 287 singleton observations)
(MWFE estimator converged in 6 iterations)

Stored estimation results
-------------------------
---------------------------------------------------------------------------
             |           Dependent  Number of        
        Name | Command    variable     param.  Title 
-------------+-------------------------------------------------------------
_ivreg2_var3 | ivreg2         var3          9  First-stage regression: var3
_ivreg2_var5 | ivreg2         var5          9  First-stage regression: var5
---------------------------------------------------------------------------

IV (2SLS) estimation
--------------------

Estimates efficient for homoskedasticity only
Statistics robust to heteroskedasticity and clustering on user_id

Number of clusters (user_id) =    4695                Number of obs =    51131
                                                      F(  9,  4694) =     7.57
                                                      Prob > F      =   0.0000
Total (centered) SS     =  12230710.02                Centered R2   =  -0.0236
Total (uncentered) SS   =  12230710.02                Uncentered R2 =  -0.0236
Residual SS             =  12519714.13                Root MSE      =    15.65

------------------------------------------------------------------------------
             |               Robust
total_co~100 | Coefficient  std. err.      t    P>|t|     [95% conf. interval]
-------------+----------------------------------------------------------------
        var3 |  -22.99288   10.47614    -2.19   0.028    -43.53102   -2.454727
        var5 |   35.94061   15.25188     2.36   0.018     6.039769    65.84144
        var4 |  -37.82349   15.18853    -2.49   0.013    -67.60013    -8.04684
        var8 |    .021152   .0377374     0.56   0.575     -.052831     .095135
        var9 |  -.0343496   .0516801    -0.66   0.506    -.1356669    .0669676
       var11 |  -.0014519   .0009953    -1.46   0.145    -.0034032    .0004994
       var12 |   .0011171   .0012527     0.89   0.373    -.0013388    .0035729
       var14 |  -6.077377   4.815782    -1.26   0.207    -15.51857    3.363816
       var15 |   7.982853   5.768662     1.38   0.166    -3.326433    19.29214
------------------------------------------------------------------------------
Underidentification test (Kleibergen-Paap rk LM statistic):             35.395
                                                   Chi-sq(1) P-val =    0.0000
------------------------------------------------------------------------------
Weak identification test (Cragg-Donald Wald F statistic):              313.839
                         (Kleibergen-Paap rk Wald F statistic):         18.255
Stock-Yogo weak ID test critical values: 10% maximal IV size              7.03
                                         15% maximal IV size              4.58
                                         20% maximal IV size              3.95
                                         25% maximal IV size              3.63
Source: Stock-Yogo (2005).  Reproduced by permission.
NB: Critical values are for Cragg-Donald F statistic and i.i.d. errors.
------------------------------------------------------------------------------
Hansen J statistic (overidentification test of all instruments):         0.000
                                                 (equation exactly identified)
------------------------------------------------------------------------------
Instrumented:         var3 var5
Included instruments: var4 var8 var9 var11 var12 var14 var15
Excluded instruments: var6 var7
Partialled-out:       _cons
                      nb: total SS, model F and R2s are after partialling-out;
                          any small-sample adjustments include partialled-out
                          variables in regressor count K
------------------------------------------------------------------------------

Absorbed degrees of freedom:
-----------------------------------------------------------+
       Absorbed FE | Categories  - Redundant  = Num. Coefs |
-------------------+---------------------------------------|
   firm_id#user_id |      5809        5809           0    *|
                yh |        11           1          10     |
-----------------------------------------------------------+
* = FE nested within cluster; treated as redundant for DoF computation
→ Spec 13: rent_hhi_gap
(dropped 287 singleton observations)
(MWFE estimator converged in 6 iterations)

HDFE Linear regression                            Number of obs   =     51,131
Absorbing 2 HDFE groups                           F(   9,   4694) =       9.14
Statistics robust to heteroskedasticity           Prob > F        =     0.0000
                                                  R-squared       =     0.7197
                                                  Adj R-squared   =     0.6836
                                                  Within R-sq.    =     0.0059
Number of clusters (user_id) =      4,695         Root MSE        =    16.3828

                            (Std. err. adjusted for 4,695 clusters in user_id)
------------------------------------------------------------------------------
             |               Robust
total_co~100 | Coefficient  std. err.      t    P>|t|     [95% conf. interval]
-------------+----------------------------------------------------------------
        var3 |  -2.207182   1.033039    -2.14   0.033    -4.232423    -.181941
        var5 |   8.407852   2.749496     3.06   0.002     3.017548    13.79816
        var4 |  -7.119903   3.951211    -1.80   0.072    -14.86613     .626325
        var8 |  -.0407673   .0162153    -2.51   0.012     -.072557   -.0089777
        var9 |   .0213473   .0373924     0.57   0.568    -.0519593     .094654
       var11 |  -.0016312   .0009526    -1.71   0.087    -.0034987    .0002363
       var12 |   .0009349   .0011241     0.83   0.406    -.0012688    .0031387
       var17 |   .0000493   .0000195     2.53   0.012     .0000111    .0000876
       var18 |  -.0001095   .0000479    -2.28   0.022    -.0002035   -.0000156
       _cons |   51.62351   .6369934    81.04   0.000     50.37471    52.87232
------------------------------------------------------------------------------

Absorbed degrees of freedom:
-----------------------------------------------------------+
       Absorbed FE | Categories  - Redundant  = Num. Coefs |
-------------------+---------------------------------------|
   firm_id#user_id |      5809        5809           0    *|
                yh |        11           1          10     |
-----------------------------------------------------------+
* = FE nested within cluster; treated as redundant for DoF computation
(dropped 287 singleton observations)
(MWFE estimator converged in 6 iterations)

Stored estimation results
-------------------------
---------------------------------------------------------------------------
             |           Dependent  Number of        
        Name | Command    variable     param.  Title 
-------------+-------------------------------------------------------------
_ivreg2_var3 | ivreg2         var3          9  First-stage regression: var3
_ivreg2_var5 | ivreg2         var5          9  First-stage regression: var5
---------------------------------------------------------------------------

IV (2SLS) estimation
--------------------

Estimates efficient for homoskedasticity only
Statistics robust to heteroskedasticity and clustering on user_id

Number of clusters (user_id) =    4695                Number of obs =    51131
                                                      F(  9,  4694) =     8.21
                                                      Prob > F      =   0.0000
Total (centered) SS     =  12230710.02                Centered R2   =  -0.0201
Total (uncentered) SS   =  12230710.02                Uncentered R2 =  -0.0201
Residual SS             =  12476784.68                Root MSE      =    15.62

------------------------------------------------------------------------------
             |               Robust
total_co~100 | Coefficient  std. err.      t    P>|t|     [95% conf. interval]
-------------+----------------------------------------------------------------
        var3 |  -21.90637   9.893385    -2.21   0.027    -41.30205   -2.510688
        var5 |    32.8021    14.2581     2.30   0.021     4.849529    60.75467
        var4 |   -21.3836   10.78462    -1.98   0.047    -42.52653   -.2406725
        var8 |   .0211204   .0355572     0.59   0.553    -.0485884    .0908292
        var9 |  -.0381587   .0495851    -0.77   0.442    -.1353688    .0590513
       var11 |  -.0012402    .001015    -1.22   0.222      -.00323    .0007497
       var12 |   .0006603   .0012121     0.54   0.586    -.0017159    .0030366
       var17 |   .0000452   .0000193     2.34   0.019     7.38e-06     .000083
       var18 |   -.000112   .0000495    -2.26   0.024    -.0002091   -.0000149
------------------------------------------------------------------------------
Underidentification test (Kleibergen-Paap rk LM statistic):             38.808
                                                   Chi-sq(1) P-val =    0.0000
------------------------------------------------------------------------------
Weak identification test (Cragg-Donald Wald F statistic):              345.064
                         (Kleibergen-Paap rk Wald F statistic):         20.126
Stock-Yogo weak ID test critical values: 10% maximal IV size              7.03
                                         15% maximal IV size              4.58
                                         20% maximal IV size              3.95
                                         25% maximal IV size              3.63
Source: Stock-Yogo (2005).  Reproduced by permission.
NB: Critical values are for Cragg-Donald F statistic and i.i.d. errors.
------------------------------------------------------------------------------
Hansen J statistic (overidentification test of all instruments):         0.000
                                                 (equation exactly identified)
------------------------------------------------------------------------------
Instrumented:         var3 var5
Included instruments: var4 var8 var9 var11 var12 var17 var18
Excluded instruments: var6 var7
Partialled-out:       _cons
                      nb: total SS, model F and R2s are after partialling-out;
                          any small-sample adjustments include partialled-out
                          variables in regressor count K
------------------------------------------------------------------------------

Absorbed degrees of freedom:
-----------------------------------------------------------+
       Absorbed FE | Categories  - Redundant  = Num. Coefs |
-------------------+---------------------------------------|
   firm_id#user_id |      5809        5809           0    *|
                yh |        11           1          10     |
-----------------------------------------------------------+
* = FE nested within cluster; treated as redundant for DoF computation
→ Spec 14: rent_seniority_gap
(dropped 287 singleton observations)
(MWFE estimator converged in 6 iterations)

HDFE Linear regression                            Number of obs   =     51,144
Absorbing 2 HDFE groups                           F(   9,   4694) =       8.82
Statistics robust to heteroskedasticity           Prob > F        =     0.0000
                                                  R-squared       =     0.7197
                                                  Adj R-squared   =     0.6836
                                                  Within R-sq.    =     0.0056
Number of clusters (user_id) =      4,695         Root MSE        =    16.3843

                            (Std. err. adjusted for 4,695 clusters in user_id)
------------------------------------------------------------------------------
             |               Robust
total_co~100 | Coefficient  std. err.      t    P>|t|     [95% conf. interval]
-------------+----------------------------------------------------------------
        var3 |  -2.219454   1.038054    -2.14   0.033    -4.254528   -.1843803
        var5 |   8.866016   2.750183     3.22   0.001     3.474366    14.25767
        var4 |  -8.465742   5.688882    -1.49   0.137    -19.61862    2.687138
        var8 |  -.0438083   .0162101    -2.70   0.007    -.0755878   -.0120289
        var9 |   .0223117   .0380212     0.59   0.557    -.0522276     .096851
       var14 |   1.151986   3.577464     0.32   0.747    -5.861523    8.165494
       var15 |   .9645239   4.528104     0.21   0.831    -7.912685    9.841733
       var17 |   .0000464   .0000191     2.43   0.015     8.91e-06    .0000839
       var18 |  -.0001061   .0000478    -2.22   0.027    -.0001999   -.0000124
       _cons |   50.91115   1.650636    30.84   0.000     47.67513    54.14717
------------------------------------------------------------------------------

Absorbed degrees of freedom:
-----------------------------------------------------------+
       Absorbed FE | Categories  - Redundant  = Num. Coefs |
-------------------+---------------------------------------|
   firm_id#user_id |      5813        5813           0    *|
                yh |        11           1          10     |
-----------------------------------------------------------+
* = FE nested within cluster; treated as redundant for DoF computation
(dropped 287 singleton observations)
(MWFE estimator converged in 6 iterations)

Stored estimation results
-------------------------
---------------------------------------------------------------------------
             |           Dependent  Number of        
        Name | Command    variable     param.  Title 
-------------+-------------------------------------------------------------
_ivreg2_var3 | ivreg2         var3          9  First-stage regression: var3
_ivreg2_var5 | ivreg2         var5          9  First-stage regression: var5
---------------------------------------------------------------------------

IV (2SLS) estimation
--------------------

Estimates efficient for homoskedasticity only
Statistics robust to heteroskedasticity and clustering on user_id

Number of clusters (user_id) =    4695                Number of obs =    51144
                                                      F(  9,  4694) =     7.85
                                                      Prob > F      =   0.0000
Total (centered) SS     =  12232146.57                Centered R2   =  -0.0192
Total (uncentered) SS   =  12232146.57                Uncentered R2 =  -0.0192
Residual SS             =  12466472.04                Root MSE      =    15.62

------------------------------------------------------------------------------
             |               Robust
total_co~100 | Coefficient  std. err.      t    P>|t|     [95% conf. interval]
-------------+----------------------------------------------------------------
        var3 |  -21.34101   10.49267    -2.03   0.042    -41.91156   -.7704486
        var5 |   36.17548   14.07901     2.57   0.010     8.574016    63.77694
        var4 |  -31.32276   12.91952    -2.42   0.015    -56.65108   -5.994438
        var8 |   .0175005   .0378805     0.46   0.644     -.056763     .091764
        var9 |  -.0362119   .0515811    -0.70   0.483     -.137335    .0649113
       var14 |   -4.63419   4.846514    -0.96   0.339    -14.13563    4.867253
       var15 |    7.24435   5.566212     1.30   0.193     -3.66804    18.15674
       var17 |   .0000448   .0000191     2.35   0.019     7.38e-06    .0000821
       var18 |  -.0001163   .0000492    -2.36   0.018    -.0002128   -.0000198
------------------------------------------------------------------------------
Underidentification test (Kleibergen-Paap rk LM statistic):             34.367
                                                   Chi-sq(1) P-val =    0.0000
------------------------------------------------------------------------------
Weak identification test (Cragg-Donald Wald F statistic):              309.708
                         (Kleibergen-Paap rk Wald F statistic):         17.880
Stock-Yogo weak ID test critical values: 10% maximal IV size              7.03
                                         15% maximal IV size              4.58
                                         20% maximal IV size              3.95
                                         25% maximal IV size              3.63
Source: Stock-Yogo (2005).  Reproduced by permission.
NB: Critical values are for Cragg-Donald F statistic and i.i.d. errors.
------------------------------------------------------------------------------
Hansen J statistic (overidentification test of all instruments):         0.000
                                                 (equation exactly identified)
------------------------------------------------------------------------------
Instrumented:         var3 var5
Included instruments: var4 var8 var9 var14 var15 var17 var18
Excluded instruments: var6 var7
Partialled-out:       _cons
                      nb: total SS, model F and R2s are after partialling-out;
                          any small-sample adjustments include partialled-out
                          variables in regressor count K
------------------------------------------------------------------------------

Absorbed degrees of freedom:
-----------------------------------------------------------+
       Absorbed FE | Categories  - Redundant  = Num. Coefs |
-------------------+---------------------------------------|
   firm_id#user_id |      5813        5813           0    *|
                yh |        11           1          10     |
-----------------------------------------------------------+
* = FE nested within cluster; treated as redundant for DoF computation
→ Spec 15: hhi_seniority_gap
(dropped 302 singleton observations)
(MWFE estimator converged in 6 iterations)

HDFE Linear regression                            Number of obs   =     52,705
Absorbing 2 HDFE groups                           F(   9,   4819) =       9.11
Statistics robust to heteroskedasticity           Prob > F        =     0.0000
                                                  R-squared       =     0.7197
                                                  Adj R-squared   =     0.6838
                                                  Within R-sq.    =     0.0056
Number of clusters (user_id) =      4,820         Root MSE        =    16.3953

                            (Std. err. adjusted for 4,820 clusters in user_id)
------------------------------------------------------------------------------
             |               Robust
total_co~100 | Coefficient  std. err.      t    P>|t|     [95% conf. interval]
-------------+----------------------------------------------------------------
        var3 |  -2.624747   .9881085    -2.66   0.008     -4.56189   -.6876031
        var5 |   9.984202   2.737073     3.65   0.000     4.618289    15.35011
        var4 |  -8.156215   5.901989    -1.38   0.167    -19.72681    3.414378
       var11 |  -.0015338   .0009437    -1.63   0.104    -.0033839    .0003163
       var12 |   .0009817   .0011382     0.86   0.388    -.0012498    .0032131
       var14 |  -.5456352   3.733666    -0.15   0.884    -7.865325    6.774054
       var15 |   1.290897    4.70576     0.27   0.784     -7.93454    10.51634
       var17 |   .0000577   .0000184     3.13   0.002     .0000216    .0000939
       var18 |  -.0001281   .0000464    -2.76   0.006    -.0002191   -.0000372
       _cons |   50.85976   1.733807    29.33   0.000     47.46071    54.25881
------------------------------------------------------------------------------

Absorbed degrees of freedom:
-----------------------------------------------------------+
       Absorbed FE | Categories  - Redundant  = Num. Coefs |
-------------------+---------------------------------------|
   firm_id#user_id |      5976        5976           0    *|
                yh |        11           1          10     |
-----------------------------------------------------------+
* = FE nested within cluster; treated as redundant for DoF computation
(dropped 302 singleton observations)
(MWFE estimator converged in 6 iterations)

Stored estimation results
-------------------------
---------------------------------------------------------------------------
             |           Dependent  Number of        
        Name | Command    variable     param.  Title 
-------------+-------------------------------------------------------------
_ivreg2_var3 | ivreg2         var3          9  First-stage regression: var3
_ivreg2_var5 | ivreg2         var5          9  First-stage regression: var5
---------------------------------------------------------------------------

IV (2SLS) estimation
--------------------

Estimates efficient for homoskedasticity only
Statistics robust to heteroskedasticity and clustering on user_id

Number of clusters (user_id) =    4820                Number of obs =    52705
                                                      F(  9,  4819) =     7.87
                                                      Prob > F      =   0.0000
Total (centered) SS     =  12627191.38                Centered R2   =  -0.0169
Total (uncentered) SS   =  12627191.38                Uncentered R2 =  -0.0169
Residual SS             =  12840499.38                Root MSE      =    15.61

------------------------------------------------------------------------------
             |               Robust
total_co~100 | Coefficient  std. err.      t    P>|t|     [95% conf. interval]
-------------+----------------------------------------------------------------
        var3 |  -20.52136   8.804754    -2.33   0.020     -37.7827   -3.260025
        var5 |   34.50835   13.45837     2.56   0.010     8.123816    60.89289
        var4 |  -31.47515   13.71638    -2.29   0.022    -58.36552   -4.584788
       var11 |  -.0010739   .0010041    -1.07   0.285    -.0030424    .0008947
       var12 |   .0007497   .0012436     0.60   0.547    -.0016883    .0031877
       var14 |  -5.197454   4.378276    -1.19   0.235    -13.78087    3.385965
       var15 |   6.751208   5.315586     1.27   0.204    -3.669767    17.17218
       var17 |   .0000448   .0000195     2.29   0.022     6.51e-06     .000083
       var18 |  -.0001248   .0000483    -2.58   0.010    -.0002195   -.0000301
------------------------------------------------------------------------------
Underidentification test (Kleibergen-Paap rk LM statistic):             48.277
                                                   Chi-sq(1) P-val =    0.0000
------------------------------------------------------------------------------
Weak identification test (Cragg-Donald Wald F statistic):              408.567
                         (Kleibergen-Paap rk Wald F statistic):         25.748
Stock-Yogo weak ID test critical values: 10% maximal IV size              7.03
                                         15% maximal IV size              4.58
                                         20% maximal IV size              3.95
                                         25% maximal IV size              3.63
Source: Stock-Yogo (2005).  Reproduced by permission.
NB: Critical values are for Cragg-Donald F statistic and i.i.d. errors.
------------------------------------------------------------------------------
Hansen J statistic (overidentification test of all instruments):         0.000
                                                 (equation exactly identified)
------------------------------------------------------------------------------
Instrumented:         var3 var5
Included instruments: var4 var11 var12 var14 var15 var17 var18
Excluded instruments: var6 var7
Partialled-out:       _cons
                      nb: total SS, model F and R2s are after partialling-out;
                          any small-sample adjustments include partialled-out
                          variables in regressor count K
------------------------------------------------------------------------------

Absorbed degrees of freedom:
-----------------------------------------------------------+
       Absorbed FE | Categories  - Redundant  = Num. Coefs |
-------------------+---------------------------------------|
   firm_id#user_id |      5976        5976           0    *|
                yh |        11           1          10     |
-----------------------------------------------------------+
* = FE nested within cluster; treated as redundant for DoF computation
→ Spec 16: rent_hhi_seniority_gap
(dropped 287 singleton observations)
(MWFE estimator converged in 6 iterations)

HDFE Linear regression                            Number of obs   =     51,131
Absorbing 2 HDFE groups                           F(  11,   4694) =       7.50
Statistics robust to heteroskedasticity           Prob > F        =     0.0000
                                                  R-squared       =     0.7197
                                                  Adj R-squared   =     0.6836
                                                  Within R-sq.    =     0.0059
Number of clusters (user_id) =      4,695         Root MSE        =    16.3830

                            (Std. err. adjusted for 4,695 clusters in user_id)
------------------------------------------------------------------------------
             |               Robust
total_co~100 | Coefficient  std. err.      t    P>|t|     [95% conf. interval]
-------------+----------------------------------------------------------------
        var3 |  -2.216656   1.036421    -2.14   0.033    -4.248528   -.1847846
        var5 |   8.519006   2.769032     3.08   0.002     3.090403    13.94761
        var4 |  -8.595925   6.107407    -1.41   0.159    -20.56931    3.377459
        var8 |  -.0406571   .0162981    -2.49   0.013     -.072609   -.0087052
        var9 |   .0195435   .0379815     0.51   0.607     -.054918    .0940049
       var11 |   -.001655   .0009804    -1.69   0.091     -.003577     .000267
       var12 |   .0010487   .0011709     0.90   0.370    -.0012468    .0033442
       var14 |  -.3902438    3.71885    -0.10   0.916    -7.680935    6.900447
       var15 |   1.459023   4.760803     0.31   0.759    -7.874387    10.79243
       var17 |   .0000495   .0000198     2.50   0.012     .0000107    .0000882
       var18 |  -.0001097    .000048    -2.29   0.022    -.0002039   -.0000156
       _cons |   51.80157   1.731187    29.92   0.000     48.40763    55.19551
------------------------------------------------------------------------------

Absorbed degrees of freedom:
-----------------------------------------------------------+
       Absorbed FE | Categories  - Redundant  = Num. Coefs |
-------------------+---------------------------------------|
   firm_id#user_id |      5809        5809           0    *|
                yh |        11           1          10     |
-----------------------------------------------------------+
* = FE nested within cluster; treated as redundant for DoF computation
(dropped 287 singleton observations)
(MWFE estimator converged in 6 iterations)

Stored estimation results
-------------------------
---------------------------------------------------------------------------
             |           Dependent  Number of        
        Name | Command    variable     param.  Title 
-------------+-------------------------------------------------------------
_ivreg2_var3 | ivreg2         var3         11  First-stage regression: var3
_ivreg2_var5 | ivreg2         var5         11  First-stage regression: var5
---------------------------------------------------------------------------

IV (2SLS) estimation
--------------------

Estimates efficient for homoskedasticity only
Statistics robust to heteroskedasticity and clustering on user_id

Number of clusters (user_id) =    4695                Number of obs =    51131
                                                      F( 11,  4694) =     6.73
                                                      Prob > F      =   0.0000
Total (centered) SS     =  12230710.02                Centered R2   =  -0.0231
Total (uncentered) SS   =  12230710.02                Uncentered R2 =  -0.0231
Residual SS             =  12513161.94                Root MSE      =    15.65

------------------------------------------------------------------------------
             |               Robust
total_co~100 | Coefficient  std. err.      t    P>|t|     [95% conf. interval]
-------------+----------------------------------------------------------------
        var3 |  -23.04408   10.45892    -2.20   0.028    -43.54848   -2.539688
        var5 |   35.59823   15.14982     2.35   0.019     5.897468      65.299
        var4 |  -31.68277   14.62878    -2.17   0.030    -60.36204   -3.003496
        var8 |   .0260669   .0378306     0.69   0.491    -.0480988    .1002326
        var9 |  -.0452264   .0514426    -0.88   0.379    -.1460781    .0556253
       var11 |  -.0016265   .0009996    -1.63   0.104    -.0035862    .0003332
       var12 |   .0012362    .001249     0.99   0.322    -.0012125    .0036849
       var14 |   -6.66611   4.936727    -1.35   0.177    -16.34441    3.012192
       var15 |   8.477725   5.833944     1.45   0.146    -2.959544    19.91499
       var17 |   .0000476   .0000196     2.42   0.015     9.07e-06    .0000861
       var18 |  -.0001165   .0000496    -2.35   0.019    -.0002138   -.0000192
------------------------------------------------------------------------------
Underidentification test (Kleibergen-Paap rk LM statistic):             35.433
                                                   Chi-sq(1) P-val =    0.0000
------------------------------------------------------------------------------
Weak identification test (Cragg-Donald Wald F statistic):              313.896
                         (Kleibergen-Paap rk Wald F statistic):         18.284
Stock-Yogo weak ID test critical values: 10% maximal IV size              7.03
                                         15% maximal IV size              4.58
                                         20% maximal IV size              3.95
                                         25% maximal IV size              3.63
Source: Stock-Yogo (2005).  Reproduced by permission.
NB: Critical values are for Cragg-Donald F statistic and i.i.d. errors.
------------------------------------------------------------------------------
Hansen J statistic (overidentification test of all instruments):         0.000
                                                 (equation exactly identified)
------------------------------------------------------------------------------
Instrumented:         var3 var5
Included instruments: var4 var8 var9 var11 var12 var14 var15 var17 var18
Excluded instruments: var6 var7
Partialled-out:       _cons
                      nb: total SS, model F and R2s are after partialling-out;
                          any small-sample adjustments include partialled-out
                          variables in regressor count K
------------------------------------------------------------------------------

Absorbed degrees of freedom:
-----------------------------------------------------------+
       Absorbed FE | Categories  - Redundant  = Num. Coefs |
-------------------+---------------------------------------|
   firm_id#user_id |      5809        5809           0    *|
                yh |        11           1          10     |
-----------------------------------------------------------+
* = FE nested within cluster; treated as redundant for DoF computation

. 
. // 5) Close & export
. postclose handle

. use `out', clear

. export delimited using "`result_dir'/consolidated_results.csv", ///
>     replace delimiter(",") quote
file ../results/raw/user_mechanisms_lean_balanced_pre/consolidated_results.csv saved

. 
. display as result "→ CSV written to `result_dir'/consolidated_results.csv"
→ CSV written to ../results/raw/user_mechanisms_lean_balanced_pre/consolidated_results.csv

. capture log close
