-----------------------------------------------------------------------------------------------------------------------------------------
      name:  <unnamed>
       log:  /Users/saul/Dropbox/Remote Work Startups/main/spec/log/user_productivity_initial_precovid.log
  log type:  text
 opened on:  13 Jun 2025, 09:48:31

. 
. // 0) Setup environment
. do "../src/globals.do"

. global raw_data "../data/raw"

. global processed_data  "../data/processed"

. global results "../results/raw"

. global clean_results "../results/cleaned"

. 
. 
. 
. 
. 
end of do-file

. 
. // 1) Load worker‐level panel
. use "$processed_data/user_panel_`panel_variant'.dta", clear

. 
. // 2) Prepare output dir & reset any old postfile
. *--------------------------------------------------------------------------*
. * Output directory is *always* suffixed with the panel variant so each run is
. * explicit about the underlying sample (e.g., "user_productivity_initial_balanced").
. *--------------------------------------------------------------------------*
. 
. local result_dir  "$results/`specname'"

. capture mkdir "`result_dir'"

. 
. capture postclose handle

. tempfile out

. *--- postfile header (main results) -------------------------------------------
. postfile handle ///
>     str8   model_type ///
>     str40  outcome     ///
>     str40  param       ///
>     double coef se pval pre_mean ///
>     double rkf nobs     ///
>     using `out', replace
(file /var/folders/hg/s3xm9w393gxby64_zklmhgbc0000gn/T//S_86562.000001 not found)

. 
. 
. *------------------------------------------------------------------
. *  First-stage results → first_stage_fstats.csv
. *------------------------------------------------------------------
. tempfile out_fs

. capture postclose handle_fs

. postfile handle_fs ///
>     str8   endovar            ///
>     str40  param              /// 
>     double coef se pval       ///
>     double partialF rkf nobs  ///
>     using `out_fs', replace
(file /var/folders/hg/s3xm9w393gxby64_zklmhgbc0000gn/T//S_86562.000002 not found)

.         
. // 3) Loop over outcomes
. local outcomes total_contributions_q100 

. local fs_done 0

. 
. foreach y of local outcomes {
  2.     di as text "→ Processing outcome: `y'"
  3. 
.     summarize `y' if covid == 0, meanonly
  4.     local pre_mean = r(mean)
  5. 
.     // ----- OLS -----
.     reghdfe `y' var3 var4, absorb(user_id firm_id yh) ///
>         vce(cluster user_id)
  6.                 
.         local N = e(N) 
  7.         
.     foreach p in var3 var4 {
  8.         local b    = _b[`p']
  9.         local se   = _se[`p']
 10.         local t    = `b'/`se'
 11.         local pval = 2*ttail(e(df_r), abs(`t'))
 12.                 *--- inside the OLS loop ------------------------------------------------------
.         post handle ("OLS") ("`y'") ("`p'") ///
>                                         (`b') (`se') (`pval') (`pre_mean') ///
>                                         (.) (`N')                 // dot for rkf, then nobs
 13.     }
 14. 
.     // ----- IV (2nd‐stage) -----
.     ivreghdfe ///
>         `y' (var3 = var6) var4, ///
>         absorb(user_id firm_id yh) vce(cluster user_id) savefirst
 15.                 
.     local rkf = e(rkf)
 16.         local N = e(N) 
 17.         
.     foreach p in var3 var4 {
 18.         local b    = _b[`p']
 19.         local se   = _se[`p']
 20.         local t    = `b'/`se'
 21.         local pval = 2*ttail(e(df_r), abs(`t'))
 22.                 *--- inside the IV loop -------------------------------------------------------
.         post handle ("IV") ("`y'") ("`p'") ///
>                                         (`b') (`se') (`pval') (`pre_mean') ///
>                                         (`rkf') (`N')            // rkf, then nobs
 23.     }
 24. 
.         if !`fs_done' {
 25.                 
.                 matrix FS = e(first)
 26.         local F3 = FS[4,1]
 27. 
.                 /* -------- var3 first stage -------------------------------- */
.                 estimates restore _ivreg2_var3
 28.                 local N_fs = e(N)
 29.                 foreach p in var6 var4 {
 30.                         local b    = _b[`p']
 31.                         local se   = _se[`p']
 32.                         local t    = `b'/`se'
 33.                         local pval = 2*ttail(e(df_r), abs(`t'))
 34. 
.                         post handle_fs ("var3") ("`p'") ///
>                                                         (`b') (`se') (`pval') ///
>                                                         (`F3') (`rkf') (`N_fs')
 35.                 }
 36. 
. 
.                 local fs_done 1
 37.         }
 38. }
→ Processing outcome: total_contributions_q100
(dropped 1443 singleton observations)
(MWFE estimator converged in 80 iterations)

HDFE Linear regression                            Number of obs   =    229,862
Absorbing 3 HDFE groups                           F(   2,  35788) =       8.83
Statistics robust to heteroskedasticity           Prob > F        =     0.0001
                                                  R-squared       =     0.6838
                                                  Adj R-squared   =     0.6213
                                                  Within R-sq.    =     0.0002
Number of clusters (user_id) =     35,789         Root MSE        =    18.4426

                           (Std. err. adjusted for 35,789 clusters in user_id)
------------------------------------------------------------------------------
             |               Robust
total_co~100 | Coefficient  std. err.      t    P>|t|     [95% conf. interval]
-------------+----------------------------------------------------------------
        var3 |   -.277141   .4449311    -0.62   0.533    -1.149219    .5949374
        var4 |  -1.286031     .33232    -3.87   0.000    -1.937389   -.6346741
       _cons |   49.90842   .1359494   367.11   0.000     49.64196    50.17489
------------------------------------------------------------------------------

Absorbed degrees of freedom:
-----------------------------------------------------+
 Absorbed FE | Categories  - Redundant  = Num. Coefs |
-------------+---------------------------------------|
     user_id |     35789       35789           0    *|
     firm_id |      2151           1        2150     |
          yh |        11           1          10     |
-----------------------------------------------------+
* = FE nested within cluster; treated as redundant for DoF computation
(dropped 1443 singleton observations)
(MWFE estimator converged in 80 iterations)

Stored estimation results
-------------------------
---------------------------------------------------------------------------
             |           Dependent  Number of        
        Name | Command    variable     param.  Title 
-------------+-------------------------------------------------------------
_ivreg2_var3 | ivreg2         var3          2  First-stage regression: var3
---------------------------------------------------------------------------

IV (2SLS) estimation
--------------------

Estimates efficient for homoskedasticity only
Statistics robust to heteroskedasticity and clustering on user_id

Number of clusters (user_id) =   35789                Number of obs =   229862
                                                      F(  2, 35788) =     9.48
                                                      Prob > F      =   0.0001
Total (centered) SS     =  65286353.41                Centered R2   =  -0.0004
Total (uncentered) SS   =  65286353.41                Uncentered R2 =  -0.0004
Residual SS             =  65313979.12                Root MSE      =    16.94

------------------------------------------------------------------------------
             |               Robust
total_co~100 | Coefficient  std. err.      t    P>|t|     [95% conf. interval]
-------------+----------------------------------------------------------------
        var3 |  -3.609242   2.820541    -1.28   0.201    -9.137588    1.919105
        var4 |  -.6319906   .6427621    -0.98   0.325    -1.891824    .6278425
------------------------------------------------------------------------------
Underidentification test (Kleibergen-Paap rk LM statistic):            485.130
                                                   Chi-sq(1) P-val =    0.0000
------------------------------------------------------------------------------
Weak identification test (Cragg-Donald Wald F statistic):             5804.156
                         (Kleibergen-Paap rk Wald F statistic):        543.257
Stock-Yogo weak ID test critical values: 10% maximal IV size             16.38
                                         15% maximal IV size              8.96
                                         20% maximal IV size              6.66
                                         25% maximal IV size              5.53
Source: Stock-Yogo (2005).  Reproduced by permission.
NB: Critical values are for Cragg-Donald F statistic and i.i.d. errors.
------------------------------------------------------------------------------
Hansen J statistic (overidentification test of all instruments):         0.000
                                                 (equation exactly identified)
------------------------------------------------------------------------------
Instrumented:         var3
Included instruments: var4
Excluded instruments: var6
Partialled-out:       _cons
                      nb: total SS, model F and R2s are after partialling-out;
                          any small-sample adjustments include partialled-out
                          variables in regressor count K
------------------------------------------------------------------------------

Absorbed degrees of freedom:
-----------------------------------------------------+
 Absorbed FE | Categories  - Redundant  = Num. Coefs |
-------------+---------------------------------------|
     user_id |     35789       35789           0    *|
     firm_id |      2151           1        2150     |
          yh |        11           1          10     |
-----------------------------------------------------+
* = FE nested within cluster; treated as redundant for DoF computation
(results _ivreg2_var3 are active now)

. 
. // 4) Close & export to CSV
. postclose handle

. use `out', clear

. export delimited using "`result_dir'/consolidated_results.csv", ///
>     replace delimiter(",") quote
file ../results/raw/user_productivity_initial_precovid/consolidated_results.csv saved

. 
. * --- write first-stage CSV -----------------------------------------
. postclose handle_fs

. use `out_fs', clear

. export delimited using "`result_dir'/first_stage.csv", ///
>         replace delimiter(",") quote
file ../results/raw/user_productivity_initial_precovid/first_stage.csv saved

. 
. di as result "→ second-stage CSV : `result_dir'/consolidated_results.csv"
→ second-stage CSV : ../results/raw/user_productivity_initial_precovid/consolidated_results.csv

. di as result "→ first-stage  CSV : `result_dir'/first_stage.csv"
→ first-stage  CSV : ../results/raw/user_productivity_initial_precovid/first_stage.csv

. capture log close
