-----------------------------------------------------------------------------------------------------------------------------------------
      name:  <unnamed>
       log:  /Users/saul/Dropbox/Remote Work Startups/main/spec/log/user_mechanisms_covid.log
  log type:  text
 opened on:   4 Jun 2025, 08:49:01

. 
. 
. // 0) Globals + setup
. do "../src/globals.do"

. global raw_data "../data/raw"

. global processed_data  "../data/processed"

. global results "../results/raw"

. global clean_results "../results/cleaned"

. 
. 
. 
end of do-file

. local result_dir "$results/`specname'"

. capture mkdir "`result_dir'"

. 
. // 1) Load & prepare once
. use "$processed_data/user_panel.dta", clear

. gen seniority_4 = !inrange(seniority_levels,1,3)

. // drop if missing(hhi_1000, seniority_4, rent)
. 
. // interactions
. gen var8  = covid*rent
(6,813 missing values generated)

. // gen   = covid*rent*remote
. // gen  = teleworkable*covid*rent
. gen var11 = covid*hhi_1000
(118 missing values generated)

. // gen  = covid*hhi_1000*remote
. // gen  = teleworkable*covid*hhi_1000
. gen var14 = covid*seniority_4

. // gen  = covid*seniority_4*remote
. // gen  = teleworkable*covid*seniority_4
. 
. 
. // pick your mechanism here
. // local mech    sd_wage
. // local mech_label  sdw 
. 
. local mech    p90_p10_gap

. local mech_label  gap

. 
. // generate interactions
. gen var17 = covid*`mech'

. gen var18 = covid*`mech'*remote

. gen var19 = teleworkable*covid*`mech'
(15,194 missing values generated)

. 
. 
. 
. 
. capture postclose handle

. tempfile out

. postfile handle ///
>     str8   model_type  /// 
>     str244 spec        ///
>     str40  param       ///
>     double coef se pval pre_mean rkf nobs ///
>     using `out', replace
(file /var/folders/hg/s3xm9w393gxby64_zklmhgbc0000gn/T//S_56802.000001 not found)

. 
. 
. 
. local specs ///
>   "baseline" ///
>   "rent" "hhi" "seniority" "`mech_label'" ///
>   "rent_hhi" "rent_seniority" "rent_`mech_label'" "hhi_seniority" "hhi_`mech_label'" "seniority_`mech_label'" ///
>   "rent_hhi_seniority" "rent_hhi_`mech_label'" "rent_seniority_`mech_label'" "hhi_seniority_`mech_label'" ///
>   "rent_hhi_seniority_`mech_label'"

. 
. 
.   
. * ────────────────────────────────────────────────────────
. * 3) Define spec_… locals for OLS exog, IV exog, instruments & endogenous
. *    (indices correspond to word positions in `specs`)
. * ────────────────────────────────────────────────────────
. 
. //  1) baseline
. local spec_ols_exog1  var4

. local spec_iv_exog1   var4

. local spec_instr1     var6 var7

. local spec_endo1      var3 var5

. 
. //  2) rent
. local spec_ols_exog2  var4 var8  

. local spec_iv_exog2   var4 var8

. local spec_instr2     var6 var7 

. local spec_endo2      var3 var5 

. 
. //  3) hhi
. local spec_ols_exog3  var4 var11 

. local spec_iv_exog3   var4 var11

. local spec_instr3     var6 var7 

. local spec_endo3      var3 var5 

. 
. //  4) seniority
. local spec_ols_exog4  var4 var14 

. local spec_iv_exog4   var4 var14

. local spec_instr4     var6 var7 

. local spec_endo4      var3 var5 

. 
. //  5) `mech'
. local spec_ols_exog5  var4 var17 var18

. local spec_iv_exog5   var4 var17

. local spec_instr5     var6 var7 var19

. local spec_endo5      var3 var5 var18

. 
. //  6) rent_hhi
. local spec_ols_exog6  var4 var8  var11 

. local spec_iv_exog6   var4 var8 var11

. local spec_instr6     var6 var7  

. local spec_endo6      var3 var5  

. 
. //  7) rent_seniority
. local spec_ols_exog7  var4 var8  var14 

. local spec_iv_exog7   var4 var8 var14

. local spec_instr7     var6 var7  

. local spec_endo7      var3 var5  

. 
. //  8) rent_`mech'
. local spec_ols_exog8  var4 var8  var17 var18

. local spec_iv_exog8   var4 var8 var17

. local spec_instr8     var6 var7  var19

. local spec_endo8      var3 var5  var18

. 
. //  9) hhi_seniority
. local spec_ols_exog9  var4 var11  var14 

. local spec_iv_exog9   var4 var11 var14

. local spec_instr9     var6 var7  

. local spec_endo9      var3 var5  

. 
. // 10) hhi_`mech'
. local spec_ols_exog10 var4 var11  var17 var18

. local spec_iv_exog10  var4 var11 var17

. local spec_instr10    var6 var7  var19

. local spec_endo10     var3 var5  var18

. 
. // 11) `mech'_seniority
. local spec_ols_exog11 var4 var17 var18 var14 

. local spec_iv_exog11  var4 var17 var14

. local spec_instr11    var6 var7 var19 

. local spec_endo11     var3 var5 var18 

. 
. // 12) rent_hhi_seniority
. local spec_ols_exog12 var4 var8  var11  var14 

. local spec_iv_exog12  var4 var8 var11 var14

. local spec_instr12    var6 var7   

. local spec_endo12     var3 var5   

. 
. // 13) rent_hhi_`mech'
. local spec_ols_exog13 var4 var8  var11  var17 var18

. local spec_iv_exog13  var4 var8 var11 var17

. local spec_instr13    var6 var7   var19

. local spec_endo13     var3 var5   var18

. 
. // 14) rent_seniority_`mech'
. local spec_ols_exog14 var4 var8  var14  var17 var18

. local spec_iv_exog14  var4 var8 var14 var17

. local spec_instr14    var6 var7   var19

. local spec_endo14     var3 var5   var18

. 
. // 15) hhi_seniority_`mech'
. local spec_ols_exog15 var4 var11  var14  var17 var18

. local spec_iv_exog15  var4 var11 var14 var17

. local spec_instr15    var6 var7   var19

. local spec_endo15     var3 var5   var18

. 
. // 16) rent_hhi_seniority_`mech'
. local spec_ols_exog16 var4 var8  var11  var14  var17 var18

. local spec_iv_exog16  var4 var8 var11 var14 var17

. local spec_instr16    var6 var7    var19

. local spec_endo16     var3 var5    var18

. 
. 
. 
. // drop if missing(rent, hhi_1000, seniority_4, sd_wage, p90_p10_gap)
. 
. 
. // 3) SPEC 1: Baseline on the full sample
. display as text "→ Spec 1: baseline (full sample)"
→ Spec 1: baseline (full sample)

. 
. summarize total_contributions_q100 if covid == 0, meanonly

. local pre_mean = r(mean)

. 
. // 3a) OLS
. reghdfe total_contributions_q100 var3 var5 var4, ///
>     absorb(firm_id user_id yh) vce(cluster user_id)
(dropped 1443 singleton observations)
(MWFE estimator converged in 80 iterations)

HDFE Linear regression                            Number of obs   =    229,862
Absorbing 3 HDFE groups                           F(   3,  35788) =      11.67
Statistics robust to heteroskedasticity           Prob > F        =     0.0000
                                                  R-squared       =     0.6838
                                                  Adj R-squared   =     0.6213
                                                  Within R-sq.    =     0.0004
Number of clusters (user_id) =     35,789         Root MSE        =    18.4409

                           (Std. err. adjusted for 35,789 clusters in user_id)
------------------------------------------------------------------------------
             |               Robust
total_co~100 | Coefficient  std. err.      t    P>|t|     [95% conf. interval]
-------------+----------------------------------------------------------------
        var3 |  -1.032798   .4818263    -2.14   0.032    -1.977192   -.0884035
        var5 |   5.175073   1.236242     4.19   0.000     2.752001    7.598144
        var4 |  -5.526524   1.065824    -5.19   0.000    -7.615571   -3.437477
       _cons |   50.13249   .1467355   341.65   0.000     49.84489     50.4201
------------------------------------------------------------------------------

Absorbed degrees of freedom:
-----------------------------------------------------+
 Absorbed FE | Categories  - Redundant  = Num. Coefs |
-------------+---------------------------------------|
     firm_id |      2151           1        2150     |
     user_id |     35789       35789           0    *|
          yh |        11           1          10     |
-----------------------------------------------------+
* = FE nested within cluster; treated as redundant for DoF computation

. local N = e(N)

. foreach p in var3 var5 {
  2.     local b    = _b[`p']
  3.     local se   = _se[`p']
  4.     local t    = `b'/`se'
  5.     local pval = 2*ttail(e(df_r), abs(`t'))
  6.     post handle ("OLS") ("baseline") ("`p'") ///
>                 (`b') (`se') (`pval') (`pre_mean') ///
>                 (.) (`N')
  7. }

. 
. // 3b) IV
. ivreghdfe total_contributions_q100 (var3 var5 = var6 var7) var4, ///
>     absorb(firm_id user_id yh) vce(cluster user_id) savefirst
(dropped 1443 singleton observations)
(MWFE estimator converged in 80 iterations)

Stored estimation results
-------------------------
---------------------------------------------------------------------------
             |           Dependent  Number of        
        Name | Command    variable     param.  Title 
-------------+-------------------------------------------------------------
_ivreg2_var3 | ivreg2         var3          3  First-stage regression: var3
_ivreg2_var5 | ivreg2         var5          3  First-stage regression: var5
---------------------------------------------------------------------------

IV (2SLS) estimation
--------------------

Estimates efficient for homoskedasticity only
Statistics robust to heteroskedasticity and clustering on user_id

Number of clusters (user_id) =   35789                Number of obs =   229862
                                                      F(  3, 35788) =     7.03
                                                      Prob > F      =   0.0001
Total (centered) SS     =  65286353.41                Centered R2   =  -0.0014
Total (uncentered) SS   =  65286353.41                Uncentered R2 =  -0.0014
Residual SS             =  65377411.43                Root MSE      =    16.94

------------------------------------------------------------------------------
             |               Robust
total_co~100 | Coefficient  std. err.      t    P>|t|     [95% conf. interval]
-------------+----------------------------------------------------------------
        var3 |  -7.151334   3.898685    -1.83   0.067    -14.79287    .4902066
        var5 |   9.937201   5.370722     1.85   0.064    -.5895776    20.46398
        var4 |  -8.364159    4.04877    -2.07   0.039    -16.29987    -.428447
------------------------------------------------------------------------------
Underidentification test (Kleibergen-Paap rk LM statistic):            266.393
                                                   Chi-sq(1) P-val =    0.0000
------------------------------------------------------------------------------
Weak identification test (Cragg-Donald Wald F statistic):             1850.988
                         (Kleibergen-Paap rk Wald F statistic):        140.597
Stock-Yogo weak ID test critical values: 10% maximal IV size              7.03
                                         15% maximal IV size              4.58
                                         20% maximal IV size              3.95
                                         25% maximal IV size              3.63
Source: Stock-Yogo (2005).  Reproduced by permission.
NB: Critical values are for Cragg-Donald F statistic and i.i.d. errors.
------------------------------------------------------------------------------
Hansen J statistic (overidentification test of all instruments):         0.000
                                                 (equation exactly identified)
------------------------------------------------------------------------------
Instrumented:         var3 var5
Included instruments: var4
Excluded instruments: var6 var7
Partialled-out:       _cons
                      nb: total SS, model F and R2s are after partialling-out;
                          any small-sample adjustments include partialled-out
                          variables in regressor count K
------------------------------------------------------------------------------

Absorbed degrees of freedom:
-----------------------------------------------------+
 Absorbed FE | Categories  - Redundant  = Num. Coefs |
-------------+---------------------------------------|
     firm_id |      2151           1        2150     |
     user_id |     35789       35789           0    *|
          yh |        11           1          10     |
-----------------------------------------------------+
* = FE nested within cluster; treated as redundant for DoF computation

. local rkf = e(rkf)

. local N   = e(N)

. foreach p in var3 var5 {
  2.     local b    = _b[`p']
  3.     local se   = _se[`p']
  4.     local t    = `b'/`se'
  5.     local pval = 2*ttail(e(df_r), abs(`t'))
  6.     post handle ("IV") ("baseline") ("`p'") ///
>                 (`b') (`se') (`pval') (`pre_mean') ///
>                 (`rkf') (`N')
  7. }

. 
. 
. 
. // 4) Loop
. forvalues i = 2/16 {
  2.     // 1) pick the spec name
.     local spec    : word `i' of `specs'
  3. 
.     // 2) build up the four pieces we need
.     local ols_exog "`spec_ols_exog`i''"
  4.     local iv_exog  "`spec_iv_exog`i''"
  5.     local instr    "`spec_instr`i''"
  6.     local endo     "`spec_endo`i''"
  7.         
. 
.     display as text "→ Spec `i': `spec'"
  8. 
.     summarize total_contributions_q100 if covid == 0, meanonly
  9.     local pre_mean = r(mean)
 10. 
.     // 4a) OLS
.     reghdfe total_contributions_q100 var3 var5 `ols_exog', ///
>         absorb(firm_id user_id yh) vce(cluster user_id)
 11.         
.         local N = e(N) 
 12.         
.     foreach p in var3 var5 {
 13.         local b    = _b[`p']
 14.         local se   = _se[`p']
 15.         local t    = `b'/`se'
 16.         local pval = 2*ttail(e(df_r), abs(`t'))
 17.        post handle ("OLS") ("`spec'") ("`p'") ///
>                     (`b') (`se') (`pval') (`pre_mean') ///
>                     (.) (`N')
 18.     }
 19. 
.     // 4b) IV
.     ivreghdfe total_contributions_q100 (`endo' = `instr') `iv_exog', ///
>         absorb(firm_id user_id yh) vce(cluster user_id) savefirst
 20.     local rkf = e(rkf)
 21.         local N   = e(N)
 22.         
.     foreach p in var3 var5 {
 23.         local b    = _b[`p']
 24.         local se   = _se[`p']
 25.         local t    = `b'/`se'
 26.         local pval = 2*ttail(e(df_r), abs(`t'))
 27.        post handle ("IV") ("`spec'") ("`p'") ///
>                     (`b') (`se') (`pval') (`pre_mean') ///
>                     (`rkf') (`N')
 28.     }
 29. 
. }
→ Spec 2: rent
(dropped 1489 singleton observations)
(MWFE estimator converged in 83 iterations)

HDFE Linear regression                            Number of obs   =    223,003
Absorbing 3 HDFE groups                           F(   4,  34869) =       9.60
Statistics robust to heteroskedasticity           Prob > F        =     0.0000
                                                  R-squared       =     0.6851
                                                  Adj R-squared   =     0.6227
                                                  Within R-sq.    =     0.0004
Number of clusters (user_id) =     34,870         Root MSE        =    18.4067

                           (Std. err. adjusted for 34,870 clusters in user_id)
------------------------------------------------------------------------------
             |               Robust
total_co~100 | Coefficient  std. err.      t    P>|t|     [95% conf. interval]
-------------+----------------------------------------------------------------
        var3 |  -.7910098    .498163    -1.59   0.112    -1.767425    .1854055
        var5 |   3.019722   1.224216     2.47   0.014       .62022    5.419223
        var4 |  -3.339593   1.053609    -3.17   0.002    -5.404701   -1.274486
        var8 |  -.0266078   .0068756    -3.87   0.000    -.0400843   -.0131313
       _cons |   50.65988    .194131   260.96   0.000     50.27938    51.04038
------------------------------------------------------------------------------

Absorbed degrees of freedom:
-----------------------------------------------------+
 Absorbed FE | Categories  - Redundant  = Num. Coefs |
-------------+---------------------------------------|
     firm_id |      2020           1        2019     |
     user_id |     34870       34870           0    *|
          yh |        11           1          10     |
-----------------------------------------------------+
* = FE nested within cluster; treated as redundant for DoF computation
(dropped 1489 singleton observations)
(MWFE estimator converged in 83 iterations)

Stored estimation results
-------------------------
---------------------------------------------------------------------------
             |           Dependent  Number of        
        Name | Command    variable     param.  Title 
-------------+-------------------------------------------------------------
_ivreg2_var3 | ivreg2         var3          4  First-stage regression: var3
_ivreg2_var5 | ivreg2         var5          4  First-stage regression: var5
---------------------------------------------------------------------------

IV (2SLS) estimation
--------------------

Estimates efficient for homoskedasticity only
Statistics robust to heteroskedasticity and clustering on user_id

Number of clusters (user_id) =   34870                Number of obs =   223003
                                                      F(  4, 34869) =     8.30
                                                      Prob > F      =   0.0000
Total (centered) SS     =  63077759.91                Centered R2   =  -0.0011
Total (uncentered) SS   =  63077759.91                Uncentered R2 =  -0.0011
Residual SS             =  63147043.75                Root MSE      =     16.9

------------------------------------------------------------------------------
             |               Robust
total_co~100 | Coefficient  std. err.      t    P>|t|     [95% conf. interval]
-------------+----------------------------------------------------------------
        var3 |  -6.538642   4.655764    -1.40   0.160    -15.66409    2.586805
        var5 |   7.928368   6.412435     1.24   0.216    -4.640211    20.49695
        var4 |  -6.495671   4.840333    -1.34   0.180    -15.98288    2.991536
        var8 |  -.0147508   .0117098    -1.26   0.208    -.0377024    .0082009
------------------------------------------------------------------------------
Underidentification test (Kleibergen-Paap rk LM statistic):            186.518
                                                   Chi-sq(1) P-val =    0.0000
------------------------------------------------------------------------------
Weak identification test (Cragg-Donald Wald F statistic):             1330.492
                         (Kleibergen-Paap rk Wald F statistic):         96.499
Stock-Yogo weak ID test critical values: 10% maximal IV size              7.03
                                         15% maximal IV size              4.58
                                         20% maximal IV size              3.95
                                         25% maximal IV size              3.63
Source: Stock-Yogo (2005).  Reproduced by permission.
NB: Critical values are for Cragg-Donald F statistic and i.i.d. errors.
------------------------------------------------------------------------------
Hansen J statistic (overidentification test of all instruments):         0.000
                                                 (equation exactly identified)
------------------------------------------------------------------------------
Instrumented:         var3 var5
Included instruments: var4 var8
Excluded instruments: var6 var7
Partialled-out:       _cons
                      nb: total SS, model F and R2s are after partialling-out;
                          any small-sample adjustments include partialled-out
                          variables in regressor count K
------------------------------------------------------------------------------

Absorbed degrees of freedom:
-----------------------------------------------------+
 Absorbed FE | Categories  - Redundant  = Num. Coefs |
-------------+---------------------------------------|
     firm_id |      2020           1        2019     |
     user_id |     34870       34870           0    *|
          yh |        11           1          10     |
-----------------------------------------------------+
* = FE nested within cluster; treated as redundant for DoF computation
→ Spec 3: hhi
(dropped 1446 singleton observations)
(MWFE estimator converged in 81 iterations)

HDFE Linear regression                            Number of obs   =    229,741
Absorbing 3 HDFE groups                           F(   4,  35777) =       8.77
Statistics robust to heteroskedasticity           Prob > F        =     0.0000
                                                  R-squared       =     0.6838
                                                  Adj R-squared   =     0.6213
                                                  Within R-sq.    =     0.0004
Number of clusters (user_id) =     35,778         Root MSE        =    18.4406

                           (Std. err. adjusted for 35,778 clusters in user_id)
------------------------------------------------------------------------------
             |               Robust
total_co~100 | Coefficient  std. err.      t    P>|t|     [95% conf. interval]
-------------+----------------------------------------------------------------
        var3 |  -1.037093   .4818859    -2.15   0.031    -1.981604   -.0925821
        var5 |   5.139314   1.244492     4.13   0.000     2.700073    7.578556
        var4 |  -5.488574   1.087276    -5.05   0.000    -7.619668    -3.35748
       var11 |  -.0000333   .0002343    -0.14   0.887    -.0004926     .000426
       _cons |   50.13935   .1542366   325.08   0.000     49.83704    50.44166
------------------------------------------------------------------------------

Absorbed degrees of freedom:
-----------------------------------------------------+
 Absorbed FE | Categories  - Redundant  = Num. Coefs |
-------------+---------------------------------------|
     firm_id |      2134           1        2133     |
     user_id |     35778       35778           0    *|
          yh |        11           1          10     |
-----------------------------------------------------+
* = FE nested within cluster; treated as redundant for DoF computation
(dropped 1446 singleton observations)
(MWFE estimator converged in 81 iterations)

Stored estimation results
-------------------------
---------------------------------------------------------------------------
             |           Dependent  Number of        
        Name | Command    variable     param.  Title 
-------------+-------------------------------------------------------------
_ivreg2_var3 | ivreg2         var3          4  First-stage regression: var3
_ivreg2_var5 | ivreg2         var5          4  First-stage regression: var5
---------------------------------------------------------------------------

IV (2SLS) estimation
--------------------

Estimates efficient for homoskedasticity only
Statistics robust to heteroskedasticity and clustering on user_id

Number of clusters (user_id) =   35778                Number of obs =   229741
                                                      F(  4, 35777) =     5.35
                                                      Prob > F      =   0.0003
Total (centered) SS     =  65251803.62                Centered R2   =  -0.0014
Total (uncentered) SS   =  65251803.62                Uncentered R2 =  -0.0014
Residual SS             =  65344010.37                Root MSE      =    16.94

------------------------------------------------------------------------------
             |               Robust
total_co~100 | Coefficient  std. err.      t    P>|t|     [95% conf. interval]
-------------+----------------------------------------------------------------
        var3 |  -7.176602     3.8658    -1.86   0.063    -14.75369    .4004826
        var5 |   9.649696   5.548384     1.74   0.082    -1.225304     20.5247
        var4 |  -8.105268   4.248244    -1.91   0.056    -16.43196    .2214204
       var11 |  -.0000414   .0002469    -0.17   0.867    -.0005253    .0004425
------------------------------------------------------------------------------
Underidentification test (Kleibergen-Paap rk LM statistic):            273.504
                                                   Chi-sq(1) P-val =    0.0000
------------------------------------------------------------------------------
Weak identification test (Cragg-Donald Wald F statistic):             1880.418
                         (Kleibergen-Paap rk Wald F statistic):        143.887
Stock-Yogo weak ID test critical values: 10% maximal IV size              7.03
                                         15% maximal IV size              4.58
                                         20% maximal IV size              3.95
                                         25% maximal IV size              3.63
Source: Stock-Yogo (2005).  Reproduced by permission.
NB: Critical values are for Cragg-Donald F statistic and i.i.d. errors.
------------------------------------------------------------------------------
Hansen J statistic (overidentification test of all instruments):         0.000
                                                 (equation exactly identified)
------------------------------------------------------------------------------
Instrumented:         var3 var5
Included instruments: var4 var11
Excluded instruments: var6 var7
Partialled-out:       _cons
                      nb: total SS, model F and R2s are after partialling-out;
                          any small-sample adjustments include partialled-out
                          variables in regressor count K
------------------------------------------------------------------------------

Absorbed degrees of freedom:
-----------------------------------------------------+
 Absorbed FE | Categories  - Redundant  = Num. Coefs |
-------------+---------------------------------------|
     firm_id |      2134           1        2133     |
     user_id |     35778       35778           0    *|
          yh |        11           1          10     |
-----------------------------------------------------+
* = FE nested within cluster; treated as redundant for DoF computation
→ Spec 4: seniority
(dropped 1443 singleton observations)
(MWFE estimator converged in 80 iterations)

HDFE Linear regression                            Number of obs   =    229,862
Absorbing 3 HDFE groups                           F(   4,  35788) =       8.89
Statistics robust to heteroskedasticity           Prob > F        =     0.0000
                                                  R-squared       =     0.6838
                                                  Adj R-squared   =     0.6213
                                                  Within R-sq.    =     0.0004
Number of clusters (user_id) =     35,789         Root MSE        =    18.4409

                           (Std. err. adjusted for 35,789 clusters in user_id)
------------------------------------------------------------------------------
             |               Robust
total_co~100 | Coefficient  std. err.      t    P>|t|     [95% conf. interval]
-------------+----------------------------------------------------------------
        var3 |  -1.016645   .4823088    -2.11   0.035    -1.961985   -.0713054
        var5 |   5.209562   1.238153     4.21   0.000     2.782744     7.63638
        var4 |  -5.522579   1.065338    -5.18   0.000    -7.610674   -3.434484
       var14 |    .840007   1.020289     0.82   0.410    -1.159791    2.839804
       _cons |   49.74986   .4885046   101.84   0.000     48.79237    50.70734
------------------------------------------------------------------------------

Absorbed degrees of freedom:
-----------------------------------------------------+
 Absorbed FE | Categories  - Redundant  = Num. Coefs |
-------------+---------------------------------------|
     firm_id |      2151           1        2150     |
     user_id |     35789       35789           0    *|
          yh |        11           1          10     |
-----------------------------------------------------+
* = FE nested within cluster; treated as redundant for DoF computation
(dropped 1443 singleton observations)
(MWFE estimator converged in 80 iterations)

Stored estimation results
-------------------------
---------------------------------------------------------------------------
             |           Dependent  Number of        
        Name | Command    variable     param.  Title 
-------------+-------------------------------------------------------------
_ivreg2_var3 | ivreg2         var3          4  First-stage regression: var3
_ivreg2_var5 | ivreg2         var5          4  First-stage regression: var5
---------------------------------------------------------------------------

IV (2SLS) estimation
--------------------

Estimates efficient for homoskedasticity only
Statistics robust to heteroskedasticity and clustering on user_id

Number of clusters (user_id) =   35789                Number of obs =   229862
                                                      F(  4, 35788) =     5.43
                                                      Prob > F      =   0.0002
Total (centered) SS     =  65286353.41                Centered R2   =  -0.0014
Total (uncentered) SS   =  65286353.41                Uncentered R2 =  -0.0014
Residual SS             =  65376919.25                Root MSE      =    16.94

------------------------------------------------------------------------------
             |               Robust
total_co~100 | Coefficient  std. err.      t    P>|t|     [95% conf. interval]
-------------+----------------------------------------------------------------
        var3 |  -7.140291    3.93138    -1.82   0.069    -14.84591    .5653336
        var5 |   9.977145   5.312882     1.88   0.060    -.4362652    20.39056
        var4 |  -8.394366    4.01503    -2.09   0.037    -16.26395   -.5247856
       var14 |   .1348096   1.111211     0.12   0.903    -2.043198    2.312817
------------------------------------------------------------------------------
Underidentification test (Kleibergen-Paap rk LM statistic):            262.737
                                                   Chi-sq(1) P-val =    0.0000
------------------------------------------------------------------------------
Weak identification test (Cragg-Donald Wald F statistic):             1823.075
                         (Kleibergen-Paap rk Wald F statistic):        138.519
Stock-Yogo weak ID test critical values: 10% maximal IV size              7.03
                                         15% maximal IV size              4.58
                                         20% maximal IV size              3.95
                                         25% maximal IV size              3.63
Source: Stock-Yogo (2005).  Reproduced by permission.
NB: Critical values are for Cragg-Donald F statistic and i.i.d. errors.
------------------------------------------------------------------------------
Hansen J statistic (overidentification test of all instruments):         0.000
                                                 (equation exactly identified)
------------------------------------------------------------------------------
Instrumented:         var3 var5
Included instruments: var4 var14
Excluded instruments: var6 var7
Partialled-out:       _cons
                      nb: total SS, model F and R2s are after partialling-out;
                          any small-sample adjustments include partialled-out
                          variables in regressor count K
------------------------------------------------------------------------------

Absorbed degrees of freedom:
-----------------------------------------------------+
 Absorbed FE | Categories  - Redundant  = Num. Coefs |
-------------+---------------------------------------|
     firm_id |      2151           1        2150     |
     user_id |     35789       35789           0    *|
          yh |        11           1          10     |
-----------------------------------------------------+
* = FE nested within cluster; treated as redundant for DoF computation
→ Spec 5: gap
(dropped 1443 singleton observations)
(MWFE estimator converged in 80 iterations)

HDFE Linear regression                            Number of obs   =    229,862
Absorbing 3 HDFE groups                           F(   5,  35788) =       8.83
Statistics robust to heteroskedasticity           Prob > F        =     0.0000
                                                  R-squared       =     0.6839
                                                  Adj R-squared   =     0.6214
                                                  Within R-sq.    =     0.0005
Number of clusters (user_id) =     35,789         Root MSE        =    18.4398

                           (Std. err. adjusted for 35,789 clusters in user_id)
------------------------------------------------------------------------------
             |               Robust
total_co~100 | Coefficient  std. err.      t    P>|t|     [95% conf. interval]
-------------+----------------------------------------------------------------
        var3 |    3.35647   1.563223     2.15   0.032     .2925062    6.420435
        var5 |   5.021333   1.233543     4.07   0.000     2.603552    7.439114
        var4 |  -5.325815   1.063259    -5.01   0.000    -7.409835   -3.241795
       var17 |   .0000777   .0000237     3.29   0.001     .0000313    .0001241
       var18 |  -.0000899   .0000311    -2.89   0.004    -.0001509   -.0000289
       _cons |   48.39911    .538949    89.80   0.000     47.34275    49.45547
------------------------------------------------------------------------------

Absorbed degrees of freedom:
-----------------------------------------------------+
 Absorbed FE | Categories  - Redundant  = Num. Coefs |
-------------+---------------------------------------|
     firm_id |      2151           1        2150     |
     user_id |     35789       35789           0    *|
          yh |        11           1          10     |
-----------------------------------------------------+
* = FE nested within cluster; treated as redundant for DoF computation
(dropped 1629 singleton observations)
(MWFE estimator converged in 88 iterations)

Stored estimation results
-------------------------
----------------------------------------------------------------------------
             |           Dependent  Number of        
        Name | Command    variable     param.  Title 
-------------+--------------------------------------------------------------
_ivreg2_var3 | ivreg2         var3          5  First-stage regression: var3
_ivreg2_var5 | ivreg2         var5          5  First-stage regression: var5
_ivreg2_v~18 | ivreg2        var18          5  First-stage regression: var18
----------------------------------------------------------------------------

IV (2SLS) estimation
--------------------

Estimates efficient for homoskedasticity only
Statistics robust to heteroskedasticity and clustering on user_id

Number of clusters (user_id) =   34131                Number of obs =   214482
                                                      F(  5, 34130) =     1.21
                                                      Prob > F      =   0.2999
Total (centered) SS     =  59857050.22                Centered R2   =  -0.7724
Total (uncentered) SS   =  59857050.22                Uncentered R2 =  -0.7724
Residual SS             =  106091348.4                Root MSE      =    22.35

------------------------------------------------------------------------------
             |               Robust
total_co~100 | Coefficient  std. err.      t    P>|t|     [95% conf. interval]
-------------+----------------------------------------------------------------
        var3 |   392.7513   422.9293     0.93   0.353    -436.2042    1221.707
        var5 |  -106.4321   130.2595    -0.82   0.414    -361.7451    148.8809
       var18 |  -.0071719   .0074743    -0.96   0.337    -.0218217    .0074779
        var4 |   86.05544   104.5039     0.82   0.410    -118.7757    290.8866
       var17 |   .0050568   .0054128     0.93   0.350    -.0055523     .015666
------------------------------------------------------------------------------
Underidentification test (Kleibergen-Paap rk LM statistic):              0.930
                                                   Chi-sq(1) P-val =    0.3349
------------------------------------------------------------------------------
Weak identification test (Cragg-Donald Wald F statistic):               15.390
                         (Kleibergen-Paap rk Wald F statistic):          0.308
Stock-Yogo weak ID test critical values:                       <not available>
------------------------------------------------------------------------------
Hansen J statistic (overidentification test of all instruments):         0.000
                                                 (equation exactly identified)
------------------------------------------------------------------------------
Instrumented:         var3 var5 var18
Included instruments: var4 var17
Excluded instruments: var6 var7 var19
Partialled-out:       _cons
                      nb: total SS, model F and R2s are after partialling-out;
                          any small-sample adjustments include partialled-out
                          variables in regressor count K
------------------------------------------------------------------------------

Absorbed degrees of freedom:
-----------------------------------------------------+
 Absorbed FE | Categories  - Redundant  = Num. Coefs |
-------------+---------------------------------------|
     firm_id |      2109           1        2108     |
     user_id |     34131       34131           0    *|
          yh |        11           1          10     |
-----------------------------------------------------+
* = FE nested within cluster; treated as redundant for DoF computation
→ Spec 6: rent_hhi
(dropped 1490 singleton observations)
(MWFE estimator converged in 83 iterations)

HDFE Linear regression                            Number of obs   =    222,919
Absorbing 3 HDFE groups                           F(   5,  34861) =       7.72
Statistics robust to heteroskedasticity           Prob > F        =     0.0000
                                                  R-squared       =     0.6851
                                                  Adj R-squared   =     0.6227
                                                  Within R-sq.    =     0.0004
Number of clusters (user_id) =     34,862         Root MSE        =    18.4070

                           (Std. err. adjusted for 34,862 clusters in user_id)
------------------------------------------------------------------------------
             |               Robust
total_co~100 | Coefficient  std. err.      t    P>|t|     [95% conf. interval]
-------------+----------------------------------------------------------------
        var3 |  -.7932597   .4981214    -1.59   0.111    -1.769594    .1830743
        var5 |     2.9689   1.232361     2.41   0.016     .5534317    5.384368
        var4 |  -3.272176   1.074326    -3.05   0.002    -5.377889   -1.166463
        var8 |  -.0264665   .0068997    -3.84   0.000    -.0399902   -.0129427
       var11 |  -.0000744   .0002418    -0.31   0.758    -.0005483    .0003995
       _cons |   50.67085   .1980263   255.88   0.000     50.28271    51.05898
------------------------------------------------------------------------------

Absorbed degrees of freedom:
-----------------------------------------------------+
 Absorbed FE | Categories  - Redundant  = Num. Coefs |
-------------+---------------------------------------|
     firm_id |      2005           1        2004     |
     user_id |     34862       34862           0    *|
          yh |        11           1          10     |
-----------------------------------------------------+
* = FE nested within cluster; treated as redundant for DoF computation
(dropped 1490 singleton observations)
(MWFE estimator converged in 83 iterations)

Stored estimation results
-------------------------
---------------------------------------------------------------------------
             |           Dependent  Number of        
        Name | Command    variable     param.  Title 
-------------+-------------------------------------------------------------
_ivreg2_var3 | ivreg2         var3          5  First-stage regression: var3
_ivreg2_var5 | ivreg2         var5          5  First-stage regression: var5
---------------------------------------------------------------------------

IV (2SLS) estimation
--------------------

Estimates efficient for homoskedasticity only
Statistics robust to heteroskedasticity and clustering on user_id

Number of clusters (user_id) =   34862                Number of obs =   222919
                                                      F(  5, 34861) =     6.73
                                                      Prob > F      =   0.0000
Total (centered) SS     =  63059314.39                Centered R2   =  -0.0012
Total (uncentered) SS   =  63059314.39                Uncentered R2 =  -0.0012
Residual SS             =  63136096.02                Root MSE      =    16.91

------------------------------------------------------------------------------
             |               Robust
total_co~100 | Coefficient  std. err.      t    P>|t|     [95% conf. interval]
-------------+----------------------------------------------------------------
        var3 |  -6.746993   4.649137    -1.45   0.147    -15.85945    2.365465
        var5 |   7.404026   6.556089     1.13   0.259    -5.446119    20.25417
        var4 |  -5.969282   5.014555    -1.19   0.234    -15.79797    3.859406
        var8 |  -.0140315   .0117314    -1.20   0.232    -.0370255    .0089624
       var11 |  -.0001254   .0002592    -0.48   0.629    -.0006335    .0003826
------------------------------------------------------------------------------
Underidentification test (Kleibergen-Paap rk LM statistic):            189.471
                                                   Chi-sq(1) P-val =    0.0000
------------------------------------------------------------------------------
Weak identification test (Cragg-Donald Wald F statistic):             1334.172
                         (Kleibergen-Paap rk Wald F statistic):         97.630
Stock-Yogo weak ID test critical values: 10% maximal IV size              7.03
                                         15% maximal IV size              4.58
                                         20% maximal IV size              3.95
                                         25% maximal IV size              3.63
Source: Stock-Yogo (2005).  Reproduced by permission.
NB: Critical values are for Cragg-Donald F statistic and i.i.d. errors.
------------------------------------------------------------------------------
Hansen J statistic (overidentification test of all instruments):         0.000
                                                 (equation exactly identified)
------------------------------------------------------------------------------
Instrumented:         var3 var5
Included instruments: var4 var8 var11
Excluded instruments: var6 var7
Partialled-out:       _cons
                      nb: total SS, model F and R2s are after partialling-out;
                          any small-sample adjustments include partialled-out
                          variables in regressor count K
------------------------------------------------------------------------------

Absorbed degrees of freedom:
-----------------------------------------------------+
 Absorbed FE | Categories  - Redundant  = Num. Coefs |
-------------+---------------------------------------|
     firm_id |      2005           1        2004     |
     user_id |     34862       34862           0    *|
          yh |        11           1          10     |
-----------------------------------------------------+
* = FE nested within cluster; treated as redundant for DoF computation
→ Spec 7: rent_seniority
(dropped 1489 singleton observations)
(MWFE estimator converged in 83 iterations)

HDFE Linear regression                            Number of obs   =    223,003
Absorbing 3 HDFE groups                           F(   5,  34869) =       7.87
Statistics robust to heteroskedasticity           Prob > F        =     0.0000
                                                  R-squared       =     0.6851
                                                  Adj R-squared   =     0.6227
                                                  Within R-sq.    =     0.0004
Number of clusters (user_id) =     34,870         Root MSE        =    18.4066

                           (Std. err. adjusted for 34,870 clusters in user_id)
------------------------------------------------------------------------------
             |               Robust
total_co~100 | Coefficient  std. err.      t    P>|t|     [95% conf. interval]
-------------+----------------------------------------------------------------
        var3 |  -.7661687   .4988645    -1.54   0.125    -1.743959    .2116218
        var5 |   3.063242   1.225791     2.50   0.012      .660653    5.465831
        var4 |  -3.329333   1.052687    -3.16   0.002    -5.392634   -1.266033
        var8 |  -.0268941   .0068839    -3.91   0.000    -.0403867   -.0134015
       var14 |   1.115668   1.044248     1.07   0.285    -.9310923    3.162428
       _cons |   50.15627   .5094213    98.46   0.000     49.15779    51.15475
------------------------------------------------------------------------------

Absorbed degrees of freedom:
-----------------------------------------------------+
 Absorbed FE | Categories  - Redundant  = Num. Coefs |
-------------+---------------------------------------|
     firm_id |      2020           1        2019     |
     user_id |     34870       34870           0    *|
          yh |        11           1          10     |
-----------------------------------------------------+
* = FE nested within cluster; treated as redundant for DoF computation
(dropped 1489 singleton observations)
(MWFE estimator converged in 83 iterations)

Stored estimation results
-------------------------
---------------------------------------------------------------------------
             |           Dependent  Number of        
        Name | Command    variable     param.  Title 
-------------+-------------------------------------------------------------
_ivreg2_var3 | ivreg2         var3          5  First-stage regression: var3
_ivreg2_var5 | ivreg2         var5          5  First-stage regression: var5
---------------------------------------------------------------------------

IV (2SLS) estimation
--------------------

Estimates efficient for homoskedasticity only
Statistics robust to heteroskedasticity and clustering on user_id

Number of clusters (user_id) =   34870                Number of obs =   223003
                                                      F(  5, 34869) =     6.85
                                                      Prob > F      =   0.0000
Total (centered) SS     =  63077759.91                Centered R2   =  -0.0011
Total (uncentered) SS   =  63077759.91                Uncentered R2 =  -0.0011
Residual SS             =  63145252.65                Root MSE      =     16.9

------------------------------------------------------------------------------
             |               Robust
total_co~100 | Coefficient  std. err.      t    P>|t|     [95% conf. interval]
-------------+----------------------------------------------------------------
        var3 |  -6.490424   4.715632    -1.38   0.169    -15.73321    2.752367
        var5 |   8.032598   6.330758     1.27   0.205     -4.37589    20.44109
        var4 |  -6.573542   4.787091    -1.37   0.170     -15.9564     2.80931
        var8 |  -.0149448   .0119141    -1.25   0.210    -.0382969    .0084073
       var14 |   .4153411     1.1815     0.35   0.725    -1.900436    2.731119
------------------------------------------------------------------------------
Underidentification test (Kleibergen-Paap rk LM statistic):            182.300
                                                   Chi-sq(1) P-val =    0.0000
------------------------------------------------------------------------------
Weak identification test (Cragg-Donald Wald F statistic):             1301.287
                         (Kleibergen-Paap rk Wald F statistic):         94.203
Stock-Yogo weak ID test critical values: 10% maximal IV size              7.03
                                         15% maximal IV size              4.58
                                         20% maximal IV size              3.95
                                         25% maximal IV size              3.63
Source: Stock-Yogo (2005).  Reproduced by permission.
NB: Critical values are for Cragg-Donald F statistic and i.i.d. errors.
------------------------------------------------------------------------------
Hansen J statistic (overidentification test of all instruments):         0.000
                                                 (equation exactly identified)
------------------------------------------------------------------------------
Instrumented:         var3 var5
Included instruments: var4 var8 var14
Excluded instruments: var6 var7
Partialled-out:       _cons
                      nb: total SS, model F and R2s are after partialling-out;
                          any small-sample adjustments include partialled-out
                          variables in regressor count K
------------------------------------------------------------------------------

Absorbed degrees of freedom:
-----------------------------------------------------+
 Absorbed FE | Categories  - Redundant  = Num. Coefs |
-------------+---------------------------------------|
     firm_id |      2020           1        2019     |
     user_id |     34870       34870           0    *|
          yh |        11           1          10     |
-----------------------------------------------------+
* = FE nested within cluster; treated as redundant for DoF computation
→ Spec 8: rent_gap
(dropped 1489 singleton observations)
(MWFE estimator converged in 83 iterations)

HDFE Linear regression                            Number of obs   =    223,003
Absorbing 3 HDFE groups                           F(   6,  34869) =       7.67
Statistics robust to heteroskedasticity           Prob > F        =     0.0000
                                                  R-squared       =     0.6852
                                                  Adj R-squared   =     0.6227
                                                  Within R-sq.    =     0.0005
Number of clusters (user_id) =     34,870         Root MSE        =    18.4058

                           (Std. err. adjusted for 34,870 clusters in user_id)
------------------------------------------------------------------------------
             |               Robust
total_co~100 | Coefficient  std. err.      t    P>|t|     [95% conf. interval]
-------------+----------------------------------------------------------------
        var3 |   3.293417   1.590326     2.07   0.038     .1763277    6.410506
        var5 |    2.91673   1.223344     2.38   0.017     .5189357    5.314523
        var4 |  -3.199988   1.052895    -3.04   0.002    -5.263696    -1.13628
        var8 |   -.025492   .0069073    -3.69   0.000    -.0390305   -.0119534
       var17 |    .000071   .0000242     2.94   0.003     .0000236    .0001184
       var18 |  -.0000839   .0000316    -2.66   0.008    -.0001458    -.000022
       _cons |   49.05318   .5738806    85.48   0.000     47.92836    50.17801
------------------------------------------------------------------------------

Absorbed degrees of freedom:
-----------------------------------------------------+
 Absorbed FE | Categories  - Redundant  = Num. Coefs |
-------------+---------------------------------------|
     firm_id |      2020           1        2019     |
     user_id |     34870       34870           0    *|
          yh |        11           1          10     |
-----------------------------------------------------+
* = FE nested within cluster; treated as redundant for DoF computation
(dropped 1668 singleton observations)
(MWFE estimator converged in 82 iterations)

Stored estimation results
-------------------------
----------------------------------------------------------------------------
             |           Dependent  Number of        
        Name | Command    variable     param.  Title 
-------------+--------------------------------------------------------------
_ivreg2_var3 | ivreg2         var3          6  First-stage regression: var3
_ivreg2_var5 | ivreg2         var5          6  First-stage regression: var5
_ivreg2_v~18 | ivreg2        var18          6  First-stage regression: var18
----------------------------------------------------------------------------

IV (2SLS) estimation
--------------------

Estimates efficient for homoskedasticity only
Statistics robust to heteroskedasticity and clustering on user_id

Number of clusters (user_id) =   33250                Number of obs =   208209
                                                      F(  6, 33249) =     1.33
                                                      Prob > F      =   0.2396
Total (centered) SS     =  57889938.47                Centered R2   =  -0.8287
Total (uncentered) SS   =  57889938.47                Uncentered R2 =  -0.8287
Residual SS             =  105863710.5                Root MSE      =    22.66

------------------------------------------------------------------------------
             |               Robust
total_co~100 | Coefficient  std. err.      t    P>|t|     [95% conf. interval]
-------------+----------------------------------------------------------------
        var3 |   403.1446   403.9022     1.00   0.318     -388.518    1194.807
        var5 |  -128.3424   143.2432    -0.90   0.370    -409.1041    152.4192
       var18 |  -.0071484   .0069153    -1.03   0.301    -.0207026    .0064058
        var4 |   103.3108   114.2716     0.90   0.366    -120.6655     327.287
        var8 |  -.0895622   .0881426    -1.02   0.310    -.2623248    .0832005
       var17 |   .0050461   .0050318     1.00   0.316    -.0048164    .0149086
------------------------------------------------------------------------------
Underidentification test (Kleibergen-Paap rk LM statistic):              1.060
                                                   Chi-sq(1) P-val =    0.3033
------------------------------------------------------------------------------
Weak identification test (Cragg-Donald Wald F statistic):               17.071
                         (Kleibergen-Paap rk Wald F statistic):          0.352
Stock-Yogo weak ID test critical values:                       <not available>
------------------------------------------------------------------------------
Hansen J statistic (overidentification test of all instruments):         0.000
                                                 (equation exactly identified)
------------------------------------------------------------------------------
Instrumented:         var3 var5 var18
Included instruments: var4 var8 var17
Excluded instruments: var6 var7 var19
Partialled-out:       _cons
                      nb: total SS, model F and R2s are after partialling-out;
                          any small-sample adjustments include partialled-out
                          variables in regressor count K
------------------------------------------------------------------------------

Absorbed degrees of freedom:
-----------------------------------------------------+
 Absorbed FE | Categories  - Redundant  = Num. Coefs |
-------------+---------------------------------------|
     firm_id |      1982           1        1981     |
     user_id |     33250       33250           0    *|
          yh |        11           1          10     |
-----------------------------------------------------+
* = FE nested within cluster; treated as redundant for DoF computation
→ Spec 9: hhi_seniority
(dropped 1446 singleton observations)
(MWFE estimator converged in 81 iterations)

HDFE Linear regression                            Number of obs   =    229,741
Absorbing 3 HDFE groups                           F(   5,  35777) =       7.12
Statistics robust to heteroskedasticity           Prob > F        =     0.0000
                                                  R-squared       =     0.6838
                                                  Adj R-squared   =     0.6213
                                                  Within R-sq.    =     0.0004
Number of clusters (user_id) =     35,778         Root MSE        =    18.4406

                           (Std. err. adjusted for 35,778 clusters in user_id)
------------------------------------------------------------------------------
             |               Robust
total_co~100 | Coefficient  std. err.      t    P>|t|     [95% conf. interval]
-------------+----------------------------------------------------------------
        var3 |  -1.021526   .4822934    -2.12   0.034    -1.966836   -.0762164
        var5 |   5.196663   1.249391     4.16   0.000     2.747819    7.645507
        var4 |  -5.524617   1.089474    -5.07   0.000    -7.660018   -3.389215
       var11 |   .0000168   .0002413     0.07   0.944    -.0004561    .0004898
       var14 |   .8468342   1.048882     0.81   0.419    -1.209007    2.902675
       _cons |   49.74324   .5141115    96.76   0.000     48.73556    50.75091
------------------------------------------------------------------------------

Absorbed degrees of freedom:
-----------------------------------------------------+
 Absorbed FE | Categories  - Redundant  = Num. Coefs |
-------------+---------------------------------------|
     firm_id |      2134           1        2133     |
     user_id |     35778       35778           0    *|
          yh |        11           1          10     |
-----------------------------------------------------+
* = FE nested within cluster; treated as redundant for DoF computation
(dropped 1446 singleton observations)
(MWFE estimator converged in 81 iterations)

Stored estimation results
-------------------------
---------------------------------------------------------------------------
             |           Dependent  Number of        
        Name | Command    variable     param.  Title 
-------------+-------------------------------------------------------------
_ivreg2_var3 | ivreg2         var3          5  First-stage regression: var3
_ivreg2_var5 | ivreg2         var5          5  First-stage regression: var5
---------------------------------------------------------------------------

IV (2SLS) estimation
--------------------

Estimates efficient for homoskedasticity only
Statistics robust to heteroskedasticity and clustering on user_id

Number of clusters (user_id) =   35778                Number of obs =   229741
                                                      F(  5, 35777) =     4.37
                                                      Prob > F      =   0.0006
Total (centered) SS     =  65251803.62                Centered R2   =  -0.0014
Total (uncentered) SS   =  65251803.62                Uncentered R2 =  -0.0014
Residual SS             =   65343617.6                Root MSE      =    16.94

------------------------------------------------------------------------------
             |               Robust
total_co~100 | Coefficient  std. err.      t    P>|t|     [95% conf. interval]
-------------+----------------------------------------------------------------
        var3 |  -7.167781   3.932453    -1.82   0.068    -14.87551    .5399468
        var5 |   9.677769   5.482514     1.77   0.078    -1.068124    20.42366
        var4 |  -8.130062    4.21623    -1.93   0.054      -16.394    .1338763
       var11 |  -.0000377   .0002595    -0.15   0.885    -.0005463    .0004709
       var14 |   .0529009   1.165779     0.05   0.964    -2.232062    2.337863
------------------------------------------------------------------------------
Underidentification test (Kleibergen-Paap rk LM statistic):            267.135
                                                   Chi-sq(1) P-val =    0.0000
------------------------------------------------------------------------------
Weak identification test (Cragg-Donald Wald F statistic):             1817.349
                         (Kleibergen-Paap rk Wald F statistic):        139.960
Stock-Yogo weak ID test critical values: 10% maximal IV size              7.03
                                         15% maximal IV size              4.58
                                         20% maximal IV size              3.95
                                         25% maximal IV size              3.63
Source: Stock-Yogo (2005).  Reproduced by permission.
NB: Critical values are for Cragg-Donald F statistic and i.i.d. errors.
------------------------------------------------------------------------------
Hansen J statistic (overidentification test of all instruments):         0.000
                                                 (equation exactly identified)
------------------------------------------------------------------------------
Instrumented:         var3 var5
Included instruments: var4 var11 var14
Excluded instruments: var6 var7
Partialled-out:       _cons
                      nb: total SS, model F and R2s are after partialling-out;
                          any small-sample adjustments include partialled-out
                          variables in regressor count K
------------------------------------------------------------------------------

Absorbed degrees of freedom:
-----------------------------------------------------+
 Absorbed FE | Categories  - Redundant  = Num. Coefs |
-------------+---------------------------------------|
     firm_id |      2134           1        2133     |
     user_id |     35778       35778           0    *|
          yh |        11           1          10     |
-----------------------------------------------------+
* = FE nested within cluster; treated as redundant for DoF computation
→ Spec 10: hhi_gap
(dropped 1446 singleton observations)
(MWFE estimator converged in 81 iterations)

HDFE Linear regression                            Number of obs   =    229,741
Absorbing 3 HDFE groups                           F(   6,  35777) =       7.37
Statistics robust to heteroskedasticity           Prob > F        =     0.0000
                                                  R-squared       =     0.6838
                                                  Adj R-squared   =     0.6213
                                                  Within R-sq.    =     0.0005
Number of clusters (user_id) =     35,778         Root MSE        =    18.4394

                           (Std. err. adjusted for 35,778 clusters in user_id)
------------------------------------------------------------------------------
             |               Robust
total_co~100 | Coefficient  std. err.      t    P>|t|     [95% conf. interval]
-------------+----------------------------------------------------------------
        var3 |   3.324947   1.564841     2.12   0.034      .257812    6.392083
        var5 |   4.983462   1.241827     4.01   0.000     2.549443     7.41748
        var4 |  -5.286655   1.084649    -4.87   0.000    -7.412601    -3.16071
       var11 |  -.0000327   .0002337    -0.14   0.889    -.0004907    .0004253
       var17 |   .0000776   .0000237     3.28   0.001     .0000312    .0001239
       var18 |  -.0000894   .0000312    -2.87   0.004    -.0001504   -.0000283
       _cons |   48.40995   .5415078    89.40   0.000     47.34858    49.47132
------------------------------------------------------------------------------

Absorbed degrees of freedom:
-----------------------------------------------------+
 Absorbed FE | Categories  - Redundant  = Num. Coefs |
-------------+---------------------------------------|
     firm_id |      2134           1        2133     |
     user_id |     35778       35778           0    *|
          yh |        11           1          10     |
-----------------------------------------------------+
* = FE nested within cluster; treated as redundant for DoF computation
(dropped 1630 singleton observations)
(MWFE estimator converged in 88 iterations)

Stored estimation results
-------------------------
----------------------------------------------------------------------------
             |           Dependent  Number of        
        Name | Command    variable     param.  Title 
-------------+--------------------------------------------------------------
_ivreg2_var3 | ivreg2         var3          6  First-stage regression: var3
_ivreg2_var5 | ivreg2         var5          6  First-stage regression: var5
_ivreg2_v~18 | ivreg2        var18          6  First-stage regression: var18
----------------------------------------------------------------------------

IV (2SLS) estimation
--------------------

Estimates efficient for homoskedasticity only
Statistics robust to heteroskedasticity and clustering on user_id

Number of clusters (user_id) =   34121                Number of obs =   214370
                                                      F(  6, 34120) =     1.02
                                                      Prob > F      =   0.4131
Total (centered) SS     =  59825899.35                Centered R2   =  -0.7692
Total (uncentered) SS   =  59825899.35                Uncentered R2 =  -0.7692
Residual SS             =  105845369.2                Root MSE      =    22.33

------------------------------------------------------------------------------
             |               Robust
total_co~100 | Coefficient  std. err.      t    P>|t|     [95% conf. interval]
-------------+----------------------------------------------------------------
        var3 |   390.5911   415.4954     0.94   0.347    -423.7938    1204.976
        var5 |  -111.1587   131.5093    -0.85   0.398    -368.9213    146.6039
       var18 |  -.0071636   .0073625    -0.97   0.331    -.0215943    .0072671
        var4 |    90.9715   106.2629     0.86   0.392    -117.3073    299.2503
       var11 |   -.001334   .0012212    -1.09   0.275    -.0037276    .0010596
       var17 |   .0050478    .005329     0.95   0.344    -.0053972    .0154928
------------------------------------------------------------------------------
Underidentification test (Kleibergen-Paap rk LM statistic):              0.956
                                                   Chi-sq(1) P-val =    0.3281
------------------------------------------------------------------------------
Weak identification test (Cragg-Donald Wald F statistic):               15.784
                         (Kleibergen-Paap rk Wald F statistic):          0.317
Stock-Yogo weak ID test critical values:                       <not available>
------------------------------------------------------------------------------
Hansen J statistic (overidentification test of all instruments):         0.000
                                                 (equation exactly identified)
------------------------------------------------------------------------------
Instrumented:         var3 var5 var18
Included instruments: var4 var11 var17
Excluded instruments: var6 var7 var19
Partialled-out:       _cons
                      nb: total SS, model F and R2s are after partialling-out;
                          any small-sample adjustments include partialled-out
                          variables in regressor count K
------------------------------------------------------------------------------

Absorbed degrees of freedom:
-----------------------------------------------------+
 Absorbed FE | Categories  - Redundant  = Num. Coefs |
-------------+---------------------------------------|
     firm_id |      2093           1        2092     |
     user_id |     34121       34121           0    *|
          yh |        11           1          10     |
-----------------------------------------------------+
* = FE nested within cluster; treated as redundant for DoF computation
→ Spec 11: seniority_gap
(dropped 1443 singleton observations)
(MWFE estimator converged in 80 iterations)

HDFE Linear regression                            Number of obs   =    229,862
Absorbing 3 HDFE groups                           F(   6,  35788) =       7.44
Statistics robust to heteroskedasticity           Prob > F        =     0.0000
                                                  R-squared       =     0.6839
                                                  Adj R-squared   =     0.6214
                                                  Within R-sq.    =     0.0005
Number of clusters (user_id) =     35,789         Root MSE        =    18.4398

                           (Std. err. adjusted for 35,789 clusters in user_id)
------------------------------------------------------------------------------
             |               Robust
total_co~100 | Coefficient  std. err.      t    P>|t|     [95% conf. interval]
-------------+----------------------------------------------------------------
        var3 |    3.32561   1.563841     2.13   0.033     .2604352    6.390785
        var5 |   5.050499   1.235397     4.09   0.000     2.629084    7.471915
        var4 |  -5.320683   1.062705    -5.01   0.000    -7.403617   -3.237749
       var17 |   .0000774   .0000236     3.27   0.001      .000031    .0001237
       var18 |   -.000089   .0000311    -2.86   0.004      -.00015   -.0000279
       var14 |   .7765593   1.022034     0.76   0.447    -1.226658    2.779777
       _cons |   48.05205   .7054703    68.11   0.000     46.66931    49.43479
------------------------------------------------------------------------------

Absorbed degrees of freedom:
-----------------------------------------------------+
 Absorbed FE | Categories  - Redundant  = Num. Coefs |
-------------+---------------------------------------|
     firm_id |      2151           1        2150     |
     user_id |     35789       35789           0    *|
          yh |        11           1          10     |
-----------------------------------------------------+
* = FE nested within cluster; treated as redundant for DoF computation
(dropped 1629 singleton observations)
(MWFE estimator converged in 88 iterations)

Stored estimation results
-------------------------
----------------------------------------------------------------------------
             |           Dependent  Number of        
        Name | Command    variable     param.  Title 
-------------+--------------------------------------------------------------
_ivreg2_var3 | ivreg2         var3          6  First-stage regression: var3
_ivreg2_var5 | ivreg2         var5          6  First-stage regression: var5
_ivreg2_v~18 | ivreg2        var18          6  First-stage regression: var18
----------------------------------------------------------------------------

IV (2SLS) estimation
--------------------

Estimates efficient for homoskedasticity only
Statistics robust to heteroskedasticity and clustering on user_id

Number of clusters (user_id) =   34131                Number of obs =   214482
                                                      F(  6, 34130) =     1.06
                                                      Prob > F      =   0.3824
Total (centered) SS     =  59857050.22                Centered R2   =  -0.7243
Total (uncentered) SS   =  59857050.22                Uncentered R2 =  -0.7243
Residual SS             =  103209399.8                Root MSE      =    22.05

------------------------------------------------------------------------------
             |               Robust
total_co~100 | Coefficient  std. err.      t    P>|t|     [95% conf. interval]
-------------+----------------------------------------------------------------
        var3 |   379.6142   398.1524     0.95   0.340    -400.7778    1160.006
        var5 |  -106.4304   126.2383    -0.84   0.399    -353.8618    141.0009
       var18 |  -.0069536   .0070485    -0.99   0.324    -.0207688    .0068616
        var4 |   85.87338   101.1177     0.85   0.396    -112.3207    284.0675
       var17 |   .0048988   .0051042     0.96   0.337    -.0051055    .0149032
       var14 |  -11.61464   11.34957    -1.02   0.306    -33.86017    10.63089
------------------------------------------------------------------------------
Underidentification test (Kleibergen-Paap rk LM statistic):              0.986
                                                   Chi-sq(1) P-val =    0.3208
------------------------------------------------------------------------------
Weak identification test (Cragg-Donald Wald F statistic):               16.381
                         (Kleibergen-Paap rk Wald F statistic):          0.327
Stock-Yogo weak ID test critical values:                       <not available>
------------------------------------------------------------------------------
Hansen J statistic (overidentification test of all instruments):         0.000
                                                 (equation exactly identified)
------------------------------------------------------------------------------
Instrumented:         var3 var5 var18
Included instruments: var4 var17 var14
Excluded instruments: var6 var7 var19
Partialled-out:       _cons
                      nb: total SS, model F and R2s are after partialling-out;
                          any small-sample adjustments include partialled-out
                          variables in regressor count K
------------------------------------------------------------------------------

Absorbed degrees of freedom:
-----------------------------------------------------+
 Absorbed FE | Categories  - Redundant  = Num. Coefs |
-------------+---------------------------------------|
     firm_id |      2109           1        2108     |
     user_id |     34131       34131           0    *|
          yh |        11           1          10     |
-----------------------------------------------------+
* = FE nested within cluster; treated as redundant for DoF computation
→ Spec 12: rent_hhi_seniority
(dropped 1490 singleton observations)
(MWFE estimator converged in 83 iterations)

HDFE Linear regression                            Number of obs   =    222,919
Absorbing 3 HDFE groups                           F(   6,  34861) =       6.57
Statistics robust to heteroskedasticity           Prob > F        =     0.0000
                                                  R-squared       =     0.6851
                                                  Adj R-squared   =     0.6227
                                                  Within R-sq.    =     0.0004
Number of clusters (user_id) =     34,862         Root MSE        =    18.4070

                           (Std. err. adjusted for 34,862 clusters in user_id)
------------------------------------------------------------------------------
             |               Robust
total_co~100 | Coefficient  std. err.      t    P>|t|     [95% conf. interval]
-------------+----------------------------------------------------------------
        var3 |  -.7682898    .498838    -1.54   0.124    -1.746028    .2094487
        var5 |   3.043249   1.237015     2.46   0.014      .618661    5.467838
        var4 |  -3.315537   1.075984    -3.08   0.002      -5.4245   -1.206574
        var8 |   -.026888   .0069175    -3.89   0.000    -.0404464   -.0133296
       var11 |  -9.95e-06   .0002483    -0.04   0.968    -.0004966    .0004767
       var14 |   1.081311     1.0705     1.01   0.312    -1.016902    3.179525
       _cons |   50.17195   .5301083    94.64   0.000     49.13292    51.21098
------------------------------------------------------------------------------

Absorbed degrees of freedom:
-----------------------------------------------------+
 Absorbed FE | Categories  - Redundant  = Num. Coefs |
-------------+---------------------------------------|
     firm_id |      2005           1        2004     |
     user_id |     34862       34862           0    *|
          yh |        11           1          10     |
-----------------------------------------------------+
* = FE nested within cluster; treated as redundant for DoF computation
(dropped 1490 singleton observations)
(MWFE estimator converged in 83 iterations)

Stored estimation results
-------------------------
---------------------------------------------------------------------------
             |           Dependent  Number of        
        Name | Command    variable     param.  Title 
-------------+-------------------------------------------------------------
_ivreg2_var3 | ivreg2         var3          6  First-stage regression: var3
_ivreg2_var5 | ivreg2         var5          6  First-stage regression: var5
---------------------------------------------------------------------------

IV (2SLS) estimation
--------------------

Estimates efficient for homoskedasticity only
Statistics robust to heteroskedasticity and clustering on user_id

Number of clusters (user_id) =   34862                Number of obs =   222919
                                                      F(  6, 34861) =     5.73
                                                      Prob > F      =   0.0000
Total (centered) SS     =  63059314.39                Centered R2   =  -0.0012
Total (uncentered) SS   =  63059314.39                Uncentered R2 =  -0.0012
Residual SS             =  63134355.03                Root MSE      =    16.91

------------------------------------------------------------------------------
             |               Robust
total_co~100 | Coefficient  std. err.      t    P>|t|     [95% conf. interval]
-------------+----------------------------------------------------------------
        var3 |  -6.701947   4.784226    -1.40   0.161    -16.07918    2.675289
        var5 |   7.497259   6.421026     1.17   0.243    -5.088157    20.08268
        var4 |  -6.053179   4.920894    -1.23   0.219    -15.69829     3.59193
        var8 |  -.0142029   .0121773    -1.17   0.243    -.0380708     .009665
       var11 |  -.0001113   .0002777    -0.40   0.689    -.0006557    .0004331
       var14 |   .1929105   1.267863     0.15   0.879    -2.292142    2.677963
------------------------------------------------------------------------------
Underidentification test (Kleibergen-Paap rk LM statistic):            180.847
                                                   Chi-sq(1) P-val =    0.0000
------------------------------------------------------------------------------
Weak identification test (Cragg-Donald Wald F statistic):             1263.107
                         (Kleibergen-Paap rk Wald F statistic):         92.793
Stock-Yogo weak ID test critical values: 10% maximal IV size              7.03
                                         15% maximal IV size              4.58
                                         20% maximal IV size              3.95
                                         25% maximal IV size              3.63
Source: Stock-Yogo (2005).  Reproduced by permission.
NB: Critical values are for Cragg-Donald F statistic and i.i.d. errors.
------------------------------------------------------------------------------
Hansen J statistic (overidentification test of all instruments):         0.000
                                                 (equation exactly identified)
------------------------------------------------------------------------------
Instrumented:         var3 var5
Included instruments: var4 var8 var11 var14
Excluded instruments: var6 var7
Partialled-out:       _cons
                      nb: total SS, model F and R2s are after partialling-out;
                          any small-sample adjustments include partialled-out
                          variables in regressor count K
------------------------------------------------------------------------------

Absorbed degrees of freedom:
-----------------------------------------------------+
 Absorbed FE | Categories  - Redundant  = Num. Coefs |
-------------+---------------------------------------|
     firm_id |      2005           1        2004     |
     user_id |     34862       34862           0    *|
          yh |        11           1          10     |
-----------------------------------------------------+
* = FE nested within cluster; treated as redundant for DoF computation
→ Spec 13: rent_hhi_gap
(dropped 1490 singleton observations)
(MWFE estimator converged in 83 iterations)

HDFE Linear regression                            Number of obs   =    222,919
Absorbing 3 HDFE groups                           F(   7,  34861) =       6.60
Statistics robust to heteroskedasticity           Prob > F        =     0.0000
                                                  R-squared       =     0.6851
                                                  Adj R-squared   =     0.6227
                                                  Within R-sq.    =     0.0005
Number of clusters (user_id) =     34,862         Root MSE        =    18.4061

                           (Std. err. adjusted for 34,862 clusters in user_id)
------------------------------------------------------------------------------
             |               Robust
total_co~100 | Coefficient  std. err.      t    P>|t|     [95% conf. interval]
-------------+----------------------------------------------------------------
        var3 |   3.256018   1.591582     2.05   0.041     .1364661     6.37557
        var5 |    2.86235     1.2316     2.32   0.020     .4483747    5.276325
        var4 |  -3.129064   1.073643    -2.91   0.004     -5.23344   -1.024689
        var8 |  -.0253257   .0069324    -3.65   0.000    -.0389135    -.011738
       var11 |  -.0000774   .0002412    -0.32   0.748    -.0005501    .0003953
       var17 |   .0000708   .0000242     2.93   0.003     .0000234    .0001182
       var18 |  -.0000832   .0000316    -2.63   0.009    -.0001451   -.0000212
       _cons |   49.06975   .5752498    85.30   0.000     47.94224    50.19725
------------------------------------------------------------------------------

Absorbed degrees of freedom:
-----------------------------------------------------+
 Absorbed FE | Categories  - Redundant  = Num. Coefs |
-------------+---------------------------------------|
     firm_id |      2005           1        2004     |
     user_id |     34862       34862           0    *|
          yh |        11           1          10     |
-----------------------------------------------------+
* = FE nested within cluster; treated as redundant for DoF computation
(dropped 1669 singleton observations)
(MWFE estimator converged in 82 iterations)

Stored estimation results
-------------------------
----------------------------------------------------------------------------
             |           Dependent  Number of        
        Name | Command    variable     param.  Title 
-------------+--------------------------------------------------------------
_ivreg2_var3 | ivreg2         var3          7  First-stage regression: var3
_ivreg2_var5 | ivreg2         var5          7  First-stage regression: var5
_ivreg2_v~18 | ivreg2        var18          7  First-stage regression: var18
----------------------------------------------------------------------------

IV (2SLS) estimation
--------------------

Estimates efficient for homoskedasticity only
Statistics robust to heteroskedasticity and clustering on user_id

Number of clusters (user_id) =   33242                Number of obs =   208127
                                                      F(  7, 33241) =     1.15
                                                      Prob > F      =   0.3305
Total (centered) SS     =   57872273.7                Centered R2   =  -0.8249
Total (uncentered) SS   =   57872273.7                Uncentered R2 =  -0.8249
Residual SS             =  105610897.6                Root MSE      =    22.63

------------------------------------------------------------------------------
             |               Robust
total_co~100 | Coefficient  std. err.      t    P>|t|     [95% conf. interval]
-------------+----------------------------------------------------------------
        var3 |    400.871   400.2858     1.00   0.317    -383.7033    1185.445
        var5 |  -133.9893   145.6829    -0.92   0.358    -419.5329    151.5543
       var18 |  -.0071564   .0068809    -1.04   0.298    -.0206432    .0063305
        var4 |   109.2469   117.0681     0.93   0.351    -120.2106    338.7045
        var8 |  -.0797836   .0823464    -0.97   0.333    -.2411856    .0816183
       var11 |  -.0016323   .0013111    -1.24   0.213     -.004202    .0009375
       var17 |   .0050498   .0050035     1.01   0.313    -.0047573    .0148568
------------------------------------------------------------------------------
Underidentification test (Kleibergen-Paap rk LM statistic):              1.072
                                                   Chi-sq(1) P-val =    0.3005
------------------------------------------------------------------------------
Weak identification test (Cragg-Donald Wald F statistic):               17.300
                         (Kleibergen-Paap rk Wald F statistic):          0.356
Stock-Yogo weak ID test critical values:                       <not available>
------------------------------------------------------------------------------
Hansen J statistic (overidentification test of all instruments):         0.000
                                                 (equation exactly identified)
------------------------------------------------------------------------------
Instrumented:         var3 var5 var18
Included instruments: var4 var8 var11 var17
Excluded instruments: var6 var7 var19
Partialled-out:       _cons
                      nb: total SS, model F and R2s are after partialling-out;
                          any small-sample adjustments include partialled-out
                          variables in regressor count K
------------------------------------------------------------------------------

Absorbed degrees of freedom:
-----------------------------------------------------+
 Absorbed FE | Categories  - Redundant  = Num. Coefs |
-------------+---------------------------------------|
     firm_id |      1968           1        1967     |
     user_id |     33242       33242           0    *|
          yh |        11           1          10     |
-----------------------------------------------------+
* = FE nested within cluster; treated as redundant for DoF computation
→ Spec 14: rent_seniority_gap
(dropped 1489 singleton observations)
(MWFE estimator converged in 83 iterations)

HDFE Linear regression                            Number of obs   =    223,003
Absorbing 3 HDFE groups                           F(   7,  34869) =       6.70
Statistics robust to heteroskedasticity           Prob > F        =     0.0000
                                                  R-squared       =     0.6852
                                                  Adj R-squared   =     0.6228
                                                  Within R-sq.    =     0.0005
Number of clusters (user_id) =     34,870         Root MSE        =    18.4057

                           (Std. err. adjusted for 34,870 clusters in user_id)
------------------------------------------------------------------------------
             |               Robust
total_co~100 | Coefficient  std. err.      t    P>|t|     [95% conf. interval]
-------------+----------------------------------------------------------------
        var3 |   3.256119   1.590962     2.05   0.041     .1377826    6.374456
        var5 |   2.954018   1.224893     2.41   0.016      .553188    5.354847
        var4 |  -3.188734   1.051894    -3.03   0.002    -5.250479   -1.126989
        var8 |  -.0257348   .0069149    -3.72   0.000    -.0392883   -.0121813
       var14 |   1.043603   1.045536     1.00   0.318    -1.005682    3.092888
       var17 |   .0000706   .0000242     2.92   0.004     .0000232     .000118
       var18 |  -.0000826   .0000316    -2.61   0.009    -.0001446   -.0000207
       _cons |   48.59088    .735291    66.08   0.000     47.14969    50.03208
------------------------------------------------------------------------------

Absorbed degrees of freedom:
-----------------------------------------------------+
 Absorbed FE | Categories  - Redundant  = Num. Coefs |
-------------+---------------------------------------|
     firm_id |      2020           1        2019     |
     user_id |     34870       34870           0    *|
          yh |        11           1          10     |
-----------------------------------------------------+
* = FE nested within cluster; treated as redundant for DoF computation
(dropped 1668 singleton observations)
(MWFE estimator converged in 82 iterations)

Stored estimation results
-------------------------
----------------------------------------------------------------------------
             |           Dependent  Number of        
        Name | Command    variable     param.  Title 
-------------+--------------------------------------------------------------
_ivreg2_var3 | ivreg2         var3          7  First-stage regression: var3
_ivreg2_var5 | ivreg2         var5          7  First-stage regression: var5
_ivreg2_v~18 | ivreg2        var18          7  First-stage regression: var18
----------------------------------------------------------------------------

IV (2SLS) estimation
--------------------

Estimates efficient for homoskedasticity only
Statistics robust to heteroskedasticity and clustering on user_id

Number of clusters (user_id) =   33250                Number of obs =   208209
                                                      F(  7, 33249) =     1.18
                                                      Prob > F      =   0.3127
Total (centered) SS     =  57889938.47                Centered R2   =  -0.7944
Total (uncentered) SS   =  57889938.47                Uncentered R2 =  -0.7944
Residual SS             =  103875767.1                Root MSE      =    22.44

------------------------------------------------------------------------------
             |               Robust
total_co~100 | Coefficient  std. err.      t    P>|t|     [95% conf. interval]
-------------+----------------------------------------------------------------
        var3 |   394.2546   388.7737     1.01   0.311    -367.7555    1156.265
        var5 |  -128.3755   140.4696    -0.91   0.361    -403.7009    146.9499
       var18 |  -.0070131   .0066695    -1.05   0.293    -.0200855    .0060593
        var4 |   103.1948   111.9442     0.92   0.357    -116.2199    322.6094
        var8 |  -.0837202   .0821215    -1.02   0.308    -.2446812    .0772409
       var14 |  -9.854249   9.369626    -1.05   0.293    -28.21905     8.51055
       var17 |   .0049475   .0048527     1.02   0.308     -.004564     .014459
------------------------------------------------------------------------------
Underidentification test (Kleibergen-Paap rk LM statistic):              1.098
                                                   Chi-sq(1) P-val =    0.2947
------------------------------------------------------------------------------
Weak identification test (Cragg-Donald Wald F statistic):               17.802
                         (Kleibergen-Paap rk Wald F statistic):          0.364
Stock-Yogo weak ID test critical values:                       <not available>
------------------------------------------------------------------------------
Hansen J statistic (overidentification test of all instruments):         0.000
                                                 (equation exactly identified)
------------------------------------------------------------------------------
Instrumented:         var3 var5 var18
Included instruments: var4 var8 var14 var17
Excluded instruments: var6 var7 var19
Partialled-out:       _cons
                      nb: total SS, model F and R2s are after partialling-out;
                          any small-sample adjustments include partialled-out
                          variables in regressor count K
------------------------------------------------------------------------------

Absorbed degrees of freedom:
-----------------------------------------------------+
 Absorbed FE | Categories  - Redundant  = Num. Coefs |
-------------+---------------------------------------|
     firm_id |      1982           1        1981     |
     user_id |     33250       33250           0    *|
          yh |        11           1          10     |
-----------------------------------------------------+
* = FE nested within cluster; treated as redundant for DoF computation
→ Spec 15: hhi_seniority_gap
(dropped 1446 singleton observations)
(MWFE estimator converged in 81 iterations)

HDFE Linear regression                            Number of obs   =    229,741
Absorbing 3 HDFE groups                           F(   7,  35777) =       6.38
Statistics robust to heteroskedasticity           Prob > F        =     0.0000
                                                  R-squared       =     0.6838
                                                  Adj R-squared   =     0.6213
                                                  Within R-sq.    =     0.0005
Number of clusters (user_id) =     35,778         Root MSE        =    18.4394

                           (Std. err. adjusted for 35,778 clusters in user_id)
------------------------------------------------------------------------------
             |               Robust
total_co~100 | Coefficient  std. err.      t    P>|t|     [95% conf. interval]
-------------+----------------------------------------------------------------
        var3 |   3.293064   1.565653     2.10   0.035     .2243375     6.36179
        var5 |   5.033659   1.246676     4.04   0.000     2.590136    7.477182
        var4 |  -5.318432    1.08683    -4.89   0.000    -7.448652   -3.188213
       var11 |   .0000136   .0002404     0.06   0.955    -.0004576    .0004849
       var14 |   .7821719   1.049684     0.75   0.456     -1.27524    2.839584
       var17 |   .0000772   .0000237     3.27   0.001     .0000309    .0001236
       var18 |  -.0000884   .0000312    -2.83   0.005    -.0001495   -.0000273
       _cons |   48.05075    .724392    66.33   0.000     46.63092    49.47058
------------------------------------------------------------------------------

Absorbed degrees of freedom:
-----------------------------------------------------+
 Absorbed FE | Categories  - Redundant  = Num. Coefs |
-------------+---------------------------------------|
     firm_id |      2134           1        2133     |
     user_id |     35778       35778           0    *|
          yh |        11           1          10     |
-----------------------------------------------------+
* = FE nested within cluster; treated as redundant for DoF computation
(dropped 1630 singleton observations)
(MWFE estimator converged in 88 iterations)

Stored estimation results
-------------------------
----------------------------------------------------------------------------
             |           Dependent  Number of        
        Name | Command    variable     param.  Title 
-------------+--------------------------------------------------------------
_ivreg2_var3 | ivreg2         var3          7  First-stage regression: var3
_ivreg2_var5 | ivreg2         var5          7  First-stage regression: var5
_ivreg2_v~18 | ivreg2        var18          7  First-stage regression: var18
----------------------------------------------------------------------------

IV (2SLS) estimation
--------------------

Estimates efficient for homoskedasticity only
Statistics robust to heteroskedasticity and clustering on user_id

Number of clusters (user_id) =   34121                Number of obs =   214370
                                                      F(  7, 34120) =     0.91
                                                      Prob > F      =   0.4966
Total (centered) SS     =  59825899.35                Centered R2   =  -0.7206
Total (uncentered) SS   =  59825899.35                Uncentered R2 =  -0.7206
Residual SS             =  102935347.2                Root MSE      =    22.02

------------------------------------------------------------------------------
             |               Robust
total_co~100 | Coefficient  std. err.      t    P>|t|     [95% conf. interval]
-------------+----------------------------------------------------------------
        var3 |   375.3664    389.546     0.96   0.335    -388.1568     1138.89
        var5 |  -115.7986   131.2274    -0.88   0.378    -373.0086    141.4115
       var18 |   -.006937   .0069392    -1.00   0.317     -.020538    .0066641
        var4 |   95.32313   106.5585     0.89   0.371    -113.5351    304.1814
       var11 |  -.0023602   .0019616    -1.20   0.229     -.006205    .0014846
       var14 |  -15.55064    14.0986    -1.10   0.270    -43.18437    12.08309
       var17 |   .0048833   .0050213     0.97   0.331    -.0049587    .0147253
------------------------------------------------------------------------------
Underidentification test (Kleibergen-Paap rk LM statistic):              1.014
                                                   Chi-sq(1) P-val =    0.3139
------------------------------------------------------------------------------
Weak identification test (Cragg-Donald Wald F statistic):               16.852
                         (Kleibergen-Paap rk Wald F statistic):          0.336
Stock-Yogo weak ID test critical values:                       <not available>
------------------------------------------------------------------------------
Hansen J statistic (overidentification test of all instruments):         0.000
                                                 (equation exactly identified)
------------------------------------------------------------------------------
Instrumented:         var3 var5 var18
Included instruments: var4 var11 var14 var17
Excluded instruments: var6 var7 var19
Partialled-out:       _cons
                      nb: total SS, model F and R2s are after partialling-out;
                          any small-sample adjustments include partialled-out
                          variables in regressor count K
------------------------------------------------------------------------------

Absorbed degrees of freedom:
-----------------------------------------------------+
 Absorbed FE | Categories  - Redundant  = Num. Coefs |
-------------+---------------------------------------|
     firm_id |      2093           1        2092     |
     user_id |     34121       34121           0    *|
          yh |        11           1          10     |
-----------------------------------------------------+
* = FE nested within cluster; treated as redundant for DoF computation
→ Spec 16: rent_hhi_seniority_gap
(dropped 1490 singleton observations)
(MWFE estimator converged in 83 iterations)

HDFE Linear regression                            Number of obs   =    222,919
Absorbing 3 HDFE groups                           F(   8,  34861) =       5.87
Statistics robust to heteroskedasticity           Prob > F        =     0.0000
                                                  R-squared       =     0.6851
                                                  Adj R-squared   =     0.6227
                                                  Within R-sq.    =     0.0005
Number of clusters (user_id) =     34,862         Root MSE        =    18.4061

                           (Std. err. adjusted for 34,862 clusters in user_id)
------------------------------------------------------------------------------
             |               Robust
total_co~100 | Coefficient  std. err.      t    P>|t|     [95% conf. interval]
-------------+----------------------------------------------------------------
        var3 |   3.219955   1.592412     2.02   0.043     .0987756    6.341135
        var5 |   2.928032   1.236298     2.37   0.018     .5048487    5.351214
        var4 |  -3.167713   1.075347    -2.95   0.003    -5.275427   -1.059999
        var8 |  -.0256932   .0069495    -3.70   0.000    -.0393145   -.0120719
       var11 |  -.0000177   .0002475    -0.07   0.943    -.0005028    .0004674
       var14 |   1.002336   1.070912     0.94   0.349    -1.096685    3.101358
       var17 |   .0000703   .0000242     2.91   0.004      .000023    .0001177
       var18 |  -.0000819   .0000316    -2.59   0.010     -.000144   -.0000199
       _cons |   48.61626   .7499467    64.83   0.000     47.14634    50.08618
------------------------------------------------------------------------------

Absorbed degrees of freedom:
-----------------------------------------------------+
 Absorbed FE | Categories  - Redundant  = Num. Coefs |
-------------+---------------------------------------|
     firm_id |      2005           1        2004     |
     user_id |     34862       34862           0    *|
          yh |        11           1          10     |
-----------------------------------------------------+
* = FE nested within cluster; treated as redundant for DoF computation
(dropped 1669 singleton observations)
(MWFE estimator converged in 82 iterations)

Stored estimation results
-------------------------
----------------------------------------------------------------------------
             |           Dependent  Number of        
        Name | Command    variable     param.  Title 
-------------+--------------------------------------------------------------
_ivreg2_var3 | ivreg2         var3          8  First-stage regression: var3
_ivreg2_var5 | ivreg2         var5          8  First-stage regression: var5
_ivreg2_v~18 | ivreg2        var18          8  First-stage regression: var18
----------------------------------------------------------------------------

IV (2SLS) estimation
--------------------

Estimates efficient for homoskedasticity only
Statistics robust to heteroskedasticity and clustering on user_id

Number of clusters (user_id) =   33242                Number of obs =   208127
                                                      F(  8, 33241) =     1.03
                                                      Prob > F      =   0.4098
Total (centered) SS     =   57872273.7                Centered R2   =  -0.7904
Total (uncentered) SS   =   57872273.7                Uncentered R2 =  -0.7904
Residual SS             =  103617145.5                Root MSE      =    22.42

------------------------------------------------------------------------------
             |               Robust
total_co~100 | Coefficient  std. err.      t    P>|t|     [95% conf. interval]
-------------+----------------------------------------------------------------
        var3 |   390.1422   384.8513     1.01   0.311      -364.18    1144.464
        var5 |  -138.6897   146.5357    -0.95   0.344    -425.9048    148.5253
       var18 |  -.0070275   .0066575    -1.06   0.291    -.0200764    .0060215
        var4 |   113.6831   118.2673     0.96   0.336    -118.1249    345.4911
        var8 |  -.0659242   .0715489    -0.92   0.357    -.2061626    .0743142
       var11 |  -.0026502   .0019993    -1.33   0.185     -.006569    .0012686
       var14 |   -14.4949   12.34831    -1.17   0.240    -38.69802    9.708225
       var17 |   .0049555     .00484     1.02   0.306    -.0045311    .0144422
------------------------------------------------------------------------------
Underidentification test (Kleibergen-Paap rk LM statistic):              1.107
                                                   Chi-sq(1) P-val =    0.2927
------------------------------------------------------------------------------
Weak identification test (Cragg-Donald Wald F statistic):               18.074
                         (Kleibergen-Paap rk Wald F statistic):          0.367
Stock-Yogo weak ID test critical values:                       <not available>
------------------------------------------------------------------------------
Hansen J statistic (overidentification test of all instruments):         0.000
                                                 (equation exactly identified)
------------------------------------------------------------------------------
Instrumented:         var3 var5 var18
Included instruments: var4 var8 var11 var14 var17
Excluded instruments: var6 var7 var19
Partialled-out:       _cons
                      nb: total SS, model F and R2s are after partialling-out;
                          any small-sample adjustments include partialled-out
                          variables in regressor count K
------------------------------------------------------------------------------

Absorbed degrees of freedom:
-----------------------------------------------------+
 Absorbed FE | Categories  - Redundant  = Num. Coefs |
-------------+---------------------------------------|
     firm_id |      1968           1        1967     |
     user_id |     33242       33242           0    *|
          yh |        11           1          10     |
-----------------------------------------------------+
* = FE nested within cluster; treated as redundant for DoF computation

. 
. // 5) Close & export
. postclose handle

. use `out', clear

. export delimited using "`result_dir'/consolidated_results.csv", ///
>     replace delimiter(",") quote
(file ../results/raw/user_mechanisms_covid/consolidated_results.csv not found)
file ../results/raw/user_mechanisms_covid/consolidated_results.csv saved

. 
. display as result "→ CSV written to `result_dir'/consolidated_results.csv"
→ CSV written to ../results/raw/user_mechanisms_covid/consolidated_results.csv

. capture log close
