-----------------------------------------------------------------------------------------------------------------------------------------
      name:  <unnamed>
       log:  /Users/saul/Dropbox/Remote Work Startups/main/spec/log/user_mechanisms_lean_balancedpre.log
  log type:  text
 opened on:  12 Jun 2025, 10:47:55

. 
. 
. // 1) Globals + setup
. do "../src/globals.do"

. global raw_data "../data/raw"

. global processed_data  "../data/processed"

. global results "../results/raw"

. global clean_results "../results/cleaned"

. 
. 
. 
. 
. 
end of do-file

. local result_dir "$results/`specname'"

. capture mkdir "`result_dir'"

. 
. // 1) Load & prepare once
. use "$processed_data/user_panel_`panel_variant'.dta", clear
file ../data/processed/user_panel_balancedpre.dta not found
r(601);

end of do-file

r(601);

. do "/var/folders/hg/s3xm9w393gxby64_zklmhgbc0000gn/T//SD86562.000000"

. *============================================================*
. * do/user_mechanisms_regressions.do
. *  â€” Automated export of OLS, IV & first-stage F's
. *    across 8 specification columns
. *============================================================*
. 
. capture log close
