-----------------------------------------------------------------------------------------------------------------------------------------
      name:  <unnamed>
       log:  /Users/saul/Dropbox/Remote Work Startups/main/spec/log/user_mechanisms_binned_precovid.log
  log type:  text
 opened on:  27 Jun 2025, 03:41:12

. 
. // ---------------------------------------------------------------------
. // 1) Globals & directories
. // ---------------------------------------------------------------------
. do "../src/globals.do"

. global raw_data "../data/raw"

. global processed_data  "../data/processed"

. global results "../results/raw"

. global clean_results "../results/cleaned"

. 
. 
. 
. 
. 
end of do-file

. local result_dir "$results/`specname'"

. cap mkdir "`result_dir'"

. 
. // ---------------------------------------------------------------------
. // 2) Load panel and create HIGH/LOW dummies ---------------------------
. // ---------------------------------------------------------------------
. 
. use "$processed_data/user_panel_`panel_variant'.dta", clear

. 
. * Seniority dummy (already binary but re-create for robustness)
. gen seniority_4 = !inrange(seniority_levels,1,3)

. 
. foreach v in rent hhi_1000 p90_p10_gap {
  2. //     if !_rc {
.         quietly summarize `v', detail
  3.         scalar med_`v' = r(p50)
  4.         gen `v'_hi = (`v' > med_`v') if !missing(`v')
  5.         replace `v'_hi = . if missing(`v')
  6.         drop `v'
  7.         rename `v'_hi `v'
  8. //     }
. }
(6,813 missing values generated)
(0 real changes made)
(118 missing values generated)
(0 real changes made)
(0 real changes made)

. 
. // ---------------------------------------------------------------------
. // 3) Interaction terms (identical structure to original script)
. // ---------------------------------------------------------------------
. 
. gen var8  = covid*rent
(6,813 missing values generated)

. gen var9  = covid*rent*remote
(6,813 missing values generated)

. gen var10 = teleworkable*covid*rent
(21,428 missing values generated)

. gen var11 = covid*hhi_1000
(118 missing values generated)

. gen var12 = covid*hhi_1000*remote
(118 missing values generated)

. gen var13 = teleworkable*covid*hhi_1000
(15,305 missing values generated)

. gen var14 = covid*seniority_4

. gen var15 = covid*seniority_4*remote

. gen var16 = teleworkable*covid*seniority_4
(15,194 missing values generated)

. 
. local mech       p90_p10_gap

. local mech_label gap

. 
. gen var17 = covid*`mech'

. gen var18 = covid*`mech'*remote

. gen var19 = teleworkable*covid*`mech'
(15,194 missing values generated)

. 
. // ---------------------------------------------------------------------
. // 4) Postfile setup & spec definitions (copied from original)
. // ---------------------------------------------------------------------
. 
. capture postclose handle

. tempfile out

. postfile handle ///
>     str8   model_type  ///
>     str244 spec        ///
>     str40  param       ///
>     double coef se pval pre_mean rkf nobs ///
>     using `out', replace
(file /var/folders/hg/s3xm9w393gxby64_zklmhgbc0000gn/T//S_22469.000001 not found)

. 
. local specs ///
>   "baseline" ///
>   "rent" "hhi" "seniority" "`mech_label'" ///
>   "rent_hhi" "rent_seniority" "rent_`mech_label'" "hhi_seniority" "hhi_`mech_label'" "seniority_`mech_label'" ///
>   "rent_hhi_seniority" "rent_hhi_`mech_label'" "rent_seniority_`mech_label'" "hhi_seniority_`mech_label'" ///
>   "rent_hhi_seniority_`mech_label'"

. 
. // --- Spec matrices ------------------------------------------------------
. 
. //  1) baseline
. local spec_ols_exog1  var4

. local spec_iv_exog1   var4

. local spec_instr1     var6 var7

. local spec_endo1      var3 var5

. 
. //  2) rent
. local spec_ols_exog2  var4 var8 var9

. local spec_iv_exog2   var4 var8

. local spec_instr2     var6 var7 var10

. local spec_endo2      var3 var5 var9

. 
. //  3) hhi
. local spec_ols_exog3  var4 var11 var12

. local spec_iv_exog3   var4 var11

. local spec_instr3     var6 var7 var13

. local spec_endo3      var3 var5 var12

. 
. //  4) seniority
. local spec_ols_exog4  var4 var14 var15

. local spec_iv_exog4   var4 var14

. local spec_instr4     var6 var7 var16

. local spec_endo4      var3 var5 var15

. 
. //  5) `mech'
. local spec_ols_exog5  var4 var17 var18

. local spec_iv_exog5   var4 var17

. local spec_instr5     var6 var7 var19

. local spec_endo5      var3 var5 var18

. 
. //  6) rent_hhi
. local spec_ols_exog6  var4 var8 var9 var11 var12

. local spec_iv_exog6   var4 var8 var11

. local spec_instr6     var6 var7 var10 var13

. local spec_endo6      var3 var5 var9 var12

. 
. //  7) rent_seniority
. local spec_ols_exog7  var4 var8 var9 var14 var15

. local spec_iv_exog7   var4 var8 var14

. local spec_instr7     var6 var7 var10 var16

. local spec_endo7      var3 var5 var9 var15

. 
. //  8) rent_`mech'
. local spec_ols_exog8  var4 var8 var9 var17 var18

. local spec_iv_exog8   var4 var8 var17

. local spec_instr8     var6 var7 var10 var19

. local spec_endo8      var3 var5 var9 var18

. 
. //  9) hhi_seniority
. local spec_ols_exog9  var4 var11 var12 var14 var15

. local spec_iv_exog9   var4 var11 var14

. local spec_instr9     var6 var7 var13 var16

. local spec_endo9      var3 var5 var12 var15

. 
. // 10) hhi_`mech'
. local spec_ols_exog10 var4 var11 var12 var17 var18

. local spec_iv_exog10  var4 var11 var17

. local spec_instr10    var6 var7 var13 var19

. local spec_endo10     var3 var5 var12 var18

. 
. // 11) `mech'_seniority
. local spec_ols_exog11 var4 var17 var18 var14 var15

. local spec_iv_exog11  var4 var17 var14

. local spec_instr11    var6 var7 var19 var16

. local spec_endo11     var3 var5 var18 var15

. 
. // 12) rent_hhi_seniority
. local spec_ols_exog12 var4 var8 var9 var11 var12 var14 var15

. local spec_iv_exog12  var4 var8 var11 var14

. local spec_instr12    var6 var7 var10 var13 var16

. local spec_endo12     var3 var5 var9 var12 var15

. 
. // 13) rent_hhi_`mech'
. local spec_ols_exog13 var4 var8 var9 var11 var12 var17 var18

. local spec_iv_exog13  var4 var8 var11 var17

. local spec_instr13    var6 var7 var10 var13 var19

. local spec_endo13     var3 var5 var9 var12 var18

. 
. // 14) rent_seniority_`mech'
. local spec_ols_exog14 var4 var8 var9 var14 var15 var17 var18

. local spec_iv_exog14  var4 var8 var14 var17

. local spec_instr14    var6 var7 var10 var16 var19

. local spec_endo14     var3 var5 var9 var15 var18

. 
. // 15) hhi_seniority_`mech'
. local spec_ols_exog15 var4 var11 var12 var14 var15 var17 var18

. local spec_iv_exog15  var4 var11 var14 var17

. local spec_instr15    var6 var7 var13 var16 var19

. local spec_endo15     var3 var5 var12 var15 var18

. 
. // 16) rent_hhi_seniority_`mech'
. local spec_ols_exog16 var4 var8 var9 var11 var12 var14 var15 var17 var18

. local spec_iv_exog16  var4 var8 var11 var14 var17

. local spec_instr16    var6 var7 var10 var13 var16 var19

. local spec_endo16     var3 var5 var9 var12 var15 var18

. 
. // ---------------------------------------------------------------------
. // 5) Run regressions ----------------------------------------------------
. // ---------------------------------------------------------------------
. 
. display as text "→ Spec 1: baseline (full sample)"
→ Spec 1: baseline (full sample)

. summarize total_contributions_q100 if covid == 0, meanonly

. local pre_mean = r(mean)

. 
. *------------------ OLS
. reghdfe total_contributions_q100 var3 var5 var4, absorb(firm_id#user_id yh) vce(cluster user_id)
(dropped 6597 singleton observations)
(MWFE estimator converged in 8 iterations)

HDFE Linear regression                            Number of obs   =    224,708
Absorbing 2 HDFE groups                           F(   3,  35478) =      16.65
Statistics robust to heteroskedasticity           Prob > F        =     0.0000
                                                  R-squared       =     0.7186
                                                  Adj R-squared   =     0.6525
                                                  Within R-sq.    =     0.0006
Number of clusters (user_id) =     35,479         Root MSE        =    17.6444

                           (Std. err. adjusted for 35,479 clusters in user_id)
------------------------------------------------------------------------------
             |               Robust
total_co~100 | Coefficient  std. err.      t    P>|t|     [95% conf. interval]
-------------+----------------------------------------------------------------
        var3 |  -1.234691   .4958927    -2.49   0.013    -2.206656   -.2627261
        var5 |   6.208444   1.270913     4.89   0.000     3.717416    8.699472
        var4 |  -6.711066   1.096609    -6.12   0.000    -8.860454   -4.561678
       _cons |   50.52317   .1507992   335.04   0.000      50.2276    50.81874
------------------------------------------------------------------------------

Absorbed degrees of freedom:
-----------------------------------------------------------+
       Absorbed FE | Categories  - Redundant  = Num. Coefs |
-------------------+---------------------------------------|
   firm_id#user_id |     42710       42710           0    *|
                yh |        11           1          10     |
-----------------------------------------------------------+
* = FE nested within cluster; treated as redundant for DoF computation

. local N = e(N)

. foreach p in var3 var5 {
  2.     local b = _b[`p']
  3.     local se = _se[`p']
  4.     local pval = 2*ttail(e(df_r), abs((_b[`p']/ _se[`p'])) )
  5.     post handle ("OLS") ("baseline") ("`p'") (`b') (`se') (`pval') (`pre_mean') (.) (`N')
  6. }

. 
. *------------------ IV
. ivreghdfe total_contributions_q100 (var3 var5 = var6 var7) var4, absorb(firm_id#user_id yh) vce(cluster user_id) savefirst
(dropped 6597 singleton observations)
(MWFE estimator converged in 8 iterations)

Stored estimation results
-------------------------
---------------------------------------------------------------------------
             |           Dependent  Number of        
        Name | Command    variable     param.  Title 
-------------+-------------------------------------------------------------
_ivreg2_var3 | ivreg2         var3          3  First-stage regression: var3
_ivreg2_var5 | ivreg2         var5          3  First-stage regression: var5
---------------------------------------------------------------------------

IV (2SLS) estimation
--------------------

Estimates efficient for homoskedasticity only
Statistics robust to heteroskedasticity and clustering on user_id

Number of clusters (user_id) =   35479                Number of obs =   224708
                                                      F(  3, 35478) =    10.55
                                                      Prob > F      =   0.0000
Total (centered) SS     =  56688987.29                Centered R2   =  -0.0026
Total (uncentered) SS   =  56688987.29                Uncentered R2 =  -0.0026
Residual SS             =   56837758.2                Root MSE      =     15.9

------------------------------------------------------------------------------
             |               Robust
total_co~100 | Coefficient  std. err.      t    P>|t|     [95% conf. interval]
-------------+----------------------------------------------------------------
        var3 |  -9.263295   4.013595    -2.31   0.021    -17.13006   -1.396526
        var5 |   12.45296   5.392867     2.31   0.021     1.882779    23.02315
        var4 |  -10.43373   4.045733    -2.58   0.010    -18.36349   -2.503968
------------------------------------------------------------------------------
Underidentification test (Kleibergen-Paap rk LM statistic):            231.086
                                                   Chi-sq(1) P-val =    0.0000
------------------------------------------------------------------------------
Weak identification test (Cragg-Donald Wald F statistic):             1854.151
                         (Kleibergen-Paap rk Wald F statistic):        123.431
Stock-Yogo weak ID test critical values: 10% maximal IV size              7.03
                                         15% maximal IV size              4.58
                                         20% maximal IV size              3.95
                                         25% maximal IV size              3.63
Source: Stock-Yogo (2005).  Reproduced by permission.
NB: Critical values are for Cragg-Donald F statistic and i.i.d. errors.
------------------------------------------------------------------------------
Hansen J statistic (overidentification test of all instruments):         0.000
                                                 (equation exactly identified)
------------------------------------------------------------------------------
Instrumented:         var3 var5
Included instruments: var4
Excluded instruments: var6 var7
Partialled-out:       _cons
                      nb: total SS, model F and R2s are after partialling-out;
                          any small-sample adjustments include partialled-out
                          variables in regressor count K
------------------------------------------------------------------------------

Absorbed degrees of freedom:
-----------------------------------------------------------+
       Absorbed FE | Categories  - Redundant  = Num. Coefs |
-------------------+---------------------------------------|
   firm_id#user_id |     42710       42710           0    *|
                yh |        11           1          10     |
-----------------------------------------------------------+
* = FE nested within cluster; treated as redundant for DoF computation

. local rkf = e(rkf)

. local N = e(N)

. foreach p in var3 var5 {
  2.     local b = _b[`p']
  3.     local se = _se[`p']
  4.     local pval = 2*ttail(e(df_r), abs((_b[`p']/ _se[`p'])) )
  5.     post handle ("IV") ("baseline") ("`p'") (`b') (`se') (`pval') (`pre_mean') (`rkf') (`N')
  6. }

. 
. // Loop remaining specs
. forvalues i = 2/16 {
  2.     local spec : word `i' of `specs'
  3.     local ols_exog "`spec_ols_exog`i''"
  4.     local iv_exog  "`spec_iv_exog`i''"
  5.     local instr    "`spec_instr`i''"
  6.     local endo     "`spec_endo`i''"
  7. 
.     display as text "→ Spec `i': `spec'"
  8.     summarize total_contributions_q100 if covid == 0, meanonly
  9.     local pre_mean = r(mean)
 10. 
.     // OLS
.     reghdfe total_contributions_q100 var3 var5 `ols_exog', absorb(firm_id#user_id yh) vce(cluster user_id)
 11.     local N = e(N)
 12.     foreach p in var3 var5 {
 13.         local b = _b[`p']
 14.         local se = _se[`p']
 15.         local pval = 2*ttail(e(df_r), abs((_b[`p']/ _se[`p'])) )
 16.         post handle ("OLS") ("`spec'") ("`p'") (`b') (`se') (`pval') (`pre_mean') (.) (`N')
 17.     }
 18. 
.     // IV
.     ivreghdfe total_contributions_q100 (`endo' = `instr') `iv_exog', absorb(firm_id#user_id yh) vce(cluster user_id) savefirst
 19.     local rkf = e(rkf)
 20.     local N = e(N)
 21.     foreach p in var3 var5 {
 22.         local b = _b[`p']
 23.         local se = _se[`p']
 24.         local pval = 2*ttail(e(df_r), abs((_b[`p']/ _se[`p'])) )
 25.         post handle ("IV") ("`spec'") ("`p'") (`b') (`se') (`pval') (`pre_mean') (`rkf') (`N')
 26.     }
 27. }
→ Spec 2: rent
(dropped 6380 singleton observations)
(MWFE estimator converged in 8 iterations)

HDFE Linear regression                            Number of obs   =    218,112
Absorbing 2 HDFE groups                           F(   5,  34563) =      10.46
Statistics robust to heteroskedasticity           Prob > F        =     0.0000
                                                  R-squared       =     0.7190
                                                  Adj R-squared   =     0.6532
                                                  Within R-sq.    =     0.0006
Number of clusters (user_id) =     34,564         Root MSE        =    17.6271

                           (Std. err. adjusted for 34,564 clusters in user_id)
------------------------------------------------------------------------------
             |               Robust
total_co~100 | Coefficient  std. err.      t    P>|t|     [95% conf. interval]
-------------+----------------------------------------------------------------
        var3 |   -1.10691   .6301759    -1.76   0.079    -2.342075    .1282552
        var5 |   4.075388   1.265654     3.22   0.001     1.594666    6.556111
        var4 |   -4.49489   1.086176    -4.14   0.000     -6.62383    -2.36595
        var8 |  -1.344504    .724723    -1.86   0.064    -2.764985    .0759763
        var9 |   .2976382   .9405465     0.32   0.752    -1.545864     2.14114
       _cons |   50.71919   .1898096   267.21   0.000     50.34716    51.09122
------------------------------------------------------------------------------

Absorbed degrees of freedom:
-----------------------------------------------------------+
       Absorbed FE | Categories  - Redundant  = Num. Coefs |
-------------------+---------------------------------------|
   firm_id#user_id |     41412       41412           0    *|
                yh |        11           1          10     |
-----------------------------------------------------------+
* = FE nested within cluster; treated as redundant for DoF computation
(dropped 6123 singleton observations)
(MWFE estimator converged in 8 iterations)

Stored estimation results
-------------------------
---------------------------------------------------------------------------
             |           Dependent  Number of        
        Name | Command    variable     param.  Title 
-------------+-------------------------------------------------------------
_ivreg2_var3 | ivreg2         var3          5  First-stage regression: var3
_ivreg2_var5 | ivreg2         var5          5  First-stage regression: var5
_ivreg2_var9 | ivreg2         var9          5  First-stage regression: var9
---------------------------------------------------------------------------

IV (2SLS) estimation
--------------------

Estimates efficient for homoskedasticity only
Statistics robust to heteroskedasticity and clustering on user_id

Number of clusters (user_id) =   32964                Number of obs =   203754
                                                      F(  5, 32963) =     0.05
                                                      Prob > F      =   0.9987
Total (centered) SS     =  50609604.35                Centered R2   = -65.1551
Total (uncentered) SS   =  50609604.35                Uncentered R2 = -65.1551
Residual SS             =   3348082349                Root MSE      =    128.2

------------------------------------------------------------------------------
             |               Robust
total_co~100 | Coefficient  std. err.      t    P>|t|     [95% conf. interval]
-------------+----------------------------------------------------------------
        var3 |  -990.0423   3169.063    -0.31   0.755    -7201.519    5221.435
        var5 |  -182.3112   642.5815    -0.28   0.777    -1441.794    1077.172
        var9 |   2135.235   6913.852     0.31   0.757    -11416.16    15686.63
        var4 |   114.1559    411.081     0.28   0.781    -691.5776    919.8893
        var8 |  -1474.702   4775.186    -0.31   0.757    -10834.24    7884.834
------------------------------------------------------------------------------
Underidentification test (Kleibergen-Paap rk LM statistic):              0.094
                                                   Chi-sq(1) P-val =    0.7586
------------------------------------------------------------------------------
Weak identification test (Cragg-Donald Wald F statistic):                0.285
                         (Kleibergen-Paap rk Wald F statistic):          0.031
Stock-Yogo weak ID test critical values:                       <not available>
------------------------------------------------------------------------------
Hansen J statistic (overidentification test of all instruments):         0.000
                                                 (equation exactly identified)
------------------------------------------------------------------------------
Instrumented:         var3 var5 var9
Included instruments: var4 var8
Excluded instruments: var6 var7 var10
Partialled-out:       _cons
                      nb: total SS, model F and R2s are after partialling-out;
                          any small-sample adjustments include partialled-out
                          variables in regressor count K
------------------------------------------------------------------------------

Absorbed degrees of freedom:
-----------------------------------------------------------+
       Absorbed FE | Categories  - Redundant  = Num. Coefs |
-------------------+---------------------------------------|
   firm_id#user_id |     39204       39204           0    *|
                yh |        11           1          10     |
-----------------------------------------------------------+
* = FE nested within cluster; treated as redundant for DoF computation
→ Spec 3: hhi
(dropped 6591 singleton observations)
(MWFE estimator converged in 8 iterations)

HDFE Linear regression                            Number of obs   =    224,596
Absorbing 2 HDFE groups                           F(   5,  35468) =      10.52
Statistics robust to heteroskedasticity           Prob > F        =     0.0000
                                                  R-squared       =     0.7185
                                                  Adj R-squared   =     0.6524
                                                  Within R-sq.    =     0.0006
Number of clusters (user_id) =     35,469         Root MSE        =    17.6446

                           (Std. err. adjusted for 35,469 clusters in user_id)
------------------------------------------------------------------------------
             |               Robust
total_co~100 | Coefficient  std. err.      t    P>|t|     [95% conf. interval]
-------------+----------------------------------------------------------------
        var3 |  -1.541263   .6272829    -2.46   0.014    -2.770757   -.3117691
        var5 |   6.068146   1.286885     4.72   0.000     3.545812    8.590479
        var4 |  -6.524415   1.106552    -5.90   0.000    -8.693291   -4.355538
       var11 |  -.8151117   .6838104    -1.19   0.233    -2.155401    .5251778
       var12 |   .6304073   .9012146     0.70   0.484    -1.136001    2.396816
       _cons |   50.69766   .2047646   247.59   0.000     50.29632    51.09901
------------------------------------------------------------------------------

Absorbed degrees of freedom:
-----------------------------------------------------------+
       Absorbed FE | Categories  - Redundant  = Num. Coefs |
-------------------+---------------------------------------|
   firm_id#user_id |     42681       42681           0    *|
                yh |        11           1          10     |
-----------------------------------------------------------+
* = FE nested within cluster; treated as redundant for DoF computation
(dropped 6316 singleton observations)
(MWFE estimator converged in 8 iterations)

Stored estimation results
-------------------------
----------------------------------------------------------------------------
             |           Dependent  Number of        
        Name | Command    variable     param.  Title 
-------------+--------------------------------------------------------------
_ivreg2_var3 | ivreg2         var3          5  First-stage regression: var3
_ivreg2_var5 | ivreg2         var5          5  First-stage regression: var5
_ivreg2_v~12 | ivreg2        var12          5  First-stage regression: var12
----------------------------------------------------------------------------

IV (2SLS) estimation
--------------------

Estimates efficient for homoskedasticity only
Statistics robust to heteroskedasticity and clustering on user_id

Number of clusters (user_id) =   33829                Number of obs =   209684
                                                      F(  5, 33828) =     1.75
                                                      Prob > F      =   0.1187
Total (centered) SS     =  52179939.71                Centered R2   =  -1.2159
Total (uncentered) SS   =  52179939.71                Uncentered R2 =  -1.2159
Residual SS             =    115626505                Root MSE      =    23.48

------------------------------------------------------------------------------
             |               Robust
total_co~100 | Coefficient  std. err.      t    P>|t|     [95% conf. interval]
-------------+----------------------------------------------------------------
        var3 |  -187.9996   95.53093    -1.97   0.049    -375.2434   -.7556846
        var5 |  -14.50556   16.53527    -0.88   0.380    -46.91526    17.90413
       var12 |   248.8116   131.1601     1.90   0.058    -8.266605    505.8898
        var4 |   12.61687   13.04759     0.97   0.334    -12.95686     38.1906
       var11 |  -171.2571    89.9721    -1.90   0.057    -347.6055    5.091245
------------------------------------------------------------------------------
Underidentification test (Kleibergen-Paap rk LM statistic):              6.538
                                                   Chi-sq(1) P-val =    0.0106
------------------------------------------------------------------------------
Weak identification test (Cragg-Donald Wald F statistic):                5.056
                         (Kleibergen-Paap rk Wald F statistic):          2.179
Stock-Yogo weak ID test critical values:                       <not available>
------------------------------------------------------------------------------
Hansen J statistic (overidentification test of all instruments):         0.000
                                                 (equation exactly identified)
------------------------------------------------------------------------------
Instrumented:         var3 var5 var12
Included instruments: var4 var11
Excluded instruments: var6 var7 var13
Partialled-out:       _cons
                      nb: total SS, model F and R2s are after partialling-out;
                          any small-sample adjustments include partialled-out
                          variables in regressor count K
------------------------------------------------------------------------------

Absorbed degrees of freedom:
-----------------------------------------------------------+
       Absorbed FE | Categories  - Redundant  = Num. Coefs |
-------------------+---------------------------------------|
   firm_id#user_id |     40396       40396           0    *|
                yh |        11           1          10     |
-----------------------------------------------------------+
* = FE nested within cluster; treated as redundant for DoF computation
→ Spec 4: seniority
(dropped 6597 singleton observations)
(MWFE estimator converged in 8 iterations)

HDFE Linear regression                            Number of obs   =    224,708
Absorbing 2 HDFE groups                           F(   5,  35478) =      10.05
Statistics robust to heteroskedasticity           Prob > F        =     0.0000
                                                  R-squared       =     0.7186
                                                  Adj R-squared   =     0.6525
                                                  Within R-sq.    =     0.0006
Number of clusters (user_id) =     35,479         Root MSE        =    17.6444

                           (Std. err. adjusted for 35,479 clusters in user_id)
------------------------------------------------------------------------------
             |               Robust
total_co~100 | Coefficient  std. err.      t    P>|t|     [95% conf. interval]
-------------+----------------------------------------------------------------
        var3 |   2.652414   5.845832     0.45   0.650    -8.805597    14.11043
        var5 |   6.087836   1.279567     4.76   0.000     3.579845    8.595826
        var4 |  -6.581199   1.100877    -5.98   0.000    -8.738952   -4.423445
       var14 |   4.208779   5.644668     0.75   0.456    -6.854944     15.2725
       var15 |  -3.883127   5.837376    -0.67   0.506    -15.32456    7.558311
       _cons |   48.61466   2.561128    18.98   0.000     43.59477    53.63455
------------------------------------------------------------------------------

Absorbed degrees of freedom:
-----------------------------------------------------------+
       Absorbed FE | Categories  - Redundant  = Num. Coefs |
-------------------+---------------------------------------|
   firm_id#user_id |     42710       42710           0    *|
                yh |        11           1          10     |
-----------------------------------------------------------+
* = FE nested within cluster; treated as redundant for DoF computation
(dropped 6323 singleton observations)
(MWFE estimator converged in 8 iterations)

Stored estimation results
-------------------------
----------------------------------------------------------------------------
             |           Dependent  Number of        
        Name | Command    variable     param.  Title 
-------------+--------------------------------------------------------------
_ivreg2_var3 | ivreg2         var3          5  First-stage regression: var3
_ivreg2_var5 | ivreg2         var5          5  First-stage regression: var5
_ivreg2_v~15 | ivreg2        var15          5  First-stage regression: var15
----------------------------------------------------------------------------

IV (2SLS) estimation
--------------------

Estimates efficient for homoskedasticity only
Statistics robust to heteroskedasticity and clustering on user_id

Number of clusters (user_id) =   33838                Number of obs =   209788
                                                      F(  5, 33837) =     0.60
                                                      Prob > F      =   0.6992
Total (centered) SS     =   52202094.6                Centered R2   = -2.0e+02
Total (uncentered) SS   =   52202094.6                Uncentered R2 = -2.0e+02
Residual SS             =  1.04908e+10                Root MSE      =    223.6

------------------------------------------------------------------------------
             |               Robust
total_co~100 | Coefficient  std. err.      t    P>|t|     [95% conf. interval]
-------------+----------------------------------------------------------------
        var3 |  -21799.94   13665.66    -1.60   0.111     -48585.1    4985.222
        var5 |  -310.1074   255.3667    -1.21   0.225    -810.6348      190.42
       var15 |   21908.35   13721.46     1.60   0.110    -4986.189    48802.89
        var4 |   228.3738     197.21     1.16   0.247    -158.1645     614.912
       var14 |  -20510.52   12906.55    -1.59   0.112    -45807.81    4786.761
------------------------------------------------------------------------------
Underidentification test (Kleibergen-Paap rk LM statistic):              2.870
                                                   Chi-sq(1) P-val =    0.0902
------------------------------------------------------------------------------
Weak identification test (Cragg-Donald Wald F statistic):                0.066
                         (Kleibergen-Paap rk Wald F statistic):          0.956
Stock-Yogo weak ID test critical values:                       <not available>
------------------------------------------------------------------------------
Hansen J statistic (overidentification test of all instruments):         0.000
                                                 (equation exactly identified)
------------------------------------------------------------------------------
Instrumented:         var3 var5 var15
Included instruments: var4 var14
Excluded instruments: var6 var7 var16
Partialled-out:       _cons
                      nb: total SS, model F and R2s are after partialling-out;
                          any small-sample adjustments include partialled-out
                          variables in regressor count K
------------------------------------------------------------------------------

Absorbed degrees of freedom:
-----------------------------------------------------------+
       Absorbed FE | Categories  - Redundant  = Num. Coefs |
-------------------+---------------------------------------|
   firm_id#user_id |     40423       40423           0    *|
                yh |        11           1          10     |
-----------------------------------------------------------+
* = FE nested within cluster; treated as redundant for DoF computation
→ Spec 5: gap
(dropped 6597 singleton observations)
(MWFE estimator converged in 8 iterations)

HDFE Linear regression                            Number of obs   =    224,708
Absorbing 2 HDFE groups                           F(   5,  35478) =      11.54
Statistics robust to heteroskedasticity           Prob > F        =     0.0000
                                                  R-squared       =     0.7186
                                                  Adj R-squared   =     0.6525
                                                  Within R-sq.    =     0.0007
Number of clusters (user_id) =     35,479         Root MSE        =    17.6435

                           (Std. err. adjusted for 35,479 clusters in user_id)
------------------------------------------------------------------------------
             |               Robust
total_co~100 | Coefficient  std. err.      t    P>|t|     [95% conf. interval]
-------------+----------------------------------------------------------------
        var3 |    -.19008   .6129093    -0.31   0.756    -1.391401    1.011241
        var5 |    6.30941     1.2715     4.96   0.000     3.817231    8.801589
        var4 |  -6.730974   1.097056    -6.14   0.000    -8.881238    -4.58071
       var17 |   2.016638   .6842454     2.95   0.003      .675496     3.35778
       var18 |  -2.449435   .9005422    -2.72   0.007    -4.214525   -.6843441
       _cons |   50.10958   .2033434   246.43   0.000     49.71103    50.50814
------------------------------------------------------------------------------

Absorbed degrees of freedom:
-----------------------------------------------------------+
       Absorbed FE | Categories  - Redundant  = Num. Coefs |
-------------------+---------------------------------------|
   firm_id#user_id |     42710       42710           0    *|
                yh |        11           1          10     |
-----------------------------------------------------------+
* = FE nested within cluster; treated as redundant for DoF computation
(dropped 6323 singleton observations)
(MWFE estimator converged in 8 iterations)

Stored estimation results
-------------------------
----------------------------------------------------------------------------
             |           Dependent  Number of        
        Name | Command    variable     param.  Title 
-------------+--------------------------------------------------------------
_ivreg2_var3 | ivreg2         var3          5  First-stage regression: var3
_ivreg2_var5 | ivreg2         var5          5  First-stage regression: var5
_ivreg2_v~18 | ivreg2        var18          5  First-stage regression: var18
----------------------------------------------------------------------------

IV (2SLS) estimation
--------------------

Estimates efficient for homoskedasticity only
Statistics robust to heteroskedasticity and clustering on user_id

Number of clusters (user_id) =   33838                Number of obs =   209788
                                                      F(  5, 33837) =     1.30
                                                      Prob > F      =   0.2595
Total (centered) SS     =   52202094.6                Centered R2   =  -2.0104
Total (uncentered) SS   =   52202094.6                Uncentered R2 =  -2.0104
Residual SS             =  157147404.2                Root MSE      =    27.37

------------------------------------------------------------------------------
             |               Robust
total_co~100 | Coefficient  std. err.      t    P>|t|     [95% conf. interval]
-------------+----------------------------------------------------------------
        var3 |  -235.2843   160.4736    -1.47   0.143    -549.8181    79.24947
        var5 |   173.6389   118.1971     1.47   0.142    -58.03138    405.3092
       var18 |   298.3937   204.9435     1.46   0.145    -103.3025    700.0898
        var4 |  -133.3405   89.94382    -1.48   0.138    -309.6335    42.95242
       var17 |  -207.9606   143.0586    -1.45   0.146    -488.3604    72.43913
------------------------------------------------------------------------------
Underidentification test (Kleibergen-Paap rk LM statistic):              2.731
                                                   Chi-sq(1) P-val =    0.0984
------------------------------------------------------------------------------
Weak identification test (Cragg-Donald Wald F statistic):                3.856
                         (Kleibergen-Paap rk Wald F statistic):          0.909
Stock-Yogo weak ID test critical values:                       <not available>
------------------------------------------------------------------------------
Hansen J statistic (overidentification test of all instruments):         0.000
                                                 (equation exactly identified)
------------------------------------------------------------------------------
Instrumented:         var3 var5 var18
Included instruments: var4 var17
Excluded instruments: var6 var7 var19
Partialled-out:       _cons
                      nb: total SS, model F and R2s are after partialling-out;
                          any small-sample adjustments include partialled-out
                          variables in regressor count K
------------------------------------------------------------------------------

Absorbed degrees of freedom:
-----------------------------------------------------------+
       Absorbed FE | Categories  - Redundant  = Num. Coefs |
-------------------+---------------------------------------|
   firm_id#user_id |     40423       40423           0    *|
                yh |        11           1          10     |
-----------------------------------------------------------+
* = FE nested within cluster; treated as redundant for DoF computation
→ Spec 6: rent_hhi
(dropped 6377 singleton observations)
(MWFE estimator converged in 8 iterations)

HDFE Linear regression                            Number of obs   =    218,032
Absorbing 2 HDFE groups                           F(   7,  34556) =       7.70
Statistics robust to heteroskedasticity           Prob > F        =     0.0000
                                                  R-squared       =     0.7190
                                                  Adj R-squared   =     0.6531
                                                  Within R-sq.    =     0.0006
Number of clusters (user_id) =     34,557         Root MSE        =    17.6276

                           (Std. err. adjusted for 34,557 clusters in user_id)
------------------------------------------------------------------------------
             |               Robust
total_co~100 | Coefficient  std. err.      t    P>|t|     [95% conf. interval]
-------------+----------------------------------------------------------------
        var3 |  -1.207004   .7148901    -1.69   0.091    -2.608212    .1942035
        var5 |    4.06239   1.278673     3.18   0.001      1.55615     6.56863
        var4 |  -4.426267    1.09202    -4.05   0.000    -6.566661   -2.285873
        var8 |  -1.163115   .7459784    -1.56   0.119    -2.625257     .299027
        var9 |   .1218944   .9585591     0.13   0.899    -1.756913    2.000702
       var11 |  -.5126043   .7106418    -0.72   0.471    -1.905485    .8802767
       var12 |   .2863686   .9294976     0.31   0.758    -1.535477    2.108214
       _cons |    50.8035   .2233242   227.49   0.000     50.36578    51.24122
------------------------------------------------------------------------------

Absorbed degrees of freedom:
-----------------------------------------------------------+
       Absorbed FE | Categories  - Redundant  = Num. Coefs |
-------------------+---------------------------------------|
   firm_id#user_id |     41392       41392           0    *|
                yh |        11           1          10     |
-----------------------------------------------------------+
* = FE nested within cluster; treated as redundant for DoF computation
(dropped 6120 singleton observations)
(MWFE estimator converged in 8 iterations)

Stored estimation results
-------------------------
----------------------------------------------------------------------------
             |           Dependent  Number of        
        Name | Command    variable     param.  Title 
-------------+--------------------------------------------------------------
_ivreg2_var3 | ivreg2         var3          7  First-stage regression: var3
_ivreg2_var5 | ivreg2         var5          7  First-stage regression: var5
_ivreg2_var9 | ivreg2         var9          7  First-stage regression: var9
_ivreg2_v~12 | ivreg2        var12          7  First-stage regression: var12
----------------------------------------------------------------------------

IV (2SLS) estimation
--------------------

Estimates efficient for homoskedasticity only
Statistics robust to heteroskedasticity and clustering on user_id

Number of clusters (user_id) =   32957                Number of obs =   203676
                                                      F(  7, 32956) =     0.27
                                                      Prob > F      =   0.9640
Total (centered) SS     =  50595012.07                Centered R2   = -14.8298
Total (uncentered) SS   =  50595012.07                Uncentered R2 = -14.8298
Residual SS             =  800906811.5                Root MSE      =    62.71

------------------------------------------------------------------------------
             |               Robust
total_co~100 | Coefficient  std. err.      t    P>|t|     [95% conf. interval]
-------------+----------------------------------------------------------------
        var3 |   -677.881   982.9262    -0.69   0.490    -2604.452     1248.69
        var5 |   80.55414   85.79151     0.94   0.348    -87.60031    248.7086
        var9 |  -51.96507   643.8655    -0.08   0.936    -1313.965    1210.035
       var12 |   814.0535   928.9456     0.88   0.381    -1006.713     2634.82
        var4 |  -57.47788   59.65853    -0.96   0.335    -174.4107    59.45498
        var8 |   89.75493   417.4622     0.22   0.830     -728.486    907.9958
       var11 |  -570.9133   637.4828    -0.90   0.370    -1820.403    678.5759
------------------------------------------------------------------------------
Underidentification test (Kleibergen-Paap rk LM statistic):              0.687
                                                   Chi-sq(1) P-val =    0.4072
------------------------------------------------------------------------------
Weak identification test (Cragg-Donald Wald F statistic):                0.920
                         (Kleibergen-Paap rk Wald F statistic):          0.171
Stock-Yogo weak ID test critical values:                       <not available>
------------------------------------------------------------------------------
Hansen J statistic (overidentification test of all instruments):         0.000
                                                 (equation exactly identified)
------------------------------------------------------------------------------
Instrumented:         var3 var5 var9 var12
Included instruments: var4 var8 var11
Excluded instruments: var6 var7 var10 var13
Partialled-out:       _cons
                      nb: total SS, model F and R2s are after partialling-out;
                          any small-sample adjustments include partialled-out
                          variables in regressor count K
------------------------------------------------------------------------------

Absorbed degrees of freedom:
-----------------------------------------------------------+
       Absorbed FE | Categories  - Redundant  = Num. Coefs |
-------------------+---------------------------------------|
   firm_id#user_id |     39185       39185           0    *|
                yh |        11           1          10     |
-----------------------------------------------------------+
* = FE nested within cluster; treated as redundant for DoF computation
→ Spec 7: rent_seniority
(dropped 6380 singleton observations)
(MWFE estimator converged in 8 iterations)

HDFE Linear regression                            Number of obs   =    218,112
Absorbing 2 HDFE groups                           F(   7,  34563) =       7.58
Statistics robust to heteroskedasticity           Prob > F        =     0.0000
                                                  R-squared       =     0.7190
                                                  Adj R-squared   =     0.6532
                                                  Within R-sq.    =     0.0006
Number of clusters (user_id) =     34,564         Root MSE        =    17.6271

                           (Std. err. adjusted for 34,564 clusters in user_id)
------------------------------------------------------------------------------
             |               Robust
total_co~100 | Coefficient  std. err.      t    P>|t|     [95% conf. interval]
-------------+----------------------------------------------------------------
        var3 |   4.161228   5.798778     0.72   0.473    -7.204566    15.52702
        var5 |   3.896459   1.272972     3.06   0.002     1.401392    6.391525
        var4 |  -4.299086   1.088393    -3.95   0.000    -6.432373     -2.1658
        var8 |  -1.357583   .7257304    -1.87   0.061    -2.780038    .0648726
        var9 |    .303375   .9425072     0.32   0.748     -1.54397     2.15072
       var14 |   5.783474   5.598053     1.03   0.302    -5.188893    16.75584
       var15 |  -5.260827   5.800911    -0.91   0.364     -16.6308    6.109147
       _cons |   48.09444   2.539139    18.94   0.000     43.11764    53.07123
------------------------------------------------------------------------------

Absorbed degrees of freedom:
-----------------------------------------------------------+
       Absorbed FE | Categories  - Redundant  = Num. Coefs |
-------------------+---------------------------------------|
   firm_id#user_id |     41412       41412           0    *|
                yh |        11           1          10     |
-----------------------------------------------------------+
* = FE nested within cluster; treated as redundant for DoF computation
(dropped 6123 singleton observations)
(MWFE estimator converged in 8 iterations)

Stored estimation results
-------------------------
----------------------------------------------------------------------------
             |           Dependent  Number of        
        Name | Command    variable     param.  Title 
-------------+--------------------------------------------------------------
_ivreg2_var3 | ivreg2         var3          7  First-stage regression: var3
_ivreg2_var5 | ivreg2         var5          7  First-stage regression: var5
_ivreg2_var9 | ivreg2         var9          7  First-stage regression: var9
_ivreg2_v~15 | ivreg2        var15          7  First-stage regression: var15
----------------------------------------------------------------------------

IV (2SLS) estimation
--------------------

Estimates efficient for homoskedasticity only
Statistics robust to heteroskedasticity and clustering on user_id

Number of clusters (user_id) =   32964                Number of obs =   203754
                                                      F(  7, 32963) =     0.41
                                                      Prob > F      =   0.8948
Total (centered) SS     =  50609604.35                Centered R2   = -25.8498
Total (uncentered) SS   =  50609604.35                Uncentered R2 = -25.8498
Residual SS             =   1358859631                Root MSE      =    81.67

------------------------------------------------------------------------------
             |               Robust
total_co~100 | Coefficient  std. err.      t    P>|t|     [95% conf. interval]
-------------+----------------------------------------------------------------
        var3 |   7540.442   13396.79     0.56   0.574    -18717.74    33798.63
        var5 |   177.0799   266.4289     0.66   0.506    -345.1304    699.2901
        var9 |  -350.1394   257.4959    -1.36   0.174    -854.8406    154.5617
       var15 |  -7438.381   13394.68    -0.56   0.579    -33692.43    18815.66
        var4 |  -129.0959   199.3119    -0.65   0.517    -519.7545    261.5626
        var8 |   243.8532   180.7494     1.35   0.177    -110.4223    598.1286
       var14 |   6966.067   12542.45     0.56   0.579    -17617.59    31549.72
------------------------------------------------------------------------------
Underidentification test (Kleibergen-Paap rk LM statistic):              0.345
                                                   Chi-sq(1) P-val =    0.5567
------------------------------------------------------------------------------
Weak identification test (Cragg-Donald Wald F statistic):                0.568
                         (Kleibergen-Paap rk Wald F statistic):          0.086
Stock-Yogo weak ID test critical values:                       <not available>
------------------------------------------------------------------------------
Hansen J statistic (overidentification test of all instruments):         0.000
                                                 (equation exactly identified)
------------------------------------------------------------------------------
Instrumented:         var3 var5 var9 var15
Included instruments: var4 var8 var14
Excluded instruments: var6 var7 var10 var16
Partialled-out:       _cons
                      nb: total SS, model F and R2s are after partialling-out;
                          any small-sample adjustments include partialled-out
                          variables in regressor count K
------------------------------------------------------------------------------

Absorbed degrees of freedom:
-----------------------------------------------------------+
       Absorbed FE | Categories  - Redundant  = Num. Coefs |
-------------------+---------------------------------------|
   firm_id#user_id |     39204       39204           0    *|
                yh |        11           1          10     |
-----------------------------------------------------------+
* = FE nested within cluster; treated as redundant for DoF computation
→ Spec 8: rent_gap
(dropped 6380 singleton observations)
(MWFE estimator converged in 8 iterations)

HDFE Linear regression                            Number of obs   =    218,112
Absorbing 2 HDFE groups                           F(   7,  34563) =       8.43
Statistics robust to heteroskedasticity           Prob > F        =     0.0000
                                                  R-squared       =     0.7191
                                                  Adj R-squared   =     0.6532
                                                  Within R-sq.    =     0.0007
Number of clusters (user_id) =     34,564         Root MSE        =    17.6264

                           (Std. err. adjusted for 34,564 clusters in user_id)
------------------------------------------------------------------------------
             |               Robust
total_co~100 | Coefficient  std. err.      t    P>|t|     [95% conf. interval]
-------------+----------------------------------------------------------------
        var3 |   -.034364   .7467039    -0.05   0.963    -1.497928      1.4292
        var5 |   4.249516    1.26644     3.36   0.001     1.767251     6.73178
        var4 |  -4.581947   1.086095    -4.22   0.000    -6.710727   -2.453166
        var8 |  -1.197927   .7348567    -1.63   0.103     -2.63827    .2424167
        var9 |   .1429814   .9449823     0.15   0.880    -1.709215    1.995178
       var17 |   1.771285   .7023571     2.52   0.012     .3946423    3.147928
       var18 |  -2.459157   .9166295    -2.68   0.007     -4.25578   -.6625328
       _cons |   50.34596   .2465789   204.18   0.000     49.86265    50.82926
------------------------------------------------------------------------------

Absorbed degrees of freedom:
-----------------------------------------------------------+
       Absorbed FE | Categories  - Redundant  = Num. Coefs |
-------------------+---------------------------------------|
   firm_id#user_id |     41412       41412           0    *|
                yh |        11           1          10     |
-----------------------------------------------------------+
* = FE nested within cluster; treated as redundant for DoF computation
(dropped 6123 singleton observations)
(MWFE estimator converged in 8 iterations)

Stored estimation results
-------------------------
----------------------------------------------------------------------------
             |           Dependent  Number of        
        Name | Command    variable     param.  Title 
-------------+--------------------------------------------------------------
_ivreg2_var3 | ivreg2         var3          7  First-stage regression: var3
_ivreg2_var5 | ivreg2         var5          7  First-stage regression: var5
_ivreg2_var9 | ivreg2         var9          7  First-stage regression: var9
_ivreg2_v~18 | ivreg2        var18          7  First-stage regression: var18
----------------------------------------------------------------------------

IV (2SLS) estimation
--------------------

Estimates efficient for homoskedasticity only
Statistics robust to heteroskedasticity and clustering on user_id

Number of clusters (user_id) =   32964                Number of obs =   203754
                                                      F(  7, 32963) =     0.37
                                                      Prob > F      =   0.9203
Total (centered) SS     =  50609604.35                Centered R2   = -11.0343
Total (uncentered) SS   =  50609604.35                Uncentered R2 = -11.0343
Residual SS             =  609049879.6                Root MSE      =    54.68

------------------------------------------------------------------------------
             |               Robust
total_co~100 | Coefficient  std. err.      t    P>|t|     [95% conf. interval]
-------------+----------------------------------------------------------------
        var3 |   658.5418   719.7937     0.91   0.360    -752.2797    2069.363
        var5 |  -386.9453   441.2905    -0.88   0.381    -1251.891         478
        var9 |  -309.1488   342.0831    -0.90   0.366     -979.644    361.3464
       var18 |  -636.7284   699.0938    -0.91   0.362    -2006.977    733.5206
        var4 |   303.3389   344.9298     0.88   0.379    -372.7359    979.4137
        var8 |   198.4015   222.7274     0.89   0.373    -238.1523    634.9553
       var17 |   441.8357   484.8688     0.91   0.362    -508.5246    1392.196
------------------------------------------------------------------------------
Underidentification test (Kleibergen-Paap rk LM statistic):              0.833
                                                   Chi-sq(1) P-val =    0.3613
------------------------------------------------------------------------------
Weak identification test (Cragg-Donald Wald F statistic):                1.360
                         (Kleibergen-Paap rk Wald F statistic):          0.208
Stock-Yogo weak ID test critical values:                       <not available>
------------------------------------------------------------------------------
Hansen J statistic (overidentification test of all instruments):         0.000
                                                 (equation exactly identified)
------------------------------------------------------------------------------
Instrumented:         var3 var5 var9 var18
Included instruments: var4 var8 var17
Excluded instruments: var6 var7 var10 var19
Partialled-out:       _cons
                      nb: total SS, model F and R2s are after partialling-out;
                          any small-sample adjustments include partialled-out
                          variables in regressor count K
------------------------------------------------------------------------------

Absorbed degrees of freedom:
-----------------------------------------------------------+
       Absorbed FE | Categories  - Redundant  = Num. Coefs |
-------------------+---------------------------------------|
   firm_id#user_id |     39204       39204           0    *|
                yh |        11           1          10     |
-----------------------------------------------------------+
* = FE nested within cluster; treated as redundant for DoF computation
→ Spec 9: hhi_seniority
(dropped 6591 singleton observations)
(MWFE estimator converged in 8 iterations)

HDFE Linear regression                            Number of obs   =    224,596
Absorbing 2 HDFE groups                           F(   7,  35468) =       7.54
Statistics robust to heteroskedasticity           Prob > F        =     0.0000
                                                  R-squared       =     0.7185
                                                  Adj R-squared   =     0.6524
                                                  Within R-sq.    =     0.0006
Number of clusters (user_id) =     35,469         Root MSE        =    17.6446

                           (Std. err. adjusted for 35,469 clusters in user_id)
------------------------------------------------------------------------------
             |               Robust
total_co~100 | Coefficient  std. err.      t    P>|t|     [95% conf. interval]
-------------+----------------------------------------------------------------
        var3 |   2.140249   5.898016     0.36   0.717    -9.420044    13.70054
        var5 |   5.952159   1.293156     4.60   0.000     3.417533    8.486786
        var4 |  -6.404874   1.109975    -5.77   0.000    -8.580459   -4.229289
       var11 |  -.7999317   .6857502    -1.17   0.243    -2.144023    .5441599
       var12 |   .6241792   .9072581     0.69   0.491    -1.154075    2.402433
       var14 |   3.929708   5.653633     0.70   0.487    -7.151586      15.011
       var15 |  -3.675243   5.851826    -0.63   0.530      -15.145    7.794516
       _cons |   48.91331    2.57464    19.00   0.000     43.86694    53.95968
------------------------------------------------------------------------------

Absorbed degrees of freedom:
-----------------------------------------------------------+
       Absorbed FE | Categories  - Redundant  = Num. Coefs |
-------------------+---------------------------------------|
   firm_id#user_id |     42681       42681           0    *|
                yh |        11           1          10     |
-----------------------------------------------------------+
* = FE nested within cluster; treated as redundant for DoF computation
(dropped 6316 singleton observations)
(MWFE estimator converged in 8 iterations)

Stored estimation results
-------------------------
----------------------------------------------------------------------------
             |           Dependent  Number of        
        Name | Command    variable     param.  Title 
-------------+--------------------------------------------------------------
_ivreg2_var3 | ivreg2         var3          7  First-stage regression: var3
_ivreg2_var5 | ivreg2         var5          7  First-stage regression: var5
_ivreg2_v~12 | ivreg2        var12          7  First-stage regression: var12
_ivreg2_v~15 | ivreg2        var15          7  First-stage regression: var15
----------------------------------------------------------------------------

IV (2SLS) estimation
--------------------

Estimates efficient for homoskedasticity only
Statistics robust to heteroskedasticity and clustering on user_id

Number of clusters (user_id) =   33829                Number of obs =   209684
                                                      F(  7, 33828) =     0.43
                                                      Prob > F      =   0.8818
Total (centered) SS     =  52179939.71                Centered R2   = -14.5908
Total (uncentered) SS   =  52179939.71                Uncentered R2 = -14.5908
Residual SS             =  813526844.6                Root MSE      =    62.29

------------------------------------------------------------------------------
             |               Robust
total_co~100 | Coefficient  std. err.      t    P>|t|     [95% conf. interval]
-------------+----------------------------------------------------------------
        var3 |   5749.413    11264.5     0.51   0.610    -16329.39    27828.22
        var5 |   122.4972   200.5443     0.61   0.541    -270.5764    515.5709
       var12 |  -376.4278   312.4514    -1.20   0.228    -988.8433    235.9876
       var15 |  -5521.273   11162.42    -0.49   0.621       -27400    16357.46
        var4 |  -94.06749   151.9945    -0.62   0.536     -391.982     203.847
       var11 |   255.7177   211.9969     1.21   0.228    -159.8034    671.2388
       var14 |   5142.109   10444.63     0.49   0.622    -15329.72    25613.94
------------------------------------------------------------------------------
Underidentification test (Kleibergen-Paap rk LM statistic):              0.298
                                                   Chi-sq(1) P-val =    0.5854
------------------------------------------------------------------------------
Weak identification test (Cragg-Donald Wald F statistic):                0.540
                         (Kleibergen-Paap rk Wald F statistic):          0.074
Stock-Yogo weak ID test critical values:                       <not available>
------------------------------------------------------------------------------
Hansen J statistic (overidentification test of all instruments):         0.000
                                                 (equation exactly identified)
------------------------------------------------------------------------------
Instrumented:         var3 var5 var12 var15
Included instruments: var4 var11 var14
Excluded instruments: var6 var7 var13 var16
Partialled-out:       _cons
                      nb: total SS, model F and R2s are after partialling-out;
                          any small-sample adjustments include partialled-out
                          variables in regressor count K
------------------------------------------------------------------------------

Absorbed degrees of freedom:
-----------------------------------------------------------+
       Absorbed FE | Categories  - Redundant  = Num. Coefs |
-------------------+---------------------------------------|
   firm_id#user_id |     40396       40396           0    *|
                yh |        11           1          10     |
-----------------------------------------------------------+
* = FE nested within cluster; treated as redundant for DoF computation
→ Spec 10: hhi_gap
(dropped 6591 singleton observations)
(MWFE estimator converged in 8 iterations)

HDFE Linear regression                            Number of obs   =    224,596
Absorbing 2 HDFE groups                           F(   7,  35468) =       8.65
Statistics robust to heteroskedasticity           Prob > F        =     0.0000
                                                  R-squared       =     0.7185
                                                  Adj R-squared   =     0.6525
                                                  Within R-sq.    =     0.0007
Number of clusters (user_id) =     35,469         Root MSE        =    17.6437

                           (Std. err. adjusted for 35,469 clusters in user_id)
------------------------------------------------------------------------------
             |               Robust
total_co~100 | Coefficient  std. err.      t    P>|t|     [95% conf. interval]
-------------+----------------------------------------------------------------
        var3 |  -.5230969   .7156985    -0.73   0.465    -1.925888    .8796942
        var5 |   6.150436   1.287838     4.78   0.000     3.626234    8.674637
        var4 |  -6.534207   1.107353    -5.90   0.000    -8.704653   -4.363761
       var11 |  -.8859199   .6842805    -1.29   0.195    -2.227131    .4552909
       var12 |   .7368179   .9019195     0.82   0.414    -1.030972    2.504608
       var17 |   2.035002   .6844627     2.97   0.003     .6934337     3.37657
       var18 |  -2.502399   .9009775    -2.78   0.005    -4.268343   -.7364557
       _cons |   50.29628   .2435622   206.50   0.000     49.81889    50.77366
------------------------------------------------------------------------------

Absorbed degrees of freedom:
-----------------------------------------------------------+
       Absorbed FE | Categories  - Redundant  = Num. Coefs |
-------------------+---------------------------------------|
   firm_id#user_id |     42681       42681           0    *|
                yh |        11           1          10     |
-----------------------------------------------------------+
* = FE nested within cluster; treated as redundant for DoF computation
(dropped 6316 singleton observations)
(MWFE estimator converged in 8 iterations)

Stored estimation results
-------------------------
----------------------------------------------------------------------------
             |           Dependent  Number of        
        Name | Command    variable     param.  Title 
-------------+--------------------------------------------------------------
_ivreg2_var3 | ivreg2         var3          7  First-stage regression: var3
_ivreg2_var5 | ivreg2         var5          7  First-stage regression: var5
_ivreg2_v~12 | ivreg2        var12          7  First-stage regression: var12
_ivreg2_v~18 | ivreg2        var18          7  First-stage regression: var18
----------------------------------------------------------------------------

IV (2SLS) estimation
--------------------

Estimates efficient for homoskedasticity only
Statistics robust to heteroskedasticity and clustering on user_id

Number of clusters (user_id) =   33829                Number of obs =   209684
                                                      F(  7, 33828) =     2.25
                                                      Prob > F      =   0.0273
Total (centered) SS     =  52179939.71                Centered R2   =  -0.7237
Total (uncentered) SS   =  52179939.71                Uncentered R2 =  -0.7237
Residual SS             =  89941382.36                Root MSE      =    20.71

------------------------------------------------------------------------------
             |               Robust
total_co~100 | Coefficient  std. err.      t    P>|t|     [95% conf. interval]
-------------+----------------------------------------------------------------
        var3 |    174.357   84.29954     2.07   0.039     9.127059     339.587
        var5 |    -53.589   34.74467    -1.54   0.123    -121.6897    14.51174
       var12 |  -108.0616   47.91931    -2.26   0.024    -201.9851   -14.13812
       var18 |  -140.5184   71.24437    -1.97   0.049    -280.1598   -.8770246
        var4 |   39.82826   26.19849     1.52   0.128    -11.52167    91.17818
       var11 |   73.92054   32.99985     2.24   0.025     9.239704    138.6014
       var17 |   98.42288   49.80221     1.98   0.048     .8088498    196.0369
------------------------------------------------------------------------------
Underidentification test (Kleibergen-Paap rk LM statistic):              7.618
                                                   Chi-sq(1) P-val =    0.0058
------------------------------------------------------------------------------
Weak identification test (Cragg-Donald Wald F statistic):                8.582
                         (Kleibergen-Paap rk Wald F statistic):          1.904
Stock-Yogo weak ID test critical values:                       <not available>
------------------------------------------------------------------------------
Hansen J statistic (overidentification test of all instruments):         0.000
                                                 (equation exactly identified)
------------------------------------------------------------------------------
Instrumented:         var3 var5 var12 var18
Included instruments: var4 var11 var17
Excluded instruments: var6 var7 var13 var19
Partialled-out:       _cons
                      nb: total SS, model F and R2s are after partialling-out;
                          any small-sample adjustments include partialled-out
                          variables in regressor count K
------------------------------------------------------------------------------

Absorbed degrees of freedom:
-----------------------------------------------------------+
       Absorbed FE | Categories  - Redundant  = Num. Coefs |
-------------------+---------------------------------------|
   firm_id#user_id |     40396       40396           0    *|
                yh |        11           1          10     |
-----------------------------------------------------------+
* = FE nested within cluster; treated as redundant for DoF computation
→ Spec 11: seniority_gap
(dropped 6597 singleton observations)
(MWFE estimator converged in 8 iterations)

HDFE Linear regression                            Number of obs   =    224,708
Absorbing 2 HDFE groups                           F(   7,  35478) =       8.27
Statistics robust to heteroskedasticity           Prob > F        =     0.0000
                                                  R-squared       =     0.7186
                                                  Adj R-squared   =     0.6525
                                                  Within R-sq.    =     0.0007
Number of clusters (user_id) =     35,479         Root MSE        =    17.6435

                           (Std. err. adjusted for 35,479 clusters in user_id)
------------------------------------------------------------------------------
             |               Robust
total_co~100 | Coefficient  std. err.      t    P>|t|     [95% conf. interval]
-------------+----------------------------------------------------------------
        var3 |   3.529817   5.939971     0.59   0.552    -8.112711    15.17234
        var5 |   6.191925   1.279615     4.84   0.000     3.683839    8.700011
        var4 |  -6.605915   1.100627    -6.00   0.000    -8.763177   -4.448652
       var17 |    2.00789   .6846606     2.93   0.003     .6659341    3.349846
       var18 |  -2.435005   .9011981    -2.70   0.007    -4.201381   -.6686293
       var14 |   4.016759   5.745366     0.70   0.484    -7.244336    15.27785
       var15 |  -3.722278   5.936227    -0.63   0.531    -15.35747     7.91291
       _cons |   48.28982   2.603383    18.55   0.000     43.18711    53.39253
------------------------------------------------------------------------------

Absorbed degrees of freedom:
-----------------------------------------------------------+
       Absorbed FE | Categories  - Redundant  = Num. Coefs |
-------------------+---------------------------------------|
   firm_id#user_id |     42710       42710           0    *|
                yh |        11           1          10     |
-----------------------------------------------------------+
* = FE nested within cluster; treated as redundant for DoF computation
(dropped 6323 singleton observations)
(MWFE estimator converged in 8 iterations)

Stored estimation results
-------------------------
----------------------------------------------------------------------------
             |           Dependent  Number of        
        Name | Command    variable     param.  Title 
-------------+--------------------------------------------------------------
_ivreg2_var3 | ivreg2         var3          7  First-stage regression: var3
_ivreg2_var5 | ivreg2         var5          7  First-stage regression: var5
_ivreg2_v~18 | ivreg2        var18          7  First-stage regression: var18
_ivreg2_v~15 | ivreg2        var15          7  First-stage regression: var15
----------------------------------------------------------------------------

IV (2SLS) estimation
--------------------

Estimates efficient for homoskedasticity only
Statistics robust to heteroskedasticity and clustering on user_id

Number of clusters (user_id) =   33838                Number of obs =   209788
                                                      F(  7, 33837) =     0.25
                                                      Prob > F      =   0.9708
Total (centered) SS     =   52202094.6                Centered R2   = -12.9761
Total (uncentered) SS   =   52202094.6                Uncentered R2 = -12.9761
Residual SS             =  729583161.7                Root MSE      =    58.97

------------------------------------------------------------------------------
             |               Robust
total_co~100 | Coefficient  std. err.      t    P>|t|     [95% conf. interval]
-------------+----------------------------------------------------------------
        var3 |  -4801.648    12132.1    -0.40   0.692    -28580.97    18977.68
        var5 |   211.0411    293.039     0.72   0.471    -363.3252    785.4075
       var18 |   492.1997   498.7101     0.99   0.324    -485.2891    1469.689
       var15 |   4446.356   12096.23     0.37   0.713    -19262.66    28155.37
        var4 |  -163.8288   222.6891    -0.74   0.462    -600.3071    272.6496
       var17 |  -341.0963   346.3475    -0.98   0.325    -1019.949    337.7566
       var14 |   -4161.13   11327.48    -0.37   0.713    -26363.38    18041.12
------------------------------------------------------------------------------
Underidentification test (Kleibergen-Paap rk LM statistic):              0.302
                                                   Chi-sq(1) P-val =    0.5825
------------------------------------------------------------------------------
Weak identification test (Cragg-Donald Wald F statistic):                0.519
                         (Kleibergen-Paap rk Wald F statistic):          0.076
Stock-Yogo weak ID test critical values:                       <not available>
------------------------------------------------------------------------------
Hansen J statistic (overidentification test of all instruments):         0.000
                                                 (equation exactly identified)
------------------------------------------------------------------------------
Instrumented:         var3 var5 var18 var15
Included instruments: var4 var17 var14
Excluded instruments: var6 var7 var19 var16
Partialled-out:       _cons
                      nb: total SS, model F and R2s are after partialling-out;
                          any small-sample adjustments include partialled-out
                          variables in regressor count K
------------------------------------------------------------------------------

Absorbed degrees of freedom:
-----------------------------------------------------------+
       Absorbed FE | Categories  - Redundant  = Num. Coefs |
-------------------+---------------------------------------|
   firm_id#user_id |     40423       40423           0    *|
                yh |        11           1          10     |
-----------------------------------------------------------+
* = FE nested within cluster; treated as redundant for DoF computation
→ Spec 12: rent_hhi_seniority
(dropped 6377 singleton observations)
(MWFE estimator converged in 8 iterations)

HDFE Linear regression                            Number of obs   =    218,032
Absorbing 2 HDFE groups                           F(   9,  34556) =       6.06
Statistics robust to heteroskedasticity           Prob > F        =     0.0000
                                                  R-squared       =     0.7190
                                                  Adj R-squared   =     0.6531
                                                  Within R-sq.    =     0.0006
Number of clusters (user_id) =     34,557         Root MSE        =    17.6276

                           (Std. err. adjusted for 34,557 clusters in user_id)
------------------------------------------------------------------------------
             |               Robust
total_co~100 | Coefficient  std. err.      t    P>|t|     [95% conf. interval]
-------------+----------------------------------------------------------------
        var3 |   3.961727   5.862579     0.68   0.499    -7.529118    15.45257
        var5 |   3.881179   1.283232     3.02   0.002     1.366002    6.396356
        var4 |  -4.237531   1.093156    -3.88   0.000    -6.380152   -2.094911
        var8 |  -1.186449    .747926    -1.59   0.113    -2.652409    .2795101
        var9 |   .1391718   .9617603     0.14   0.885     -1.74591    2.024253
       var11 |  -.4863623   .7134302    -0.68   0.495    -1.884709    .9119841
       var12 |   .2765448   .9367134     0.30   0.768    -1.559444    2.112534
       var14 |   5.592645   5.619019     1.00   0.320    -5.420816    16.60611
       var15 |  -5.161115   5.828209    -0.89   0.376    -16.58459    6.262365
       _cons |   48.26213   2.558403    18.86   0.000     43.24757    53.27668
------------------------------------------------------------------------------

Absorbed degrees of freedom:
-----------------------------------------------------------+
       Absorbed FE | Categories  - Redundant  = Num. Coefs |
-------------------+---------------------------------------|
   firm_id#user_id |     41392       41392           0    *|
                yh |        11           1          10     |
-----------------------------------------------------------+
* = FE nested within cluster; treated as redundant for DoF computation
(dropped 6120 singleton observations)
(MWFE estimator converged in 8 iterations)

Stored estimation results
-------------------------
----------------------------------------------------------------------------
             |           Dependent  Number of        
        Name | Command    variable     param.  Title 
-------------+--------------------------------------------------------------
_ivreg2_var3 | ivreg2         var3          9  First-stage regression: var3
_ivreg2_var5 | ivreg2         var5          9  First-stage regression: var5
_ivreg2_var9 | ivreg2         var9          9  First-stage regression: var9
_ivreg2_v~12 | ivreg2        var12          9  First-stage regression: var12
_ivreg2_v~15 | ivreg2        var15          9  First-stage regression: var15
----------------------------------------------------------------------------

IV (2SLS) estimation
--------------------

Estimates efficient for homoskedasticity only
Statistics robust to heteroskedasticity and clustering on user_id

Number of clusters (user_id) =   32957                Number of obs =   203676
                                                      F(  9, 32956) =     0.01
                                                      Prob > F      =   1.0000
Total (centered) SS     =  50595012.07                Centered R2   = -2.8e+02
Total (uncentered) SS   =  50595012.07                Uncentered R2 = -2.8e+02
Residual SS             =  1.44562e+10                Root MSE      =    266.4

------------------------------------------------------------------------------
             |               Robust
total_co~100 | Coefficient  std. err.      t    P>|t|     [95% conf. interval]
-------------+----------------------------------------------------------------
        var3 |   19936.89     149587     0.13   0.894    -273258.9    313132.7
        var5 |  -67.96251   1452.163    -0.05   0.963    -2914.255     2778.33
        var9 |   2065.557   19510.65     0.11   0.916    -36176.02    40307.14
       var12 |  -2472.507   20962.39    -0.12   0.906    -43559.55    38614.53
       var15 |  -18939.58   141933.1    -0.13   0.894    -297133.5    259254.4
        var4 |   9.150071   763.5729     0.01   0.990     -1487.48     1505.78
        var8 |  -1587.695   14855.09    -0.11   0.915     -30704.2    27528.81
       var11 |   1780.379   15168.89     0.12   0.907    -27951.19    31511.94
       var14 |   17539.52     131292     0.13   0.894    -239797.4    274876.5
------------------------------------------------------------------------------
Underidentification test (Kleibergen-Paap rk LM statistic):              0.015
                                                   Chi-sq(1) P-val =    0.9036
------------------------------------------------------------------------------
Weak identification test (Cragg-Donald Wald F statistic):                0.038
                         (Kleibergen-Paap rk Wald F statistic):          0.003
Stock-Yogo weak ID test critical values:                       <not available>
------------------------------------------------------------------------------
Hansen J statistic (overidentification test of all instruments):         0.000
                                                 (equation exactly identified)
------------------------------------------------------------------------------
Instrumented:         var3 var5 var9 var12 var15
Included instruments: var4 var8 var11 var14
Excluded instruments: var6 var7 var10 var13 var16
Partialled-out:       _cons
                      nb: total SS, model F and R2s are after partialling-out;
                          any small-sample adjustments include partialled-out
                          variables in regressor count K
------------------------------------------------------------------------------

Absorbed degrees of freedom:
-----------------------------------------------------------+
       Absorbed FE | Categories  - Redundant  = Num. Coefs |
-------------------+---------------------------------------|
   firm_id#user_id |     39185       39185           0    *|
                yh |        11           1          10     |
-----------------------------------------------------------+
* = FE nested within cluster; treated as redundant for DoF computation
→ Spec 13: rent_hhi_gap
(dropped 6377 singleton observations)
(MWFE estimator converged in 8 iterations)

HDFE Linear regression                            Number of obs   =    218,032
Absorbing 2 HDFE groups                           F(   9,  34556) =       6.78
Statistics robust to heteroskedasticity           Prob > F        =     0.0000
                                                  R-squared       =     0.7190
                                                  Adj R-squared   =     0.6531
                                                  Within R-sq.    =     0.0007
Number of clusters (user_id) =     34,557         Root MSE        =    17.6269

                           (Std. err. adjusted for 34,557 clusters in user_id)
------------------------------------------------------------------------------
             |               Robust
total_co~100 | Coefficient  std. err.      t    P>|t|     [95% conf. interval]
-------------+----------------------------------------------------------------
        var3 |   -.166721   .8091753    -0.21   0.837    -1.752731    1.419289
        var5 |   4.213842   1.279207     3.29   0.001     1.706555    6.721129
        var4 |  -4.493209   1.091862    -4.12   0.000    -6.633295   -2.353122
        var8 |   -.968864   .7583723    -1.28   0.201    -2.455298    .5175704
        var9 |  -.0843567   .9648428    -0.09   0.930     -1.97548    1.806767
       var11 |  -.6688459   .7131551    -0.94   0.348    -2.066653    .7289614
       var12 |   .4635655   .9325875     0.50   0.619    -1.364336    2.291467
       var17 |   1.824181   .7049515     2.59   0.010     .4424526    3.205908
       var18 |  -2.533587   .9194406    -2.76   0.006    -4.335721   -.7314537
       _cons |   50.44558   .2673844   188.66   0.000     49.92149    50.96966
------------------------------------------------------------------------------

Absorbed degrees of freedom:
-----------------------------------------------------------+
       Absorbed FE | Categories  - Redundant  = Num. Coefs |
-------------------+---------------------------------------|
   firm_id#user_id |     41392       41392           0    *|
                yh |        11           1          10     |
-----------------------------------------------------------+
* = FE nested within cluster; treated as redundant for DoF computation
(dropped 6120 singleton observations)
(MWFE estimator converged in 8 iterations)

Stored estimation results
-------------------------
----------------------------------------------------------------------------
             |           Dependent  Number of        
        Name | Command    variable     param.  Title 
-------------+--------------------------------------------------------------
_ivreg2_var3 | ivreg2         var3          9  First-stage regression: var3
_ivreg2_var5 | ivreg2         var5          9  First-stage regression: var5
_ivreg2_var9 | ivreg2         var9          9  First-stage regression: var9
_ivreg2_v~12 | ivreg2        var12          9  First-stage regression: var12
_ivreg2_v~18 | ivreg2        var18          9  First-stage regression: var18
----------------------------------------------------------------------------

IV (2SLS) estimation
--------------------

Estimates efficient for homoskedasticity only
Statistics robust to heteroskedasticity and clustering on user_id

Number of clusters (user_id) =   32957                Number of obs =   203676
                                                      F(  9, 32956) =     0.04
                                                      Prob > F      =   1.0000
Total (centered) SS     =  50595012.07                Centered R2   = -61.7871
Total (uncentered) SS   =  50595012.07                Uncentered R2 = -61.7871
Residual SS             =   3176711786                Root MSE      =    124.9

------------------------------------------------------------------------------
             |               Robust
total_co~100 | Coefficient  std. err.      t    P>|t|     [95% conf. interval]
-------------+----------------------------------------------------------------
        var3 |   267.9483   929.8059     0.29   0.773    -1554.505    2090.401
        var5 |  -572.7384   2253.181    -0.25   0.799    -4989.055    3843.578
        var9 |   1802.356   7560.672     0.24   0.812    -13016.83    16621.55
       var12 |  -740.4265   2845.538    -0.26   0.795    -6317.782     4836.93
       var18 |  -586.2922   2205.187    -0.27   0.790    -4908.539    3735.954
        var4 |   403.4848   1579.647     0.26   0.798     -2692.68    3499.649
        var8 |  -1320.218   5511.791    -0.24   0.811    -12123.53    9483.091
       var11 |   576.2509    2235.91     0.26   0.797    -3806.212    4958.714
       var17 |   389.8072   1464.367     0.27   0.790    -2480.406     3260.02
------------------------------------------------------------------------------
Underidentification test (Kleibergen-Paap rk LM statistic):              0.061
                                                   Chi-sq(1) P-val =    0.8047
------------------------------------------------------------------------------
Weak identification test (Cragg-Donald Wald F statistic):                0.188
                         (Kleibergen-Paap rk Wald F statistic):          0.012
Stock-Yogo weak ID test critical values:                       <not available>
------------------------------------------------------------------------------
Hansen J statistic (overidentification test of all instruments):         0.000
                                                 (equation exactly identified)
------------------------------------------------------------------------------
Instrumented:         var3 var5 var9 var12 var18
Included instruments: var4 var8 var11 var17
Excluded instruments: var6 var7 var10 var13 var19
Partialled-out:       _cons
                      nb: total SS, model F and R2s are after partialling-out;
                          any small-sample adjustments include partialled-out
                          variables in regressor count K
------------------------------------------------------------------------------

Absorbed degrees of freedom:
-----------------------------------------------------------+
       Absorbed FE | Categories  - Redundant  = Num. Coefs |
-------------------+---------------------------------------|
   firm_id#user_id |     39185       39185           0    *|
                yh |        11           1          10     |
-----------------------------------------------------------+
* = FE nested within cluster; treated as redundant for DoF computation
→ Spec 14: rent_seniority_gap
(dropped 6380 singleton observations)
(MWFE estimator converged in 8 iterations)

HDFE Linear regression                            Number of obs   =    218,112
Absorbing 2 HDFE groups                           F(   9,  34563) =       6.63
Statistics robust to heteroskedasticity           Prob > F        =     0.0000
                                                  R-squared       =     0.7191
                                                  Adj R-squared   =     0.6532
                                                  Within R-sq.    =     0.0007
Number of clusters (user_id) =     34,564         Root MSE        =    17.6264

                           (Std. err. adjusted for 34,564 clusters in user_id)
------------------------------------------------------------------------------
             |               Robust
total_co~100 | Coefficient  std. err.      t    P>|t|     [95% conf. interval]
-------------+----------------------------------------------------------------
        var3 |   5.060271   5.880076     0.86   0.389    -6.464869    16.58541
        var5 |   4.073421    1.27348     3.20   0.001     1.577359    6.569482
        var4 |  -4.391602   1.087892    -4.04   0.000    -6.523905   -2.259298
        var8 |  -1.211941    .735994    -1.65   0.100    -2.654513    .2306316
        var9 |   .1505755   .9470024     0.16   0.874     -1.70558    2.006731
       var14 |   5.578698   5.686619     0.98   0.327    -5.567261    16.72466
       var15 |   -5.09763   5.887321    -0.87   0.387    -16.63697    6.441711
       var17 |   1.756428   .7028264     2.50   0.012     .3788656    3.133991
       var18 |  -2.438057    .917245    -2.66   0.008    -4.235887   -.6402265
       _cons |   47.81734    2.57509    18.57   0.000     42.77008     52.8646
------------------------------------------------------------------------------

Absorbed degrees of freedom:
-----------------------------------------------------------+
       Absorbed FE | Categories  - Redundant  = Num. Coefs |
-------------------+---------------------------------------|
   firm_id#user_id |     41412       41412           0    *|
                yh |        11           1          10     |
-----------------------------------------------------------+
* = FE nested within cluster; treated as redundant for DoF computation
(dropped 6123 singleton observations)
(MWFE estimator converged in 8 iterations)

Stored estimation results
-------------------------
----------------------------------------------------------------------------
             |           Dependent  Number of        
        Name | Command    variable     param.  Title 
-------------+--------------------------------------------------------------
_ivreg2_var3 | ivreg2         var3          9  First-stage regression: var3
_ivreg2_var5 | ivreg2         var5          9  First-stage regression: var5
_ivreg2_var9 | ivreg2         var9          9  First-stage regression: var9
_ivreg2_v~15 | ivreg2        var15          9  First-stage regression: var15
_ivreg2_v~18 | ivreg2        var18          9  First-stage regression: var18
----------------------------------------------------------------------------

IV (2SLS) estimation
--------------------

Estimates efficient for homoskedasticity only
Statistics robust to heteroskedasticity and clustering on user_id

Number of clusters (user_id) =   32964                Number of obs =   203754
                                                      F(  9, 32963) =     0.01
                                                      Prob > F      =   1.0000
Total (centered) SS     =  50609604.35                Centered R2   = -3.1e+02
Total (uncentered) SS   =  50609604.35                Uncentered R2 = -3.1e+02
Residual SS             =  1.56570e+10                Root MSE      =    277.2

------------------------------------------------------------------------------
             |               Robust
total_co~100 | Coefficient  std. err.      t    P>|t|     [95% conf. interval]
-------------+----------------------------------------------------------------
        var3 |   20719.93    94068.5     0.22   0.826    -163657.7    205097.6
        var5 |   1468.529   7321.311     0.20   0.841    -12881.51    15818.56
        var9 |   631.8906   4313.505     0.15   0.884    -7822.734    9086.516
       var15 |  -22572.15     103134    -0.22   0.827    -224718.5    179574.2
       var18 |   1675.076   9107.665     0.18   0.854    -16176.28    19526.43
        var4 |  -1133.024   5670.791    -0.20   0.842    -12247.98    9981.931
        var8 |   -390.769   2744.653    -0.14   0.887    -5770.388     4988.85
       var14 |   21057.26   96203.13     0.22   0.827    -167504.3    209618.9
       var17 |  -1171.184   6357.462    -0.18   0.854    -13632.04    11289.67
------------------------------------------------------------------------------
Underidentification test (Kleibergen-Paap rk LM statistic):              0.043
                                                   Chi-sq(1) P-val =    0.8355
------------------------------------------------------------------------------
Weak identification test (Cragg-Donald Wald F statistic):                0.029
                         (Kleibergen-Paap rk Wald F statistic):          0.009
Stock-Yogo weak ID test critical values:                       <not available>
------------------------------------------------------------------------------
Hansen J statistic (overidentification test of all instruments):         0.000
                                                 (equation exactly identified)
------------------------------------------------------------------------------
Instrumented:         var3 var5 var9 var15 var18
Included instruments: var4 var8 var14 var17
Excluded instruments: var6 var7 var10 var16 var19
Partialled-out:       _cons
                      nb: total SS, model F and R2s are after partialling-out;
                          any small-sample adjustments include partialled-out
                          variables in regressor count K
------------------------------------------------------------------------------

Absorbed degrees of freedom:
-----------------------------------------------------------+
       Absorbed FE | Categories  - Redundant  = Num. Coefs |
-------------------+---------------------------------------|
   firm_id#user_id |     39204       39204           0    *|
                yh |        11           1          10     |
-----------------------------------------------------------+
* = FE nested within cluster; treated as redundant for DoF computation
→ Spec 15: hhi_seniority_gap
(dropped 6591 singleton observations)
(MWFE estimator converged in 8 iterations)

HDFE Linear regression                            Number of obs   =    224,596
Absorbing 2 HDFE groups                           F(   9,  35468) =       6.74
Statistics robust to heteroskedasticity           Prob > F        =     0.0000
                                                  R-squared       =     0.7185
                                                  Adj R-squared   =     0.6525
                                                  Within R-sq.    =     0.0007
Number of clusters (user_id) =     35,469         Root MSE        =    17.6437

                           (Std. err. adjusted for 35,469 clusters in user_id)
------------------------------------------------------------------------------
             |               Robust
total_co~100 | Coefficient  std. err.      t    P>|t|     [95% conf. interval]
-------------+----------------------------------------------------------------
        var3 |   2.947749   5.991389     0.49   0.623    -8.795557    14.69106
        var5 |   6.039705   1.293532     4.67   0.000     3.504342    8.575067
        var4 |  -6.420757   1.110066    -5.78   0.000     -8.59652   -4.244994
       var11 |  -.8710125   .6862209    -1.27   0.204    -2.216027    .4740016
       var12 |   .7302481   .9080053     0.80   0.421     -1.04947    2.509967
       var14 |    3.70562   5.755254     0.64   0.520    -7.574856     14.9861
       var15 |  -3.470298   5.951723    -0.58   0.560    -15.13586    8.195264
       var17 |   2.027038   .6849312     2.96   0.003     .6845516    3.369524
       var18 |  -2.488483    .901728    -2.76   0.006    -4.255898   -.7210687
       _cons |   48.61501   2.616819    18.58   0.000     43.48597    53.74406
------------------------------------------------------------------------------

Absorbed degrees of freedom:
-----------------------------------------------------------+
       Absorbed FE | Categories  - Redundant  = Num. Coefs |
-------------------+---------------------------------------|
   firm_id#user_id |     42681       42681           0    *|
                yh |        11           1          10     |
-----------------------------------------------------------+
* = FE nested within cluster; treated as redundant for DoF computation
(dropped 6316 singleton observations)
(MWFE estimator converged in 8 iterations)

Stored estimation results
-------------------------
----------------------------------------------------------------------------
             |           Dependent  Number of        
        Name | Command    variable     param.  Title 
-------------+--------------------------------------------------------------
_ivreg2_var3 | ivreg2         var3          9  First-stage regression: var3
_ivreg2_var5 | ivreg2         var5          9  First-stage regression: var5
_ivreg2_v~12 | ivreg2        var12          9  First-stage regression: var12
_ivreg2_v~15 | ivreg2        var15          9  First-stage regression: var15
_ivreg2_v~18 | ivreg2        var18          9  First-stage regression: var18
----------------------------------------------------------------------------

IV (2SLS) estimation
--------------------

Estimates efficient for homoskedasticity only
Statistics robust to heteroskedasticity and clustering on user_id

Number of clusters (user_id) =   33829                Number of obs =   209684
                                                      F(  9, 33828) =     0.01
                                                      Prob > F      =   1.0000
Total (centered) SS     =  52179939.71                Centered R2   = -4.1e+02
Total (uncentered) SS   =  52179939.71                Uncentered R2 = -4.1e+02
Residual SS             =  2.13553e+10                Root MSE      =    319.1

------------------------------------------------------------------------------
             |               Robust
total_co~100 | Coefficient  std. err.      t    P>|t|     [95% conf. interval]
-------------+----------------------------------------------------------------
        var3 |  -26265.12   138860.8    -0.19   0.850      -298437    245906.7
        var5 |  -1153.972   5989.376    -0.19   0.847    -12893.35    10585.41
       var12 |  -673.2453     3089.9    -0.22   0.828    -6729.555    5383.065
       var15 |   28011.79   147047.3     0.19   0.849    -260205.9    316229.5
       var18 |  -1468.612    7564.85    -0.19   0.846    -16295.98    13358.75
        var4 |   863.0334   4481.829     0.19   0.847    -7921.504     9647.57
       var11 |   471.5873   2169.464     0.22   0.828    -3780.636     4723.81
       var14 |  -26267.92   137842.5    -0.19   0.849      -296444    243908.1
       var17 |   1039.182   5348.963     0.19   0.846    -9444.967    11523.33
------------------------------------------------------------------------------
Underidentification test (Kleibergen-Paap rk LM statistic):              0.038
                                                   Chi-sq(1) P-val =    0.8463
------------------------------------------------------------------------------
Weak identification test (Cragg-Donald Wald F statistic):                0.017
                         (Kleibergen-Paap rk Wald F statistic):          0.008
Stock-Yogo weak ID test critical values:                       <not available>
------------------------------------------------------------------------------
Hansen J statistic (overidentification test of all instruments):         0.000
                                                 (equation exactly identified)
------------------------------------------------------------------------------
Instrumented:         var3 var5 var12 var15 var18
Included instruments: var4 var11 var14 var17
Excluded instruments: var6 var7 var13 var16 var19
Partialled-out:       _cons
                      nb: total SS, model F and R2s are after partialling-out;
                          any small-sample adjustments include partialled-out
                          variables in regressor count K
------------------------------------------------------------------------------

Absorbed degrees of freedom:
-----------------------------------------------------------+
       Absorbed FE | Categories  - Redundant  = Num. Coefs |
-------------------+---------------------------------------|
   firm_id#user_id |     40396       40396           0    *|
                yh |        11           1          10     |
-----------------------------------------------------------+
* = FE nested within cluster; treated as redundant for DoF computation
→ Spec 16: rent_hhi_seniority_gap
(dropped 6377 singleton observations)
(MWFE estimator converged in 8 iterations)

HDFE Linear regression                            Number of obs   =    218,032
Absorbing 2 HDFE groups                           F(  11,  34556) =       5.59
Statistics robust to heteroskedasticity           Prob > F        =     0.0000
                                                  R-squared       =     0.7190
                                                  Adj R-squared   =     0.6531
                                                  Within R-sq.    =     0.0007
Number of clusters (user_id) =     34,557         Root MSE        =    17.6269

                           (Std. err. adjusted for 34,557 clusters in user_id)
------------------------------------------------------------------------------
             |               Robust
total_co~100 | Coefficient  std. err.      t    P>|t|     [95% conf. interval]
-------------+----------------------------------------------------------------
        var3 |   4.749069   5.948033     0.80   0.425     -6.90927    16.40741
        var5 |   4.039303   1.283381     3.15   0.002     1.523834    6.554771
        var4 |  -4.312847   1.092483    -3.95   0.000    -6.454149   -2.171544
        var8 |  -.9927537   .7606444    -1.31   0.192    -2.483642    .4981342
        var9 |  -.0656222   .9682307    -0.07   0.946    -1.963386    1.832142
       var11 |  -.6421818   .7161824    -0.90   0.370    -2.045923    .7615591
       var12 |   .4517806   .9400343     0.48   0.631    -1.390717    2.294279
       var14 |   5.315799    5.71432     0.93   0.352    -5.884455    16.51605
       var15 |  -4.918077   5.921509    -0.83   0.406    -16.52443    6.688274
       var17 |   1.808357   .7056749     2.56   0.010     .4252111    3.191503
       var18 |  -2.510694   .9203469    -2.73   0.006    -4.314604    -.706784
       _cons |   48.03305   2.596241    18.50   0.000     42.94434    53.12177
------------------------------------------------------------------------------

Absorbed degrees of freedom:
-----------------------------------------------------------+
       Absorbed FE | Categories  - Redundant  = Num. Coefs |
-------------------+---------------------------------------|
   firm_id#user_id |     41392       41392           0    *|
                yh |        11           1          10     |
-----------------------------------------------------------+
* = FE nested within cluster; treated as redundant for DoF computation
(dropped 6120 singleton observations)
(MWFE estimator converged in 8 iterations)

Stored estimation results
-------------------------
----------------------------------------------------------------------------
             |           Dependent  Number of        
        Name | Command    variable     param.  Title 
-------------+--------------------------------------------------------------
_ivreg2_var3 | ivreg2         var3         11  First-stage regression: var3
_ivreg2_var5 | ivreg2         var5         11  First-stage regression: var5
_ivreg2_var9 | ivreg2         var9         11  First-stage regression: var9
_ivreg2_v~12 | ivreg2        var12         11  First-stage regression: var12
_ivreg2_v~15 | ivreg2        var15         11  First-stage regression: var15
_ivreg2_v~18 | ivreg2        var18         11  First-stage regression: var18
----------------------------------------------------------------------------

IV (2SLS) estimation
--------------------

Estimates efficient for homoskedasticity only
Statistics robust to heteroskedasticity and clustering on user_id

Number of clusters (user_id) =   32957                Number of obs =   203676
                                                      F( 11, 32956) =     0.12
                                                      Prob > F      =   0.9998
Total (centered) SS     =  50595012.07                Centered R2   = -51.0207
Total (uncentered) SS   =  50595012.07                Uncentered R2 = -51.0207
Residual SS             =   2631990215                Root MSE      =    113.7

------------------------------------------------------------------------------
             |               Robust
total_co~100 | Coefficient  std. err.      t    P>|t|     [95% conf. interval]
-------------+----------------------------------------------------------------
        var3 |   9681.022   23223.89     0.42   0.677    -35838.64    55200.68
        var5 |   461.2825   946.8681     0.49   0.626    -1394.613    2317.178
        var9 |  -350.9827   731.3142    -0.48   0.631    -1784.385    1082.419
       var12 |   137.7802   383.9238     0.36   0.720    -614.7242    890.2846
       var15 |  -10004.61   23912.77    -0.42   0.676    -56874.49    36865.28
       var18 |   348.6367   924.5944     0.38   0.706    -1463.602    2160.875
        var4 |  -342.5395   717.3502    -0.48   0.633    -1748.572    1063.493
        var8 |   265.1047   524.8741     0.51   0.614    -763.6674    1293.877
       var11 |  -113.3813   286.5342    -0.40   0.692    -674.9986    448.2361
       var14 |   9359.992   22357.93     0.42   0.675    -34462.36    53182.34
       var17 |  -242.6113   645.5004    -0.38   0.707    -1507.815    1022.593
------------------------------------------------------------------------------
Underidentification test (Kleibergen-Paap rk LM statistic):              0.201
                                                   Chi-sq(1) P-val =    0.6537
------------------------------------------------------------------------------
Weak identification test (Cragg-Donald Wald F statistic):                0.194
                         (Kleibergen-Paap rk Wald F statistic):          0.034
Stock-Yogo weak ID test critical values:                       <not available>
------------------------------------------------------------------------------
Hansen J statistic (overidentification test of all instruments):         0.000
                                                 (equation exactly identified)
------------------------------------------------------------------------------
Instrumented:         var3 var5 var9 var12 var15 var18
Included instruments: var4 var8 var11 var14 var17
Excluded instruments: var6 var7 var10 var13 var16 var19
Partialled-out:       _cons
                      nb: total SS, model F and R2s are after partialling-out;
                          any small-sample adjustments include partialled-out
                          variables in regressor count K
------------------------------------------------------------------------------

Absorbed degrees of freedom:
-----------------------------------------------------------+
       Absorbed FE | Categories  - Redundant  = Num. Coefs |
-------------------+---------------------------------------|
   firm_id#user_id |     39185       39185           0    *|
                yh |        11           1          10     |
-----------------------------------------------------------+
* = FE nested within cluster; treated as redundant for DoF computation

. 
. // ---------------------------------------------------------------------
. // 6) Export -------------------------------------------------------------
. // ---------------------------------------------------------------------
. 
. postclose handle

. use `out', clear

. export delimited using "`result_dir'/consolidated_results.csv", replace delimiter(",") quote
file ../results/raw/user_mechanisms_binned_precovid/consolidated_results.csv saved

. 
. display as result "→ CSV written to `result_dir'/consolidated_results.csv"
→ CSV written to ../results/raw/user_mechanisms_binned_precovid/consolidated_results.csv

. capture log close
