-----------------------------------------------------------------------------------------------------------------------------------------
      name:  <unnamed>
       log:  /Users/saul/Dropbox/Remote Work Startups/main/spec/log/user_productivity_precovid.log
  log type:  text
 opened on:  12 Jun 2025, 14:08:22

. 
. // 0) Setup environment
. do "../src/globals.do"

. global raw_data "../data/raw"

. global processed_data  "../data/processed"

. global results "../results/raw"

. global clean_results "../results/cleaned"

. 
. 
. 
. 
. 
end of do-file

. 
. // 1) Load worker‐level panel
. use "$processed_data/user_panel_`panel_variant'.dta", clear

. 
. // 2) Prepare output dir & reset any old postfile
. *--------------------------------------------------------------------------*
. * Results are now *always* written to <specname> _<panel‐variant> (e.g.,
. *   "user_productivity_unbalanced") so the output folder unambiguously states
. * which user‐panel sample was used.  No silent fallback for the default
. * sample.
. *--------------------------------------------------------------------------*
. 
. local result_dir  "$results/`specname'"

. capture mkdir "`result_dir'"

. 
. capture postclose handle

. tempfile out

. *--- postfile header (main results) -------------------------------------------
. postfile handle ///
>     str8   model_type ///
>     str40  outcome     ///
>     str40  param       ///
>     double coef se pval pre_mean ///
>     double rkf nobs     ///
>     using `out', replace
(file /var/folders/hg/s3xm9w393gxby64_zklmhgbc0000gn/T//S_86562.000001 not found)

. 
. 
. *------------------------------------------------------------------
. *  First-stage results → first_stage_fstats.csv
. *------------------------------------------------------------------
. tempfile out_fs

. capture postclose handle_fs

. postfile handle_fs ///
>     str8   endovar            ///  var3 / var5
>     str40  param              ///  var6 / var7 / var4
>     double coef se pval       ///
>     double partialF rkf nobs  ///
>     using `out_fs', replace
(file /var/folders/hg/s3xm9w393gxby64_zklmhgbc0000gn/T//S_86562.000002 not found)

.         
. // 3) Loop over outcomes
. // Include percentile-rank and Winsorized versions of the contribution
. // measures
. local outcomes total_contributions_q100 restricted_contributions_q100 total_contributions_we restricted_contributions_we

. local fs_done 0

. 
. foreach y of local outcomes {
  2.     di as text "→ Processing outcome: `y'"
  3. 
.     summarize `y' if covid == 0, meanonly
  4.     local pre_mean = r(mean)
  5. 
.     // ----- OLS -----
.     reghdfe `y' var3 var5 var4, absorb(user_id firm_id yh) ///
>         vce(cluster user_id)
  6.                 
.         local N = e(N) 
  7.         
.     foreach p in var3 var5 var4 {
  8.         local b    = _b[`p']
  9.         local se   = _se[`p']
 10.         local t    = `b'/`se'
 11.         local pval = 2*ttail(e(df_r), abs(`t'))
 12.                 *--- inside the OLS loop ------------------------------------------------------
.         post handle ("OLS") ("`y'") ("`p'") ///
>                                         (`b') (`se') (`pval') (`pre_mean') ///
>                                         (.) (`N')                 // dot for rkf, then nobs
 13.     }
 14. 
.     // ----- IV (2nd‐stage) -----
.     ivreghdfe ///
>         `y' (var3 var5 = var6 var7) var4, ///
>         absorb(user_id firm_id yh) vce(cluster user_id) savefirst
 15.                 
.     local rkf = e(rkf)
 16.         local N = e(N) 
 17.         
.     foreach p in var3 var5 var4 {
 18.         local b    = _b[`p']
 19.         local se   = _se[`p']
 20.         local t    = `b'/`se'
 21.         local pval = 2*ttail(e(df_r), abs(`t'))
 22.                 *--- inside the IV loop -------------------------------------------------------
.         post handle ("IV") ("`y'") ("`p'") ///
>                                         (`b') (`se') (`pval') (`pre_mean') ///
>                                         (`rkf') (`N')            // rkf, then nobs
 23.     }
 24. 
.         if !`fs_done' {
 25.                 
.                 matrix FS = e(first)
 26.         local F3 = FS[4,1]
 27.         local F5 = FS[4,2]
 28. 
.                 /* -------- var3 first stage -------------------------------- */
.                 estimates restore _ivreg2_var3
 29.                 local N_fs = e(N)
 30.                 foreach p in var6 var7 var4 {
 31.                         local b    = _b[`p']
 32.                         local se   = _se[`p']
 33.                         local t    = `b'/`se'
 34.                         local pval = 2*ttail(e(df_r), abs(`t'))
 35. 
.                         post handle_fs ("var3") ("`p'") ///
>                                                         (`b') (`se') (`pval') ///
>                                                         (`F3') (`rkf') (`N_fs')
 36.                 }
 37. 
.                 /* -------- var5 first stage -------------------------------- */
.                 estimates restore _ivreg2_var5
 38.                 local N_fs = e(N)
 39.                 foreach p in var6 var7 var4 {
 40.                         local b    = _b[`p']
 41.                         local se   = _se[`p']
 42.                         local t    = `b'/`se'
 43.                         local pval = 2*ttail(e(df_r), abs(`t'))
 44. 
.                         post handle_fs ("var5") ("`p'") ///
>                                                         (`b') (`se') (`pval') ///
>                                                         (`F5') (`rkf') (`N_fs')
 45.                 }
 46. 
.                 local fs_done 1
 47.         }
 48. }
→ Processing outcome: total_contributions_q100
(dropped 1443 singleton observations)
--Break--
r(1);

end of do-file

--Break--
r(1);

. clear

