-------------------------------------------------------------------------------
      name:  <unnamed>
       log:  /Users/saul/Dropbox/Remote Work Startups/main/spec/log/user_produc
> tivity_initial_unbalanced.log
  log type:  text
 opened on:  16 Sep 2025, 17:56:00

. 
. // 0) Setup environment
. do "../src/globals.do"

. global raw_data "../data/raw"

. global processed_data  "../data/processed"

. global results "../results/raw"

. global clean_results "../results/cleaned"

. 
. 
. 
. 
. 
end of do-file

. 
. // 1) Load worker‐level panel
. use "$processed_data/user_panel_`panel_variant'.dta", clear

. 
. // 2) Prepare output dir & reset any old postfile
. *--------------------------------------------------------------------------*
. * Output directory is *always* suffixed with the panel variant so each run is
. * explicit about the underlying sample (e.g., "user_productivity_initial_bala
> nced").
. *--------------------------------------------------------------------------*
. 
. local result_dir  "$results/`specname'"

. capture mkdir "`result_dir'"

. 
. capture postclose handle

. tempfile out

. *--- postfile header (main results) -----------------------------------------
> --
. postfile handle ///
>     str8   model_type ///
>     str40  outcome     ///
>     str40  param       ///
>     double coef se pval pre_mean ///
>     double rkf nobs     ///
>     using `out', replace
(file /var/folders/hg/s3xm9w393gxby64_zklmhgbc0000gn/T//St10244.000001 not
    found)

. 
. 
. *------------------------------------------------------------------
. *  First-stage results → first_stage_fstats.csv
. *------------------------------------------------------------------
. tempfile out_fs

. capture postclose handle_fs

. postfile handle_fs ///
>     str8   endovar            ///
>     str40  param              /// 
>     double coef se pval       ///
>     double partialF rkf nobs  ///
>     using `out_fs', replace
(file /var/folders/hg/s3xm9w393gxby64_zklmhgbc0000gn/T//St10244.000002 not
    found)

.         
. // 3) Loop over outcomes
. local outcomes total_contributions_q100 restricted_contributions_q100 

. local fs_done 0

. 
. foreach y of local outcomes {
  2.     di as text "→ Processing outcome: `y'"
  3. 
.     summarize `y' if covid == 0, meanonly
  4.     local pre_mean = r(mean)
  5. 
.     // ----- OLS -----
.     reghdfe `y' var3 var4, absorb(user_id firm_id yh) ///
>         vce(cluster user_id)
  6.                 
.         local N = e(N) 
  7.         
.     foreach p in var3 var4 {
  8.         local b    = _b[`p']
  9.         local se   = _se[`p']
 10.         local t    = `b'/`se'
 11.         local pval = 2*ttail(e(df_r), abs(`t'))
 12.                 *--- inside the OLS loop ---------------------------------
> ---------------------
.         post handle ("OLS") ("`y'") ("`p'") ///
>                                         (`b') (`se') (`pval') (`pre_mean') //
> /
>                                         (.) (`N')                 // dot for 
> rkf, then nobs
 13.     }
 14. 
.     // ----- IV (2nd‐stage) -----
.     ivreghdfe ///
>         `y' (var3 = var6) var4, ///
>         absorb(user_id firm_id yh) vce(cluster user_id) savefirst
 15.                 
.     local rkf = e(rkf)
 16.         local N = e(N) 
 17.         
.     foreach p in var3 var4 {
 18.         local b    = _b[`p']
 19.         local se   = _se[`p']
 20.         local t    = `b'/`se'
 21.         local pval = 2*ttail(e(df_r), abs(`t'))
 22.                 *--- inside the IV loop ----------------------------------
> ---------------------
.         post handle ("IV") ("`y'") ("`p'") ///
>                                         (`b') (`se') (`pval') (`pre_mean') //
> /
>                                         (`rkf') (`N')            // rkf, then
>  nobs
 23.     }
 24. 
.         if !`fs_done' {
 25.                 
.                 matrix FS = e(first)
 26.         local F3 = FS[4,1]
 27. 
.                 /* -------- var3 first stage --------------------------------
>  */
.                 estimates restore _ivreg2_var3
 28.                 local N_fs = e(N)
 29.                 foreach p in var6 var4 {
 30.                         local b    = _b[`p']
 31.                         local se   = _se[`p']
 32.                         local t    = `b'/`se'
 33.                         local pval = 2*ttail(e(df_r), abs(`t'))
 34. 
.                         post handle_fs ("var3") ("`p'") ///
>                                                         (`b') (`se') (`pval')
>  ///
>                                                         (`F3') (`rkf') (`N_fs
> ')
 35.                 }
 36. 
. 
.                 local fs_done 1
 37.         }
 38. }
→ Processing outcome: total_contributions_q100
(dropped 5213 singleton observations)
(MWFE estimator converged in 85 iterations)

HDFE Linear regression                            Number of obs   =  1,226,437
Absorbing 3 HDFE groups                           F(   2, 171670) =       4.34
Statistics robust to heteroskedasticity           Prob > F        =     0.0131
                                                  R-squared       =     0.5991
                                                  Adj R-squared   =     0.5325
                                                  Within R-sq.    =     0.0000
Number of clusters (user_id) =    171,671         Root MSE        =    26.1899

                          (Std. err. adjusted for 171,671 clusters in user_id)
------------------------------------------------------------------------------
             |               Robust
total_co~100 | Coefficient  std. err.      t    P>|t|     [95% conf. interval]
-------------+----------------------------------------------------------------
        var3 |   .2910415   .2421262     1.20   0.229    -.1835205    .7656036
        var4 |   -.641985   .2217275    -2.90   0.004    -1.076566   -.2074041
       _cons |   37.59104    .075698   496.59   0.000     37.44267    37.73941
------------------------------------------------------------------------------

Absorbed degrees of freedom:
-----------------------------------------------------+
 Absorbed FE | Categories  - Redundant  = Num. Coefs |
-------------+---------------------------------------|
     user_id |    171671      171671           0    *|
     firm_id |      2908           1        2907     |
          yh |        11           1          10     |
-----------------------------------------------------+
* = FE nested within cluster; treated as redundant for DoF computation
(dropped 5213 singleton observations)
(MWFE estimator converged in 85 iterations)

Stored estimation results
-------------------------
---------------------------------------------------------------------------
             |           Dependent  Number of        
        Name | Command    variable     param.  Title 
-------------+-------------------------------------------------------------
_ivreg2_var3 | ivreg2         var3          2  First-stage regression: var3
---------------------------------------------------------------------------

IV (2SLS) estimation
--------------------

Estimates efficient for homoskedasticity only
Statistics robust to heteroskedasticity and clustering on user_id

Number of clusters (user_id) =  171671                Number of obs =  1226437
                                                      F(  2,171670) =    25.49
                                                      Prob > F      =   0.0000
Total (centered) SS     =  721483497.2                Centered R2   =  -0.0056
Total (uncentered) SS   =  721483497.2                Uncentered R2 =  -0.0056
Residual SS             =  725555259.6                Root MSE      =    24.35

------------------------------------------------------------------------------
             |               Robust
total_co~100 | Coefficient  std. err.      t    P>|t|     [95% conf. interval]
-------------+----------------------------------------------------------------
        var3 |   15.33759   2.309008     6.64   0.000     10.81198    19.86319
        var4 |  -4.001751   .5607212    -7.14   0.000    -5.100753    -2.90275
------------------------------------------------------------------------------
Underidentification test (Kleibergen-Paap rk LM statistic):           1041.402
                                                   Chi-sq(1) P-val =    0.0000
------------------------------------------------------------------------------
Weak identification test (Cragg-Donald Wald F statistic):              1.4e+04
                         (Kleibergen-Paap rk Wald F statistic):       1090.651
Stock-Yogo weak ID test critical values: 10% maximal IV size             16.38
                                         15% maximal IV size              8.96
                                         20% maximal IV size              6.66
                                         25% maximal IV size              5.53
Source: Stock-Yogo (2005).  Reproduced by permission.
NB: Critical values are for Cragg-Donald F statistic and i.i.d. errors.
------------------------------------------------------------------------------
Hansen J statistic (overidentification test of all instruments):         0.000
                                                 (equation exactly identified)
------------------------------------------------------------------------------
Instrumented:         var3
Included instruments: var4
Excluded instruments: var6
Partialled-out:       _cons
                      nb: total SS, model F and R2s are after partialling-out;
                          any small-sample adjustments include partialled-out
                          variables in regressor count K
------------------------------------------------------------------------------

Absorbed degrees of freedom:
-----------------------------------------------------+
 Absorbed FE | Categories  - Redundant  = Num. Coefs |
-------------+---------------------------------------|
     user_id |    171671      171671           0    *|
     firm_id |      2908           1        2907     |
          yh |        11           1          10     |
-----------------------------------------------------+
* = FE nested within cluster; treated as redundant for DoF computation
(results _ivreg2_var3 are active now)
→ Processing outcome: restricted_contributions_q100
(dropped 5213 singleton observations)
(MWFE estimator converged in 85 iterations)

HDFE Linear regression                            Number of obs   =  1,226,437
Absorbing 3 HDFE groups                           F(   2, 171670) =      14.35
Statistics robust to heteroskedasticity           Prob > F        =     0.0000
                                                  R-squared       =     0.8337
                                                  Adj R-squared   =     0.8061
                                                  Within R-sq.    =     0.0000
Number of clusters (user_id) =    171,671         Root MSE        =    15.4064

                          (Std. err. adjusted for 171,671 clusters in user_id)
------------------------------------------------------------------------------
             |               Robust
restrict~100 | Coefficient  std. err.      t    P>|t|     [95% conf. interval]
-------------+----------------------------------------------------------------
        var3 |  -.1317158   .1146024    -1.15   0.250     -.356334    .0929023
        var4 |  -.6234208   .1277268    -4.88   0.000    -.8737625    -.373079
       _cons |   17.65962   .0359566   491.14   0.000     17.58914    17.73009
------------------------------------------------------------------------------

Absorbed degrees of freedom:
-----------------------------------------------------+
 Absorbed FE | Categories  - Redundant  = Num. Coefs |
-------------+---------------------------------------|
     user_id |    171671      171671           0    *|
     firm_id |      2908           1        2907     |
          yh |        11           1          10     |
-----------------------------------------------------+
* = FE nested within cluster; treated as redundant for DoF computation
(dropped 5213 singleton observations)
(MWFE estimator converged in 85 iterations)

Stored estimation results
-------------------------
---------------------------------------------------------------------------
             |           Dependent  Number of        
        Name | Command    variable     param.  Title 
-------------+-------------------------------------------------------------
_ivreg2_var3 | ivreg2         var3          2  First-stage regression: var3
---------------------------------------------------------------------------

IV (2SLS) estimation
--------------------

Estimates efficient for homoskedasticity only
Statistics robust to heteroskedasticity and clustering on user_id

Number of clusters (user_id) =  171671                Number of obs =  1226437
                                                      F(  2,171670) =    13.79
                                                      Prob > F      =   0.0000
Total (centered) SS     =  249672554.2                Centered R2   =  -0.0000
Total (uncentered) SS   =  249672554.2                Uncentered R2 =  -0.0000
Residual SS             =  249673344.6                Root MSE      =    14.29

------------------------------------------------------------------------------
             |               Robust
restrict~100 | Coefficient  std. err.      t    P>|t|     [95% conf. interval]
-------------+----------------------------------------------------------------
        var3 |   .5744908   1.025772     0.56   0.575       -1.436    2.584982
        var4 |  -.7811107   .2616569    -2.99   0.003    -1.293952    -.268269
------------------------------------------------------------------------------
Underidentification test (Kleibergen-Paap rk LM statistic):           1041.402
                                                   Chi-sq(1) P-val =    0.0000
------------------------------------------------------------------------------
Weak identification test (Cragg-Donald Wald F statistic):              1.4e+04
                         (Kleibergen-Paap rk Wald F statistic):       1090.651
Stock-Yogo weak ID test critical values: 10% maximal IV size             16.38
                                         15% maximal IV size              8.96
                                         20% maximal IV size              6.66
                                         25% maximal IV size              5.53
Source: Stock-Yogo (2005).  Reproduced by permission.
NB: Critical values are for Cragg-Donald F statistic and i.i.d. errors.
------------------------------------------------------------------------------
Hansen J statistic (overidentification test of all instruments):         0.000
                                                 (equation exactly identified)
------------------------------------------------------------------------------
Instrumented:         var3
Included instruments: var4
Excluded instruments: var6
Partialled-out:       _cons
                      nb: total SS, model F and R2s are after partialling-out;
                          any small-sample adjustments include partialled-out
                          variables in regressor count K
------------------------------------------------------------------------------

Absorbed degrees of freedom:
-----------------------------------------------------+
 Absorbed FE | Categories  - Redundant  = Num. Coefs |
-------------+---------------------------------------|
     user_id |    171671      171671           0    *|
     firm_id |      2908           1        2907     |
          yh |        11           1          10     |
-----------------------------------------------------+
* = FE nested within cluster; treated as redundant for DoF computation

. 
. // 4) Close & export to CSV
. postclose handle

. use `out', clear

. export delimited using "`result_dir'/consolidated_results.csv", ///
>     replace delimiter(",") quote
file ../results/raw/user_productivity_initial_unbalanced/consolidated_results.c
> sv saved

. 
. * --- write first-stage CSV -----------------------------------------
. postclose handle_fs

. use `out_fs', clear

. export delimited using "`result_dir'/first_stage.csv", ///
>         replace delimiter(",") quote
file ../results/raw/user_productivity_initial_unbalanced/first_stage.csv saved

. 
. di as result "→ second-stage CSV : `result_dir'/consolidated_results.csv"
→ second-stage CSV : ../results/raw/user_productivity_initial_unbalanced/consol
> idated_results.csv

. di as result "→ first-stage  CSV : `result_dir'/first_stage.csv"
→ first-stage  CSV : ../results/raw/user_productivity_initial_unbalanced/first_
> stage.csv

. capture log close
