-----------------------------------------------------------------------------------------------------------------------------------------
      name:  <unnamed>
       log:  /Users/saul/Dropbox/Remote Work Startups/main/spec/log/user_productivity_precovid_hybrid.log
  log type:  text
 opened on:  19 Jun 2025, 00:35:27

. 
. // 0) Setup environment
. do "../src/globals.do"

. global raw_data "../data/raw"

. global processed_data  "../data/processed"

. global results "../results/raw"

. global clean_results "../results/cleaned"

. 
. 
. 
. 
. 
end of do-file

. 
. // 1) Load worker‐level panel
. use "$processed_data/user_panel_`panel_variant'.dta", clear

. 
. // 2) Prepare output dir & reset any old postfile
. *--------------------------------------------------------------------------*
. * Results are now *always* written to <specname> _<panel‐variant> (e.g.,
. *   "user_productivity_unbalanced") so the output folder unambiguously states
. * which user‐panel sample was used.  No silent fallback for the default
. * sample.
. *--------------------------------------------------------------------------*
. 
. local result_dir  "$results/`specname'"

. capture mkdir "`result_dir'"

. 
. capture postclose handle

. tempfile out

. *--- postfile header (main results) -------------------------------------------
. postfile handle ///
>     str8   model_type ///
>     str40  outcome     ///
>     str40  param       ///
>     double coef se pval pre_mean ///
>     double rkf nobs     ///
>     using `out', replace
(file /var/folders/hg/s3xm9w393gxby64_zklmhgbc0000gn/T//S_97664.000001 not found)

. 
. 
. *------------------------------------------------------------------
. *  First-stage results → first_stage_fstats.csv
. *------------------------------------------------------------------
. tempfile out_fs

. capture postclose handle_fs

. postfile handle_fs ///
>     str8   endovar            ///  var3 / var5
>     str40  param              ///  var6 / var7 / var4
>     double coef se pval       ///
>     double partialF rkf nobs  ///
>     using `out_fs', replace
(file /var/folders/hg/s3xm9w393gxby64_zklmhgbc0000gn/T//S_97664.000002 not found)

.         
. 
. 
. // `treat' was passed in as "remote" or "hybrid"
. if "`treat'" == "fullremote" {
.     local v3 = "var3_fullrem"
.     local v5 = "var5_fullrem"
. }

. else if "`treat'" == "hybrid" {
.     local v3 = "var3_hybrid"
.     local v5 = "var5_hybrid"
. }

. else {
.     di as error "Unknown treat=`treat'—must be remote or hybrid"
.     exit 1
. }

. 
. 
. local outcomes total_contributions_q100 

. local fs_done 0

. 
. foreach y of local outcomes {
  2.     di as text "→ Processing outcome: `y'"
  3. 
.     summarize `y' if covid == 0, meanonly
  4.     local pre_mean = r(mean)
  5. 
.     // ----- OLS -----
.     reghdfe `y' `v3' `v5' var4, absorb(user_id firm_id yh) ///
>         vce(cluster user_id)
  6.                 
.         local N = e(N) 
  7.         
.     foreach p in var3 var5 var4 {
  8.         local b    = _b[`p']
  9.         local se   = _se[`p']
 10.         local t    = `b'/`se'
 11.         local pval = 2*ttail(e(df_r), abs(`t'))
 12.                 *--- inside the OLS loop ------------------------------------------------------
.         post handle ("OLS") ("`y'") ("`p'") ///
>                                         (`b') (`se') (`pval') (`pre_mean') ///
>                                         (.) (`N')                 // dot for rkf, then nobs
 13.     }
 14. 
.     // ----- IV (2nd‐stage) -----
.     ivreghdfe ///
>          `y' (`v3' `v5' = var6 var7) var4, ///
>         absorb(user_id firm_id yh) vce(cluster user_id) savefirst
 15.                 
.     local rkf = e(rkf)
 16.         local N = e(N) 
 17.         
.     foreach p in var3 var5 var4 {
 18.         local b    = _b[`p']
 19.         local se   = _se[`p']
 20.         local t    = `b'/`se'
 21.         local pval = 2*ttail(e(df_r), abs(`t'))
 22.                 *--- inside the IV loop -------------------------------------------------------
.         post handle ("IV") ("`y'") ("`p'") ///
>                                         (`b') (`se') (`pval') (`pre_mean') ///
>                                         (`rkf') (`N')            // rkf, then nobs
 23.     }
 24. 
.         if !`fs_done' {
 25.                 
.                 matrix FS = e(first)
 26.         local F3 = FS[4,1]
 27.         local F5 = FS[4,2]
 28. 
.                 /* -------- var3 first stage -------------------------------- */
.                 estimates restore _ivreg2_var3
 29.                 local N_fs = e(N)
 30.                 foreach p in var6 var7 var4 {
 31.                         local b    = _b[`p']
 32.                         local se   = _se[`p']
 33.                         local t    = `b'/`se'
 34.                         local pval = 2*ttail(e(df_r), abs(`t'))
 35. 
.                         post handle_fs ("var3") ("`p'") ///
>                                                         (`b') (`se') (`pval') ///
>                                                         (`F3') (`rkf') (`N_fs')
 36.                 }
 37. 
.                 /* -------- var5 first stage -------------------------------- */
.                 estimates restore _ivreg2_var5
 38.                 local N_fs = e(N)
 39.                 foreach p in var6 var7 var4 {
 40.                         local b    = _b[`p']
 41.                         local se   = _se[`p']
 42.                         local t    = `b'/`se'
 43.                         local pval = 2*ttail(e(df_r), abs(`t'))
 44. 
.                         post handle_fs ("var5") ("`p'") ///
>                                                         (`b') (`se') (`pval') ///
>                                                         (`F5') (`rkf') (`N_fs')
 45.                 }
 46. 
.                 local fs_done 1
 47.         }
 48. }
→ Processing outcome: total_contributions_q100
(dropped 1443 singleton observations)
(MWFE estimator converged in 81 iterations)

HDFE Linear regression                            Number of obs   =    229,862
Absorbing 3 HDFE groups                           F(   3,  35788) =       9.98
Statistics robust to heteroskedasticity           Prob > F        =     0.0000
                                                  R-squared       =     0.6838
                                                  Adj R-squared   =     0.6213
                                                  Within R-sq.    =     0.0003
Number of clusters (user_id) =     35,789         Root MSE        =    18.4414

                           (Std. err. adjusted for 35,789 clusters in user_id)
------------------------------------------------------------------------------
             |               Robust
total_co~100 | Coefficient  std. err.      t    P>|t|     [95% conf. interval]
-------------+----------------------------------------------------------------
 var3_hybrid |   .8339036   .2905773     2.87   0.004     .2643634    1.403444
 var5_hybrid |  -2.186032   .6998374    -3.12   0.002    -3.557734   -.8143292
        var4 |  -.4696735   .4056657    -1.16   0.247     -1.26479    .3254435
       _cons |   49.60203   .0830742   597.08   0.000      49.4392    49.76485
------------------------------------------------------------------------------

Absorbed degrees of freedom:
-----------------------------------------------------+
 Absorbed FE | Categories  - Redundant  = Num. Coefs |
-------------+---------------------------------------|
     user_id |     35789       35789           0    *|
     firm_id |      2151           1        2150     |
          yh |        11           1          10     |
-----------------------------------------------------+
* = FE nested within cluster; treated as redundant for DoF computation
(dropped 1443 singleton observations)
(MWFE estimator converged in 81 iterations)

Stored estimation results
-------------------------
----------------------------------------------------------------------------------
             |           Dependent  Number of        
        Name | Command    variable     param.  Title 
-------------+--------------------------------------------------------------------
_ivreg2_va~d | ivreg2    var3_hybrid        3  First-stage regression: var3_hybrid
_ivreg2_va~d | ivreg2    var5_hybrid        3  First-stage regression: var5_hybrid
----------------------------------------------------------------------------------

IV (2SLS) estimation
--------------------

Estimates efficient for homoskedasticity only
Statistics robust to heteroskedasticity and clustering on user_id

Number of clusters (user_id) =   35789                Number of obs =   229862
                                                      F(  3, 35788) =     7.03
                                                      Prob > F      =   0.0001
Total (centered) SS     =  65286353.41                Centered R2   =  -0.0006
Total (uncentered) SS   =  65286353.41                Uncentered R2 =  -0.0006
Residual SS             =  65327067.78                Root MSE      =    16.94

------------------------------------------------------------------------------
             |               Robust
total_co~100 | Coefficient  std. err.      t    P>|t|     [95% conf. interval]
-------------+----------------------------------------------------------------
 var3_hybrid |   3.540315   1.919214     1.84   0.065    -.2214024    7.302033
 var5_hybrid |  -5.011065   2.755485    -1.82   0.069     -10.4119    .3897689
        var4 |   1.158893   1.297159     0.89   0.372    -1.383578    3.701364
------------------------------------------------------------------------------
Underidentification test (Kleibergen-Paap rk LM statistic):            477.805
                                                   Chi-sq(1) P-val =    0.0000
------------------------------------------------------------------------------
Weak identification test (Cragg-Donald Wald F statistic):             2785.523
                         (Kleibergen-Paap rk Wald F statistic):        227.364
Stock-Yogo weak ID test critical values: 10% maximal IV size              7.03
                                         15% maximal IV size              4.58
                                         20% maximal IV size              3.95
                                         25% maximal IV size              3.63
Source: Stock-Yogo (2005).  Reproduced by permission.
NB: Critical values are for Cragg-Donald F statistic and i.i.d. errors.
------------------------------------------------------------------------------
Hansen J statistic (overidentification test of all instruments):         0.000
                                                 (equation exactly identified)
------------------------------------------------------------------------------
Instrumented:         var3_hybrid var5_hybrid
Included instruments: var4
Excluded instruments: var6 var7
Partialled-out:       _cons
                      nb: total SS, model F and R2s are after partialling-out;
                          any small-sample adjustments include partialled-out
                          variables in regressor count K
------------------------------------------------------------------------------

Absorbed degrees of freedom:
-----------------------------------------------------+
 Absorbed FE | Categories  - Redundant  = Num. Coefs |
-------------+---------------------------------------|
     user_id |     35789       35789           0    *|
     firm_id |      2151           1        2150     |
          yh |        11           1          10     |
-----------------------------------------------------+
* = FE nested within cluster; treated as redundant for DoF computation
(results _ivreg2_var3 are active now)
(results _ivreg2_var5 are active now)

. 
. // 4) Close & export to CSV
. postclose handle

. use `out', clear

. export delimited using "`result_dir'/consolidated_results.csv", ///
>     replace delimiter(",") quote
(file ../results/raw/user_productivity_precovid_hybrid/consolidated_results.csv not found)
file ../results/raw/user_productivity_precovid_hybrid/consolidated_results.csv saved

. 
. * --- write first-stage CSV -----------------------------------------
. postclose handle_fs

. use `out_fs', clear

. export delimited using "`result_dir'/first_stage.csv", ///
>         replace delimiter(",") quote
(file ../results/raw/user_productivity_precovid_hybrid/first_stage.csv not found)
file ../results/raw/user_productivity_precovid_hybrid/first_stage.csv saved

. 
. di as result "→ second-stage CSV : `result_dir'/consolidated_results.csv"
→ second-stage CSV : ../results/raw/user_productivity_precovid_hybrid/consolidated_results.csv

. di as result "→ first-stage  CSV : `result_dir'/first_stage.csv"
→ first-stage  CSV : ../results/raw/user_productivity_precovid_hybrid/first_stage.csv

. capture log close
