-----------------------------------------------------------------------------------------------------------------------------------------
      name:  <unnamed>
       log:  /Users/saul/Dropbox/Remote Work Startups/main/spec/log/user_productivity_lean_precovid_fullremote.log
  log type:  text
 opened on:  27 Jun 2025, 03:10:16

. 
. 
. // 1) Globals + setup ---------------------------------------------------------
. do "../src/globals.do"

. global raw_data "../data/raw"

. global processed_data  "../data/processed"

. global results "../results/raw"

. global clean_results "../results/cleaned"

. 
. 
. 
. 
. 
end of do-file

. 
. local result_dir "$results/`specname'"

. capture mkdir "`result_dir'"

. 
. 
. // 2) Load user-level panel ---------------------------------------------------
. use "$processed_data/user_panel_`panel_variant'.dta", clear

. 
. // 2a) Overwrite var3 / var5 with requested discrete definitions -------------
. 
. if "`treat'" == "fullremote" {
.     capture drop var3 var5
.     gen var3 = var3_fullrem
.     gen var5 = var5_fullrem
. }

. else if "`treat'" == "hybrid" {
.     capture drop var3 var5
.     gen var3 = var3_hybrid
.     gen var5 = var5_hybrid
. }

. else {
.     di as error "Unknown treat=`treat' — must be fullremote or hybrid"
.     exit 1
. }

. 
. 
. // 3) Additional variables ----------------------------------------------------
. 
. gen seniority_4 = !inrange(seniority_levels,1,3)

. 
. // Interactions used by the lean mechanism spec (no teleworkable interactions)
. gen var8  = covid*rent
(6,813 missing values generated)

. gen var9  = covid*rent*startup
(6,813 missing values generated)

. gen var11 = covid*hhi_1000
(118 missing values generated)

. gen var12 = covid*hhi_1000*startup
(118 missing values generated)

. gen var14 = covid*seniority_4

. gen var15 = covid*seniority_4*startup

. 
. // Pick wage-dispersion mechanism
. // (Same choices as elsewhere: sd_wage or p90_p10_gap)
. local mech        p90_p10_gap

. local mech_label  gap

. 
. gen var17 = covid*`mech'

. gen var18 = covid*`mech'*startup

. 
. 
. // 4) Postfile collector ------------------------------------------------------
. 
. capture postclose handle

. tempfile out

. postfile handle ///
>     str8   model_type  ///
>     str244 spec        ///
>     str40  param       ///
>     double coef se pval pre_mean rkf nobs ///
>     using `out', replace
(file /var/folders/hg/s3xm9w393gxby64_zklmhgbc0000gn/T//S_22469.000001 not found)

. 
. 
. // 5) Specification list ------------------------------------------------------
. 
. local specs ///
>   "baseline" ///
>   "rent" "hhi" "seniority" "`mech_label'" ///
>   "rent_hhi" "rent_seniority" "rent_`mech_label'" "hhi_seniority" "hhi_`mech_label'" "seniority_`mech_label'" ///
>   "rent_hhi_seniority" "rent_hhi_`mech_label'" "rent_seniority_`mech_label'" "hhi_seniority_`mech_label'" ///
>   "rent_hhi_seniority_`mech_label'"

. 
. 
. // 6) Build spec-specific macro lists (OLS exog, IV exog, instruments, endog)
. 
. global BASE_ENDO "var3 var5"

. 
. //  1) baseline
. local spec_ols_exog1  var4

. local spec_iv_exog1   var4

. local spec_instr1     var6 var7

. local spec_endo1      $BASE_ENDO

. 
. //  2) rent
. local spec_ols_exog2  var4 var8 var9

. local spec_iv_exog2   var4 var8 var9

. local spec_instr2     var6 var7

. local spec_endo2      $BASE_ENDO

. 
. //  3) hhi
. local spec_ols_exog3  var4 var11 var12

. local spec_iv_exog3   var4 var11 var12

. local spec_instr3     var6 var7

. local spec_endo3      $BASE_ENDO

. 
. //  4) seniority
. local spec_ols_exog4  var4 var14 var15

. local spec_iv_exog4   var4 var14 var15

. local spec_instr4     var6 var7

. local spec_endo4      $BASE_ENDO

. 
. //  5) `mech'
. local spec_ols_exog5  var4 var17 var18

. local spec_iv_exog5   var4 var17 var18

. local spec_instr5     var6 var7

. local spec_endo5      $BASE_ENDO

. 
. //  6) rent_hhi
. local spec_ols_exog6  var4 var8 var9 var11 var12

. local spec_iv_exog6   var4 var8 var9 var11 var12

. local spec_instr6     var6 var7

. local spec_endo6      $BASE_ENDO

. 
. //  7) rent_seniority
. local spec_ols_exog7  var4 var8 var9 var14 var15

. local spec_iv_exog7   var4 var8 var9 var14 var15

. local spec_instr7     var6 var7

. local spec_endo7      $BASE_ENDO

. 
. //  8) rent_`mech'
. local spec_ols_exog8  var4 var8 var9 var17 var18

. local spec_iv_exog8   var4 var8 var9 var17 var18

. local spec_instr8     var6 var7

. local spec_endo8      $BASE_ENDO

. 
. //  9) hhi_seniority
. local spec_ols_exog9  var4 var11 var12 var14 var15

. local spec_iv_exog9   var4 var11 var12 var14 var15

. local spec_instr9     var6 var7

. local spec_endo9      $BASE_ENDO

. 
. // 10) hhi_`mech'
. local spec_ols_exog10 var4 var11 var12 var17 var18

. local spec_iv_exog10  var4 var11 var12 var17 var18

. local spec_instr10    var6 var7

. local spec_endo10     $BASE_ENDO

. 
. // 11) `mech'_seniority
. local spec_ols_exog11 var4 var17 var18 var14 var15

. local spec_iv_exog11  var4 var17 var18 var14 var15

. local spec_instr11    var6 var7

. local spec_endo11     $BASE_ENDO

. 
. // 12) rent_hhi_seniority
. local spec_ols_exog12 var4 var8 var9 var11 var12 var14 var15

. local spec_iv_exog12  var4 var8 var9 var11 var12 var14 var15

. local spec_instr12    var6 var7

. local spec_endo12     $BASE_ENDO

. 
. // 13) rent_hhi_`mech'
. local spec_ols_exog13 var4 var8 var9 var11 var12 var17 var18

. local spec_iv_exog13  var4 var8 var9 var11 var12 var17 var18

. local spec_instr13    var6 var7

. local spec_endo13     $BASE_ENDO

. 
. // 14) rent_seniority_`mech'
. local spec_ols_exog14 var4 var8 var9 var14 var15 var17 var18

. local spec_iv_exog14  var4 var8 var9 var14 var15 var17 var18

. local spec_instr14    var6 var7

. local spec_endo14     $BASE_ENDO

. 
. // 15) hhi_seniority_`mech'
. local spec_ols_exog15 var4 var11 var12 var14 var15 var17 var18

. local spec_iv_exog15  var4 var11 var12 var14 var15 var17 var18

. local spec_instr15    var6 var7

. local spec_endo15     $BASE_ENDO

. 
. // 16) rent_hhi_seniority_`mech'
. local spec_ols_exog16 var4 var8 var9 var11 var12 var14 var15 var17 var18

. local spec_iv_exog16  var4 var8 var9 var11 var12 var14 var15 var17 var18

. local spec_instr16    var6 var7

. local spec_endo16     $BASE_ENDO

. 
. 
. // 7) Baseline spec ----------------------------------------------------------
. 
. display as text "→ Spec 1: baseline (full sample)"
→ Spec 1: baseline (full sample)

. 
. summarize total_contributions_q100 if covid == 0, meanonly

. local pre_mean = r(mean)

. 
. // 7a) OLS
. reghdfe total_contributions_q100 var3 var5 var4, ///
>     absorb(user_id#firm_id yh) vce(cluster user_id)
(dropped 6597 singleton observations)
(MWFE estimator converged in 8 iterations)

HDFE Linear regression                            Number of obs   =    224,708
Absorbing 2 HDFE groups                           F(   3,  35478) =      16.32
Statistics robust to heteroskedasticity           Prob > F        =     0.0000
                                                  R-squared       =     0.7185
                                                  Adj R-squared   =     0.6525
                                                  Within R-sq.    =     0.0006
Number of clusters (user_id) =     35,479         Root MSE        =    17.6445

                           (Std. err. adjusted for 35,479 clusters in user_id)
------------------------------------------------------------------------------
             |               Robust
total_co~100 | Coefficient  std. err.      t    P>|t|     [95% conf. interval]
-------------+----------------------------------------------------------------
        var3 |  -.8558645   .3097593    -2.76   0.006    -1.463002   -.2487266
        var5 |   3.393155   .7075814     4.80   0.000     2.006274    4.780036
        var4 |  -3.734481   .5615355    -6.65   0.000    -4.835108   -2.633854
       _cons |   50.28975   .0580739   865.96   0.000     50.17592    50.40357
------------------------------------------------------------------------------

Absorbed degrees of freedom:
-----------------------------------------------------------+
       Absorbed FE | Categories  - Redundant  = Num. Coefs |
-------------------+---------------------------------------|
   user_id#firm_id |     42710       42710           0    *|
                yh |        11           1          10     |
-----------------------------------------------------------+
* = FE nested within cluster; treated as redundant for DoF computation

. local N = e(N)

. foreach p in var3 var5 {
  2.     local b    = _b[`p']
  3.     local se   = _se[`p']
  4.     local t    = `b'/`se'
  5.     local pval = 2*ttail(e(df_r), abs(`t'))
  6.     post handle ("OLS") ("baseline") ("`p'") ///
>                 (`b') (`se') (`pval') (`pre_mean') ///
>                 (.) (`N')
  7. }

. 
. // 7b) IV
. ivreghdfe total_contributions_q100 (var3 var5 = var6 var7) var4, ///
>     absorb(user_id#firm_id yh) vce(cluster user_id) savefirst
(dropped 6597 singleton observations)
(MWFE estimator converged in 8 iterations)

Stored estimation results
-------------------------
---------------------------------------------------------------------------
             |           Dependent  Number of        
        Name | Command    variable     param.  Title 
-------------+-------------------------------------------------------------
_ivreg2_var3 | ivreg2         var3          3  First-stage regression: var3
_ivreg2_var5 | ivreg2         var5          3  First-stage regression: var5
---------------------------------------------------------------------------

IV (2SLS) estimation
--------------------

Estimates efficient for homoskedasticity only
Statistics robust to heteroskedasticity and clustering on user_id

Number of clusters (user_id) =   35479                Number of obs =   224708
                                                      F(  3, 35478) =    10.58
                                                      Prob > F      =   0.0000
Total (centered) SS     =  56688987.29                Centered R2   =  -0.0008
Total (uncentered) SS   =  56688987.29                Uncentered R2 =  -0.0008
Residual SS             =  56733371.23                Root MSE      =    15.89

------------------------------------------------------------------------------
             |               Robust
total_co~100 | Coefficient  std. err.      t    P>|t|     [95% conf. interval]
-------------+----------------------------------------------------------------
        var3 |  -4.108658   1.766393    -2.33   0.020    -7.570842   -.6464734
        var5 |   5.609267   2.448735     2.29   0.022      .809671    10.40886
        var4 |  -4.143132   1.369743    -3.02   0.002    -6.827871   -1.458392
------------------------------------------------------------------------------
Underidentification test (Kleibergen-Paap rk LM statistic):            594.025
                                                   Chi-sq(1) P-val =    0.0000
------------------------------------------------------------------------------
Weak identification test (Cragg-Donald Wald F statistic):             3790.197
                         (Kleibergen-Paap rk Wald F statistic):        311.512
Stock-Yogo weak ID test critical values: 10% maximal IV size              7.03
                                         15% maximal IV size              4.58
                                         20% maximal IV size              3.95
                                         25% maximal IV size              3.63
Source: Stock-Yogo (2005).  Reproduced by permission.
NB: Critical values are for Cragg-Donald F statistic and i.i.d. errors.
------------------------------------------------------------------------------
Hansen J statistic (overidentification test of all instruments):         0.000
                                                 (equation exactly identified)
------------------------------------------------------------------------------
Instrumented:         var3 var5
Included instruments: var4
Excluded instruments: var6 var7
Partialled-out:       _cons
                      nb: total SS, model F and R2s are after partialling-out;
                          any small-sample adjustments include partialled-out
                          variables in regressor count K
------------------------------------------------------------------------------

Absorbed degrees of freedom:
-----------------------------------------------------------+
       Absorbed FE | Categories  - Redundant  = Num. Coefs |
-------------------+---------------------------------------|
   user_id#firm_id |     42710       42710           0    *|
                yh |        11           1          10     |
-----------------------------------------------------------+
* = FE nested within cluster; treated as redundant for DoF computation

. local rkf = e(rkf)

. local N   = e(N)

. foreach p in var3 var5 {
  2.     local b    = _b[`p']
  3.     local se   = _se[`p']
  4.     local t    = `b'/`se'
  5.     local pval = 2*ttail(e(df_r), abs(`t'))
  6.     post handle ("IV") ("baseline") ("`p'") ///
>                 (`b') (`se') (`pval') (`pre_mean') ///
>                 (`rkf') (`N')
  7. }

. 
. 
. // 8) Loop over remaining specifications ------------------------------------
. 
. forvalues i = 2/16 {
  2.     local spec    : word `i' of `specs'
  3.     local ols_exog "`spec_ols_exog`i''"
  4.     local iv_exog  "`spec_iv_exog`i''"
  5.     local instr    "`spec_instr`i''"
  6.     local endo     "`spec_endo`i''"
  7. 
.     display as text "→ Spec `i': `spec'"
  8. 
.     summarize total_contributions_q100 if covid == 0, meanonly
  9.     local pre_mean = r(mean)
 10. 
.     // 8a) OLS
.     reghdfe total_contributions_q100 var3 var5 `ols_exog', ///
>         absorb(user_id#firm_id yh) vce(cluster user_id)
 11.     local N = e(N)
 12.     foreach p in var3 var5 {
 13.         local b    = _b[`p']
 14.         local se   = _se[`p']
 15.         local t    = `b'/`se'
 16.         local pval = 2*ttail(e(df_r), abs(`t'))
 17.         post handle ("OLS") ("`spec'") ("`p'") ///
>                     (`b') (`se') (`pval') (`pre_mean') ///
>                     (.) (`N')
 18.     }
 19. 
.     // 8b) IV
.     ivreghdfe total_contributions_q100 (`endo' = `instr') `iv_exog', ///
>         absorb(user_id#firm_id yh) vce(cluster user_id) savefirst
 20.     local rkf = e(rkf)
 21.     local N   = e(N)
 22.     foreach p in var3 var5 {
 23.         local b    = _b[`p']
 24.         local se   = _se[`p']
 25.         local t    = `b'/`se'
 26.         local pval = 2*ttail(e(df_r), abs(`t'))
 27.         post handle ("IV") ("`spec'") ("`p'") ///
>                     (`b') (`se') (`pval') (`pre_mean') ///
>                     (`rkf') (`N')
 28.     }
 29. }
→ Spec 2: rent
(dropped 6380 singleton observations)
(MWFE estimator converged in 8 iterations)

HDFE Linear regression                            Number of obs   =    218,112
Absorbing 2 HDFE groups                           F(   5,  34563) =      11.24
Statistics robust to heteroskedasticity           Prob > F        =     0.0000
                                                  R-squared       =     0.7190
                                                  Adj R-squared   =     0.6532
                                                  Within R-sq.    =     0.0007
Number of clusters (user_id) =     34,564         Root MSE        =    17.6266

                           (Std. err. adjusted for 34,564 clusters in user_id)
------------------------------------------------------------------------------
             |               Robust
total_co~100 | Coefficient  std. err.      t    P>|t|     [95% conf. interval]
-------------+----------------------------------------------------------------
        var3 |   -.708336   .3195927    -2.22   0.027    -1.334748   -.0819238
        var5 |   2.789896   .7157524     3.90   0.000     1.386998    4.192794
        var4 |  -5.171294   1.202956    -4.30   0.000    -7.529126   -2.813462
        var8 |  -.0315124   .0077826    -4.05   0.000    -.0467665   -.0162583
        var9 |    .039307   .0182186     2.16   0.031     .0035979    .0750162
       _cons |   50.95895   .1725095   295.40   0.000     50.62083    51.29707
------------------------------------------------------------------------------

Absorbed degrees of freedom:
-----------------------------------------------------------+
       Absorbed FE | Categories  - Redundant  = Num. Coefs |
-------------------+---------------------------------------|
   user_id#firm_id |     41412       41412           0    *|
                yh |        11           1          10     |
-----------------------------------------------------------+
* = FE nested within cluster; treated as redundant for DoF computation
(dropped 6380 singleton observations)
(MWFE estimator converged in 8 iterations)

Stored estimation results
-------------------------
---------------------------------------------------------------------------
             |           Dependent  Number of        
        Name | Command    variable     param.  Title 
-------------+-------------------------------------------------------------
_ivreg2_var3 | ivreg2         var3          5  First-stage regression: var3
_ivreg2_var5 | ivreg2         var5          5  First-stage regression: var5
---------------------------------------------------------------------------

IV (2SLS) estimation
--------------------

Estimates efficient for homoskedasticity only
Statistics robust to heteroskedasticity and clustering on user_id

Number of clusters (user_id) =   34564                Number of obs =   218112
                                                      F(  5, 34563) =     8.78
                                                      Prob > F      =   0.0000
Total (centered) SS     =     54932284                Centered R2   =  -0.0005
Total (uncentered) SS   =     54932284                Uncentered R2 =  -0.0005
Residual SS             =   54958258.5                Root MSE      =    15.87

------------------------------------------------------------------------------
             |               Robust
total_co~100 | Coefficient  std. err.      t    P>|t|     [95% conf. interval]
-------------+----------------------------------------------------------------
        var3 |  -3.746162   1.959886    -1.91   0.056    -7.587603     .095279
        var5 |   4.971961   2.675475     1.86   0.063     -.272058    10.21598
        var4 |  -5.044589   1.910975    -2.64   0.008    -8.790163   -1.299016
        var8 |  -.0213666   .0100828    -2.12   0.034    -.0411292   -.0016039
        var9 |    .027581   .0197622     1.40   0.163    -.0111536    .0663156
------------------------------------------------------------------------------
Underidentification test (Kleibergen-Paap rk LM statistic):            480.061
                                                   Chi-sq(1) P-val =    0.0000
------------------------------------------------------------------------------
Weak identification test (Cragg-Donald Wald F statistic):             3142.265
                         (Kleibergen-Paap rk Wald F statistic):        247.303
Stock-Yogo weak ID test critical values: 10% maximal IV size              7.03
                                         15% maximal IV size              4.58
                                         20% maximal IV size              3.95
                                         25% maximal IV size              3.63
Source: Stock-Yogo (2005).  Reproduced by permission.
NB: Critical values are for Cragg-Donald F statistic and i.i.d. errors.
------------------------------------------------------------------------------
Hansen J statistic (overidentification test of all instruments):         0.000
                                                 (equation exactly identified)
------------------------------------------------------------------------------
Instrumented:         var3 var5
Included instruments: var4 var8 var9
Excluded instruments: var6 var7
Partialled-out:       _cons
                      nb: total SS, model F and R2s are after partialling-out;
                          any small-sample adjustments include partialled-out
                          variables in regressor count K
------------------------------------------------------------------------------

Absorbed degrees of freedom:
-----------------------------------------------------------+
       Absorbed FE | Categories  - Redundant  = Num. Coefs |
-------------------+---------------------------------------|
   user_id#firm_id |     41412       41412           0    *|
                yh |        11           1          10     |
-----------------------------------------------------------+
* = FE nested within cluster; treated as redundant for DoF computation
→ Spec 3: hhi
(dropped 6591 singleton observations)
(MWFE estimator converged in 8 iterations)

HDFE Linear regression                            Number of obs   =    224,596
Absorbing 2 HDFE groups                           F(   5,  35468) =      10.59
Statistics robust to heteroskedasticity           Prob > F        =     0.0000
                                                  R-squared       =     0.7185
                                                  Adj R-squared   =     0.6524
                                                  Within R-sq.    =     0.0006
Number of clusters (user_id) =     35,469         Root MSE        =    17.6445

                           (Std. err. adjusted for 35,469 clusters in user_id)
------------------------------------------------------------------------------
             |               Robust
total_co~100 | Coefficient  std. err.      t    P>|t|     [95% conf. interval]
-------------+----------------------------------------------------------------
        var3 |  -.8438907   .3099464    -2.72   0.006    -1.451395   -.2363863
        var5 |     3.5044   .7162047     4.89   0.000     2.100616    4.908183
        var4 |  -4.490269   .6812884    -6.59   0.000    -5.825615   -3.154923
       var11 |   -.000482   .0003737    -1.29   0.197    -.0012145    .0002504
       var12 |   .0009865   .0004837     2.04   0.041     .0000384    .0019347
       _cons |   50.38591   .0961066   524.27   0.000     50.19754    50.57428
------------------------------------------------------------------------------

Absorbed degrees of freedom:
-----------------------------------------------------------+
       Absorbed FE | Categories  - Redundant  = Num. Coefs |
-------------------+---------------------------------------|
   user_id#firm_id |     42681       42681           0    *|
                yh |        11           1          10     |
-----------------------------------------------------------+
* = FE nested within cluster; treated as redundant for DoF computation
(dropped 6591 singleton observations)
(MWFE estimator converged in 8 iterations)

Stored estimation results
-------------------------
---------------------------------------------------------------------------
             |           Dependent  Number of        
        Name | Command    variable     param.  Title 
-------------+-------------------------------------------------------------
_ivreg2_var3 | ivreg2         var3          5  First-stage regression: var3
_ivreg2_var5 | ivreg2         var5          5  First-stage regression: var5
---------------------------------------------------------------------------

IV (2SLS) estimation
--------------------

Estimates efficient for homoskedasticity only
Statistics robust to heteroskedasticity and clustering on user_id

Number of clusters (user_id) =   35469                Number of obs =   224596
                                                      F(  5, 35468) =     7.33
                                                      Prob > F      =   0.0000
Total (centered) SS     =  56665329.36                Centered R2   =  -0.0009
Total (uncentered) SS   =  56665329.36                Uncentered R2 =  -0.0009
Residual SS             =  56714436.41                Root MSE      =    15.89

------------------------------------------------------------------------------
             |               Robust
total_co~100 | Coefficient  std. err.      t    P>|t|     [95% conf. interval]
-------------+----------------------------------------------------------------
        var3 |  -4.290191    1.72086    -2.49   0.013    -7.663131   -.9172519
        var5 |   6.735429   2.554434     2.64   0.008     1.728659     11.7422
        var4 |  -5.463833   1.615938    -3.38   0.001    -8.631121   -2.296544
       var11 |  -.0003508   .0003797    -0.92   0.356     -.001095    .0003934
       var12 |    .000842   .0005072     1.66   0.097    -.0001522    .0018361
------------------------------------------------------------------------------
Underidentification test (Kleibergen-Paap rk LM statistic):            617.371
                                                   Chi-sq(1) P-val =    0.0000
------------------------------------------------------------------------------
Weak identification test (Cragg-Donald Wald F statistic):             4004.029
                         (Kleibergen-Paap rk Wald F statistic):        326.095
Stock-Yogo weak ID test critical values: 10% maximal IV size              7.03
                                         15% maximal IV size              4.58
                                         20% maximal IV size              3.95
                                         25% maximal IV size              3.63
Source: Stock-Yogo (2005).  Reproduced by permission.
NB: Critical values are for Cragg-Donald F statistic and i.i.d. errors.
------------------------------------------------------------------------------
Hansen J statistic (overidentification test of all instruments):         0.000
                                                 (equation exactly identified)
------------------------------------------------------------------------------
Instrumented:         var3 var5
Included instruments: var4 var11 var12
Excluded instruments: var6 var7
Partialled-out:       _cons
                      nb: total SS, model F and R2s are after partialling-out;
                          any small-sample adjustments include partialled-out
                          variables in regressor count K
------------------------------------------------------------------------------

Absorbed degrees of freedom:
-----------------------------------------------------------+
       Absorbed FE | Categories  - Redundant  = Num. Coefs |
-------------------+---------------------------------------|
   user_id#firm_id |     42681       42681           0    *|
                yh |        11           1          10     |
-----------------------------------------------------------+
* = FE nested within cluster; treated as redundant for DoF computation
→ Spec 4: seniority
(dropped 6597 singleton observations)
(MWFE estimator converged in 8 iterations)

HDFE Linear regression                            Number of obs   =    224,708
Absorbing 2 HDFE groups                           F(   5,  35478) =      10.11
Statistics robust to heteroskedasticity           Prob > F        =     0.0000
                                                  R-squared       =     0.7186
                                                  Adj R-squared   =     0.6525
                                                  Within R-sq.    =     0.0006
Number of clusters (user_id) =     35,479         Root MSE        =    17.6444

                           (Std. err. adjusted for 35,479 clusters in user_id)
------------------------------------------------------------------------------
             |               Robust
total_co~100 | Coefficient  std. err.      t    P>|t|     [95% conf. interval]
-------------+----------------------------------------------------------------
        var3 |  -.8240572    .310999    -2.65   0.008    -1.433625   -.2144896
        var5 |   3.353733   .7134911     4.70   0.000     1.955268    4.752197
        var4 |  -1.449054   2.214996    -0.65   0.513    -5.790514    2.892407
       var14 |   2.132599    1.71536     1.24   0.214     -1.22956    5.494758
       var15 |  -2.290389   2.149652    -1.07   0.287    -6.503774    1.922996
       _cons |   49.32436   .7788085    63.33   0.000     47.79787    50.85085
------------------------------------------------------------------------------

Absorbed degrees of freedom:
-----------------------------------------------------------+
       Absorbed FE | Categories  - Redundant  = Num. Coefs |
-------------------+---------------------------------------|
   user_id#firm_id |     42710       42710           0    *|
                yh |        11           1          10     |
-----------------------------------------------------------+
* = FE nested within cluster; treated as redundant for DoF computation
(dropped 6597 singleton observations)
(MWFE estimator converged in 8 iterations)

Stored estimation results
-------------------------
---------------------------------------------------------------------------
             |           Dependent  Number of        
        Name | Command    variable     param.  Title 
-------------+-------------------------------------------------------------
_ivreg2_var3 | ivreg2         var3          5  First-stage regression: var3
_ivreg2_var5 | ivreg2         var5          5  First-stage regression: var5
---------------------------------------------------------------------------

IV (2SLS) estimation
--------------------

Estimates efficient for homoskedasticity only
Statistics robust to heteroskedasticity and clustering on user_id

Number of clusters (user_id) =   35479                Number of obs =   224708
                                                      F(  5, 35478) =     6.75
                                                      Prob > F      =   0.0000
Total (centered) SS     =  56688987.29                Centered R2   =  -0.0008
Total (uncentered) SS   =  56688987.29                Uncentered R2 =  -0.0008
Residual SS             =  56732999.76                Root MSE      =    15.89

------------------------------------------------------------------------------
             |               Robust
total_co~100 | Coefficient  std. err.      t    P>|t|     [95% conf. interval]
-------------+----------------------------------------------------------------
        var3 |   -4.09697   1.802732    -2.27   0.023    -7.630381   -.5635592
        var5 |   5.526993   2.507026     2.20   0.027     .6131449    10.44084
        var4 |  -3.414226   3.069219    -1.11   0.266     -9.42999    2.601538
       var14 |     .31031   1.975713     0.16   0.875    -3.562148    4.182768
       var15 |    -.69786   2.381934    -0.29   0.770    -5.366524    3.970805
------------------------------------------------------------------------------
Underidentification test (Kleibergen-Paap rk LM statistic):            573.459
                                                   Chi-sq(1) P-val =    0.0000
------------------------------------------------------------------------------
Weak identification test (Cragg-Donald Wald F statistic):             3664.906
                         (Kleibergen-Paap rk Wald F statistic):        299.855
Stock-Yogo weak ID test critical values: 10% maximal IV size              7.03
                                         15% maximal IV size              4.58
                                         20% maximal IV size              3.95
                                         25% maximal IV size              3.63
Source: Stock-Yogo (2005).  Reproduced by permission.
NB: Critical values are for Cragg-Donald F statistic and i.i.d. errors.
------------------------------------------------------------------------------
Hansen J statistic (overidentification test of all instruments):         0.000
                                                 (equation exactly identified)
------------------------------------------------------------------------------
Instrumented:         var3 var5
Included instruments: var4 var14 var15
Excluded instruments: var6 var7
Partialled-out:       _cons
                      nb: total SS, model F and R2s are after partialling-out;
                          any small-sample adjustments include partialled-out
                          variables in regressor count K
------------------------------------------------------------------------------

Absorbed degrees of freedom:
-----------------------------------------------------------+
       Absorbed FE | Categories  - Redundant  = Num. Coefs |
-------------------+---------------------------------------|
   user_id#firm_id |     42710       42710           0    *|
                yh |        11           1          10     |
-----------------------------------------------------------+
* = FE nested within cluster; treated as redundant for DoF computation
→ Spec 5: gap
(dropped 6597 singleton observations)
(MWFE estimator converged in 8 iterations)

HDFE Linear regression                            Number of obs   =    224,708
Absorbing 2 HDFE groups                           F(   5,  35478) =      11.20
Statistics robust to heteroskedasticity           Prob > F        =     0.0000
                                                  R-squared       =     0.7186
                                                  Adj R-squared   =     0.6525
                                                  Within R-sq.    =     0.0007
Number of clusters (user_id) =     35,479         Root MSE        =    17.6437

                           (Std. err. adjusted for 35,479 clusters in user_id)
------------------------------------------------------------------------------
             |               Robust
total_co~100 | Coefficient  std. err.      t    P>|t|     [95% conf. interval]
-------------+----------------------------------------------------------------
        var3 |  -.8160022   .3102707    -2.63   0.009    -1.424142    -.207862
        var5 |   3.438399   .7091317     4.85   0.000     2.048479    4.828319
        var4 |  -1.267383     1.2633    -1.00   0.316     -3.74349    1.208725
       var17 |   .0000285   .0000113     2.51   0.012     6.26e-06    .0000507
       var18 |  -.0000506   .0000238    -2.13   0.033    -.0000971   -4.02e-06
       _cons |   49.64418   .2638051   188.19   0.000     49.12711    50.16125
------------------------------------------------------------------------------

Absorbed degrees of freedom:
-----------------------------------------------------------+
       Absorbed FE | Categories  - Redundant  = Num. Coefs |
-------------------+---------------------------------------|
   user_id#firm_id |     42710       42710           0    *|
                yh |        11           1          10     |
-----------------------------------------------------------+
* = FE nested within cluster; treated as redundant for DoF computation
(dropped 6597 singleton observations)
(MWFE estimator converged in 8 iterations)

Stored estimation results
-------------------------
---------------------------------------------------------------------------
             |           Dependent  Number of        
        Name | Command    variable     param.  Title 
-------------+-------------------------------------------------------------
_ivreg2_var3 | ivreg2         var3          5  First-stage regression: var3
_ivreg2_var5 | ivreg2         var5          5  First-stage regression: var5
---------------------------------------------------------------------------

IV (2SLS) estimation
--------------------

Estimates efficient for homoskedasticity only
Statistics robust to heteroskedasticity and clustering on user_id

Number of clusters (user_id) =   35479                Number of obs =   224708
                                                      F(  5, 35478) =     7.66
                                                      Prob > F      =   0.0000
Total (centered) SS     =  56688987.29                Centered R2   =  -0.0007
Total (uncentered) SS   =  56688987.29                Uncentered R2 =  -0.0007
Residual SS             =  56727885.17                Root MSE      =    15.89

------------------------------------------------------------------------------
             |               Robust
total_co~100 | Coefficient  std. err.      t    P>|t|     [95% conf. interval]
-------------+----------------------------------------------------------------
        var3 |  -4.080842   1.769229    -2.31   0.021    -7.548586   -.6130982
        var5 |   5.721058    2.47219     2.31   0.021     .8754887    10.56663
        var4 |  -2.133501   1.709504    -1.25   0.212    -5.484181    1.217179
       var17 |   .0000228   .0000117     1.95   0.051    -1.25e-07    .0000457
       var18 |  -.0000422   .0000244    -1.73   0.084      -.00009    5.60e-06
------------------------------------------------------------------------------
Underidentification test (Kleibergen-Paap rk LM statistic):            595.462
                                                   Chi-sq(1) P-val =    0.0000
------------------------------------------------------------------------------
Weak identification test (Cragg-Donald Wald F statistic):             3783.479
                         (Kleibergen-Paap rk Wald F statistic):        313.146
Stock-Yogo weak ID test critical values: 10% maximal IV size              7.03
                                         15% maximal IV size              4.58
                                         20% maximal IV size              3.95
                                         25% maximal IV size              3.63
Source: Stock-Yogo (2005).  Reproduced by permission.
NB: Critical values are for Cragg-Donald F statistic and i.i.d. errors.
------------------------------------------------------------------------------
Hansen J statistic (overidentification test of all instruments):         0.000
                                                 (equation exactly identified)
------------------------------------------------------------------------------
Instrumented:         var3 var5
Included instruments: var4 var17 var18
Excluded instruments: var6 var7
Partialled-out:       _cons
                      nb: total SS, model F and R2s are after partialling-out;
                          any small-sample adjustments include partialled-out
                          variables in regressor count K
------------------------------------------------------------------------------

Absorbed degrees of freedom:
-----------------------------------------------------------+
       Absorbed FE | Categories  - Redundant  = Num. Coefs |
-------------------+---------------------------------------|
   user_id#firm_id |     42710       42710           0    *|
                yh |        11           1          10     |
-----------------------------------------------------------+
* = FE nested within cluster; treated as redundant for DoF computation
→ Spec 6: rent_hhi
(dropped 6377 singleton observations)
(MWFE estimator converged in 8 iterations)

HDFE Linear regression                            Number of obs   =    218,032
Absorbing 2 HDFE groups                           F(   7,  34556) =       8.46
Statistics robust to heteroskedasticity           Prob > F        =     0.0000
                                                  R-squared       =     0.7190
                                                  Adj R-squared   =     0.6531
                                                  Within R-sq.    =     0.0007
Number of clusters (user_id) =     34,557         Root MSE        =    17.6269

                           (Std. err. adjusted for 34,557 clusters in user_id)
------------------------------------------------------------------------------
             |               Robust
total_co~100 | Coefficient  std. err.      t    P>|t|     [95% conf. interval]
-------------+----------------------------------------------------------------
        var3 |  -.7040337   .3195935    -2.20   0.028    -1.330447   -.0776199
        var5 |   2.900024   .7248559     4.00   0.000     1.479283    4.320765
        var4 |  -5.767731   1.250454    -4.61   0.000    -8.218662     -3.3168
        var8 |  -.0305937   .0078189    -3.91   0.000     -.045919   -.0152683
        var9 |   .0380847   .0182712     2.08   0.037     .0022726    .0738968
       var11 |  -.0004162   .0003815    -1.09   0.275    -.0011641    .0003316
       var12 |   .0008427   .0004973     1.69   0.090    -.0001321    .0018176
       _cons |   51.02239   .1834282   278.16   0.000     50.66286    51.38191
------------------------------------------------------------------------------

Absorbed degrees of freedom:
-----------------------------------------------------------+
       Absorbed FE | Categories  - Redundant  = Num. Coefs |
-------------------+---------------------------------------|
   user_id#firm_id |     41392       41392           0    *|
                yh |        11           1          10     |
-----------------------------------------------------------+
* = FE nested within cluster; treated as redundant for DoF computation
(dropped 6377 singleton observations)
(MWFE estimator converged in 8 iterations)

Stored estimation results
-------------------------
---------------------------------------------------------------------------
             |           Dependent  Number of        
        Name | Command    variable     param.  Title 
-------------+-------------------------------------------------------------
_ivreg2_var3 | ivreg2         var3          7  First-stage regression: var3
_ivreg2_var5 | ivreg2         var5          7  First-stage regression: var5
---------------------------------------------------------------------------

IV (2SLS) estimation
--------------------

Estimates efficient for homoskedasticity only
Statistics robust to heteroskedasticity and clustering on user_id

Number of clusters (user_id) =   34557                Number of obs =   218032
                                                      F(  7, 34556) =     6.76
                                                      Prob > F      =   0.0000
Total (centered) SS     =  54917227.33                Centered R2   =  -0.0006
Total (uncentered) SS   =  54917227.33                Uncentered R2 =  -0.0006
Residual SS             =  54950045.13                Root MSE      =    15.88

------------------------------------------------------------------------------
             |               Robust
total_co~100 | Coefficient  std. err.      t    P>|t|     [95% conf. interval]
-------------+----------------------------------------------------------------
        var3 |  -3.976892   1.924458    -2.07   0.039    -7.748892   -.2048925
        var5 |   6.083808   2.826793     2.15   0.031     .5432007    11.62441
        var4 |  -6.278067   2.191606    -2.86   0.004    -10.57369   -1.982449
        var8 |  -.0197758   .0099831    -1.98   0.048    -.0393429   -.0002086
        var9 |     .02714   .0197772     1.37   0.170    -.0116239    .0659039
       var11 |   -.000366   .0003821    -0.96   0.338     -.001115     .000383
       var12 |   .0007866   .0005229     1.50   0.132    -.0002382    .0018115
------------------------------------------------------------------------------
Underidentification test (Kleibergen-Paap rk LM statistic):            487.995
                                                   Chi-sq(1) P-val =    0.0000
------------------------------------------------------------------------------
Weak identification test (Cragg-Donald Wald F statistic):             3261.681
                         (Kleibergen-Paap rk Wald F statistic):        253.613
Stock-Yogo weak ID test critical values: 10% maximal IV size              7.03
                                         15% maximal IV size              4.58
                                         20% maximal IV size              3.95
                                         25% maximal IV size              3.63
Source: Stock-Yogo (2005).  Reproduced by permission.
NB: Critical values are for Cragg-Donald F statistic and i.i.d. errors.
------------------------------------------------------------------------------
Hansen J statistic (overidentification test of all instruments):         0.000
                                                 (equation exactly identified)
------------------------------------------------------------------------------
Instrumented:         var3 var5
Included instruments: var4 var8 var9 var11 var12
Excluded instruments: var6 var7
Partialled-out:       _cons
                      nb: total SS, model F and R2s are after partialling-out;
                          any small-sample adjustments include partialled-out
                          variables in regressor count K
------------------------------------------------------------------------------

Absorbed degrees of freedom:
-----------------------------------------------------------+
       Absorbed FE | Categories  - Redundant  = Num. Coefs |
-------------------+---------------------------------------|
   user_id#firm_id |     41392       41392           0    *|
                yh |        11           1          10     |
-----------------------------------------------------------+
* = FE nested within cluster; treated as redundant for DoF computation
→ Spec 7: rent_seniority
(dropped 6380 singleton observations)
(MWFE estimator converged in 8 iterations)

HDFE Linear regression                            Number of obs   =    218,112
Absorbing 2 HDFE groups                           F(   7,  34563) =       8.27
Statistics robust to heteroskedasticity           Prob > F        =     0.0000
                                                  R-squared       =     0.7191
                                                  Adj R-squared   =     0.6532
                                                  Within R-sq.    =     0.0007
Number of clusters (user_id) =     34,564         Root MSE        =    17.6265

                           (Std. err. adjusted for 34,564 clusters in user_id)
------------------------------------------------------------------------------
             |               Robust
total_co~100 | Coefficient  std. err.      t    P>|t|     [95% conf. interval]
-------------+----------------------------------------------------------------
        var3 |  -.6738839   .3208888    -2.10   0.036    -1.302836   -.0449315
        var5 |   2.752129   .7212044     3.82   0.000     1.338545    4.165714
        var4 |  -2.850031   2.432134    -1.17   0.241    -7.617094    1.917032
        var8 |  -.0315749   .0077833    -4.06   0.000    -.0468304   -.0163194
        var9 |   .0394664   .0183345     2.15   0.031     .0035301    .0754027
       var14 |   2.259266   1.746957     1.29   0.196    -1.164827    5.683358
       var15 |  -2.333646   2.197815    -1.06   0.288    -6.641436    1.974144
       _cons |   49.93616   .8089559    61.73   0.000     48.35058    51.52174
------------------------------------------------------------------------------

Absorbed degrees of freedom:
-----------------------------------------------------------+
       Absorbed FE | Categories  - Redundant  = Num. Coefs |
-------------------+---------------------------------------|
   user_id#firm_id |     41412       41412           0    *|
                yh |        11           1          10     |
-----------------------------------------------------------+
* = FE nested within cluster; treated as redundant for DoF computation
(dropped 6380 singleton observations)
(MWFE estimator converged in 8 iterations)

Stored estimation results
-------------------------
---------------------------------------------------------------------------
             |           Dependent  Number of        
        Name | Command    variable     param.  Title 
-------------+-------------------------------------------------------------
_ivreg2_var3 | ivreg2         var3          7  First-stage regression: var3
_ivreg2_var5 | ivreg2         var5          7  First-stage regression: var5
---------------------------------------------------------------------------

IV (2SLS) estimation
--------------------

Estimates efficient for homoskedasticity only
Statistics robust to heteroskedasticity and clustering on user_id

Number of clusters (user_id) =   34564                Number of obs =   218112
                                                      F(  7, 34563) =     6.56
                                                      Prob > F      =   0.0000
Total (centered) SS     =     54932284                Centered R2   =  -0.0005
Total (uncentered) SS   =     54932284                Uncentered R2 =  -0.0005
Residual SS             =  54957257.94                Root MSE      =    15.87

------------------------------------------------------------------------------
             |               Robust
total_co~100 | Coefficient  std. err.      t    P>|t|     [95% conf. interval]
-------------+----------------------------------------------------------------
        var3 |  -3.720921   2.006938    -1.85   0.064    -7.654586    .2127435
        var5 |   4.907236   2.736174     1.79   0.073    -.4557549    10.27023
        var4 |   -4.22498   3.309446    -1.28   0.202     -10.7116    2.261642
        var8 |  -.0214374   .0101687    -2.11   0.035    -.0413684   -.0015064
        var9 |   .0279213   .0198387     1.41   0.159    -.0109633    .0668058
       var14 |   .5733419   2.060569     0.28   0.781    -3.465441    4.612125
       var15 |    -.81924   2.469666    -0.33   0.740    -5.659865    4.021385
------------------------------------------------------------------------------
Underidentification test (Kleibergen-Paap rk LM statistic):            460.731
                                                   Chi-sq(1) P-val =    0.0000
------------------------------------------------------------------------------
Weak identification test (Cragg-Donald Wald F statistic):             3018.844
                         (Kleibergen-Paap rk Wald F statistic):        236.734
Stock-Yogo weak ID test critical values: 10% maximal IV size              7.03
                                         15% maximal IV size              4.58
                                         20% maximal IV size              3.95
                                         25% maximal IV size              3.63
Source: Stock-Yogo (2005).  Reproduced by permission.
NB: Critical values are for Cragg-Donald F statistic and i.i.d. errors.
------------------------------------------------------------------------------
Hansen J statistic (overidentification test of all instruments):         0.000
                                                 (equation exactly identified)
------------------------------------------------------------------------------
Instrumented:         var3 var5
Included instruments: var4 var8 var9 var14 var15
Excluded instruments: var6 var7
Partialled-out:       _cons
                      nb: total SS, model F and R2s are after partialling-out;
                          any small-sample adjustments include partialled-out
                          variables in regressor count K
------------------------------------------------------------------------------

Absorbed degrees of freedom:
-----------------------------------------------------------+
       Absorbed FE | Categories  - Redundant  = Num. Coefs |
-------------------+---------------------------------------|
   user_id#firm_id |     41412       41412           0    *|
                yh |        11           1          10     |
-----------------------------------------------------------+
* = FE nested within cluster; treated as redundant for DoF computation
→ Spec 8: rent_gap
(dropped 6380 singleton observations)
(MWFE estimator converged in 8 iterations)

HDFE Linear regression                            Number of obs   =    218,112
Absorbing 2 HDFE groups                           F(   7,  34563) =       8.83
Statistics robust to heteroskedasticity           Prob > F        =     0.0000
                                                  R-squared       =     0.7191
                                                  Adj R-squared   =     0.6532
                                                  Within R-sq.    =     0.0008
Number of clusters (user_id) =     34,564         Root MSE        =    17.6259

                           (Std. err. adjusted for 34,564 clusters in user_id)
------------------------------------------------------------------------------
             |               Robust
total_co~100 | Coefficient  std. err.      t    P>|t|     [95% conf. interval]
-------------+----------------------------------------------------------------
        var3 |  -.6893431   .3197417    -2.16   0.031    -1.316047   -.0626389
        var5 |   2.863365   .7179281     3.99   0.000     1.456202    4.270527
        var4 |  -2.639349   1.683628    -1.57   0.117    -5.939314    .6606172
        var8 |   -.029659   .0078369    -3.78   0.000    -.0450197   -.0142984
        var9 |   .0369256   .0182369     2.02   0.043     .0011807    .0726704
       var17 |   .0000257   .0000119     2.16   0.031     2.41e-06    .0000489
       var18 |  -.0000497   .0000242    -2.05   0.040    -.0000972   -2.22e-06
       _cons |   50.33871   .3364594   149.61   0.000     49.67924    50.99819
------------------------------------------------------------------------------

Absorbed degrees of freedom:
-----------------------------------------------------------+
       Absorbed FE | Categories  - Redundant  = Num. Coefs |
-------------------+---------------------------------------|
   user_id#firm_id |     41412       41412           0    *|
                yh |        11           1          10     |
-----------------------------------------------------------+
* = FE nested within cluster; treated as redundant for DoF computation
(dropped 6380 singleton observations)
(MWFE estimator converged in 8 iterations)

Stored estimation results
-------------------------
---------------------------------------------------------------------------
             |           Dependent  Number of        
        Name | Command    variable     param.  Title 
-------------+-------------------------------------------------------------
_ivreg2_var3 | ivreg2         var3          7  First-stage regression: var3
_ivreg2_var5 | ivreg2         var5          7  First-stage regression: var5
---------------------------------------------------------------------------

IV (2SLS) estimation
--------------------

Estimates efficient for homoskedasticity only
Statistics robust to heteroskedasticity and clustering on user_id

Number of clusters (user_id) =   34564                Number of obs =   218112
                                                      F(  7, 34563) =     7.00
                                                      Prob > F      =   0.0000
Total (centered) SS     =     54932284                Centered R2   =  -0.0004
Total (uncentered) SS   =     54932284                Uncentered R2 =  -0.0004
Residual SS             =  54952669.13                Root MSE      =    15.87

------------------------------------------------------------------------------
             |               Robust
total_co~100 | Coefficient  std. err.      t    P>|t|     [95% conf. interval]
-------------+----------------------------------------------------------------
        var3 |  -3.711063   1.961675    -1.89   0.059     -7.55601    .1338846
        var5 |   5.087721   2.698426     1.89   0.059    -.2012812    10.37672
        var4 |  -2.816749   2.119382    -1.33   0.184    -6.970808    1.337309
        var8 |  -.0197766    .010058    -1.97   0.049    -.0394905   -.0000626
        var9 |   .0256357   .0197223     1.30   0.194    -.0130207     .064292
       var17 |   .0000229   .0000119     1.91   0.056    -5.48e-07    .0000463
       var18 |  -.0000448   .0000248    -1.81   0.071    -.0000933    3.80e-06
------------------------------------------------------------------------------
Underidentification test (Kleibergen-Paap rk LM statistic):            481.207
                                                   Chi-sq(1) P-val =    0.0000
------------------------------------------------------------------------------
Weak identification test (Cragg-Donald Wald F statistic):             3135.584
                         (Kleibergen-Paap rk Wald F statistic):        248.047
Stock-Yogo weak ID test critical values: 10% maximal IV size              7.03
                                         15% maximal IV size              4.58
                                         20% maximal IV size              3.95
                                         25% maximal IV size              3.63
Source: Stock-Yogo (2005).  Reproduced by permission.
NB: Critical values are for Cragg-Donald F statistic and i.i.d. errors.
------------------------------------------------------------------------------
Hansen J statistic (overidentification test of all instruments):         0.000
                                                 (equation exactly identified)
------------------------------------------------------------------------------
Instrumented:         var3 var5
Included instruments: var4 var8 var9 var17 var18
Excluded instruments: var6 var7
Partialled-out:       _cons
                      nb: total SS, model F and R2s are after partialling-out;
                          any small-sample adjustments include partialled-out
                          variables in regressor count K
------------------------------------------------------------------------------

Absorbed degrees of freedom:
-----------------------------------------------------------+
       Absorbed FE | Categories  - Redundant  = Num. Coefs |
-------------------+---------------------------------------|
   user_id#firm_id |     41412       41412           0    *|
                yh |        11           1          10     |
-----------------------------------------------------------+
* = FE nested within cluster; treated as redundant for DoF computation
→ Spec 9: hhi_seniority
(dropped 6591 singleton observations)
(MWFE estimator converged in 8 iterations)

HDFE Linear regression                            Number of obs   =    224,596
Absorbing 2 HDFE groups                           F(   7,  35468) =       7.74
Statistics robust to heteroskedasticity           Prob > F        =     0.0000
                                                  R-squared       =     0.7185
                                                  Adj R-squared   =     0.6524
                                                  Within R-sq.    =     0.0006
Number of clusters (user_id) =     35,469         Root MSE        =    17.6445

                           (Std. err. adjusted for 35,469 clusters in user_id)
------------------------------------------------------------------------------
             |               Robust
total_co~100 | Coefficient  std. err.      t    P>|t|     [95% conf. interval]
-------------+----------------------------------------------------------------
        var3 |  -.8202222   .3110173    -2.64   0.008    -1.429826   -.2106188
        var5 |   3.525836   .7270257     4.85   0.000     2.100844    4.950829
        var4 |  -3.437752   2.384628    -1.44   0.149    -8.111697    1.236193
       var11 |  -.0004092    .000384    -1.07   0.287    -.0011618    .0003435
       var12 |   .0009635   .0004968     1.94   0.052    -.0000103    .0019373
       var14 |   1.707271   1.763431     0.97   0.333    -1.749109    5.163651
       var15 |  -1.063251   2.206319    -0.48   0.630    -5.387705    3.261203
       _cons |   49.59879   .8220302    60.34   0.000     47.98759       51.21
------------------------------------------------------------------------------

Absorbed degrees of freedom:
-----------------------------------------------------------+
       Absorbed FE | Categories  - Redundant  = Num. Coefs |
-------------------+---------------------------------------|
   user_id#firm_id |     42681       42681           0    *|
                yh |        11           1          10     |
-----------------------------------------------------------+
* = FE nested within cluster; treated as redundant for DoF computation
(dropped 6591 singleton observations)
(MWFE estimator converged in 8 iterations)

Stored estimation results
-------------------------
---------------------------------------------------------------------------
             |           Dependent  Number of        
        Name | Command    variable     param.  Title 
-------------+-------------------------------------------------------------
_ivreg2_var3 | ivreg2         var3          7  First-stage regression: var3
_ivreg2_var5 | ivreg2         var5          7  First-stage regression: var5
---------------------------------------------------------------------------

IV (2SLS) estimation
--------------------

Estimates efficient for homoskedasticity only
Statistics robust to heteroskedasticity and clustering on user_id

Number of clusters (user_id) =   35469                Number of obs =   224596
                                                      F(  7, 35468) =     5.42
                                                      Prob > F      =   0.0000
Total (centered) SS     =  56665329.36                Centered R2   =  -0.0009
Total (uncentered) SS   =  56665329.36                Uncentered R2 =  -0.0009
Residual SS             =     56714731                Root MSE      =    15.89

------------------------------------------------------------------------------
             |               Robust
total_co~100 | Coefficient  std. err.      t    P>|t|     [95% conf. interval]
-------------+----------------------------------------------------------------
        var3 |  -4.300527   1.773581    -2.42   0.015      -7.7768   -.8242543
        var5 |   6.989776   2.713999     2.58   0.010     1.670253     12.3093
        var4 |   -6.47633   3.488955    -1.86   0.063    -13.31479      .36213
       var11 |  -.0003581    .000385    -0.93   0.352    -.0011127    .0003965
       var12 |   .0009113   .0005309     1.72   0.086    -.0001293    .0019518
       var14 |   -.177112   1.996965    -0.09   0.929    -4.091226    3.737002
       var15 |   .8155232   2.459378     0.33   0.740    -4.004933     5.63598
------------------------------------------------------------------------------
Underidentification test (Kleibergen-Paap rk LM statistic):            584.434
                                                   Chi-sq(1) P-val =    0.0000
------------------------------------------------------------------------------
Weak identification test (Cragg-Donald Wald F statistic):             3791.263
                         (Kleibergen-Paap rk Wald F statistic):        306.943
Stock-Yogo weak ID test critical values: 10% maximal IV size              7.03
                                         15% maximal IV size              4.58
                                         20% maximal IV size              3.95
                                         25% maximal IV size              3.63
Source: Stock-Yogo (2005).  Reproduced by permission.
NB: Critical values are for Cragg-Donald F statistic and i.i.d. errors.
------------------------------------------------------------------------------
Hansen J statistic (overidentification test of all instruments):         0.000
                                                 (equation exactly identified)
------------------------------------------------------------------------------
Instrumented:         var3 var5
Included instruments: var4 var11 var12 var14 var15
Excluded instruments: var6 var7
Partialled-out:       _cons
                      nb: total SS, model F and R2s are after partialling-out;
                          any small-sample adjustments include partialled-out
                          variables in regressor count K
------------------------------------------------------------------------------

Absorbed degrees of freedom:
-----------------------------------------------------------+
       Absorbed FE | Categories  - Redundant  = Num. Coefs |
-------------------+---------------------------------------|
   user_id#firm_id |     42681       42681           0    *|
                yh |        11           1          10     |
-----------------------------------------------------------+
* = FE nested within cluster; treated as redundant for DoF computation
→ Spec 10: hhi_gap
(dropped 6591 singleton observations)
(MWFE estimator converged in 8 iterations)

HDFE Linear regression                            Number of obs   =    224,596
Absorbing 2 HDFE groups                           F(   7,  35468) =       8.55
Statistics robust to heteroskedasticity           Prob > F        =     0.0000
                                                  R-squared       =     0.7185
                                                  Adj R-squared   =     0.6525
                                                  Within R-sq.    =     0.0007
Number of clusters (user_id) =     35,469         Root MSE        =    17.6437

                           (Std. err. adjusted for 35,469 clusters in user_id)
------------------------------------------------------------------------------
             |               Robust
total_co~100 | Coefficient  std. err.      t    P>|t|     [95% conf. interval]
-------------+----------------------------------------------------------------
        var3 |  -.8040553   .3104154    -2.59   0.010    -1.412479   -.1956316
        var5 |   3.547774   .7180289     4.94   0.000     2.140415    4.955133
        var4 |  -2.069001   1.318014    -1.57   0.116     -4.65235    .5143479
       var11 |  -.0004814    .000373    -1.29   0.197    -.0012125    .0002497
       var12 |   .0009895   .0004836     2.05   0.041     .0000416    .0019374
       var17 |   .0000285   .0000114     2.50   0.012     6.18e-06    .0000507
       var18 |  -.0000497   .0000239    -2.08   0.038    -.0000965   -2.86e-06
       _cons |   49.74053   .2764548   179.92   0.000     49.19867    50.28239
------------------------------------------------------------------------------

Absorbed degrees of freedom:
-----------------------------------------------------------+
       Absorbed FE | Categories  - Redundant  = Num. Coefs |
-------------------+---------------------------------------|
   user_id#firm_id |     42681       42681           0    *|
                yh |        11           1          10     |
-----------------------------------------------------------+
* = FE nested within cluster; treated as redundant for DoF computation
(dropped 6591 singleton observations)
(MWFE estimator converged in 8 iterations)

Stored estimation results
-------------------------
---------------------------------------------------------------------------
             |           Dependent  Number of        
        Name | Command    variable     param.  Title 
-------------+-------------------------------------------------------------
_ivreg2_var3 | ivreg2         var3          7  First-stage regression: var3
_ivreg2_var5 | ivreg2         var5          7  First-stage regression: var5
---------------------------------------------------------------------------

IV (2SLS) estimation
--------------------

Estimates efficient for homoskedasticity only
Statistics robust to heteroskedasticity and clustering on user_id

Number of clusters (user_id) =   35469                Number of obs =   224596
                                                      F(  7, 35468) =     6.17
                                                      Prob > F      =   0.0000
Total (centered) SS     =  56665329.36                Centered R2   =  -0.0008
Total (uncentered) SS   =  56665329.36                Uncentered R2 =  -0.0008
Residual SS             =  56709199.07                Root MSE      =    15.89

------------------------------------------------------------------------------
             |               Robust
total_co~100 | Coefficient  std. err.      t    P>|t|     [95% conf. interval]
-------------+----------------------------------------------------------------
        var3 |  -4.262445   1.723279    -2.47   0.013    -7.640125   -.8847655
        var5 |   6.875986   2.586242     2.66   0.008     1.806873     11.9451
        var4 |  -3.426262   1.858314    -1.84   0.065    -7.068614    .2160906
       var11 |  -.0003502   .0003793    -0.92   0.356    -.0010936    .0003932
       var12 |   .0008503   .0005081     1.67   0.094    -.0001456    .0018463
       var17 |   .0000225   .0000117     1.92   0.055    -5.05e-07    .0000454
       var18 |  -.0000433   .0000247    -1.75   0.079    -.0000917    5.07e-06
------------------------------------------------------------------------------
Underidentification test (Kleibergen-Paap rk LM statistic):            618.432
                                                   Chi-sq(1) P-val =    0.0000
------------------------------------------------------------------------------
Weak identification test (Cragg-Donald Wald F statistic):             3996.732
                         (Kleibergen-Paap rk Wald F statistic):        328.247
Stock-Yogo weak ID test critical values: 10% maximal IV size              7.03
                                         15% maximal IV size              4.58
                                         20% maximal IV size              3.95
                                         25% maximal IV size              3.63
Source: Stock-Yogo (2005).  Reproduced by permission.
NB: Critical values are for Cragg-Donald F statistic and i.i.d. errors.
------------------------------------------------------------------------------
Hansen J statistic (overidentification test of all instruments):         0.000
                                                 (equation exactly identified)
------------------------------------------------------------------------------
Instrumented:         var3 var5
Included instruments: var4 var11 var12 var17 var18
Excluded instruments: var6 var7
Partialled-out:       _cons
                      nb: total SS, model F and R2s are after partialling-out;
                          any small-sample adjustments include partialled-out
                          variables in regressor count K
------------------------------------------------------------------------------

Absorbed degrees of freedom:
-----------------------------------------------------------+
       Absorbed FE | Categories  - Redundant  = Num. Coefs |
-------------------+---------------------------------------|
   user_id#firm_id |     42681       42681           0    *|
                yh |        11           1          10     |
-----------------------------------------------------------+
* = FE nested within cluster; treated as redundant for DoF computation
→ Spec 11: seniority_gap
(dropped 6597 singleton observations)
(MWFE estimator converged in 8 iterations)

HDFE Linear regression                            Number of obs   =    224,708
Absorbing 2 HDFE groups                           F(   7,  35478) =       8.30
Statistics robust to heteroskedasticity           Prob > F        =     0.0000
                                                  R-squared       =     0.7186
                                                  Adj R-squared   =     0.6525
                                                  Within R-sq.    =     0.0007
Number of clusters (user_id) =     35,479         Root MSE        =    17.6437

                           (Std. err. adjusted for 35,479 clusters in user_id)
------------------------------------------------------------------------------
             |               Robust
total_co~100 | Coefficient  std. err.      t    P>|t|     [95% conf. interval]
-------------+----------------------------------------------------------------
        var3 |  -.7856869   .3113464    -2.52   0.012    -1.395935   -.1754383
        var5 |     3.3903   .7138313     4.75   0.000     1.991169    4.789431
        var4 |   1.245004    2.58823     0.48   0.631    -3.828007    6.318015
       var17 |   .0000283   .0000113     2.49   0.013     6.05e-06    .0000505
       var18 |  -.0000513   .0000241    -2.13   0.033    -.0000984   -4.11e-06
       var14 |   2.050995   1.738818     1.18   0.238    -1.357141    5.459131
       var15 |  -2.490438   2.186065    -1.14   0.255    -6.775193    1.794318
       _cons |   48.71999   .8043474    60.57   0.000     47.14344    50.29654
------------------------------------------------------------------------------

Absorbed degrees of freedom:
-----------------------------------------------------------+
       Absorbed FE | Categories  - Redundant  = Num. Coefs |
-------------------+---------------------------------------|
   user_id#firm_id |     42710       42710           0    *|
                yh |        11           1          10     |
-----------------------------------------------------------+
* = FE nested within cluster; treated as redundant for DoF computation
(dropped 6597 singleton observations)
(MWFE estimator converged in 8 iterations)

Stored estimation results
-------------------------
---------------------------------------------------------------------------
             |           Dependent  Number of        
        Name | Command    variable     param.  Title 
-------------+-------------------------------------------------------------
_ivreg2_var3 | ivreg2         var3          7  First-stage regression: var3
_ivreg2_var5 | ivreg2         var5          7  First-stage regression: var5
---------------------------------------------------------------------------

IV (2SLS) estimation
--------------------

Estimates efficient for homoskedasticity only
Statistics robust to heteroskedasticity and clustering on user_id

Number of clusters (user_id) =   35479                Number of obs =   224708
                                                      F(  7, 35478) =     5.84
                                                      Prob > F      =   0.0000
Total (centered) SS     =  56688987.29                Centered R2   =  -0.0007
Total (uncentered) SS   =  56688987.29                Uncentered R2 =  -0.0007
Residual SS             =  56727663.54                Root MSE      =    15.89

------------------------------------------------------------------------------
             |               Robust
total_co~100 | Coefficient  std. err.      t    P>|t|     [95% conf. interval]
-------------+----------------------------------------------------------------
        var3 |  -4.071809   1.805151    -2.26   0.024    -7.609962   -.5336567
        var5 |    5.60475   2.522462     2.22   0.026     .6606474    10.54885
        var4 |  -1.166746   3.318382    -0.35   0.725    -7.670877    5.337386
       var17 |   .0000228   .0000117     1.95   0.051    -1.31e-07    .0000457
       var18 |  -.0000432   .0000246    -1.76   0.078    -.0000914    4.90e-06
       var14 |   .2413045   1.989232     0.12   0.903    -3.657652    4.140261
       var15 |  -.8718085   2.403724    -0.36   0.717    -5.583182    3.839565
------------------------------------------------------------------------------
Underidentification test (Kleibergen-Paap rk LM statistic):            575.043
                                                   Chi-sq(1) P-val =    0.0000
------------------------------------------------------------------------------
Weak identification test (Cragg-Donald Wald F statistic):             3659.804
                         (Kleibergen-Paap rk Wald F statistic):        301.507
Stock-Yogo weak ID test critical values: 10% maximal IV size              7.03
                                         15% maximal IV size              4.58
                                         20% maximal IV size              3.95
                                         25% maximal IV size              3.63
Source: Stock-Yogo (2005).  Reproduced by permission.
NB: Critical values are for Cragg-Donald F statistic and i.i.d. errors.
------------------------------------------------------------------------------
Hansen J statistic (overidentification test of all instruments):         0.000
                                                 (equation exactly identified)
------------------------------------------------------------------------------
Instrumented:         var3 var5
Included instruments: var4 var17 var18 var14 var15
Excluded instruments: var6 var7
Partialled-out:       _cons
                      nb: total SS, model F and R2s are after partialling-out;
                          any small-sample adjustments include partialled-out
                          variables in regressor count K
------------------------------------------------------------------------------

Absorbed degrees of freedom:
-----------------------------------------------------------+
       Absorbed FE | Categories  - Redundant  = Num. Coefs |
-------------------+---------------------------------------|
   user_id#firm_id |     42710       42710           0    *|
                yh |        11           1          10     |
-----------------------------------------------------------+
* = FE nested within cluster; treated as redundant for DoF computation
→ Spec 12: rent_hhi_seniority
(dropped 6377 singleton observations)
(MWFE estimator converged in 8 iterations)

HDFE Linear regression                            Number of obs   =    218,032
Absorbing 2 HDFE groups                           F(   9,  34556) =       6.73
Statistics robust to heteroskedasticity           Prob > F        =     0.0000
                                                  R-squared       =     0.7190
                                                  Adj R-squared   =     0.6531
                                                  Within R-sq.    =     0.0007
Number of clusters (user_id) =     34,557         Root MSE        =    17.6269

                           (Std. err. adjusted for 34,557 clusters in user_id)
------------------------------------------------------------------------------
             |               Robust
total_co~100 | Coefficient  std. err.      t    P>|t|     [95% conf. interval]
-------------+----------------------------------------------------------------
        var3 |   -.675743   .3208413    -2.11   0.035    -1.304602   -.0468836
        var5 |   2.911003   .7348649     3.96   0.000     1.470644    4.351362
        var4 |  -4.407127   2.557774    -1.72   0.085    -9.420448    .6061943
        var8 |  -.0308308   .0078243    -3.94   0.000    -.0461667   -.0154948
        var9 |   .0375356   .0184299     2.04   0.042     .0014125    .0736587
       var11 |  -.0003329   .0003925    -0.85   0.396    -.0011021    .0004364
       var12 |    .000804   .0005103     1.58   0.115    -.0001962    .0018041
       var14 |   1.910059   1.797731     1.06   0.288    -1.613551     5.43367
       var15 |  -1.325548    2.25346    -0.59   0.556    -5.742402    3.091307
       _cons |   50.14496   .8482617    59.11   0.000     48.48234    51.80758
------------------------------------------------------------------------------

Absorbed degrees of freedom:
-----------------------------------------------------------+
       Absorbed FE | Categories  - Redundant  = Num. Coefs |
-------------------+---------------------------------------|
   user_id#firm_id |     41392       41392           0    *|
                yh |        11           1          10     |
-----------------------------------------------------------+
* = FE nested within cluster; treated as redundant for DoF computation
(dropped 6377 singleton observations)
(MWFE estimator converged in 8 iterations)

Stored estimation results
-------------------------
---------------------------------------------------------------------------
             |           Dependent  Number of        
        Name | Command    variable     param.  Title 
-------------+-------------------------------------------------------------
_ivreg2_var3 | ivreg2         var3          9  First-stage regression: var3
_ivreg2_var5 | ivreg2         var5          9  First-stage regression: var5
---------------------------------------------------------------------------

IV (2SLS) estimation
--------------------

Estimates efficient for homoskedasticity only
Statistics robust to heteroskedasticity and clustering on user_id

Number of clusters (user_id) =   34557                Number of obs =   218032
                                                      F(  9, 34556) =     5.42
                                                      Prob > F      =   0.0000
Total (centered) SS     =  54917227.33                Centered R2   =  -0.0006
Total (uncentered) SS   =  54917227.33                Uncentered R2 =  -0.0006
Residual SS             =  54949771.87                Root MSE      =    15.88

------------------------------------------------------------------------------
             |               Robust
total_co~100 | Coefficient  std. err.      t    P>|t|     [95% conf. interval]
-------------+----------------------------------------------------------------
        var3 |   -3.97295     1.9994    -1.99   0.047    -7.891838    -.054061
        var5 |    6.31749   3.000659     2.11   0.035     .4360994    12.19888
        var4 |  -6.999682   3.812724    -1.84   0.066    -14.47274    .4733809
        var8 |  -.0197931   .0101979    -1.94   0.052    -.0397814    .0001951
        var9 |   .0266846   .0199015     1.34   0.180    -.0123229    .0656921
       var11 |  -.0003637   .0003916    -0.93   0.353    -.0011313     .000404
       var12 |   .0008448   .0005503     1.54   0.125    -.0002337    .0019234
       var14 |   .0535074    2.11083     0.03   0.980    -4.083787    4.190802
       var15 |   .5645881   2.567494     0.22   0.826    -4.467784     5.59696
------------------------------------------------------------------------------
Underidentification test (Kleibergen-Paap rk LM statistic):            453.872
                                                   Chi-sq(1) P-val =    0.0000
------------------------------------------------------------------------------
Weak identification test (Cragg-Donald Wald F statistic):             3042.005
                         (Kleibergen-Paap rk Wald F statistic):        234.735
Stock-Yogo weak ID test critical values: 10% maximal IV size              7.03
                                         15% maximal IV size              4.58
                                         20% maximal IV size              3.95
                                         25% maximal IV size              3.63
Source: Stock-Yogo (2005).  Reproduced by permission.
NB: Critical values are for Cragg-Donald F statistic and i.i.d. errors.
------------------------------------------------------------------------------
Hansen J statistic (overidentification test of all instruments):         0.000
                                                 (equation exactly identified)
------------------------------------------------------------------------------
Instrumented:         var3 var5
Included instruments: var4 var8 var9 var11 var12 var14 var15
Excluded instruments: var6 var7
Partialled-out:       _cons
                      nb: total SS, model F and R2s are after partialling-out;
                          any small-sample adjustments include partialled-out
                          variables in regressor count K
------------------------------------------------------------------------------

Absorbed degrees of freedom:
-----------------------------------------------------------+
       Absorbed FE | Categories  - Redundant  = Num. Coefs |
-------------------+---------------------------------------|
   user_id#firm_id |     41392       41392           0    *|
                yh |        11           1          10     |
-----------------------------------------------------------+
* = FE nested within cluster; treated as redundant for DoF computation
→ Spec 13: rent_hhi_gap
(dropped 6377 singleton observations)
(MWFE estimator converged in 8 iterations)

HDFE Linear regression                            Number of obs   =    218,032
Absorbing 2 HDFE groups                           F(   9,  34556) =       7.20
Statistics robust to heteroskedasticity           Prob > F        =     0.0000
                                                  R-squared       =     0.7190
                                                  Adj R-squared   =     0.6531
                                                  Within R-sq.    =     0.0008
Number of clusters (user_id) =     34,557         Root MSE        =    17.6263

                           (Std. err. adjusted for 34,557 clusters in user_id)
------------------------------------------------------------------------------
             |               Robust
total_co~100 | Coefficient  std. err.      t    P>|t|     [95% conf. interval]
-------------+----------------------------------------------------------------
        var3 |    -.68485    .319725    -2.14   0.032    -1.311521   -.0581786
        var5 |   2.971525   .7272429     4.09   0.000     1.546106    4.396945
        var4 |   -3.27328   1.714936    -1.91   0.056    -6.634611    .0880515
        var8 |    -.02871   .0078731    -3.65   0.000    -.0441416   -.0132784
        var9 |   .0357116   .0182905     1.95   0.051    -.0001385    .0715616
       var11 |  -.0004257   .0003806    -1.12   0.263    -.0011717    .0003203
       var12 |   .0008554   .0004971     1.72   0.085    -.0001189    .0018297
       var17 |   .0000258   .0000119     2.17   0.030     2.46e-06    .0000491
       var18 |  -.0000491   .0000244    -2.02   0.044    -.0000969   -1.35e-06
       _cons |   50.40066   .3434912   146.73   0.000      49.7274    51.07391
------------------------------------------------------------------------------

Absorbed degrees of freedom:
-----------------------------------------------------------+
       Absorbed FE | Categories  - Redundant  = Num. Coefs |
-------------------+---------------------------------------|
   user_id#firm_id |     41392       41392           0    *|
                yh |        11           1          10     |
-----------------------------------------------------------+
* = FE nested within cluster; treated as redundant for DoF computation
(dropped 6377 singleton observations)
(MWFE estimator converged in 8 iterations)

Stored estimation results
-------------------------
---------------------------------------------------------------------------
             |           Dependent  Number of        
        Name | Command    variable     param.  Title 
-------------+-------------------------------------------------------------
_ivreg2_var3 | ivreg2         var3          9  First-stage regression: var3
_ivreg2_var5 | ivreg2         var5          9  First-stage regression: var5
---------------------------------------------------------------------------

IV (2SLS) estimation
--------------------

Estimates efficient for homoskedasticity only
Statistics robust to heteroskedasticity and clustering on user_id

Number of clusters (user_id) =   34557                Number of obs =   218032
                                                      F(  9, 34556) =     5.83
                                                      Prob > F      =   0.0000
Total (centered) SS     =  54917227.33                Centered R2   =  -0.0005
Total (uncentered) SS   =  54917227.33                Uncentered R2 =  -0.0005
Residual SS             =  54944840.77                Root MSE      =    15.88

------------------------------------------------------------------------------
             |               Robust
total_co~100 | Coefficient  std. err.      t    P>|t|     [95% conf. interval]
-------------+----------------------------------------------------------------
        var3 |  -3.947347   1.925465    -2.05   0.040    -7.721321   -.1733736
        var5 |   6.236768   2.858496     2.18   0.029     .6340211    11.83951
        var4 |  -4.022361   2.316989    -1.74   0.083    -8.563734    .5190129
        var8 |  -.0181562   .0099576    -1.82   0.068    -.0376733    .0013609
        var9 |   .0251983   .0197345     1.28   0.202     -.013482    .0638786
       var11 |  -.0003745   .0003816    -0.98   0.326    -.0011225    .0003734
       var12 |   .0008046   .0005237     1.54   0.124     -.000222    .0018311
       var17 |   .0000227    .000012     1.90   0.058    -7.30e-07    .0000462
       var18 |  -.0000461   .0000251    -1.83   0.067    -.0000953    3.16e-06
------------------------------------------------------------------------------
Underidentification test (Kleibergen-Paap rk LM statistic):            489.188
                                                   Chi-sq(1) P-val =    0.0000
------------------------------------------------------------------------------
Weak identification test (Cragg-Donald Wald F statistic):             3256.130
                         (Kleibergen-Paap rk Wald F statistic):        254.733
Stock-Yogo weak ID test critical values: 10% maximal IV size              7.03
                                         15% maximal IV size              4.58
                                         20% maximal IV size              3.95
                                         25% maximal IV size              3.63
Source: Stock-Yogo (2005).  Reproduced by permission.
NB: Critical values are for Cragg-Donald F statistic and i.i.d. errors.
------------------------------------------------------------------------------
Hansen J statistic (overidentification test of all instruments):         0.000
                                                 (equation exactly identified)
------------------------------------------------------------------------------
Instrumented:         var3 var5
Included instruments: var4 var8 var9 var11 var12 var17 var18
Excluded instruments: var6 var7
Partialled-out:       _cons
                      nb: total SS, model F and R2s are after partialling-out;
                          any small-sample adjustments include partialled-out
                          variables in regressor count K
------------------------------------------------------------------------------

Absorbed degrees of freedom:
-----------------------------------------------------------+
       Absorbed FE | Categories  - Redundant  = Num. Coefs |
-------------------+---------------------------------------|
   user_id#firm_id |     41392       41392           0    *|
                yh |        11           1          10     |
-----------------------------------------------------------+
* = FE nested within cluster; treated as redundant for DoF computation
→ Spec 14: rent_seniority_gap
(dropped 6380 singleton observations)
(MWFE estimator converged in 8 iterations)

HDFE Linear regression                            Number of obs   =    218,112
Absorbing 2 HDFE groups                           F(   9,  34563) =       7.11
Statistics robust to heteroskedasticity           Prob > F        =     0.0000
                                                  R-squared       =     0.7191
                                                  Adj R-squared   =     0.6532
                                                  Within R-sq.    =     0.0008
Number of clusters (user_id) =     34,564         Root MSE        =    17.6259

                           (Std. err. adjusted for 34,564 clusters in user_id)
------------------------------------------------------------------------------
             |               Robust
total_co~100 | Coefficient  std. err.      t    P>|t|     [95% conf. interval]
-------------+----------------------------------------------------------------
        var3 |  -.6561074   .3209431    -2.04   0.041    -1.285166   -.0270485
        var5 |   2.816526   .7221993     3.90   0.000     1.400992     4.23206
        var4 |  -.1005717   2.776265    -0.04   0.971    -5.542142    5.340999
        var8 |  -.0297343   .0078386    -3.79   0.000    -.0450983   -.0143704
        var9 |   .0374675   .0183524     2.04   0.041     .0014961    .0734388
       var14 |   2.189668    1.76804     1.24   0.216    -1.275748    5.655084
       var15 |  -2.556737   2.230719    -1.15   0.252    -6.929019    1.815544
       var17 |   .0000255   .0000119     2.14   0.032     2.18e-06    .0000487
       var18 |  -.0000502   .0000245    -2.05   0.040    -.0000983   -2.18e-06
       _cons |   49.35217   .8396761    58.78   0.000     47.70638    50.99797
------------------------------------------------------------------------------

Absorbed degrees of freedom:
-----------------------------------------------------------+
       Absorbed FE | Categories  - Redundant  = Num. Coefs |
-------------------+---------------------------------------|
   user_id#firm_id |     41412       41412           0    *|
                yh |        11           1          10     |
-----------------------------------------------------------+
* = FE nested within cluster; treated as redundant for DoF computation
(dropped 6380 singleton observations)
(MWFE estimator converged in 8 iterations)

Stored estimation results
-------------------------
---------------------------------------------------------------------------
             |           Dependent  Number of        
        Name | Command    variable     param.  Title 
-------------+-------------------------------------------------------------
_ivreg2_var3 | ivreg2         var3          9  First-stage regression: var3
_ivreg2_var5 | ivreg2         var5          9  First-stage regression: var5
---------------------------------------------------------------------------

IV (2SLS) estimation
--------------------

Estimates efficient for homoskedasticity only
Statistics robust to heteroskedasticity and clustering on user_id

Number of clusters (user_id) =   34564                Number of obs =   218112
                                                      F(  9, 34563) =     5.73
                                                      Prob > F      =   0.0000
Total (centered) SS     =     54932284                Centered R2   =  -0.0004
Total (uncentered) SS   =     54932284                Uncentered R2 =  -0.0004
Residual SS             =  54951801.07                Root MSE      =    15.87

------------------------------------------------------------------------------
             |               Robust
total_co~100 | Coefficient  std. err.      t    P>|t|     [95% conf. interval]
-------------+----------------------------------------------------------------
        var3 |  -3.688257   2.008403    -1.84   0.066    -7.624792    .2482775
        var5 |   4.989196   2.751921     1.81   0.070    -.4046589    10.38305
        var4 |  -1.754933   3.485989    -0.50   0.615    -8.587586     5.07772
        var8 |   -.019843   .0101474    -1.96   0.051    -.0397323    .0000464
        var9 |   .0262447   .0198139     1.32   0.185    -.0125913    .0650807
       var14 |   .5202017   2.075454     0.25   0.802    -3.547756    4.588159
       var15 |  -1.027167   2.491665    -0.41   0.680    -5.910913    3.856578
       var17 |   .0000228   .0000119     1.91   0.056    -5.85e-07    .0000462
       var18 |  -.0000456   .0000249    -1.83   0.068    -.0000945    3.33e-06
------------------------------------------------------------------------------
Underidentification test (Kleibergen-Paap rk LM statistic):            461.805
                                                   Chi-sq(1) P-val =    0.0000
------------------------------------------------------------------------------
Weak identification test (Cragg-Donald Wald F statistic):             3013.256
                         (Kleibergen-Paap rk Wald F statistic):        237.430
Stock-Yogo weak ID test critical values: 10% maximal IV size              7.03
                                         15% maximal IV size              4.58
                                         20% maximal IV size              3.95
                                         25% maximal IV size              3.63
Source: Stock-Yogo (2005).  Reproduced by permission.
NB: Critical values are for Cragg-Donald F statistic and i.i.d. errors.
------------------------------------------------------------------------------
Hansen J statistic (overidentification test of all instruments):         0.000
                                                 (equation exactly identified)
------------------------------------------------------------------------------
Instrumented:         var3 var5
Included instruments: var4 var8 var9 var14 var15 var17 var18
Excluded instruments: var6 var7
Partialled-out:       _cons
                      nb: total SS, model F and R2s are after partialling-out;
                          any small-sample adjustments include partialled-out
                          variables in regressor count K
------------------------------------------------------------------------------

Absorbed degrees of freedom:
-----------------------------------------------------------+
       Absorbed FE | Categories  - Redundant  = Num. Coefs |
-------------------+---------------------------------------|
   user_id#firm_id |     41412       41412           0    *|
                yh |        11           1          10     |
-----------------------------------------------------------+
* = FE nested within cluster; treated as redundant for DoF computation
→ Spec 15: hhi_seniority_gap
(dropped 6591 singleton observations)
(MWFE estimator converged in 8 iterations)

HDFE Linear regression                            Number of obs   =    224,596
Absorbing 2 HDFE groups                           F(   9,  35468) =       6.81
Statistics robust to heteroskedasticity           Prob > F        =     0.0000
                                                  R-squared       =     0.7185
                                                  Adj R-squared   =     0.6525
                                                  Within R-sq.    =     0.0007
Number of clusters (user_id) =     35,469         Root MSE        =    17.6437

                           (Std. err. adjusted for 35,469 clusters in user_id)
------------------------------------------------------------------------------
             |               Robust
total_co~100 | Coefficient  std. err.      t    P>|t|     [95% conf. interval]
-------------+----------------------------------------------------------------
        var3 |   -.781778   .3113488    -2.51   0.012    -1.392031   -.1715247
        var5 |   3.548304   .7272143     4.88   0.000     2.122942    4.973667
        var4 |  -.8494116   2.746559    -0.31   0.757    -6.232753    4.533929
       var11 |  -.0004122   .0003831    -1.08   0.282    -.0011631    .0003387
       var12 |   .0009485   .0004964     1.91   0.056    -.0000245    .0019215
       var14 |   1.622434   1.786367     0.91   0.364      -1.8789    5.123769
       var15 |  -1.255742   2.243045    -0.56   0.576    -5.652181    3.140696
       var17 |   .0000283   .0000114     2.49   0.013     6.02e-06    .0000506
       var18 |  -.0000488   .0000243    -2.01   0.044    -.0000963   -1.25e-06
       _cons |   48.99586   .8458214    57.93   0.000     47.33802    50.65369
------------------------------------------------------------------------------

Absorbed degrees of freedom:
-----------------------------------------------------------+
       Absorbed FE | Categories  - Redundant  = Num. Coefs |
-------------------+---------------------------------------|
   user_id#firm_id |     42681       42681           0    *|
                yh |        11           1          10     |
-----------------------------------------------------------+
* = FE nested within cluster; treated as redundant for DoF computation
(dropped 6591 singleton observations)
(MWFE estimator converged in 8 iterations)

Stored estimation results
-------------------------
---------------------------------------------------------------------------
             |           Dependent  Number of        
        Name | Command    variable     param.  Title 
-------------+-------------------------------------------------------------
_ivreg2_var3 | ivreg2         var3          9  First-stage regression: var3
_ivreg2_var5 | ivreg2         var5          9  First-stage regression: var5
---------------------------------------------------------------------------

IV (2SLS) estimation
--------------------

Estimates efficient for homoskedasticity only
Statistics robust to heteroskedasticity and clustering on user_id

Number of clusters (user_id) =   35469                Number of obs =   224596
                                                      F(  9, 35468) =     4.98
                                                      Prob > F      =   0.0000
Total (centered) SS     =  56665329.36                Centered R2   =  -0.0008
Total (uncentered) SS   =  56665329.36                Uncentered R2 =  -0.0008
Residual SS             =  56709832.55                Root MSE      =    15.89

------------------------------------------------------------------------------
             |               Robust
total_co~100 | Coefficient  std. err.      t    P>|t|     [95% conf. interval]
-------------+----------------------------------------------------------------
        var3 |  -4.277038   1.775329    -2.41   0.016    -7.756738    -.797338
        var5 |   7.025287   2.725543     2.58   0.010     1.683139    12.36744
        var4 |   -4.16974   3.655434    -1.14   0.254     -11.3345    2.995024
       var11 |  -.0003604   .0003844    -0.94   0.348    -.0011138     .000393
       var12 |   .0008954   .0005295     1.69   0.091    -.0001424    .0019332
       var14 |  -.2482818     2.0098    -0.12   0.902    -4.187552    3.690988
       var15 |   .6093925   2.473746     0.25   0.805    -4.239226    5.458011
       var17 |   .0000225   .0000117     1.92   0.055    -5.05e-07    .0000454
       var18 |  -.0000429   .0000248    -1.73   0.084    -.0000916    5.75e-06
------------------------------------------------------------------------------
Underidentification test (Kleibergen-Paap rk LM statistic):            585.293
                                                   Chi-sq(1) P-val =    0.0000
------------------------------------------------------------------------------
Weak identification test (Cragg-Donald Wald F statistic):             3786.723
                         (Kleibergen-Paap rk Wald F statistic):        308.942
Stock-Yogo weak ID test critical values: 10% maximal IV size              7.03
                                         15% maximal IV size              4.58
                                         20% maximal IV size              3.95
                                         25% maximal IV size              3.63
Source: Stock-Yogo (2005).  Reproduced by permission.
NB: Critical values are for Cragg-Donald F statistic and i.i.d. errors.
------------------------------------------------------------------------------
Hansen J statistic (overidentification test of all instruments):         0.000
                                                 (equation exactly identified)
------------------------------------------------------------------------------
Instrumented:         var3 var5
Included instruments: var4 var11 var12 var14 var15 var17 var18
Excluded instruments: var6 var7
Partialled-out:       _cons
                      nb: total SS, model F and R2s are after partialling-out;
                          any small-sample adjustments include partialled-out
                          variables in regressor count K
------------------------------------------------------------------------------

Absorbed degrees of freedom:
-----------------------------------------------------------+
       Absorbed FE | Categories  - Redundant  = Num. Coefs |
-------------------+---------------------------------------|
   user_id#firm_id |     42681       42681           0    *|
                yh |        11           1          10     |
-----------------------------------------------------------+
* = FE nested within cluster; treated as redundant for DoF computation
→ Spec 16: rent_hhi_seniority_gap
(dropped 6377 singleton observations)
(MWFE estimator converged in 8 iterations)

HDFE Linear regression                            Number of obs   =    218,032
Absorbing 2 HDFE groups                           F(  11,  34556) =       6.04
Statistics robust to heteroskedasticity           Prob > F        =     0.0000
                                                  R-squared       =     0.7190
                                                  Adj R-squared   =     0.6531
                                                  Within R-sq.    =     0.0008
Number of clusters (user_id) =     34,557         Root MSE        =    17.6263

                           (Std. err. adjusted for 34,557 clusters in user_id)
------------------------------------------------------------------------------
             |               Robust
total_co~100 | Coefficient  std. err.      t    P>|t|     [95% conf. interval]
-------------+----------------------------------------------------------------
        var3 |  -.6579464   .3208929    -2.05   0.040    -1.286907    -.028986
        var5 |   2.961798   .7356322     4.03   0.000     1.519935    4.403661
        var4 |  -1.742421   2.892783    -0.60   0.547    -7.412371    3.927529
        var8 |  -.0289509   .0078814    -3.67   0.000    -.0443986   -.0135031
        var9 |   .0355769   .0184503     1.93   0.054    -.0005864    .0717401
       var11 |  -.0003459   .0003914    -0.88   0.377    -.0011131    .0004213
       var12 |   .0007974   .0005097     1.56   0.118    -.0002017    .0017966
       var14 |   1.826376   1.818752     1.00   0.315    -1.738438     5.39119
       var15 |  -1.538792   2.286732    -0.67   0.501    -6.020861    2.943277
       var17 |   .0000256   .0000119     2.15   0.032     2.26e-06    .0000489
       var18 |  -.0000484   .0000247    -1.96   0.050    -.0000968    3.90e-08
       _cons |    49.5662   .8770974    56.51   0.000     47.84706    51.28534
------------------------------------------------------------------------------

Absorbed degrees of freedom:
-----------------------------------------------------------+
       Absorbed FE | Categories  - Redundant  = Num. Coefs |
-------------------+---------------------------------------|
   user_id#firm_id |     41392       41392           0    *|
                yh |        11           1          10     |
-----------------------------------------------------------+
* = FE nested within cluster; treated as redundant for DoF computation
(dropped 6377 singleton observations)
(MWFE estimator converged in 8 iterations)

Stored estimation results
-------------------------
---------------------------------------------------------------------------
             |           Dependent  Number of        
        Name | Command    variable     param.  Title 
-------------+-------------------------------------------------------------
_ivreg2_var3 | ivreg2         var3         11  First-stage regression: var3
_ivreg2_var5 | ivreg2         var5         11  First-stage regression: var5
---------------------------------------------------------------------------

IV (2SLS) estimation
--------------------

Estimates efficient for homoskedasticity only
Statistics robust to heteroskedasticity and clustering on user_id

Number of clusters (user_id) =   34557                Number of obs =   218032
                                                      F( 11, 34556) =     4.93
                                                      Prob > F      =   0.0000
Total (centered) SS     =  54917227.33                Centered R2   =  -0.0005
Total (uncentered) SS   =  54917227.33                Uncentered R2 =  -0.0005
Residual SS             =  54944878.07                Root MSE      =    15.88

------------------------------------------------------------------------------
             |               Robust
total_co~100 | Coefficient  std. err.      t    P>|t|     [95% conf. interval]
-------------+----------------------------------------------------------------
        var3 |  -3.948415   1.999812    -1.97   0.048    -7.868112   -.0287183
        var5 |   6.356984   3.011449     2.11   0.035     .4544451    12.25952
        var4 |  -4.451537   3.897207    -1.14   0.253    -12.09019    3.187117
        var8 |  -.0181516   .0101754    -1.78   0.074    -.0380957    .0017926
        var9 |   .0249561   .0198733     1.26   0.209    -.0139962    .0639083
       var11 |  -.0003752   .0003908    -0.96   0.337    -.0011413    .0003908
       var12 |   .0008361   .0005484     1.52   0.127    -.0002388    .0019111
       var14 |  -.0159582    2.12478    -0.01   0.994    -4.180596     4.14868
       var15 |   .3327145   2.580881     0.13   0.897    -4.725896    5.391325
       var17 |   .0000227    .000012     1.90   0.058    -7.35e-07    .0000462
       var18 |  -.0000457   .0000252    -1.81   0.070    -.0000952    3.71e-06
------------------------------------------------------------------------------
Underidentification test (Kleibergen-Paap rk LM statistic):            454.830
                                                   Chi-sq(1) P-val =    0.0000
------------------------------------------------------------------------------
Weak identification test (Cragg-Donald Wald F statistic):             3038.202
                         (Kleibergen-Paap rk Wald F statistic):        235.724
Stock-Yogo weak ID test critical values: 10% maximal IV size              7.03
                                         15% maximal IV size              4.58
                                         20% maximal IV size              3.95
                                         25% maximal IV size              3.63
Source: Stock-Yogo (2005).  Reproduced by permission.
NB: Critical values are for Cragg-Donald F statistic and i.i.d. errors.
------------------------------------------------------------------------------
Hansen J statistic (overidentification test of all instruments):         0.000
                                                 (equation exactly identified)
------------------------------------------------------------------------------
Instrumented:         var3 var5
Included instruments: var4 var8 var9 var11 var12 var14 var15 var17 var18
Excluded instruments: var6 var7
Partialled-out:       _cons
                      nb: total SS, model F and R2s are after partialling-out;
                          any small-sample adjustments include partialled-out
                          variables in regressor count K
------------------------------------------------------------------------------

Absorbed degrees of freedom:
-----------------------------------------------------------+
       Absorbed FE | Categories  - Redundant  = Num. Coefs |
-------------------+---------------------------------------|
   user_id#firm_id |     41392       41392           0    *|
                yh |        11           1          10     |
-----------------------------------------------------------+
* = FE nested within cluster; treated as redundant for DoF computation

. 
. 
. // 9) Close & export ---------------------------------------------------------
. 
. postclose handle

. use `out', clear

. export delimited using "`result_dir'/consolidated_results.csv", ///
>     replace delimiter(",") quote
(file ../results/raw/user_productivity_lean_precovid_fullremote/consolidated_results.csv not found)
file ../results/raw/user_productivity_lean_precovid_fullremote/consolidated_results.csv saved

. 
. di as result "→ CSV written to `result_dir'/consolidated_results.csv"
→ CSV written to ../results/raw/user_productivity_lean_precovid_fullremote/consolidated_results.csv

. capture log close
