-----------------------------------------------------------------------------------------------------------------------------------------
      name:  <unnamed>
       log:  /Users/saul/Dropbox/Remote Work Startups/main/spec/log/user_mechanisms_precovid.log
  log type:  text
 opened on:  13 Jun 2025, 09:51:31

. 
. 
. // 1) Globals + setup
. do "../src/globals.do"

. global raw_data "../data/raw"

. global processed_data  "../data/processed"

. global results "../results/raw"

. global clean_results "../results/cleaned"

. 
. 
. 
. 
. 
end of do-file

. local result_dir "$results/`specname'"

. capture mkdir "`result_dir'"

. 
. // 1) Load & prepare once
. use "$processed_data/user_panel_`panel_variant'.dta", clear

. gen seniority_4 = !inrange(seniority_levels,1,3)

. // drop if missing(hhi_1000, seniority_4, rent)
. 
. // interactions
. gen var8  = covid*rent
(6,813 missing values generated)

. gen var9  = covid*rent*remote
(6,813 missing values generated)

. gen var10 = teleworkable*covid*rent
(21,428 missing values generated)

. gen var11 = covid*hhi_1000
(118 missing values generated)

. gen var12 = covid*hhi_1000*remote
(118 missing values generated)

. gen var13 = teleworkable*covid*hhi_1000
(15,305 missing values generated)

. gen var14 = covid*seniority_4

. gen var15 = covid*seniority_4*remote

. gen var16 = teleworkable*covid*seniority_4
(15,194 missing values generated)

. 
. 
. // pick your mechanism here
. // local mech    sd_wage
. // local mech_label  sdw 
. 
. local mech    p90_p10_gap

. local mech_label  gap

. 
. // generate interactions
. gen var17 = covid*`mech'

. gen var18 = covid*`mech'*remote

. gen var19 = teleworkable*covid*`mech'
(15,194 missing values generated)

. 
. 
. 
. 
. capture postclose handle

. tempfile out

. postfile handle ///
>     str8   model_type  /// 
>     str244 spec        ///
>     str40  param       ///
>     double coef se pval pre_mean rkf nobs ///
>     using `out', replace
(file /var/folders/hg/s3xm9w393gxby64_zklmhgbc0000gn/T//S_86562.000001 not found)

. 
. 
. 
. local specs ///
>   "baseline" ///
>   "rent" "hhi" "seniority" "`mech_label'" ///
>   "rent_hhi" "rent_seniority" "rent_`mech_label'" "hhi_seniority" "hhi_`mech_label'" "seniority_`mech_label'" ///
>   "rent_hhi_seniority" "rent_hhi_`mech_label'" "rent_seniority_`mech_label'" "hhi_seniority_`mech_label'" ///
>   "rent_hhi_seniority_`mech_label'"

. 
. 
.   
. * ────────────────────────────────────────────────────────
. * 3) Define spec_… locals for OLS exog, IV exog, instruments & endogenous
. *    (indices correspond to word positions in `specs`)
. * ────────────────────────────────────────────────────────
. 
. //  1) baseline
. local spec_ols_exog1  var4

. local spec_iv_exog1   var4

. local spec_instr1     var6 var7

. local spec_endo1      var3 var5

. 
. //  2) rent
. local spec_ols_exog2  var4 var8  var9

. local spec_iv_exog2   var4 var8

. local spec_instr2     var6 var7 var10

. local spec_endo2      var3 var5 var9

. 
. //  3) hhi
. local spec_ols_exog3  var4 var11 var12

. local spec_iv_exog3   var4 var11

. local spec_instr3     var6 var7 var13

. local spec_endo3      var3 var5 var12

. 
. //  4) seniority
. local spec_ols_exog4  var4 var14 var15

. local spec_iv_exog4   var4 var14

. local spec_instr4     var6 var7 var16

. local spec_endo4      var3 var5 var15

. 
. //  5) `mech'
. local spec_ols_exog5  var4 var17 var18

. local spec_iv_exog5   var4 var17

. local spec_instr5     var6 var7 var19

. local spec_endo5      var3 var5 var18

. 
. //  6) rent_hhi
. local spec_ols_exog6  var4 var8 var9 var11 var12

. local spec_iv_exog6   var4 var8 var11

. local spec_instr6     var6 var7 var10 var13

. local spec_endo6      var3 var5 var9 var12

. 
. //  7) rent_seniority
. local spec_ols_exog7  var4 var8 var9 var14 var15

. local spec_iv_exog7   var4 var8 var14

. local spec_instr7     var6 var7 var10 var16

. local spec_endo7      var3 var5 var9 var15

. 
. //  8) rent_`mech'
. local spec_ols_exog8  var4 var8 var9 var17 var18

. local spec_iv_exog8   var4 var8 var17

. local spec_instr8     var6 var7 var10 var19

. local spec_endo8      var3 var5 var9 var18

. 
. //  9) hhi_seniority
. local spec_ols_exog9  var4 var11 var12 var14 var15

. local spec_iv_exog9   var4 var11 var14

. local spec_instr9     var6 var7 var13 var16

. local spec_endo9      var3 var5 var12 var15

. 
. // 10) hhi_`mech'
. local spec_ols_exog10 var4 var11 var12 var17 var18

. local spec_iv_exog10  var4 var11 var17

. local spec_instr10    var6 var7 var13 var19

. local spec_endo10     var3 var5 var12 var18

. 
. // 11) `mech'_seniority
. local spec_ols_exog11 var4 var17 var18 var14 var15

. local spec_iv_exog11  var4 var17 var14

. local spec_instr11    var6 var7 var19 var16

. local spec_endo11     var3 var5 var18 var15

. 
. // 12) rent_hhi_seniority
. local spec_ols_exog12 var4 var8 var9 var11 var12 var14 var15

. local spec_iv_exog12  var4 var8 var11 var14

. local spec_instr12    var6 var7 var10 var13 var16

. local spec_endo12     var3 var5 var9 var12 var15

. 
. // 13) rent_hhi_`mech'
. local spec_ols_exog13 var4 var8 var9 var11 var12 var17 var18

. local spec_iv_exog13  var4 var8 var11 var17

. local spec_instr13    var6 var7 var10 var13 var19

. local spec_endo13     var3 var5 var9 var12 var18

. 
. // 14) rent_seniority_`mech'
. local spec_ols_exog14 var4 var8 var9 var14 var15 var17 var18

. local spec_iv_exog14  var4 var8 var14 var17

. local spec_instr14    var6 var7 var10 var16 var19

. local spec_endo14     var3 var5 var9 var15 var18

. 
. // 15) hhi_seniority_`mech'
. local spec_ols_exog15 var4 var11 var12 var14 var15 var17 var18

. local spec_iv_exog15  var4 var11 var14 var17

. local spec_instr15    var6 var7 var13 var16 var19

. local spec_endo15     var3 var5 var12 var15 var18

. 
. // 16) rent_hhi_seniority_`mech'
. local spec_ols_exog16 var4 var8 var9 var11 var12 var14 var15 var17 var18

. local spec_iv_exog16  var4 var8 var11 var14 var17

. local spec_instr16    var6 var7 var10 var13 var16 var19

. local spec_endo16     var3 var5 var9 var12 var15 var18

. 
. 
. 
. // drop if missing(rent, hhi_1000, seniority_4, sd_wage, p90_p10_gap)
. 
. 
. // 3) SPEC 1: Baseline on the full sample
. display as text "→ Spec 1: baseline (full sample)"
→ Spec 1: baseline (full sample)

. 
. summarize total_contributions_q100 if covid == 0, meanonly

. local pre_mean = r(mean)

. 
. // 3a) OLS
. reghdfe total_contributions_q100 var3 var5 var4, ///
>     absorb(firm_id#user_id yh) vce(cluster user_id)
(dropped 6597 singleton observations)
(MWFE estimator converged in 8 iterations)

HDFE Linear regression                            Number of obs   =    224,708
Absorbing 2 HDFE groups                           F(   3,  35478) =      16.65
Statistics robust to heteroskedasticity           Prob > F        =     0.0000
                                                  R-squared       =     0.7186
                                                  Adj R-squared   =     0.6525
                                                  Within R-sq.    =     0.0006
Number of clusters (user_id) =     35,479         Root MSE        =    17.6444

                           (Std. err. adjusted for 35,479 clusters in user_id)
------------------------------------------------------------------------------
             |               Robust
total_co~100 | Coefficient  std. err.      t    P>|t|     [95% conf. interval]
-------------+----------------------------------------------------------------
        var3 |  -1.234691   .4958927    -2.49   0.013    -2.206656   -.2627261
        var5 |   6.208444   1.270913     4.89   0.000     3.717416    8.699472
        var4 |  -6.711066   1.096609    -6.12   0.000    -8.860454   -4.561678
       _cons |   50.52317   .1507992   335.04   0.000      50.2276    50.81874
------------------------------------------------------------------------------

Absorbed degrees of freedom:
-----------------------------------------------------------+
       Absorbed FE | Categories  - Redundant  = Num. Coefs |
-------------------+---------------------------------------|
   firm_id#user_id |     42710       42710           0    *|
                yh |        11           1          10     |
-----------------------------------------------------------+
* = FE nested within cluster; treated as redundant for DoF computation

. local N = e(N)

. foreach p in var3 var5 {
  2.     local b    = _b[`p']
  3.     local se   = _se[`p']
  4.     local t    = `b'/`se'
  5.     local pval = 2*ttail(e(df_r), abs(`t'))
  6.     post handle ("OLS") ("baseline") ("`p'") ///
>                 (`b') (`se') (`pval') (`pre_mean') ///
>                 (.) (`N')
  7. }

. 
. // 3b) IV
. ivreghdfe total_contributions_q100 (var3 var5 = var6 var7) var4, ///
>     absorb(firm_id#user_id yh) vce(cluster user_id) savefirst
(dropped 6597 singleton observations)
(MWFE estimator converged in 8 iterations)

Stored estimation results
-------------------------
---------------------------------------------------------------------------
             |           Dependent  Number of        
        Name | Command    variable     param.  Title 
-------------+-------------------------------------------------------------
_ivreg2_var3 | ivreg2         var3          3  First-stage regression: var3
_ivreg2_var5 | ivreg2         var5          3  First-stage regression: var5
---------------------------------------------------------------------------

IV (2SLS) estimation
--------------------

Estimates efficient for homoskedasticity only
Statistics robust to heteroskedasticity and clustering on user_id

Number of clusters (user_id) =   35479                Number of obs =   224708
                                                      F(  3, 35478) =    10.55
                                                      Prob > F      =   0.0000
Total (centered) SS     =  56688987.29                Centered R2   =  -0.0026
Total (uncentered) SS   =  56688987.29                Uncentered R2 =  -0.0026
Residual SS             =   56837758.2                Root MSE      =     15.9

------------------------------------------------------------------------------
             |               Robust
total_co~100 | Coefficient  std. err.      t    P>|t|     [95% conf. interval]
-------------+----------------------------------------------------------------
        var3 |  -9.263295   4.013595    -2.31   0.021    -17.13006   -1.396526
        var5 |   12.45296   5.392867     2.31   0.021     1.882779    23.02315
        var4 |  -10.43373   4.045733    -2.58   0.010    -18.36349   -2.503968
------------------------------------------------------------------------------
Underidentification test (Kleibergen-Paap rk LM statistic):            231.086
                                                   Chi-sq(1) P-val =    0.0000
------------------------------------------------------------------------------
Weak identification test (Cragg-Donald Wald F statistic):             1854.151
                         (Kleibergen-Paap rk Wald F statistic):        123.431
Stock-Yogo weak ID test critical values: 10% maximal IV size              7.03
                                         15% maximal IV size              4.58
                                         20% maximal IV size              3.95
                                         25% maximal IV size              3.63
Source: Stock-Yogo (2005).  Reproduced by permission.
NB: Critical values are for Cragg-Donald F statistic and i.i.d. errors.
------------------------------------------------------------------------------
Hansen J statistic (overidentification test of all instruments):         0.000
                                                 (equation exactly identified)
------------------------------------------------------------------------------
Instrumented:         var3 var5
Included instruments: var4
Excluded instruments: var6 var7
Partialled-out:       _cons
                      nb: total SS, model F and R2s are after partialling-out;
                          any small-sample adjustments include partialled-out
                          variables in regressor count K
------------------------------------------------------------------------------

Absorbed degrees of freedom:
-----------------------------------------------------------+
       Absorbed FE | Categories  - Redundant  = Num. Coefs |
-------------------+---------------------------------------|
   firm_id#user_id |     42710       42710           0    *|
                yh |        11           1          10     |
-----------------------------------------------------------+
* = FE nested within cluster; treated as redundant for DoF computation

. local rkf = e(rkf)

. local N   = e(N)

. foreach p in var3 var5 {
  2.     local b    = _b[`p']
  3.     local se   = _se[`p']
  4.     local t    = `b'/`se'
  5.     local pval = 2*ttail(e(df_r), abs(`t'))
  6.     post handle ("IV") ("baseline") ("`p'") ///
>                 (`b') (`se') (`pval') (`pre_mean') ///
>                 (`rkf') (`N')
  7. }

. 
. 
. 
. // 4) Loop
. forvalues i = 2/16 {
  2.     // 1) pick the spec name
.     local spec    : word `i' of `specs'
  3. 
.     // 2) build up the four pieces we need
.     local ols_exog "`spec_ols_exog`i''"
  4.     local iv_exog  "`spec_iv_exog`i''"
  5.     local instr    "`spec_instr`i''"
  6.     local endo     "`spec_endo`i''"
  7.         
. 
.     display as text "→ Spec `i': `spec'"
  8. 
.     summarize total_contributions_q100 if covid == 0, meanonly
  9.     local pre_mean = r(mean)
 10. 
.     // 4a) OLS
.     reghdfe total_contributions_q100 var3 var5 `ols_exog', ///
>         absorb(firm_id#user_id yh) vce(cluster user_id)
 11.         
.         local N = e(N) 
 12.         
.     foreach p in var3 var5 {
 13.         local b    = _b[`p']
 14.         local se   = _se[`p']
 15.         local t    = `b'/`se'
 16.         local pval = 2*ttail(e(df_r), abs(`t'))
 17.        post handle ("OLS") ("`spec'") ("`p'") ///
>                     (`b') (`se') (`pval') (`pre_mean') ///
>                     (.) (`N')
 18.     }
 19. 
.     // 4b) IV
.     ivreghdfe total_contributions_q100 (`endo' = `instr') `iv_exog', ///
>         absorb(firm_id#user_id yh) vce(cluster user_id) savefirst
 20.     local rkf = e(rkf)
 21.         local N   = e(N)
 22.         
.     foreach p in var3 var5 {
 23.         local b    = _b[`p']
 24.         local se   = _se[`p']
 25.         local t    = `b'/`se'
 26.         local pval = 2*ttail(e(df_r), abs(`t'))
 27.        post handle ("IV") ("`spec'") ("`p'") ///
>                     (`b') (`se') (`pval') (`pre_mean') ///
>                     (`rkf') (`N')
 28.     }
 29. 
. }
→ Spec 2: rent
(dropped 6380 singleton observations)
(MWFE estimator converged in 8 iterations)

HDFE Linear regression                            Number of obs   =    218,112
Absorbing 2 HDFE groups                           F(   5,  34563) =       9.93
Statistics robust to heteroskedasticity           Prob > F        =     0.0000
                                                  R-squared       =     0.7190
                                                  Adj R-squared   =     0.6531
                                                  Within R-sq.    =     0.0006
Number of clusters (user_id) =     34,564         Root MSE        =    17.6274

                           (Std. err. adjusted for 34,564 clusters in user_id)
------------------------------------------------------------------------------
             |               Robust
total_co~100 | Coefficient  std. err.      t    P>|t|     [95% conf. interval]
-------------+----------------------------------------------------------------
        var3 |  -2.163954   1.158514    -1.87   0.062    -4.434679    .1067707
        var5 |   3.940939   1.263704     3.12   0.002     1.464037    6.417841
        var4 |  -4.432448   1.084607    -4.09   0.000    -6.558314   -2.306582
        var8 |  -.0423317   .0169638    -2.50   0.013    -.0755813   -.0090821
        var9 |   .0249597   .0225048     1.11   0.267    -.0191505    .0690699
       _cons |   51.36357   .3715651   138.24   0.000     50.63529    52.09185
------------------------------------------------------------------------------

Absorbed degrees of freedom:
-----------------------------------------------------------+
       Absorbed FE | Categories  - Redundant  = Num. Coefs |
-------------------+---------------------------------------|
   firm_id#user_id |     41412       41412           0    *|
                yh |        11           1          10     |
-----------------------------------------------------------+
* = FE nested within cluster; treated as redundant for DoF computation
(dropped 6123 singleton observations)
(MWFE estimator converged in 8 iterations)

Stored estimation results
-------------------------
---------------------------------------------------------------------------
             |           Dependent  Number of        
        Name | Command    variable     param.  Title 
-------------+-------------------------------------------------------------
_ivreg2_var3 | ivreg2         var3          5  First-stage regression: var3
_ivreg2_var5 | ivreg2         var5          5  First-stage regression: var5
_ivreg2_var9 | ivreg2         var9          5  First-stage regression: var9
---------------------------------------------------------------------------

IV (2SLS) estimation
--------------------

Estimates efficient for homoskedasticity only
Statistics robust to heteroskedasticity and clustering on user_id

Number of clusters (user_id) =   32964                Number of obs =   203754
                                                      F(  5, 32963) =     0.30
                                                      Prob > F      =   0.9146
Total (centered) SS     =  50609604.35                Centered R2   =  -9.1589
Total (uncentered) SS   =  50609604.35                Uncentered R2 =  -9.1589
Residual SS             =    514138632                Root MSE      =    50.23

------------------------------------------------------------------------------
             |               Robust
total_co~100 | Coefficient  std. err.      t    P>|t|     [95% conf. interval]
-------------+----------------------------------------------------------------
        var3 |   963.8208   998.5458     0.97   0.334     -993.365    2921.007
        var5 |  -56.29905     81.811    -0.69   0.491    -216.6516    104.0535
        var9 |  -18.59674    19.0585    -0.98   0.329    -55.95209    18.75861
        var4 |   54.52364   72.30947     0.75   0.451    -87.20553    196.2528
        var8 |   12.30043   12.60482     0.98   0.329    -12.40547    37.00633
------------------------------------------------------------------------------
Underidentification test (Kleibergen-Paap rk LM statistic):              1.016
                                                   Chi-sq(1) P-val =    0.3135
------------------------------------------------------------------------------
Weak identification test (Cragg-Donald Wald F statistic):                2.284
                         (Kleibergen-Paap rk Wald F statistic):          0.339
Stock-Yogo weak ID test critical values:                       <not available>
------------------------------------------------------------------------------
Hansen J statistic (overidentification test of all instruments):         0.000
                                                 (equation exactly identified)
------------------------------------------------------------------------------
Instrumented:         var3 var5 var9
Included instruments: var4 var8
Excluded instruments: var6 var7 var10
Partialled-out:       _cons
                      nb: total SS, model F and R2s are after partialling-out;
                          any small-sample adjustments include partialled-out
                          variables in regressor count K
------------------------------------------------------------------------------

Absorbed degrees of freedom:
-----------------------------------------------------------+
       Absorbed FE | Categories  - Redundant  = Num. Coefs |
-------------------+---------------------------------------|
   firm_id#user_id |     39204       39204           0    *|
                yh |        11           1          10     |
-----------------------------------------------------------+
* = FE nested within cluster; treated as redundant for DoF computation
→ Spec 3: hhi
(dropped 6591 singleton observations)
(MWFE estimator converged in 8 iterations)

HDFE Linear regression                            Number of obs   =    224,596
Absorbing 2 HDFE groups                           F(   5,  35468) =      10.00
Statistics robust to heteroskedasticity           Prob > F        =     0.0000
                                                  R-squared       =     0.7185
                                                  Adj R-squared   =     0.6524
                                                  Within R-sq.    =     0.0006
Number of clusters (user_id) =     35,469         Root MSE        =    17.6448

                           (Std. err. adjusted for 35,469 clusters in user_id)
------------------------------------------------------------------------------
             |               Robust
total_co~100 | Coefficient  std. err.      t    P>|t|     [95% conf. interval]
-------------+----------------------------------------------------------------
        var3 |  -1.119827   .6082562    -1.84   0.066    -2.312028    .0723735
        var5 |   6.332335   1.324608     4.78   0.000     3.736064    8.928607
        var4 |  -6.859324   1.155281    -5.94   0.000    -9.123711   -4.594937
       var11 |   .0002842   .0006278     0.45   0.651    -.0009463    .0015147
       var12 |  -.0002513   .0007802    -0.32   0.747    -.0017805     .001278
       _cons |   50.46177   .1969932   256.16   0.000     50.07565    50.84788
------------------------------------------------------------------------------

Absorbed degrees of freedom:
-----------------------------------------------------------+
       Absorbed FE | Categories  - Redundant  = Num. Coefs |
-------------------+---------------------------------------|
   firm_id#user_id |     42681       42681           0    *|
                yh |        11           1          10     |
-----------------------------------------------------------+
* = FE nested within cluster; treated as redundant for DoF computation
(dropped 6316 singleton observations)
(MWFE estimator converged in 8 iterations)

Stored estimation results
-------------------------
----------------------------------------------------------------------------
             |           Dependent  Number of        
        Name | Command    variable     param.  Title 
-------------+--------------------------------------------------------------
_ivreg2_var3 | ivreg2         var3          5  First-stage regression: var3
_ivreg2_var5 | ivreg2         var5          5  First-stage regression: var5
_ivreg2_v~12 | ivreg2        var12          5  First-stage regression: var12
----------------------------------------------------------------------------

IV (2SLS) estimation
--------------------

Estimates efficient for homoskedasticity only
Statistics robust to heteroskedasticity and clustering on user_id

Number of clusters (user_id) =   33829                Number of obs =   209684
                                                      F(  5, 33828) =     0.11
                                                      Prob > F      =   0.9904
Total (centered) SS     =  52179939.71                Centered R2   =  -8.1043
Total (uncentered) SS   =  52179939.71                Uncentered R2 =  -8.1043
Residual SS             =  475061438.4                Root MSE      =     47.6

------------------------------------------------------------------------------
             |               Robust
total_co~100 | Coefficient  std. err.      t    P>|t|     [95% conf. interval]
-------------+----------------------------------------------------------------
        var3 |  -460.5515   2620.209    -0.18   0.860    -5596.251    4675.148
        var5 |  -327.0817   1988.708    -0.16   0.869    -4225.017    3570.853
       var12 |   .4060434   2.364996     0.17   0.864     -4.22943    5.041517
        var4 |   328.7962   1983.232     0.17   0.868    -3558.406    4215.999
       var11 |  -.3103769   1.810724    -0.17   0.864    -3.859457    3.238703
------------------------------------------------------------------------------
Underidentification test (Kleibergen-Paap rk LM statistic):              0.029
                                                   Chi-sq(1) P-val =    0.8636
------------------------------------------------------------------------------
Weak identification test (Cragg-Donald Wald F statistic):                1.382
                         (Kleibergen-Paap rk Wald F statistic):          0.010
Stock-Yogo weak ID test critical values:                       <not available>
------------------------------------------------------------------------------
Hansen J statistic (overidentification test of all instruments):         0.000
                                                 (equation exactly identified)
------------------------------------------------------------------------------
Instrumented:         var3 var5 var12
Included instruments: var4 var11
Excluded instruments: var6 var7 var13
Partialled-out:       _cons
                      nb: total SS, model F and R2s are after partialling-out;
                          any small-sample adjustments include partialled-out
                          variables in regressor count K
------------------------------------------------------------------------------

Absorbed degrees of freedom:
-----------------------------------------------------------+
       Absorbed FE | Categories  - Redundant  = Num. Coefs |
-------------------+---------------------------------------|
   firm_id#user_id |     40396       40396           0    *|
                yh |        11           1          10     |
-----------------------------------------------------------+
* = FE nested within cluster; treated as redundant for DoF computation
→ Spec 4: seniority
(dropped 6597 singleton observations)
(MWFE estimator converged in 8 iterations)

HDFE Linear regression                            Number of obs   =    224,708
Absorbing 2 HDFE groups                           F(   5,  35478) =      10.05
Statistics robust to heteroskedasticity           Prob > F        =     0.0000
                                                  R-squared       =     0.7186
                                                  Adj R-squared   =     0.6525
                                                  Within R-sq.    =     0.0006
Number of clusters (user_id) =     35,479         Root MSE        =    17.6444

                           (Std. err. adjusted for 35,479 clusters in user_id)
------------------------------------------------------------------------------
             |               Robust
total_co~100 | Coefficient  std. err.      t    P>|t|     [95% conf. interval]
-------------+----------------------------------------------------------------
        var3 |   2.652414   5.845832     0.45   0.650    -8.805597    14.11043
        var5 |   6.087836   1.279567     4.76   0.000     3.579845    8.595826
        var4 |  -6.581199   1.100877    -5.98   0.000    -8.738952   -4.423445
       var14 |   4.208779   5.644668     0.75   0.456    -6.854944     15.2725
       var15 |  -3.883127   5.837376    -0.67   0.506    -15.32456    7.558311
       _cons |   48.61466   2.561128    18.98   0.000     43.59477    53.63455
------------------------------------------------------------------------------

Absorbed degrees of freedom:
-----------------------------------------------------------+
       Absorbed FE | Categories  - Redundant  = Num. Coefs |
-------------------+---------------------------------------|
   firm_id#user_id |     42710       42710           0    *|
                yh |        11           1          10     |
-----------------------------------------------------------+
* = FE nested within cluster; treated as redundant for DoF computation
(dropped 6323 singleton observations)
(MWFE estimator converged in 8 iterations)

Stored estimation results
-------------------------
----------------------------------------------------------------------------
             |           Dependent  Number of        
        Name | Command    variable     param.  Title 
-------------+--------------------------------------------------------------
_ivreg2_var3 | ivreg2         var3          5  First-stage regression: var3
_ivreg2_var5 | ivreg2         var5          5  First-stage regression: var5
_ivreg2_v~15 | ivreg2        var15          5  First-stage regression: var15
----------------------------------------------------------------------------

IV (2SLS) estimation
--------------------

Estimates efficient for homoskedasticity only
Statistics robust to heteroskedasticity and clustering on user_id

Number of clusters (user_id) =   33838                Number of obs =   209788
                                                      F(  5, 33837) =     0.60
                                                      Prob > F      =   0.6992
Total (centered) SS     =   52202094.6                Centered R2   = -2.0e+02
Total (uncentered) SS   =   52202094.6                Uncentered R2 = -2.0e+02
Residual SS             =  1.04908e+10                Root MSE      =    223.6

------------------------------------------------------------------------------
             |               Robust
total_co~100 | Coefficient  std. err.      t    P>|t|     [95% conf. interval]
-------------+----------------------------------------------------------------
        var3 |  -21799.94   13665.66    -1.60   0.111     -48585.1    4985.222
        var5 |  -310.1074   255.3667    -1.21   0.225    -810.6348      190.42
       var15 |   21908.35   13721.46     1.60   0.110     -4986.19    48802.89
        var4 |   228.3738     197.21     1.16   0.247    -158.1645     614.912
       var14 |  -20510.52   12906.55    -1.59   0.112    -45807.81    4786.761
------------------------------------------------------------------------------
Underidentification test (Kleibergen-Paap rk LM statistic):              2.870
                                                   Chi-sq(1) P-val =    0.0902
------------------------------------------------------------------------------
Weak identification test (Cragg-Donald Wald F statistic):                0.066
                         (Kleibergen-Paap rk Wald F statistic):          0.956
Stock-Yogo weak ID test critical values:                       <not available>
------------------------------------------------------------------------------
Hansen J statistic (overidentification test of all instruments):         0.000
                                                 (equation exactly identified)
------------------------------------------------------------------------------
Instrumented:         var3 var5 var15
Included instruments: var4 var14
Excluded instruments: var6 var7 var16
Partialled-out:       _cons
                      nb: total SS, model F and R2s are after partialling-out;
                          any small-sample adjustments include partialled-out
                          variables in regressor count K
------------------------------------------------------------------------------

Absorbed degrees of freedom:
-----------------------------------------------------------+
       Absorbed FE | Categories  - Redundant  = Num. Coefs |
-------------------+---------------------------------------|
   firm_id#user_id |     40423       40423           0    *|
                yh |        11           1          10     |
-----------------------------------------------------------+
* = FE nested within cluster; treated as redundant for DoF computation
→ Spec 5: gap
(dropped 6597 singleton observations)
(MWFE estimator converged in 8 iterations)

HDFE Linear regression                            Number of obs   =    224,708
Absorbing 2 HDFE groups                           F(   5,  35478) =      11.80
Statistics robust to heteroskedasticity           Prob > F        =     0.0000
                                                  R-squared       =     0.7186
                                                  Adj R-squared   =     0.6525
                                                  Within R-sq.    =     0.0007
Number of clusters (user_id) =     35,479         Root MSE        =    17.6431

                           (Std. err. adjusted for 35,479 clusters in user_id)
------------------------------------------------------------------------------
             |               Robust
total_co~100 | Coefficient  std. err.      t    P>|t|     [95% conf. interval]
-------------+----------------------------------------------------------------
        var3 |   3.350051   1.603944     2.09   0.037     .2062715     6.49383
        var5 |   6.042064   1.268262     4.76   0.000     3.556231    8.527896
        var4 |  -6.498767   1.094324    -5.94   0.000    -8.643676   -4.353858
       var17 |   .0000806   .0000243     3.32   0.001     .0000329    .0001282
       var18 |  -.0000938   .0000319    -2.94   0.003    -.0001564   -.0000312
       _cons |   48.72577   .5532664    88.07   0.000     47.64135    49.81019
------------------------------------------------------------------------------

Absorbed degrees of freedom:
-----------------------------------------------------------+
       Absorbed FE | Categories  - Redundant  = Num. Coefs |
-------------------+---------------------------------------|
   firm_id#user_id |     42710       42710           0    *|
                yh |        11           1          10     |
-----------------------------------------------------------+
* = FE nested within cluster; treated as redundant for DoF computation
(dropped 6323 singleton observations)
(MWFE estimator converged in 8 iterations)

Stored estimation results
-------------------------
----------------------------------------------------------------------------
             |           Dependent  Number of        
        Name | Command    variable     param.  Title 
-------------+--------------------------------------------------------------
_ivreg2_var3 | ivreg2         var3          5  First-stage regression: var3
_ivreg2_var5 | ivreg2         var5          5  First-stage regression: var5
_ivreg2_v~18 | ivreg2        var18          5  First-stage regression: var18
----------------------------------------------------------------------------

IV (2SLS) estimation
--------------------

Estimates efficient for homoskedasticity only
Statistics robust to heteroskedasticity and clustering on user_id

Number of clusters (user_id) =   33838                Number of obs =   209788
                                                      F(  5, 33837) =     1.41
                                                      Prob > F      =   0.2157
Total (centered) SS     =   52202094.6                Centered R2   =  -0.8227
Total (uncentered) SS   =   52202094.6                Uncentered R2 =  -0.8227
Residual SS             =  95149509.35                Root MSE      =     21.3

------------------------------------------------------------------------------
             |               Robust
total_co~100 | Coefficient  std. err.      t    P>|t|     [95% conf. interval]
-------------+----------------------------------------------------------------
        var3 |   390.8133   455.6596     0.86   0.391    -502.2951    1283.922
        var5 |  -101.8953   136.8946    -0.74   0.457    -370.2135    166.4228
       var18 |  -.0072151   .0080887    -0.89   0.372    -.0230692     .008639
        var4 |   83.03233   110.2411     0.75   0.451    -133.0441    299.1087
       var17 |   .0050688   .0058346     0.87   0.385    -.0063672    .0165048
------------------------------------------------------------------------------
Underidentification test (Kleibergen-Paap rk LM statistic):              0.793
                                                   Chi-sq(1) P-val =    0.3733
------------------------------------------------------------------------------
Weak identification test (Cragg-Donald Wald F statistic):               15.994
                         (Kleibergen-Paap rk Wald F statistic):          0.265
Stock-Yogo weak ID test critical values:                       <not available>
------------------------------------------------------------------------------
Hansen J statistic (overidentification test of all instruments):         0.000
                                                 (equation exactly identified)
------------------------------------------------------------------------------
Instrumented:         var3 var5 var18
Included instruments: var4 var17
Excluded instruments: var6 var7 var19
Partialled-out:       _cons
                      nb: total SS, model F and R2s are after partialling-out;
                          any small-sample adjustments include partialled-out
                          variables in regressor count K
------------------------------------------------------------------------------

Absorbed degrees of freedom:
-----------------------------------------------------------+
       Absorbed FE | Categories  - Redundant  = Num. Coefs |
-------------------+---------------------------------------|
   firm_id#user_id |     40423       40423           0    *|
                yh |        11           1          10     |
-----------------------------------------------------------+
* = FE nested within cluster; treated as redundant for DoF computation
→ Spec 6: rent_hhi
(dropped 6377 singleton observations)
(MWFE estimator converged in 8 iterations)

HDFE Linear regression                            Number of obs   =    218,032
Absorbing 2 HDFE groups                           F(   7,  34556) =       7.15
Statistics robust to heteroskedasticity           Prob > F        =     0.0000
                                                  R-squared       =     0.7190
                                                  Adj R-squared   =     0.6531
                                                  Within R-sq.    =     0.0006
Number of clusters (user_id) =     34,557         Root MSE        =    17.6280

                           (Std. err. adjusted for 34,557 clusters in user_id)
------------------------------------------------------------------------------
             |               Robust
total_co~100 | Coefficient  std. err.      t    P>|t|     [95% conf. interval]
-------------+----------------------------------------------------------------
        var3 |  -2.015995   1.201419    -1.68   0.093    -4.370814     .338825
        var5 |   4.142615   1.310876     3.16   0.002     1.573255    6.711974
        var4 |  -4.637878   1.135153    -4.09   0.000    -6.862815   -2.412941
        var8 |  -.0439063   .0171926    -2.55   0.011    -.0776044   -.0102082
        var9 |   .0263251   .0226718     1.16   0.246    -.0181123    .0707625
       var11 |   .0004089   .0006424     0.64   0.524    -.0008502    .0016681
       var12 |  -.0004394   .0008051    -0.55   0.585    -.0020173    .0011385
       _cons |   51.30593   .3810901   134.63   0.000     50.55898    52.05288
------------------------------------------------------------------------------

Absorbed degrees of freedom:
-----------------------------------------------------------+
       Absorbed FE | Categories  - Redundant  = Num. Coefs |
-------------------+---------------------------------------|
   firm_id#user_id |     41392       41392           0    *|
                yh |        11           1          10     |
-----------------------------------------------------------+
* = FE nested within cluster; treated as redundant for DoF computation
(dropped 6120 singleton observations)
(MWFE estimator converged in 8 iterations)

Stored estimation results
-------------------------
----------------------------------------------------------------------------
             |           Dependent  Number of        
        Name | Command    variable     param.  Title 
-------------+--------------------------------------------------------------
_ivreg2_var3 | ivreg2         var3          7  First-stage regression: var3
_ivreg2_var5 | ivreg2         var5          7  First-stage regression: var5
_ivreg2_var9 | ivreg2         var9          7  First-stage regression: var9
_ivreg2_v~12 | ivreg2        var12          7  First-stage regression: var12
----------------------------------------------------------------------------

IV (2SLS) estimation
--------------------

Estimates efficient for homoskedasticity only
Statistics robust to heteroskedasticity and clustering on user_id

Number of clusters (user_id) =   32957                Number of obs =   203676
                                                      F(  7, 32956) =     0.91
                                                      Prob > F      =   0.4960
Total (centered) SS     =  50595012.07                Centered R2   =  -2.7358
Total (uncentered) SS   =  50595012.07                Uncentered R2 =  -2.7358
Residual SS             =  189014212.9                Root MSE      =    30.46

------------------------------------------------------------------------------
             |               Robust
total_co~100 | Coefficient  std. err.      t    P>|t|     [95% conf. interval]
-------------+----------------------------------------------------------------
        var3 |   496.8719   524.9648     0.95   0.344    -532.0781    1525.822
        var5 |   81.64772   204.3838     0.40   0.690    -318.9519    482.2473
        var9 |  -5.427871   13.33577    -0.41   0.684    -31.56645    20.71071
       var12 |  -.1822594   .1674149    -1.09   0.276    -.5103987      .14588
        var4 |   -85.8312   210.1466    -0.41   0.683    -497.7261    326.0637
        var8 |   3.108153   9.293742     0.33   0.738    -15.10792    21.32422
       var11 |   .1327328   .1441813     0.92   0.357    -.1498678    .4153333
------------------------------------------------------------------------------
Underidentification test (Kleibergen-Paap rk LM statistic):              5.142
                                                   Chi-sq(1) P-val =    0.0234
------------------------------------------------------------------------------
Weak identification test (Cragg-Donald Wald F statistic):                5.447
                         (Kleibergen-Paap rk Wald F statistic):          1.287
Stock-Yogo weak ID test critical values:                       <not available>
------------------------------------------------------------------------------
Hansen J statistic (overidentification test of all instruments):         0.000
                                                 (equation exactly identified)
------------------------------------------------------------------------------
Instrumented:         var3 var5 var9 var12
Included instruments: var4 var8 var11
Excluded instruments: var6 var7 var10 var13
Partialled-out:       _cons
                      nb: total SS, model F and R2s are after partialling-out;
                          any small-sample adjustments include partialled-out
                          variables in regressor count K
------------------------------------------------------------------------------

Absorbed degrees of freedom:
-----------------------------------------------------------+
       Absorbed FE | Categories  - Redundant  = Num. Coefs |
-------------------+---------------------------------------|
   firm_id#user_id |     39185       39185           0    *|
                yh |        11           1          10     |
-----------------------------------------------------------+
* = FE nested within cluster; treated as redundant for DoF computation
→ Spec 7: rent_seniority
(dropped 6380 singleton observations)
(MWFE estimator converged in 8 iterations)

HDFE Linear regression                            Number of obs   =    218,112
Absorbing 2 HDFE groups                           F(   7,  34563) =       7.19
Statistics robust to heteroskedasticity           Prob > F        =     0.0000
                                                  R-squared       =     0.7190
                                                  Adj R-squared   =     0.6531
                                                  Within R-sq.    =     0.0006
Number of clusters (user_id) =     34,564         Root MSE        =    17.6273

                           (Std. err. adjusted for 34,564 clusters in user_id)
------------------------------------------------------------------------------
             |               Robust
total_co~100 | Coefficient  std. err.      t    P>|t|     [95% conf. interval]
-------------+----------------------------------------------------------------
        var3 |   3.010104   5.853243     0.51   0.607    -8.462443    14.48265
        var5 |   3.766983   1.270179     2.97   0.003     1.277391    6.256576
        var4 |  -4.244589   1.086155    -3.91   0.000    -6.373488    -2.11569
        var8 |  -.0422815   .0169647    -2.49   0.013    -.0755329   -.0090301
        var9 |   .0246935   .0225205     1.10   0.273    -.0194474    .0688344
       var14 |   5.606831   5.589632     1.00   0.316     -5.34903    16.56269
       var15 |  -5.154629    5.79152    -0.89   0.373     -16.5062     6.19694
       _cons |   48.81617   2.550684    19.14   0.000     43.81675     53.8156
------------------------------------------------------------------------------

Absorbed degrees of freedom:
-----------------------------------------------------------+
       Absorbed FE | Categories  - Redundant  = Num. Coefs |
-------------------+---------------------------------------|
   firm_id#user_id |     41412       41412           0    *|
                yh |        11           1          10     |
-----------------------------------------------------------+
* = FE nested within cluster; treated as redundant for DoF computation
(dropped 6123 singleton observations)
(MWFE estimator converged in 8 iterations)

Stored estimation results
-------------------------
----------------------------------------------------------------------------
             |           Dependent  Number of        
        Name | Command    variable     param.  Title 
-------------+--------------------------------------------------------------
_ivreg2_var3 | ivreg2         var3          7  First-stage regression: var3
_ivreg2_var5 | ivreg2         var5          7  First-stage regression: var5
_ivreg2_var9 | ivreg2         var9          7  First-stage regression: var9
_ivreg2_v~15 | ivreg2        var15          7  First-stage regression: var15
----------------------------------------------------------------------------

IV (2SLS) estimation
--------------------

Estimates efficient for homoskedasticity only
Statistics robust to heteroskedasticity and clustering on user_id

Number of clusters (user_id) =   32964                Number of obs =   203754
                                                      F(  7, 32963) =     0.24
                                                      Prob > F      =   0.9746
Total (centered) SS     =  50609604.35                Centered R2   =  -8.0260
Total (uncentered) SS   =  50609604.35                Uncentered R2 =  -8.0260
Residual SS             =  456801771.3                Root MSE      =    47.35

------------------------------------------------------------------------------
             |               Robust
total_co~100 | Coefficient  std. err.      t    P>|t|     [95% conf. interval]
-------------+----------------------------------------------------------------
        var3 |   2050.058   3296.449     0.62   0.534      -4411.1    8511.217
        var5 |  -18.07286    100.571    -0.18   0.857    -215.1956    179.0499
        var9 |  -16.81895   18.46123    -0.91   0.362    -53.00363    19.36573
       var15 |  -1183.611   3305.685    -0.36   0.720    -7662.872     5295.65
        var4 |   24.51378   84.21885     0.29   0.771    -140.5582    189.5857
        var8 |   11.13243   12.17886     0.91   0.361    -12.73858    35.00344
       var14 |   1141.771   3085.447     0.37   0.711    -4905.816    7189.359
------------------------------------------------------------------------------
Underidentification test (Kleibergen-Paap rk LM statistic):              0.868
                                                   Chi-sq(1) P-val =    0.3515
------------------------------------------------------------------------------
Weak identification test (Cragg-Donald Wald F statistic):                1.659
                         (Kleibergen-Paap rk Wald F statistic):          0.217
Stock-Yogo weak ID test critical values:                       <not available>
------------------------------------------------------------------------------
Hansen J statistic (overidentification test of all instruments):         0.000
                                                 (equation exactly identified)
------------------------------------------------------------------------------
Instrumented:         var3 var5 var9 var15
Included instruments: var4 var8 var14
Excluded instruments: var6 var7 var10 var16
Partialled-out:       _cons
                      nb: total SS, model F and R2s are after partialling-out;
                          any small-sample adjustments include partialled-out
                          variables in regressor count K
------------------------------------------------------------------------------

Absorbed degrees of freedom:
-----------------------------------------------------------+
       Absorbed FE | Categories  - Redundant  = Num. Coefs |
-------------------+---------------------------------------|
   firm_id#user_id |     39204       39204           0    *|
                yh |        11           1          10     |
-----------------------------------------------------------+
* = FE nested within cluster; treated as redundant for DoF computation
→ Spec 8: rent_gap
(dropped 6380 singleton observations)
(MWFE estimator converged in 8 iterations)

HDFE Linear regression                            Number of obs   =    218,112
Absorbing 2 HDFE groups                           F(   7,  34563) =       8.23
Statistics robust to heteroskedasticity           Prob > F        =     0.0000
                                                  R-squared       =     0.7191
                                                  Adj R-squared   =     0.6532
                                                  Within R-sq.    =     0.0007
Number of clusters (user_id) =     34,564         Root MSE        =    17.6263

                           (Std. err. adjusted for 34,564 clusters in user_id)
------------------------------------------------------------------------------
             |               Robust
total_co~100 | Coefficient  std. err.      t    P>|t|     [95% conf. interval]
-------------+----------------------------------------------------------------
        var3 |   2.127772   1.947329     1.09   0.275    -1.689056    5.944601
        var5 |   3.824901   1.262614     3.03   0.002     1.350136    6.299666
        var4 |  -4.280985     1.0839    -3.95   0.000    -6.405464   -2.156507
        var8 |  -.0412678   .0169701    -2.43   0.015    -.0745299   -.0080058
        var9 |   .0250593   .0224921     1.11   0.265    -.0190259    .0691445
       var17 |   .0000746   .0000248     3.01   0.003      .000026    .0001232
       var18 |  -.0000881   .0000324    -2.72   0.006    -.0001515   -.0000247
       _cons |   49.67738   .6707609    74.06   0.000     48.36267     50.9921
------------------------------------------------------------------------------

Absorbed degrees of freedom:
-----------------------------------------------------------+
       Absorbed FE | Categories  - Redundant  = Num. Coefs |
-------------------+---------------------------------------|
   firm_id#user_id |     41412       41412           0    *|
                yh |        11           1          10     |
-----------------------------------------------------------+
* = FE nested within cluster; treated as redundant for DoF computation
(dropped 6123 singleton observations)
(MWFE estimator converged in 8 iterations)

Stored estimation results
-------------------------
----------------------------------------------------------------------------
             |           Dependent  Number of        
        Name | Command    variable     param.  Title 
-------------+--------------------------------------------------------------
_ivreg2_var3 | ivreg2         var3          7  First-stage regression: var3
_ivreg2_var5 | ivreg2         var5          7  First-stage regression: var5
_ivreg2_var9 | ivreg2         var9          7  First-stage regression: var9
_ivreg2_v~18 | ivreg2        var18          7  First-stage regression: var18
----------------------------------------------------------------------------

IV (2SLS) estimation
--------------------

Estimates efficient for homoskedasticity only
Statistics robust to heteroskedasticity and clustering on user_id

Number of clusters (user_id) =   32964                Number of obs =   203754
                                                      F(  7, 32963) =     0.03
                                                      Prob > F      =   1.0000
Total (centered) SS     =  50609604.35                Centered R2   = -73.7767
Total (uncentered) SS   =  50609604.35                Uncentered R2 = -73.7767
Residual SS             =   3784420653                Root MSE      =    136.3

------------------------------------------------------------------------------
             |               Robust
total_co~100 | Coefficient  std. err.      t    P>|t|     [95% conf. interval]
-------------+----------------------------------------------------------------
        var3 |   853.3446   2879.744     0.30   0.767    -4791.057    6497.746
        var5 |   385.2775   2012.053     0.19   0.848    -3558.419    4328.974
        var9 |  -49.52922   184.4529    -0.27   0.788    -411.0636    312.0052
       var18 |   .0304104   .1428597     0.21   0.831    -.2495998    .3104206
        var4 |  -288.9851    1546.77    -0.19   0.852    -3320.711     2742.74
        var8 |   33.14442   123.7261     0.27   0.789    -209.3632    275.6521
       var17 |  -.0208818   .0991192    -0.21   0.833    -.2151589    .1733953
------------------------------------------------------------------------------
Underidentification test (Kleibergen-Paap rk LM statistic):              0.066
                                                   Chi-sq(1) P-val =    0.7966
------------------------------------------------------------------------------
Weak identification test (Cragg-Donald Wald F statistic):                0.204
                         (Kleibergen-Paap rk Wald F statistic):          0.017
Stock-Yogo weak ID test critical values:                       <not available>
------------------------------------------------------------------------------
Hansen J statistic (overidentification test of all instruments):         0.000
                                                 (equation exactly identified)
------------------------------------------------------------------------------
Instrumented:         var3 var5 var9 var18
Included instruments: var4 var8 var17
Excluded instruments: var6 var7 var10 var19
Partialled-out:       _cons
                      nb: total SS, model F and R2s are after partialling-out;
                          any small-sample adjustments include partialled-out
                          variables in regressor count K
------------------------------------------------------------------------------

Absorbed degrees of freedom:
-----------------------------------------------------------+
       Absorbed FE | Categories  - Redundant  = Num. Coefs |
-------------------+---------------------------------------|
   firm_id#user_id |     39204       39204           0    *|
                yh |        11           1          10     |
-----------------------------------------------------------+
* = FE nested within cluster; treated as redundant for DoF computation
→ Spec 9: hhi_seniority
(dropped 6591 singleton observations)
(MWFE estimator converged in 8 iterations)

HDFE Linear regression                            Number of obs   =    224,596
Absorbing 2 HDFE groups                           F(   7,  35468) =       7.20
Statistics robust to heteroskedasticity           Prob > F        =     0.0000
                                                  R-squared       =     0.7185
                                                  Adj R-squared   =     0.6524
                                                  Within R-sq.    =     0.0006
Number of clusters (user_id) =     35,469         Root MSE        =    17.6448

                           (Std. err. adjusted for 35,469 clusters in user_id)
------------------------------------------------------------------------------
             |               Robust
total_co~100 | Coefficient  std. err.      t    P>|t|     [95% conf. interval]
-------------+----------------------------------------------------------------
        var3 |   2.806624   5.928613     0.47   0.636    -8.813639    14.42689
        var5 |   6.217368   1.329218     4.68   0.000     3.612058    8.822677
        var4 |  -6.743897   1.158014    -5.82   0.000    -9.013639   -4.474154
       var11 |   .0002957   .0006315     0.47   0.640    -.0009421    .0015335
       var12 |  -.0002244   .0007977    -0.28   0.779     -.001788    .0013392
       var14 |   4.350083   5.657685     0.77   0.442    -6.739154    15.43932
       var15 |  -3.933835   5.872739    -0.67   0.503    -15.44458    7.576914
       _cons |   48.48763   2.576835    18.82   0.000     43.43696    53.53831
------------------------------------------------------------------------------

Absorbed degrees of freedom:
-----------------------------------------------------------+
       Absorbed FE | Categories  - Redundant  = Num. Coefs |
-------------------+---------------------------------------|
   firm_id#user_id |     42681       42681           0    *|
                yh |        11           1          10     |
-----------------------------------------------------------+
* = FE nested within cluster; treated as redundant for DoF computation
(dropped 6316 singleton observations)
(MWFE estimator converged in 8 iterations)

Stored estimation results
-------------------------
----------------------------------------------------------------------------
             |           Dependent  Number of        
        Name | Command    variable     param.  Title 
-------------+--------------------------------------------------------------
_ivreg2_var3 | ivreg2         var3          7  First-stage regression: var3
_ivreg2_var5 | ivreg2         var5          7  First-stage regression: var5
_ivreg2_v~12 | ivreg2        var12          7  First-stage regression: var12
_ivreg2_v~15 | ivreg2        var15          7  First-stage regression: var15
----------------------------------------------------------------------------

IV (2SLS) estimation
--------------------

Estimates efficient for homoskedasticity only
Statistics robust to heteroskedasticity and clustering on user_id

Number of clusters (user_id) =   33829                Number of obs =   209684
                                                      F(  7, 33828) =     0.46
                                                      Prob > F      =   0.8668
Total (centered) SS     =  52179939.71                Centered R2   =  -7.8501
Total (uncentered) SS   =  52179939.71                Uncentered R2 =  -7.8501
Residual SS             =  461796773.2                Root MSE      =    46.93

------------------------------------------------------------------------------
             |               Robust
total_co~100 | Coefficient  std. err.      t    P>|t|     [95% conf. interval]
-------------+----------------------------------------------------------------
        var3 |   4079.765   14251.67     0.29   0.775    -23853.99    32013.52
        var5 |   205.5666   245.2828     0.84   0.402    -275.1961    686.3293
       var12 |  -.2239619    .207971    -1.08   0.282    -.6315922    .1836684
       var15 |  -3878.838   14179.01    -0.27   0.784    -31670.18     23912.5
        var4 |  -190.0309   195.4702    -0.97   0.331    -573.1591    193.0973
       var11 |   .1609773   .1333545     1.21   0.227     -.100402    .4223567
       var14 |     3579.6   13201.39     0.27   0.786    -22295.58    29454.78
------------------------------------------------------------------------------
Underidentification test (Kleibergen-Paap rk LM statistic):              0.129
                                                   Chi-sq(1) P-val =    0.7192
------------------------------------------------------------------------------
Weak identification test (Cragg-Donald Wald F statistic):                1.229
                         (Kleibergen-Paap rk Wald F statistic):          0.032
Stock-Yogo weak ID test critical values:                       <not available>
------------------------------------------------------------------------------
Hansen J statistic (overidentification test of all instruments):         0.000
                                                 (equation exactly identified)
------------------------------------------------------------------------------
Instrumented:         var3 var5 var12 var15
Included instruments: var4 var11 var14
Excluded instruments: var6 var7 var13 var16
Partialled-out:       _cons
                      nb: total SS, model F and R2s are after partialling-out;
                          any small-sample adjustments include partialled-out
                          variables in regressor count K
------------------------------------------------------------------------------

Absorbed degrees of freedom:
-----------------------------------------------------------+
       Absorbed FE | Categories  - Redundant  = Num. Coefs |
-------------------+---------------------------------------|
   firm_id#user_id |     40396       40396           0    *|
                yh |        11           1          10     |
-----------------------------------------------------------+
* = FE nested within cluster; treated as redundant for DoF computation
→ Spec 10: hhi_gap
(dropped 6591 singleton observations)
(MWFE estimator converged in 8 iterations)

HDFE Linear regression                            Number of obs   =    224,596
Absorbing 2 HDFE groups                           F(   7,  35468) =       8.43
Statistics robust to heteroskedasticity           Prob > F        =     0.0000
                                                  R-squared       =     0.7185
                                                  Adj R-squared   =     0.6525
                                                  Within R-sq.    =     0.0007
Number of clusters (user_id) =     35,469         Root MSE        =    17.6435

                           (Std. err. adjusted for 35,469 clusters in user_id)
------------------------------------------------------------------------------
             |               Robust
total_co~100 | Coefficient  std. err.      t    P>|t|     [95% conf. interval]
-------------+----------------------------------------------------------------
        var3 |   3.325903   1.628279     2.04   0.041     .1344248    6.517381
        var5 |   6.071753   1.320383     4.60   0.000     3.483762    8.659745
        var4 |  -6.569085   1.151462    -5.70   0.000    -8.825987   -4.312184
       var11 |   .0001223   .0006241     0.20   0.845    -.0011009    .0013455
       var12 |  -.0000379   .0007777    -0.05   0.961    -.0015623    .0014865
       var17 |   .0000803   .0000243     3.30   0.001     .0000326    .0001281
       var18 |   -.000093    .000032    -2.90   0.004    -.0001558   -.0000302
       _cons |   48.70425   .5640185    86.35   0.000     47.59876    49.80975
------------------------------------------------------------------------------

Absorbed degrees of freedom:
-----------------------------------------------------------+
       Absorbed FE | Categories  - Redundant  = Num. Coefs |
-------------------+---------------------------------------|
   firm_id#user_id |     42681       42681           0    *|
                yh |        11           1          10     |
-----------------------------------------------------------+
* = FE nested within cluster; treated as redundant for DoF computation
(dropped 6316 singleton observations)
(MWFE estimator converged in 8 iterations)

Stored estimation results
-------------------------
----------------------------------------------------------------------------
             |           Dependent  Number of        
        Name | Command    variable     param.  Title 
-------------+--------------------------------------------------------------
_ivreg2_var3 | ivreg2         var3          7  First-stage regression: var3
_ivreg2_var5 | ivreg2         var5          7  First-stage regression: var5
_ivreg2_v~12 | ivreg2        var12          7  First-stage regression: var12
_ivreg2_v~18 | ivreg2        var18          7  First-stage regression: var18
----------------------------------------------------------------------------

IV (2SLS) estimation
--------------------

Estimates efficient for homoskedasticity only
Statistics robust to heteroskedasticity and clustering on user_id

Number of clusters (user_id) =   33829                Number of obs =   209684
                                                      F(  7, 33828) =     0.99
                                                      Prob > F      =   0.4371
Total (centered) SS     =  52179939.71                Centered R2   =  -0.8620
Total (uncentered) SS   =  52179939.71                Uncentered R2 =  -0.8620
Residual SS             =  97158035.23                Root MSE      =    21.53

------------------------------------------------------------------------------
             |               Robust
total_co~100 | Coefficient  std. err.      t    P>|t|     [95% conf. interval]
-------------+----------------------------------------------------------------
        var3 |   393.9623    395.128     1.00   0.319     -380.502    1168.427
        var5 |   -115.334   130.4712    -0.88   0.377     -371.062     140.394
       var12 |   .0063497   .0899704     0.07   0.944    -.1699954    .1826948
       var18 |  -.0074289   .0066545    -1.12   0.264    -.0204719    .0056141
        var4 |   96.03748   113.8378     0.84   0.399    -127.0885    319.1635
       var11 |  -.0062068   .0691795    -0.09   0.929     -.141801    .1293874
       var17 |   .0052154   .0047908     1.09   0.276    -.0041748    .0146055
------------------------------------------------------------------------------
Underidentification test (Kleibergen-Paap rk LM statistic):              0.809
                                                   Chi-sq(1) P-val =    0.3683
------------------------------------------------------------------------------
Weak identification test (Cragg-Donald Wald F statistic):               10.958
                         (Kleibergen-Paap rk Wald F statistic):          0.200
Stock-Yogo weak ID test critical values:                       <not available>
------------------------------------------------------------------------------
Hansen J statistic (overidentification test of all instruments):         0.000
                                                 (equation exactly identified)
------------------------------------------------------------------------------
Instrumented:         var3 var5 var12 var18
Included instruments: var4 var11 var17
Excluded instruments: var6 var7 var13 var19
Partialled-out:       _cons
                      nb: total SS, model F and R2s are after partialling-out;
                          any small-sample adjustments include partialled-out
                          variables in regressor count K
------------------------------------------------------------------------------

Absorbed degrees of freedom:
-----------------------------------------------------------+
       Absorbed FE | Categories  - Redundant  = Num. Coefs |
-------------------+---------------------------------------|
   firm_id#user_id |     40396       40396           0    *|
                yh |        11           1          10     |
-----------------------------------------------------------+
* = FE nested within cluster; treated as redundant for DoF computation
→ Spec 11: seniority_gap
(dropped 6597 singleton observations)
(MWFE estimator converged in 8 iterations)

HDFE Linear regression                            Number of obs   =    224,708
Absorbing 2 HDFE groups                           F(   7,  35478) =       8.46
Statistics robust to heteroskedasticity           Prob > F        =     0.0000
                                                  R-squared       =     0.7186
                                                  Adj R-squared   =     0.6525
                                                  Within R-sq.    =     0.0007
Number of clusters (user_id) =     35,479         Root MSE        =    17.6431

                           (Std. err. adjusted for 35,479 clusters in user_id)
------------------------------------------------------------------------------
             |               Robust
total_co~100 | Coefficient  std. err.      t    P>|t|     [95% conf. interval]
-------------+----------------------------------------------------------------
        var3 |   7.507155   6.137669     1.22   0.221    -4.522866    19.53718
        var5 |   5.905786   1.275381     4.63   0.000        3.406    8.405572
        var4 |  -6.358568    1.09702    -5.80   0.000    -8.508762   -4.208374
       var17 |   .0000806   .0000243     3.32   0.001      .000033    .0001283
       var18 |  -.0000935   .0000319    -2.93   0.003    -.0001561   -.0000309
       var14 |   4.404202   5.778586     0.76   0.446    -6.922005    15.73041
       var15 |  -4.168006   5.968208    -0.70   0.485    -15.86588    7.529865
       _cons |   46.72771   2.664108    17.54   0.000     41.50597    51.94944
------------------------------------------------------------------------------

Absorbed degrees of freedom:
-----------------------------------------------------------+
       Absorbed FE | Categories  - Redundant  = Num. Coefs |
-------------------+---------------------------------------|
   firm_id#user_id |     42710       42710           0    *|
                yh |        11           1          10     |
-----------------------------------------------------------+
* = FE nested within cluster; treated as redundant for DoF computation
(dropped 6323 singleton observations)
(MWFE estimator converged in 8 iterations)

Stored estimation results
-------------------------
----------------------------------------------------------------------------
             |           Dependent  Number of        
        Name | Command    variable     param.  Title 
-------------+--------------------------------------------------------------
_ivreg2_var3 | ivreg2         var3          7  First-stage regression: var3
_ivreg2_var5 | ivreg2         var5          7  First-stage regression: var5
_ivreg2_v~18 | ivreg2        var18          7  First-stage regression: var18
_ivreg2_v~15 | ivreg2        var15          7  First-stage regression: var15
----------------------------------------------------------------------------

IV (2SLS) estimation
--------------------

Estimates efficient for homoskedasticity only
Statistics robust to heteroskedasticity and clustering on user_id

Number of clusters (user_id) =   33838                Number of obs =   209788
                                                      F(  7, 33837) =     0.09
                                                      Prob > F      =   0.9989
Total (centered) SS     =   52202094.6                Centered R2   = -1.3e+02
Total (uncentered) SS   =   52202094.6                Uncentered R2 = -1.3e+02
Residual SS             =   6888454625                Root MSE      =    181.2

------------------------------------------------------------------------------
             |               Robust
total_co~100 | Coefficient  std. err.      t    P>|t|     [95% conf. interval]
-------------+----------------------------------------------------------------
        var3 |  -15667.72   29662.03    -0.53   0.597    -73806.31    42470.87
        var5 |  -590.9597   976.8339    -0.60   0.545    -2505.587    1323.668
       var18 |  -.0212182   .0486377    -0.44   0.663    -.1165498    .0741134
       var15 |   16926.48   30042.32     0.56   0.573     -41957.5    75810.46
        var4 |    461.682   771.4003     0.60   0.550    -1050.289    1973.653
       var17 |   .0153207    .034505     0.44   0.657    -.0523102    .0829515
       var14 |  -15879.77   28154.73    -0.56   0.573    -71063.99    39304.45
------------------------------------------------------------------------------
Underidentification test (Kleibergen-Paap rk LM statistic):              0.366
                                                   Chi-sq(1) P-val =    0.5451
------------------------------------------------------------------------------
Weak identification test (Cragg-Donald Wald F statistic):                0.075
                         (Kleibergen-Paap rk Wald F statistic):          0.092
Stock-Yogo weak ID test critical values:                       <not available>
------------------------------------------------------------------------------
Hansen J statistic (overidentification test of all instruments):         0.000
                                                 (equation exactly identified)
------------------------------------------------------------------------------
Instrumented:         var3 var5 var18 var15
Included instruments: var4 var17 var14
Excluded instruments: var6 var7 var19 var16
Partialled-out:       _cons
                      nb: total SS, model F and R2s are after partialling-out;
                          any small-sample adjustments include partialled-out
                          variables in regressor count K
------------------------------------------------------------------------------

Absorbed degrees of freedom:
-----------------------------------------------------------+
       Absorbed FE | Categories  - Redundant  = Num. Coefs |
-------------------+---------------------------------------|
   firm_id#user_id |     40423       40423           0    *|
                yh |        11           1          10     |
-----------------------------------------------------------+
* = FE nested within cluster; treated as redundant for DoF computation
→ Spec 12: rent_hhi_seniority
(dropped 6377 singleton observations)
(MWFE estimator converged in 8 iterations)

HDFE Linear regression                            Number of obs   =    218,032
Absorbing 2 HDFE groups                           F(   9,  34556) =       5.64
Statistics robust to heteroskedasticity           Prob > F        =     0.0000
                                                  R-squared       =     0.7190
                                                  Adj R-squared   =     0.6531
                                                  Within R-sq.    =     0.0006
Number of clusters (user_id) =     34,557         Root MSE        =    17.6279

                           (Std. err. adjusted for 34,557 clusters in user_id)
------------------------------------------------------------------------------
             |               Robust
total_co~100 | Coefficient  std. err.      t    P>|t|     [95% conf. interval]
-------------+----------------------------------------------------------------
        var3 |   3.358992   5.928254     0.57   0.571    -8.260579    14.97856
        var5 |    3.96857    1.31339     3.02   0.003     1.394284    6.542856
        var4 |  -4.464457   1.135208    -3.93   0.000    -6.689503   -2.239411
        var8 |  -.0441308   .0172016    -2.57   0.010    -.0778464   -.0104151
        var9 |   .0263805   .0226894     1.16   0.245    -.0180915    .0708525
       var11 |   .0004315   .0006465     0.67   0.504    -.0008356    .0016986
       var12 |  -.0004212   .0008219    -0.51   0.608    -.0020322    .0011898
       var14 |   5.836615   5.603644     1.04   0.298    -5.146711    16.81994
       var15 |  -5.378891   5.825596    -0.92   0.356    -16.79725    6.039468
       _cons |   48.65591   2.563486    18.98   0.000     43.63139    53.68043
------------------------------------------------------------------------------

Absorbed degrees of freedom:
-----------------------------------------------------------+
       Absorbed FE | Categories  - Redundant  = Num. Coefs |
-------------------+---------------------------------------|
   firm_id#user_id |     41392       41392           0    *|
                yh |        11           1          10     |
-----------------------------------------------------------+
* = FE nested within cluster; treated as redundant for DoF computation
(dropped 6120 singleton observations)
(MWFE estimator converged in 8 iterations)

Stored estimation results
-------------------------
----------------------------------------------------------------------------
             |           Dependent  Number of        
        Name | Command    variable     param.  Title 
-------------+--------------------------------------------------------------
_ivreg2_var3 | ivreg2         var3          9  First-stage regression: var3
_ivreg2_var5 | ivreg2         var5          9  First-stage regression: var5
_ivreg2_var9 | ivreg2         var9          9  First-stage regression: var9
_ivreg2_v~12 | ivreg2        var12          9  First-stage regression: var12
_ivreg2_v~15 | ivreg2        var15          9  First-stage regression: var15
----------------------------------------------------------------------------

IV (2SLS) estimation
--------------------

Estimates efficient for homoskedasticity only
Statistics robust to heteroskedasticity and clustering on user_id

Number of clusters (user_id) =   32957                Number of obs =   203676
                                                      F(  9, 32956) =     0.75
                                                      Prob > F      =   0.6635
Total (centered) SS     =  50595012.07                Centered R2   =  -2.4888
Total (uncentered) SS   =  50595012.07                Uncentered R2 =  -2.4888
Residual SS             =  176514217.2                Root MSE      =    29.44

------------------------------------------------------------------------------
             |               Robust
total_co~100 | Coefficient  std. err.      t    P>|t|     [95% conf. interval]
-------------+----------------------------------------------------------------
        var3 |   2029.761   3042.789     0.67   0.505    -3934.215    7993.737
        var5 |   103.5703   196.4816     0.53   0.598    -281.5407    488.6814
        var9 |  -1.921573   13.34471    -0.14   0.886    -28.07768    24.23453
       var12 |  -.1591154   .1357766    -1.17   0.241    -.4252425    .1070116
       var15 |  -1762.677   3128.098    -0.56   0.573    -7893.862    4368.508
        var4 |  -99.97935   195.2339    -0.51   0.609    -482.6447     282.686
        var8 |   .9082823   9.206826     0.10   0.921    -17.13743    18.95399
       var11 |   .1145332   .1177692     0.97   0.331    -.1162986     .345365
       var14 |   1619.487   2912.021     0.56   0.578    -4088.179    7327.152
------------------------------------------------------------------------------
Underidentification test (Kleibergen-Paap rk LM statistic):              0.511
                                                   Chi-sq(1) P-val =    0.4749
------------------------------------------------------------------------------
Weak identification test (Cragg-Donald Wald F statistic):                3.927
                         (Kleibergen-Paap rk Wald F statistic):          0.102
Stock-Yogo weak ID test critical values:                       <not available>
------------------------------------------------------------------------------
Hansen J statistic (overidentification test of all instruments):         0.000
                                                 (equation exactly identified)
------------------------------------------------------------------------------
Instrumented:         var3 var5 var9 var12 var15
Included instruments: var4 var8 var11 var14
Excluded instruments: var6 var7 var10 var13 var16
Partialled-out:       _cons
                      nb: total SS, model F and R2s are after partialling-out;
                          any small-sample adjustments include partialled-out
                          variables in regressor count K
------------------------------------------------------------------------------

Absorbed degrees of freedom:
-----------------------------------------------------------+
       Absorbed FE | Categories  - Redundant  = Num. Coefs |
-------------------+---------------------------------------|
   firm_id#user_id |     39185       39185           0    *|
                yh |        11           1          10     |
-----------------------------------------------------------+
* = FE nested within cluster; treated as redundant for DoF computation
→ Spec 13: rent_hhi_gap
(dropped 6377 singleton observations)
(MWFE estimator converged in 8 iterations)

HDFE Linear regression                            Number of obs   =    218,032
Absorbing 2 HDFE groups                           F(   9,  34556) =       6.42
Statistics robust to heteroskedasticity           Prob > F        =     0.0000
                                                  R-squared       =     0.7190
                                                  Adj R-squared   =     0.6531
                                                  Within R-sq.    =     0.0007
Number of clusters (user_id) =     34,557         Root MSE        =    17.6270

                           (Std. err. adjusted for 34,557 clusters in user_id)
------------------------------------------------------------------------------
             |               Robust
total_co~100 | Coefficient  std. err.      t    P>|t|     [95% conf. interval]
-------------+----------------------------------------------------------------
        var3 |   2.111691   1.961441     1.08   0.282    -1.732797     5.95618
        var5 |   3.925833   1.308516     3.00   0.003     1.361099    6.490567
        var4 |  -4.403617    1.13325    -3.89   0.000    -6.624825    -2.18241
        var8 |  -.0422978   .0172057    -2.46   0.014    -.0760216   -.0085741
        var9 |    .026008   .0226634     1.15   0.251     -.018413    .0704289
       var11 |   .0002323   .0006384     0.36   0.716     -.001019    .0014836
       var12 |  -.0002107   .0008021    -0.26   0.793    -.0017828    .0013615
       var17 |   .0000738   .0000248     2.97   0.003     .0000251    .0001225
       var18 |  -.0000866   .0000325    -2.67   0.008    -.0001502   -.0000229
       _cons |   49.66508   .6731388    73.78   0.000      48.3457    50.98445
------------------------------------------------------------------------------

Absorbed degrees of freedom:
-----------------------------------------------------------+
       Absorbed FE | Categories  - Redundant  = Num. Coefs |
-------------------+---------------------------------------|
   firm_id#user_id |     41392       41392           0    *|
                yh |        11           1          10     |
-----------------------------------------------------------+
* = FE nested within cluster; treated as redundant for DoF computation
(dropped 6120 singleton observations)
(MWFE estimator converged in 8 iterations)

Stored estimation results
-------------------------
----------------------------------------------------------------------------
             |           Dependent  Number of        
        Name | Command    variable     param.  Title 
-------------+--------------------------------------------------------------
_ivreg2_var3 | ivreg2         var3          9  First-stage regression: var3
_ivreg2_var5 | ivreg2         var5          9  First-stage regression: var5
_ivreg2_var9 | ivreg2         var9          9  First-stage regression: var9
_ivreg2_v~12 | ivreg2        var12          9  First-stage regression: var12
_ivreg2_v~18 | ivreg2        var18          9  First-stage regression: var18
----------------------------------------------------------------------------

IV (2SLS) estimation
--------------------

Estimates efficient for homoskedasticity only
Statistics robust to heteroskedasticity and clustering on user_id

Number of clusters (user_id) =   32957                Number of obs =   203676
                                                      F(  9, 32956) =     0.10
                                                      Prob > F      =   0.9996
Total (centered) SS     =  50595012.07                Centered R2   = -17.4801
Total (uncentered) SS   =  50595012.07                Uncentered R2 = -17.4801
Residual SS             =  935000766.4                Root MSE      =    67.76

------------------------------------------------------------------------------
             |               Robust
total_co~100 | Coefficient  std. err.      t    P>|t|     [95% conf. interval]
-------------+----------------------------------------------------------------
        var3 |   145.5342   1470.871     0.10   0.921    -2737.427    3028.495
        var5 |   413.4211   1044.624     0.40   0.692    -1634.079    2460.921
        var9 |  -19.31873    43.2117    -0.45   0.655    -104.0152    65.37776
       var12 |  -.2656774   .4540621    -0.59   0.558    -1.155655    .6243006
       var18 |   .0204303   .0541769     0.38   0.706    -.0857584     .126619
        var4 |  -349.1944   874.7041    -0.40   0.690    -2063.646    1365.257
        var8 |    12.3843   28.91355     0.43   0.668    -44.28729    69.05589
       var11 |   .1823828   .3380673     0.54   0.590    -.4802413    .8450069
       var17 |  -.0141817    .038109    -0.37   0.710    -.0888767    .0605133
------------------------------------------------------------------------------
Underidentification test (Kleibergen-Paap rk LM statistic):              0.226
                                                   Chi-sq(1) P-val =    0.6348
------------------------------------------------------------------------------
Weak identification test (Cragg-Donald Wald F statistic):                0.664
                         (Kleibergen-Paap rk Wald F statistic):          0.045
Stock-Yogo weak ID test critical values:                       <not available>
------------------------------------------------------------------------------
Hansen J statistic (overidentification test of all instruments):         0.000
                                                 (equation exactly identified)
------------------------------------------------------------------------------
Instrumented:         var3 var5 var9 var12 var18
Included instruments: var4 var8 var11 var17
Excluded instruments: var6 var7 var10 var13 var19
Partialled-out:       _cons
                      nb: total SS, model F and R2s are after partialling-out;
                          any small-sample adjustments include partialled-out
                          variables in regressor count K
------------------------------------------------------------------------------

Absorbed degrees of freedom:
-----------------------------------------------------------+
       Absorbed FE | Categories  - Redundant  = Num. Coefs |
-------------------+---------------------------------------|
   firm_id#user_id |     39185       39185           0    *|
                yh |        11           1          10     |
-----------------------------------------------------------+
* = FE nested within cluster; treated as redundant for DoF computation
→ Spec 14: rent_seniority_gap
(dropped 6380 singleton observations)
(MWFE estimator converged in 8 iterations)

HDFE Linear regression                            Number of obs   =    218,112
Absorbing 2 HDFE groups                           F(   9,  34563) =       6.47
Statistics robust to heteroskedasticity           Prob > F        =     0.0000
                                                  R-squared       =     0.7191
                                                  Adj R-squared   =     0.6532
                                                  Within R-sq.    =     0.0007
Number of clusters (user_id) =     34,564         Root MSE        =    17.6263

                           (Std. err. adjusted for 34,564 clusters in user_id)
------------------------------------------------------------------------------
             |               Robust
total_co~100 | Coefficient  std. err.      t    P>|t|     [95% conf. interval]
-------------+----------------------------------------------------------------
        var3 |   7.531141   6.143145     1.23   0.220    -4.509623     19.5719
        var5 |   3.634388   1.267718     2.87   0.004     1.149619    6.119158
        var4 |  -4.082991   1.083996    -3.77   0.000    -6.207659   -1.958323
        var8 |  -.0412173   .0169701    -2.43   0.015    -.0744793   -.0079553
        var9 |   .0248603   .0225067     1.10   0.269    -.0192537    .0689742
       var14 |   5.768085    5.71274     1.01   0.313    -5.429071    16.96524
       var15 |  -5.410755   5.911591    -0.92   0.360    -16.99767    6.176156
       var17 |   .0000746   .0000248     3.01   0.003     .0000261    .0001232
       var18 |  -.0000876   .0000324    -2.71   0.007     -.000151   -.0000242
       _cons |   47.05643   2.654619    17.73   0.000     41.85328    52.25957
------------------------------------------------------------------------------

Absorbed degrees of freedom:
-----------------------------------------------------------+
       Absorbed FE | Categories  - Redundant  = Num. Coefs |
-------------------+---------------------------------------|
   firm_id#user_id |     41412       41412           0    *|
                yh |        11           1          10     |
-----------------------------------------------------------+
* = FE nested within cluster; treated as redundant for DoF computation
(dropped 6123 singleton observations)
(MWFE estimator converged in 8 iterations)

Stored estimation results
-------------------------
----------------------------------------------------------------------------
             |           Dependent  Number of        
        Name | Command    variable     param.  Title 
-------------+--------------------------------------------------------------
_ivreg2_var3 | ivreg2         var3          9  First-stage regression: var3
_ivreg2_var5 | ivreg2         var5          9  First-stage regression: var5
_ivreg2_var9 | ivreg2         var9          9  First-stage regression: var9
_ivreg2_v~15 | ivreg2        var15          9  First-stage regression: var15
_ivreg2_v~18 | ivreg2        var18          9  First-stage regression: var18
----------------------------------------------------------------------------

IV (2SLS) estimation
--------------------

Estimates efficient for homoskedasticity only
Statistics robust to heteroskedasticity and clustering on user_id

Number of clusters (user_id) =   32964                Number of obs =   203754
                                                      F(  9, 32963) =     0.08
                                                      Prob > F      =   0.9998
Total (centered) SS     =  50609604.35                Centered R2   = -21.8143
Total (uncentered) SS   =  50609604.35                Uncentered R2 = -21.8143
Residual SS             =   1154620716                Root MSE      =    75.28

------------------------------------------------------------------------------
             |               Robust
total_co~100 | Coefficient  std. err.      t    P>|t|     [95% conf. interval]
-------------+----------------------------------------------------------------
        var3 |   4360.623   9789.725     0.45   0.656    -14827.59    23548.84
        var5 |   230.6694   554.3603     0.42   0.677    -855.8967    1317.235
        var9 |  -23.02499   36.55398    -0.63   0.529    -94.67212    48.62213
       var15 |  -3848.668   9697.733    -0.40   0.691    -22856.57    15159.24
       var18 |   .0116711   .0259118     0.45   0.652    -.0391169    .0624592
        var4 |   -170.946   428.1302    -0.40   0.690    -1010.096    668.2045
        var8 |   15.42364   24.46646     0.63   0.528    -32.53149    63.37878
       var14 |   3664.431   9134.164     0.40   0.688    -14238.86    21567.72
       var17 |  -.0080452   .0182452    -0.44   0.659    -.0438064     .027716
------------------------------------------------------------------------------
Underidentification test (Kleibergen-Paap rk LM statistic):              0.360
                                                   Chi-sq(1) P-val =    0.5484
------------------------------------------------------------------------------
Weak identification test (Cragg-Donald Wald F statistic):                0.530
                         (Kleibergen-Paap rk Wald F statistic):          0.072
Stock-Yogo weak ID test critical values:                       <not available>
------------------------------------------------------------------------------
Hansen J statistic (overidentification test of all instruments):         0.000
                                                 (equation exactly identified)
------------------------------------------------------------------------------
Instrumented:         var3 var5 var9 var15 var18
Included instruments: var4 var8 var14 var17
Excluded instruments: var6 var7 var10 var16 var19
Partialled-out:       _cons
                      nb: total SS, model F and R2s are after partialling-out;
                          any small-sample adjustments include partialled-out
                          variables in regressor count K
------------------------------------------------------------------------------

Absorbed degrees of freedom:
-----------------------------------------------------------+
       Absorbed FE | Categories  - Redundant  = Num. Coefs |
-------------------+---------------------------------------|
   firm_id#user_id |     39204       39204           0    *|
                yh |        11           1          10     |
-----------------------------------------------------------+
* = FE nested within cluster; treated as redundant for DoF computation
→ Spec 15: hhi_seniority_gap
(dropped 6591 singleton observations)
(MWFE estimator converged in 8 iterations)

HDFE Linear regression                            Number of obs   =    224,596
Absorbing 2 HDFE groups                           F(   9,  35468) =       6.60
Statistics robust to heteroskedasticity           Prob > F        =     0.0000
                                                  R-squared       =     0.7185
                                                  Adj R-squared   =     0.6525
                                                  Within R-sq.    =     0.0007
Number of clusters (user_id) =     35,469         Root MSE        =    17.6435

                           (Std. err. adjusted for 35,469 clusters in user_id)
------------------------------------------------------------------------------
             |               Robust
total_co~100 | Coefficient  std. err.      t    P>|t|     [95% conf. interval]
-------------+----------------------------------------------------------------
        var3 |   7.327935   6.201722     1.18   0.237    -4.827632     19.4835
        var5 |   5.951769   1.323931     4.50   0.000     3.356824    8.546715
        var4 |   -6.44968   1.153093    -5.59   0.000    -8.709778   -4.189582
       var11 |    .000136   .0006278     0.22   0.828    -.0010945    .0013665
       var12 |   -.000015   .0007951    -0.02   0.985    -.0015735    .0015435
       var14 |   4.430791   5.790108     0.77   0.444    -6.918001    15.77958
       var15 |  -4.027994   6.001724    -0.67   0.502    -15.79156    7.735569
       var17 |   .0000804   .0000243     3.30   0.001     .0000327    .0001281
       var18 |  -.0000925   .0000321    -2.89   0.004    -.0001554   -.0000297
       _cons |   46.69255   2.676278    17.45   0.000     41.44696    51.93814
------------------------------------------------------------------------------

Absorbed degrees of freedom:
-----------------------------------------------------------+
       Absorbed FE | Categories  - Redundant  = Num. Coefs |
-------------------+---------------------------------------|
   firm_id#user_id |     42681       42681           0    *|
                yh |        11           1          10     |
-----------------------------------------------------------+
* = FE nested within cluster; treated as redundant for DoF computation
(dropped 6316 singleton observations)
(MWFE estimator converged in 8 iterations)

Stored estimation results
-------------------------
----------------------------------------------------------------------------
             |           Dependent  Number of        
        Name | Command    variable     param.  Title 
-------------+--------------------------------------------------------------
_ivreg2_var3 | ivreg2         var3          9  First-stage regression: var3
_ivreg2_var5 | ivreg2         var5          9  First-stage regression: var5
_ivreg2_v~12 | ivreg2        var12          9  First-stage regression: var12
_ivreg2_v~15 | ivreg2        var15          9  First-stage regression: var15
_ivreg2_v~18 | ivreg2        var18          9  First-stage regression: var18
----------------------------------------------------------------------------

IV (2SLS) estimation
--------------------

Estimates efficient for homoskedasticity only
Statistics robust to heteroskedasticity and clustering on user_id

Number of clusters (user_id) =   33829                Number of obs =   209684
                                                      F(  9, 33828) =     0.02
                                                      Prob > F      =   1.0000
Total (centered) SS     =  52179939.71                Centered R2   = -3.8e+02
Total (uncentered) SS   =  52179939.71                Uncentered R2 = -3.8e+02
Residual SS             =  1.99794e+10                Root MSE      =    308.7

------------------------------------------------------------------------------
             |               Robust
total_co~100 | Coefficient  std. err.      t    P>|t|     [95% conf. interval]
-------------+----------------------------------------------------------------
        var3 |   26717.13   246427.8     0.11   0.914    -456289.7      509724
        var5 |   1373.974   11231.73     0.12   0.903     -20640.6    23388.54
       var12 |  -.5417786   3.390133    -0.16   0.873    -7.186555    6.102998
       var15 |  -28686.56   265267.6    -0.11   0.914    -548620.1      491247
       var18 |   .0420645   .3843494     0.11   0.913    -.7112735    .7954025
        var4 |  -1132.342   9037.441    -0.13   0.900    -18846.03    16581.35
       var11 |    .365782    2.16587     0.17   0.866    -3.879397    4.610961
       var14 |   26759.39   247712.2     0.11   0.914    -458764.9    512283.7
       var17 |  -.0302045   .2762201    -0.11   0.913    -.5716054    .5111963
------------------------------------------------------------------------------
Underidentification test (Kleibergen-Paap rk LM statistic):              0.012
                                                   Chi-sq(1) P-val =    0.9114
------------------------------------------------------------------------------
Weak identification test (Cragg-Donald Wald F statistic):                0.019
                         (Kleibergen-Paap rk Wald F statistic):          0.002
Stock-Yogo weak ID test critical values:                       <not available>
------------------------------------------------------------------------------
Hansen J statistic (overidentification test of all instruments):         0.000
                                                 (equation exactly identified)
------------------------------------------------------------------------------
Instrumented:         var3 var5 var12 var15 var18
Included instruments: var4 var11 var14 var17
Excluded instruments: var6 var7 var13 var16 var19
Partialled-out:       _cons
                      nb: total SS, model F and R2s are after partialling-out;
                          any small-sample adjustments include partialled-out
                          variables in regressor count K
------------------------------------------------------------------------------

Absorbed degrees of freedom:
-----------------------------------------------------------+
       Absorbed FE | Categories  - Redundant  = Num. Coefs |
-------------------+---------------------------------------|
   firm_id#user_id |     40396       40396           0    *|
                yh |        11           1          10     |
-----------------------------------------------------------+
* = FE nested within cluster; treated as redundant for DoF computation
→ Spec 16: rent_hhi_seniority_gap
(dropped 6377 singleton observations)
(MWFE estimator converged in 8 iterations)

HDFE Linear regression                            Number of obs   =    218,032
Absorbing 2 HDFE groups                           F(  11,  34556) =       5.31
Statistics robust to heteroskedasticity           Prob > F        =     0.0000
                                                  R-squared       =     0.7190
                                                  Adj R-squared   =     0.6531
                                                  Within R-sq.    =     0.0007
Number of clusters (user_id) =     34,557         Root MSE        =    17.6269

                           (Std. err. adjusted for 34,557 clusters in user_id)
------------------------------------------------------------------------------
             |               Robust
total_co~100 | Coefficient  std. err.      t    P>|t|     [95% conf. interval]
-------------+----------------------------------------------------------------
        var3 |   7.527477   6.198372     1.21   0.225    -4.621534    19.67649
        var5 |   3.747097   1.310014     2.86   0.004     1.179428    6.314767
        var4 |  -4.226983   1.132238    -3.73   0.000    -6.446206    -2.00776
        var8 |  -.0425031   .0172142    -2.47   0.014    -.0762435   -.0087626
        var9 |   .0260727   .0226807     1.15   0.250    -.0183823    .0705277
       var11 |   .0002573   .0006424     0.40   0.689     -.001002    .0015165
       var12 |  -.0001974   .0008188    -0.24   0.809    -.0018023    .0014075
       var14 |   5.878768   5.725308     1.03   0.305    -5.343023    17.10056
       var15 |  -5.443234   5.943829    -0.92   0.360    -17.09333    6.206864
       var17 |   .0000738   .0000248     2.97   0.003     .0000251    .0001224
       var18 |   -.000086   .0000325    -2.65   0.008    -.0001497   -.0000224
       _cons |   46.99497   2.663412    17.64   0.000      41.7746    52.21534
------------------------------------------------------------------------------

Absorbed degrees of freedom:
-----------------------------------------------------------+
       Absorbed FE | Categories  - Redundant  = Num. Coefs |
-------------------+---------------------------------------|
   firm_id#user_id |     41392       41392           0    *|
                yh |        11           1          10     |
-----------------------------------------------------------+
* = FE nested within cluster; treated as redundant for DoF computation
(dropped 6120 singleton observations)
(MWFE estimator converged in 8 iterations)

Stored estimation results
-------------------------
----------------------------------------------------------------------------
             |           Dependent  Number of        
        Name | Command    variable     param.  Title 
-------------+--------------------------------------------------------------
_ivreg2_var3 | ivreg2         var3         11  First-stage regression: var3
_ivreg2_var5 | ivreg2         var5         11  First-stage regression: var5
_ivreg2_var9 | ivreg2         var9         11  First-stage regression: var9
_ivreg2_v~12 | ivreg2        var12         11  First-stage regression: var12
_ivreg2_v~15 | ivreg2        var15         11  First-stage regression: var15
_ivreg2_v~18 | ivreg2        var18         11  First-stage regression: var18
----------------------------------------------------------------------------

IV (2SLS) estimation
--------------------

Estimates efficient for homoskedasticity only
Statistics robust to heteroskedasticity and clustering on user_id

Number of clusters (user_id) =   32957                Number of obs =   203676
                                                      F( 11, 32956) =     0.38
                                                      Prob > F      =   0.9639
Total (centered) SS     =  50595012.07                Centered R2   =  -6.1168
Total (uncentered) SS   =  50595012.07                Uncentered R2 =  -6.1168
Residual SS             =  360072962.9                Root MSE      =    42.05

------------------------------------------------------------------------------
             |               Robust
total_co~100 | Coefficient  std. err.      t    P>|t|     [95% conf. interval]
-------------+----------------------------------------------------------------
        var3 |   3128.351   4957.804     0.63   0.528    -6589.124    12845.83
        var5 |   213.7236   260.6295     0.82   0.412    -297.1197    724.5669
        var9 |   -5.76023   15.92175    -0.36   0.718    -36.96743    25.44697
       var12 |  -.1467699   .1355636    -1.08   0.279    -.4124794    .1189396
       var15 |  -3065.772   4957.348    -0.62   0.536    -12782.35    6650.809
       var18 |   .0065411    .011134     0.59   0.557    -.0152819    .0283641
        var4 |  -179.3852   230.3617    -0.78   0.436    -630.9025    272.1321
        var8 |   3.609527   10.96611     0.33   0.742    -17.88444     25.1035
       var11 |   .0995713   .1181864     0.84   0.400    -.1320784     .331221
       var14 |   2847.222   4622.212     0.62   0.538     -6212.48    11906.92
       var17 |  -.0046318   .0078571    -0.59   0.556     -.020032    .0107684
------------------------------------------------------------------------------
Underidentification test (Kleibergen-Paap rk LM statistic):              0.651
                                                   Chi-sq(1) P-val =    0.4197
------------------------------------------------------------------------------
Weak identification test (Cragg-Donald Wald F statistic):                1.528
                         (Kleibergen-Paap rk Wald F statistic):          0.109
Stock-Yogo weak ID test critical values:                       <not available>
------------------------------------------------------------------------------
Hansen J statistic (overidentification test of all instruments):         0.000
                                                 (equation exactly identified)
------------------------------------------------------------------------------
Instrumented:         var3 var5 var9 var12 var15 var18
Included instruments: var4 var8 var11 var14 var17
Excluded instruments: var6 var7 var10 var13 var16 var19
Partialled-out:       _cons
                      nb: total SS, model F and R2s are after partialling-out;
                          any small-sample adjustments include partialled-out
                          variables in regressor count K
------------------------------------------------------------------------------

Absorbed degrees of freedom:
-----------------------------------------------------------+
       Absorbed FE | Categories  - Redundant  = Num. Coefs |
-------------------+---------------------------------------|
   firm_id#user_id |     39185       39185           0    *|
                yh |        11           1          10     |
-----------------------------------------------------------+
* = FE nested within cluster; treated as redundant for DoF computation

. 
. // 5) Close & export
. postclose handle

. use `out', clear

. export delimited using "`result_dir'/consolidated_results.csv", ///
>     replace delimiter(",") quote
file ../results/raw/user_mechanisms_precovid/consolidated_results.csv saved

. 
. display as result "→ CSV written to `result_dir'/consolidated_results.csv"
→ CSV written to ../results/raw/user_mechanisms_precovid/consolidated_results.csv

. capture log close
