-----------------------------------------------------------------------------------------------------------------------------------------
      name:  <unnamed>
       log:  /Users/saul/Dropbox/Remote Work Startups/main/spec/log/user_mechanisms.log
  log type:  text
 opened on:   1 Jun 2025, 21:45:52

. 
. 
. // 0) Globals + setup
. do "../src/globals.do"

. global raw_data "../data/raw"

. global processed_data  "../data/processed"

. global results "../results/raw"

. global clean_results "../results/cleaned"

. 
. 
. 
end of do-file

. local result_dir "$results/`specname'"

. capture mkdir "`result_dir'"

. 
. // 1) Load & prepare once
. use "$processed_data/user_panel.dta", clear

. gen seniority_4 = !inrange(seniority_levels,1,3)

. // drop if missing(hhi_1000, seniority_4, rent)
. 
. // interactions
. gen var8  = covid*rent
(6,813 missing values generated)

. gen var9  = covid*rent*remote
(6,813 missing values generated)

. gen var10 = teleworkable*covid*rent
(21,428 missing values generated)

. gen var11 = covid*hhi_1000
(118 missing values generated)

. gen var12 = covid*hhi_1000*remote
(118 missing values generated)

. gen var13 = teleworkable*covid*hhi_1000
(15,305 missing values generated)

. gen var14 = covid*seniority_4

. gen var15 = covid*seniority_4*remote

. gen var16 = teleworkable*covid*seniority_4
(15,194 missing values generated)

. 
. 
. // pick your mechanism here
. // local mech    sd_wage
. // local mech_label  sdw 
. 
. local mech    p90_p10_gap

. local mech_label  gap

. 
. // generate interactions
. gen var17 = covid*`mech'

. gen var18 = covid*`mech'*remote

. gen var19 = teleworkable*covid*`mech'
(15,194 missing values generated)

. 
. 
. 
. 
. capture postclose handle

. tempfile out

. postfile handle ///
>     str8   model_type  /// 
>     str244 spec        ///
>     str40  param       ///
>     double coef se pval pre_mean rkf nobs ///
>     using `out', replace
(file /var/folders/hg/s3xm9w393gxby64_zklmhgbc0000gn/T//S_56802.000001 not found)

. 
. 
. 
. local specs ///
>   "baseline" ///
>   "rent" "hhi" "seniority" "`mech_label'" ///
>   "rent_hhi" "rent_seniority" "rent_`mech_label'" "hhi_seniority" "hhi_`mech_label'" "seniority_`mech_label'" ///
>   "rent_hhi_seniority" "rent_hhi_`mech_label'" "rent_seniority_`mech_label'" "hhi_seniority_`mech_label'" ///
>   "rent_hhi_seniority_`mech_label'"

. 
. 
.   
. * ────────────────────────────────────────────────────────
. * 3) Define spec_… locals for OLS exog, IV exog, instruments & endogenous
. *    (indices correspond to word positions in `specs`)
. * ────────────────────────────────────────────────────────
. 
. //  1) baseline
. local spec_ols_exog1  var4

. local spec_iv_exog1   var4

. local spec_instr1     var6 var7

. local spec_endo1      var3 var5

. 
. //  2) rent
. local spec_ols_exog2  var4 var8  var9

. local spec_iv_exog2   var4 var8

. local spec_instr2     var6 var7 var10

. local spec_endo2      var3 var5 var9

. 
. //  3) hhi
. local spec_ols_exog3  var4 var11 var12

. local spec_iv_exog3   var4 var11

. local spec_instr3     var6 var7 var13

. local spec_endo3      var3 var5 var12

. 
. //  4) seniority
. local spec_ols_exog4  var4 var14 var15

. local spec_iv_exog4   var4 var14

. local spec_instr4     var6 var7 var16

. local spec_endo4      var3 var5 var15

. 
. //  5) `mech'
. local spec_ols_exog5  var4 var17 var18

. local spec_iv_exog5   var4 var17

. local spec_instr5     var6 var7 var19

. local spec_endo5      var3 var5 var18

. 
. //  6) rent_hhi
. local spec_ols_exog6  var4 var8 var9 var11 var12

. local spec_iv_exog6   var4 var8 var11

. local spec_instr6     var6 var7 var10 var13

. local spec_endo6      var3 var5 var9 var12

. 
. //  7) rent_seniority
. local spec_ols_exog7  var4 var8 var9 var14 var15

. local spec_iv_exog7   var4 var8 var14

. local spec_instr7     var6 var7 var10 var16

. local spec_endo7      var3 var5 var9 var15

. 
. //  8) rent_`mech'
. local spec_ols_exog8  var4 var8 var9 var17 var18

. local spec_iv_exog8   var4 var8 var17

. local spec_instr8     var6 var7 var10 var19

. local spec_endo8      var3 var5 var9 var18

. 
. //  9) hhi_seniority
. local spec_ols_exog9  var4 var11 var12 var14 var15

. local spec_iv_exog9   var4 var11 var14

. local spec_instr9     var6 var7 var13 var16

. local spec_endo9      var3 var5 var12 var15

. 
. // 10) hhi_`mech'
. local spec_ols_exog10 var4 var11 var12 var17 var18

. local spec_iv_exog10  var4 var11 var17

. local spec_instr10    var6 var7 var13 var19

. local spec_endo10     var3 var5 var12 var18

. 
. // 11) `mech'_seniority
. local spec_ols_exog11 var4 var17 var18 var14 var15

. local spec_iv_exog11  var4 var17 var14

. local spec_instr11    var6 var7 var19 var16

. local spec_endo11     var3 var5 var18 var15

. 
. // 12) rent_hhi_seniority
. local spec_ols_exog12 var4 var8 var9 var11 var12 var14 var15

. local spec_iv_exog12  var4 var8 var11 var14

. local spec_instr12    var6 var7 var10 var13 var16

. local spec_endo12     var3 var5 var9 var12 var15

. 
. // 13) rent_hhi_`mech'
. local spec_ols_exog13 var4 var8 var9 var11 var12 var17 var18

. local spec_iv_exog13  var4 var8 var11 var17

. local spec_instr13    var6 var7 var10 var13 var19

. local spec_endo13     var3 var5 var9 var12 var18

. 
. // 14) rent_seniority_`mech'
. local spec_ols_exog14 var4 var8 var9 var14 var15 var17 var18

. local spec_iv_exog14  var4 var8 var14 var17

. local spec_instr14    var6 var7 var10 var16 var19

. local spec_endo14     var3 var5 var9 var15 var18

. 
. // 15) hhi_seniority_`mech'
. local spec_ols_exog15 var4 var11 var12 var14 var15 var17 var18

. local spec_iv_exog15  var4 var11 var14 var17

. local spec_instr15    var6 var7 var13 var16 var19

. local spec_endo15     var3 var5 var12 var15 var18

. 
. // 16) rent_hhi_seniority_`mech'
. local spec_ols_exog16 var4 var8 var9 var11 var12 var14 var15 var17 var18

. local spec_iv_exog16  var4 var8 var11 var14 var17

. local spec_instr16    var6 var7 var10 var13 var16 var19

. local spec_endo16     var3 var5 var9 var12 var15 var18

. 
. 
. 
. // drop if missing(rent, hhi_1000, seniority_4, sd_wage, p90_p10_gap)
. 
. 
. // 3) SPEC 1: Baseline on the full sample
. display as text "→ Spec 1: baseline (full sample)"
→ Spec 1: baseline (full sample)

. 
. summarize total_contributions_q100 if covid == 0, meanonly

. local pre_mean = r(mean)

. 
. // 3a) OLS
. reghdfe total_contributions_q100 var3 var5 var4, ///
>     absorb(firm_id user_id yh) vce(cluster user_id)
(dropped 1443 singleton observations)
(MWFE estimator converged in 80 iterations)

HDFE Linear regression                            Number of obs   =    229,862
Absorbing 3 HDFE groups                           F(   3,  35788) =      11.67
Statistics robust to heteroskedasticity           Prob > F        =     0.0000
                                                  R-squared       =     0.6838
                                                  Adj R-squared   =     0.6213
                                                  Within R-sq.    =     0.0004
Number of clusters (user_id) =     35,789         Root MSE        =    18.4409

                           (Std. err. adjusted for 35,789 clusters in user_id)
------------------------------------------------------------------------------
             |               Robust
total_co~100 | Coefficient  std. err.      t    P>|t|     [95% conf. interval]
-------------+----------------------------------------------------------------
        var3 |  -1.032798   .4818263    -2.14   0.032    -1.977192   -.0884035
        var5 |   5.175073   1.236242     4.19   0.000     2.752001    7.598144
        var4 |  -5.526524   1.065824    -5.19   0.000    -7.615571   -3.437477
       _cons |   50.13249   .1467355   341.65   0.000     49.84489     50.4201
------------------------------------------------------------------------------

Absorbed degrees of freedom:
-----------------------------------------------------+
 Absorbed FE | Categories  - Redundant  = Num. Coefs |
-------------+---------------------------------------|
     firm_id |      2151           1        2150     |
     user_id |     35789       35789           0    *|
          yh |        11           1          10     |
-----------------------------------------------------+
* = FE nested within cluster; treated as redundant for DoF computation

. local N = e(N)

. foreach p in var3 var5 {
  2.     local b    = _b[`p']
  3.     local se   = _se[`p']
  4.     local t    = `b'/`se'
  5.     local pval = 2*ttail(e(df_r), abs(`t'))
  6.     post handle ("OLS") ("baseline") ("`p'") ///
>                 (`b') (`se') (`pval') (`pre_mean') ///
>                 (.) (`N')
  7. }

. 
. // 3b) IV
. ivreghdfe total_contributions_q100 (var3 var5 = var6 var7) var4, ///
>     absorb(firm_id user_id yh) vce(cluster user_id) savefirst
(dropped 1443 singleton observations)
(MWFE estimator converged in 80 iterations)

Stored estimation results
-------------------------
---------------------------------------------------------------------------
             |           Dependent  Number of        
        Name | Command    variable     param.  Title 
-------------+-------------------------------------------------------------
_ivreg2_var3 | ivreg2         var3          3  First-stage regression: var3
_ivreg2_var5 | ivreg2         var5          3  First-stage regression: var5
---------------------------------------------------------------------------

IV (2SLS) estimation
--------------------

Estimates efficient for homoskedasticity only
Statistics robust to heteroskedasticity and clustering on user_id

Number of clusters (user_id) =   35789                Number of obs =   229862
                                                      F(  3, 35788) =     7.03
                                                      Prob > F      =   0.0001
Total (centered) SS     =  65286353.41                Centered R2   =  -0.0014
Total (uncentered) SS   =  65286353.41                Uncentered R2 =  -0.0014
Residual SS             =  65377411.43                Root MSE      =    16.94

------------------------------------------------------------------------------
             |               Robust
total_co~100 | Coefficient  std. err.      t    P>|t|     [95% conf. interval]
-------------+----------------------------------------------------------------
        var3 |  -7.151334   3.898685    -1.83   0.067    -14.79287    .4902066
        var5 |   9.937201   5.370722     1.85   0.064    -.5895776    20.46398
        var4 |  -8.364159    4.04877    -2.07   0.039    -16.29987    -.428447
------------------------------------------------------------------------------
Underidentification test (Kleibergen-Paap rk LM statistic):            266.393
                                                   Chi-sq(1) P-val =    0.0000
------------------------------------------------------------------------------
Weak identification test (Cragg-Donald Wald F statistic):             1850.988
                         (Kleibergen-Paap rk Wald F statistic):        140.597
Stock-Yogo weak ID test critical values: 10% maximal IV size              7.03
                                         15% maximal IV size              4.58
                                         20% maximal IV size              3.95
                                         25% maximal IV size              3.63
Source: Stock-Yogo (2005).  Reproduced by permission.
NB: Critical values are for Cragg-Donald F statistic and i.i.d. errors.
------------------------------------------------------------------------------
Hansen J statistic (overidentification test of all instruments):         0.000
                                                 (equation exactly identified)
------------------------------------------------------------------------------
Instrumented:         var3 var5
Included instruments: var4
Excluded instruments: var6 var7
Partialled-out:       _cons
                      nb: total SS, model F and R2s are after partialling-out;
                          any small-sample adjustments include partialled-out
                          variables in regressor count K
------------------------------------------------------------------------------

Absorbed degrees of freedom:
-----------------------------------------------------+
 Absorbed FE | Categories  - Redundant  = Num. Coefs |
-------------+---------------------------------------|
     firm_id |      2151           1        2150     |
     user_id |     35789       35789           0    *|
          yh |        11           1          10     |
-----------------------------------------------------+
* = FE nested within cluster; treated as redundant for DoF computation

. local rkf = e(rkf)

. local N   = e(N)

. foreach p in var3 var5 {
  2.     local b    = _b[`p']
  3.     local se   = _se[`p']
  4.     local t    = `b'/`se'
  5.     local pval = 2*ttail(e(df_r), abs(`t'))
  6.     post handle ("IV") ("baseline") ("`p'") ///
>                 (`b') (`se') (`pval') (`pre_mean') ///
>                 (`rkf') (`N')
  7. }

. 
. 
. 
. // 4) Loop
. forvalues i = 2/16 {
  2.     // 1) pick the spec name
.     local spec    : word `i' of `specs'
  3. 
.     // 2) build up the four pieces we need
.     local ols_exog "`spec_ols_exog`i''"
  4.     local iv_exog  "`spec_iv_exog`i''"
  5.     local instr    "`spec_instr`i''"
  6.     local endo     "`spec_endo`i''"
  7.         
. 
.     display as text "→ Spec `i': `spec'"
  8. 
.     summarize total_contributions_q100 if covid == 0, meanonly
  9.     local pre_mean = r(mean)
 10. 
.     // 4a) OLS
.     reghdfe total_contributions_q100 var3 var5 `ols_exog', ///
>         absorb(firm_id user_id yh) vce(cluster user_id)
 11.         
.         local N = e(N) 
 12.         
.     foreach p in var3 var5 {
 13.         local b    = _b[`p']
 14.         local se   = _se[`p']
 15.         local t    = `b'/`se'
 16.         local pval = 2*ttail(e(df_r), abs(`t'))
 17.        post handle ("OLS") ("`spec'") ("`p'") ///
>                     (`b') (`se') (`pval') (`pre_mean') ///
>                     (.) (`N')
 18.     }
 19. 
.     // 4b) IV
.     ivreghdfe total_contributions_q100 (`endo' = `instr') `iv_exog', ///
>         absorb(firm_id user_id yh) vce(cluster user_id) savefirst
 20.     local rkf = e(rkf)
 21.         local N   = e(N)
 22.         
.     foreach p in var3 var5 {
 23.         local b    = _b[`p']
 24.         local se   = _se[`p']
 25.         local t    = `b'/`se'
 26.         local pval = 2*ttail(e(df_r), abs(`t'))
 27.        post handle ("IV") ("`spec'") ("`p'") ///
>                     (`b') (`se') (`pval') (`pre_mean') ///
>                     (`rkf') (`N')
 28.     }
 29. 
. }
→ Spec 2: rent
(dropped 1489 singleton observations)
(MWFE estimator converged in 83 iterations)

HDFE Linear regression                            Number of obs   =    223,003
Absorbing 3 HDFE groups                           F(   5,  34869) =       7.89
Statistics robust to heteroskedasticity           Prob > F        =     0.0000
                                                  R-squared       =     0.6851
                                                  Adj R-squared   =     0.6227
                                                  Within R-sq.    =     0.0004
Number of clusters (user_id) =     34,870         Root MSE        =    18.4066

                           (Std. err. adjusted for 34,870 clusters in user_id)
------------------------------------------------------------------------------
             |               Robust
total_co~100 | Coefficient  std. err.      t    P>|t|     [95% conf. interval]
-------------+----------------------------------------------------------------
        var3 |  -1.898342   1.131275    -1.68   0.093    -4.115677    .3189928
        var5 |   2.838743   1.236221     2.30   0.022     .4157114    5.261776
        var4 |  -3.219017   1.060353    -3.04   0.002    -5.297343    -1.14069
        var8 |  -.0426651   .0164439    -2.59   0.009    -.0748956   -.0104346
        var9 |   .0238175   .0219178     1.09   0.277    -.0191421     .066777
       _cons |   50.98935   .3620065   140.85   0.000     50.27981     51.6989
------------------------------------------------------------------------------

Absorbed degrees of freedom:
-----------------------------------------------------+
 Absorbed FE | Categories  - Redundant  = Num. Coefs |
-------------+---------------------------------------|
     firm_id |      2020           1        2019     |
     user_id |     34870       34870           0    *|
          yh |        11           1          10     |
-----------------------------------------------------+
* = FE nested within cluster; treated as redundant for DoF computation
(dropped 1668 singleton observations)
(MWFE estimator converged in 82 iterations)

Stored estimation results
-------------------------
---------------------------------------------------------------------------
             |           Dependent  Number of        
        Name | Command    variable     param.  Title 
-------------+-------------------------------------------------------------
_ivreg2_var3 | ivreg2         var3          5  First-stage regression: var3
_ivreg2_var5 | ivreg2         var5          5  First-stage regression: var5
_ivreg2_var9 | ivreg2         var9          5  First-stage regression: var9
---------------------------------------------------------------------------

IV (2SLS) estimation
--------------------

Estimates efficient for homoskedasticity only
Statistics robust to heteroskedasticity and clustering on user_id

Number of clusters (user_id) =   33250                Number of obs =   208209
                                                      F(  5, 33249) =     0.11
                                                      Prob > F      =   0.9896
Total (centered) SS     =  57889938.47                Centered R2   = -23.6349
Total (uncentered) SS   =  57889938.47                Uncentered R2 = -23.6349
Residual SS             =   1426113005                Root MSE      =    83.16

------------------------------------------------------------------------------
             |               Robust
total_co~100 | Coefficient  std. err.      t    P>|t|     [95% conf. interval]
-------------+----------------------------------------------------------------
        var3 |    1614.76   2567.285     0.63   0.529    -3417.209    6646.729
        var5 |  -136.3605   236.8438    -0.58   0.565    -600.5826    327.8616
        var9 |  -30.35775   48.09586    -0.63   0.528    -124.6273    63.91184
        var4 |   123.5942    210.677     0.59   0.557    -289.3401    536.5285
        var8 |   19.97522   31.66189     0.63   0.528    -42.08321    82.03366
------------------------------------------------------------------------------
Underidentification test (Kleibergen-Paap rk LM statistic):              0.413
                                                   Chi-sq(1) P-val =    0.5202
------------------------------------------------------------------------------
Weak identification test (Cragg-Donald Wald F statistic):                0.714
                         (Kleibergen-Paap rk Wald F statistic):          0.137
Stock-Yogo weak ID test critical values:                       <not available>
------------------------------------------------------------------------------
Hansen J statistic (overidentification test of all instruments):         0.000
                                                 (equation exactly identified)
------------------------------------------------------------------------------
Instrumented:         var3 var5 var9
Included instruments: var4 var8
Excluded instruments: var6 var7 var10
Partialled-out:       _cons
                      nb: total SS, model F and R2s are after partialling-out;
                          any small-sample adjustments include partialled-out
                          variables in regressor count K
------------------------------------------------------------------------------

Absorbed degrees of freedom:
-----------------------------------------------------+
 Absorbed FE | Categories  - Redundant  = Num. Coefs |
-------------+---------------------------------------|
     firm_id |      1982           1        1981     |
     user_id |     33250       33250           0    *|
          yh |        11           1          10     |
-----------------------------------------------------+
* = FE nested within cluster; treated as redundant for DoF computation
→ Spec 3: hhi
(dropped 1446 singleton observations)
(MWFE estimator converged in 81 iterations)

HDFE Linear regression                            Number of obs   =    229,741
Absorbing 3 HDFE groups                           F(   5,  35777) =       7.33
Statistics robust to heteroskedasticity           Prob > F        =     0.0000
                                                  R-squared       =     0.6838
                                                  Adj R-squared   =     0.6213
                                                  Within R-sq.    =     0.0004
Number of clusters (user_id) =     35,778         Root MSE        =    18.4404

                           (Std. err. adjusted for 35,778 clusters in user_id)
------------------------------------------------------------------------------
             |               Robust
total_co~100 | Coefficient  std. err.      t    P>|t|     [95% conf. interval]
-------------+----------------------------------------------------------------
        var3 |  -.5266943   .5945949    -0.89   0.376    -1.692118    .6387298
        var5 |   5.584976   1.285314     4.35   0.000     3.065722    8.104231
        var4 |  -5.850447   1.119558    -5.23   0.000    -8.044814    -3.65608
       var11 |   .0007809   .0006108     1.28   0.201    -.0004163     .001978
       var12 |  -.0010972   .0007706    -1.42   0.155    -.0026076    .0004132
       _cons |   49.96909   .1916493   260.73   0.000     49.59346    50.34473
------------------------------------------------------------------------------

Absorbed degrees of freedom:
-----------------------------------------------------+
 Absorbed FE | Categories  - Redundant  = Num. Coefs |
-------------+---------------------------------------|
     firm_id |      2134           1        2133     |
     user_id |     35778       35778           0    *|
          yh |        11           1          10     |
-----------------------------------------------------+
* = FE nested within cluster; treated as redundant for DoF computation
(dropped 1630 singleton observations)
(MWFE estimator converged in 88 iterations)

Stored estimation results
-------------------------
----------------------------------------------------------------------------
             |           Dependent  Number of        
        Name | Command    variable     param.  Title 
-------------+--------------------------------------------------------------
_ivreg2_var3 | ivreg2         var3          5  First-stage regression: var3
_ivreg2_var5 | ivreg2         var5          5  First-stage regression: var5
_ivreg2_v~12 | ivreg2        var12          5  First-stage regression: var12
----------------------------------------------------------------------------

IV (2SLS) estimation
--------------------

Estimates efficient for homoskedasticity only
Statistics robust to heteroskedasticity and clustering on user_id

Number of clusters (user_id) =   34121                Number of obs =   214370
                                                      F(  5, 34120) =     0.00
                                                      Prob > F      =   1.0000
Total (centered) SS     =  59825899.35                Centered R2   = -4.9e+02
Total (uncentered) SS   =  59825899.35                Uncentered R2 = -4.9e+02
Residual SS             =  2.96341e+10                Root MSE      =    373.6

------------------------------------------------------------------------------
             |               Robust
total_co~100 | Coefficient  std. err.      t    P>|t|     [95% conf. interval]
-------------+----------------------------------------------------------------
        var3 |  -3684.243   164768.9    -0.02   0.982    -326636.9    319268.4
        var5 |  -2647.937   119195.7    -0.02   0.982    -236275.5    230979.6
       var12 |   3.297294   147.7888     0.02   0.982    -286.3737    292.9683
        var4 |   2643.812     118922     0.02   0.982    -230447.3      235735
       var11 |  -2.500858   112.1029    -0.02   0.982    -222.2264    217.2247
------------------------------------------------------------------------------
Underidentification test (Kleibergen-Paap rk LM statistic):              0.001
                                                   Chi-sq(1) P-val =    0.9821
------------------------------------------------------------------------------
Weak identification test (Cragg-Donald Wald F statistic):                0.017
                         (Kleibergen-Paap rk Wald F statistic):          0.000
Stock-Yogo weak ID test critical values:                       <not available>
------------------------------------------------------------------------------
Hansen J statistic (overidentification test of all instruments):         0.000
                                                 (equation exactly identified)
------------------------------------------------------------------------------
Instrumented:         var3 var5 var12
Included instruments: var4 var11
Excluded instruments: var6 var7 var13
Partialled-out:       _cons
                      nb: total SS, model F and R2s are after partialling-out;
                          any small-sample adjustments include partialled-out
                          variables in regressor count K
------------------------------------------------------------------------------

Absorbed degrees of freedom:
-----------------------------------------------------+
 Absorbed FE | Categories  - Redundant  = Num. Coefs |
-------------+---------------------------------------|
     firm_id |      2093           1        2092     |
     user_id |     34121       34121           0    *|
          yh |        11           1          10     |
-----------------------------------------------------+
* = FE nested within cluster; treated as redundant for DoF computation
→ Spec 4: seniority
(dropped 1443 singleton observations)
(MWFE estimator converged in 81 iterations)

HDFE Linear regression                            Number of obs   =    229,862
Absorbing 3 HDFE groups                           F(   5,  35788) =       7.15
Statistics robust to heteroskedasticity           Prob > F        =     0.0000
                                                  R-squared       =     0.6838
                                                  Adj R-squared   =     0.6213
                                                  Within R-sq.    =     0.0004
Number of clusters (user_id) =     35,789         Root MSE        =    18.4409

                           (Std. err. adjusted for 35,789 clusters in user_id)
------------------------------------------------------------------------------
             |               Robust
total_co~100 | Coefficient  std. err.      t    P>|t|     [95% conf. interval]
-------------+----------------------------------------------------------------
        var3 |   3.606528   5.799274     0.62   0.534    -7.760225    14.97328
        var5 |   5.048937    1.24479     4.06   0.000     2.609111    7.488763
        var4 |   -5.38294   1.070417    -5.03   0.000     -7.48099    -3.28489
       var14 |   5.162217   5.600395     0.92   0.357    -5.814726    16.13916
       var15 |  -4.632434    5.79168    -0.80   0.424     -15.9843    6.719434
       _cons |   47.78879   2.544174    18.78   0.000     42.80214    52.77545
------------------------------------------------------------------------------

Absorbed degrees of freedom:
-----------------------------------------------------+
 Absorbed FE | Categories  - Redundant  = Num. Coefs |
-------------+---------------------------------------|
     firm_id |      2151           1        2150     |
     user_id |     35789       35789           0    *|
          yh |        11           1          10     |
-----------------------------------------------------+
* = FE nested within cluster; treated as redundant for DoF computation
(dropped 1629 singleton observations)
(MWFE estimator converged in 90 iterations)

Stored estimation results
-------------------------
----------------------------------------------------------------------------
             |           Dependent  Number of        
        Name | Command    variable     param.  Title 
-------------+--------------------------------------------------------------
_ivreg2_var3 | ivreg2         var3          5  First-stage regression: var3
_ivreg2_var5 | ivreg2         var5          5  First-stage regression: var5
_ivreg2_v~15 | ivreg2        var15          5  First-stage regression: var15
----------------------------------------------------------------------------

IV (2SLS) estimation
--------------------

Estimates efficient for homoskedasticity only
Statistics robust to heteroskedasticity and clustering on user_id

Number of clusters (user_id) =   34131                Number of obs =   214482
                                                      F(  5, 34130) =     0.07
                                                      Prob > F      =   0.9968
Total (centered) SS     =  59857050.22                Centered R2   = -1.0e+03
Total (uncentered) SS   =  59857050.22                Uncentered R2 = -1.0e+03
Residual SS             =  5.98844e+10                Root MSE      =      531

------------------------------------------------------------------------------
             |               Robust
total_co~100 | Coefficient  std. err.      t    P>|t|     [95% conf. interval]
-------------+----------------------------------------------------------------
        var3 |     -51324   88996.32    -0.58   0.564    -225759.8    123111.8
        var5 |   -659.193    1228.12    -0.54   0.591    -3066.349    1747.963
       var15 |   51595.98   89460.53     0.58   0.564    -123749.6    226941.6
        var4 |   476.8661   903.5528     0.53   0.598    -1294.128     2247.86
       var14 |   -48251.4   83705.13    -0.58   0.564    -212316.3    115813.5
------------------------------------------------------------------------------
Underidentification test (Kleibergen-Paap rk LM statistic):              0.340
                                                   Chi-sq(1) P-val =    0.5596
------------------------------------------------------------------------------
Weak identification test (Cragg-Donald Wald F statistic):                0.011
                         (Kleibergen-Paap rk Wald F statistic):          0.112
Stock-Yogo weak ID test critical values:                       <not available>
------------------------------------------------------------------------------
Hansen J statistic (overidentification test of all instruments):         0.000
                                                 (equation exactly identified)
------------------------------------------------------------------------------
Instrumented:         var3 var5 var15
Included instruments: var4 var14
Excluded instruments: var6 var7 var16
Partialled-out:       _cons
                      nb: total SS, model F and R2s are after partialling-out;
                          any small-sample adjustments include partialled-out
                          variables in regressor count K
------------------------------------------------------------------------------

Absorbed degrees of freedom:
-----------------------------------------------------+
 Absorbed FE | Categories  - Redundant  = Num. Coefs |
-------------+---------------------------------------|
     firm_id |      2109           1        2108     |
     user_id |     34131       34131           0    *|
          yh |        11           1          10     |
-----------------------------------------------------+
* = FE nested within cluster; treated as redundant for DoF computation
→ Spec 5: gap
(dropped 1443 singleton observations)
(MWFE estimator converged in 80 iterations)

HDFE Linear regression                            Number of obs   =    229,862
Absorbing 3 HDFE groups                           F(   5,  35788) =       8.83
Statistics robust to heteroskedasticity           Prob > F        =     0.0000
                                                  R-squared       =     0.6839
                                                  Adj R-squared   =     0.6214
                                                  Within R-sq.    =     0.0005
Number of clusters (user_id) =     35,789         Root MSE        =    18.4398

                           (Std. err. adjusted for 35,789 clusters in user_id)
------------------------------------------------------------------------------
             |               Robust
total_co~100 | Coefficient  std. err.      t    P>|t|     [95% conf. interval]
-------------+----------------------------------------------------------------
        var3 |    3.35647   1.563223     2.15   0.032     .2925062    6.420435
        var5 |   5.021333   1.233543     4.07   0.000     2.603552    7.439114
        var4 |  -5.325815   1.063259    -5.01   0.000    -7.409835   -3.241795
       var17 |   .0000777   .0000237     3.29   0.001     .0000313    .0001241
       var18 |  -.0000899   .0000311    -2.89   0.004    -.0001509   -.0000289
       _cons |   48.39911    .538949    89.80   0.000     47.34275    49.45547
------------------------------------------------------------------------------

Absorbed degrees of freedom:
-----------------------------------------------------+
 Absorbed FE | Categories  - Redundant  = Num. Coefs |
-------------+---------------------------------------|
     firm_id |      2151           1        2150     |
     user_id |     35789       35789           0    *|
          yh |        11           1          10     |
-----------------------------------------------------+
* = FE nested within cluster; treated as redundant for DoF computation
(dropped 1629 singleton observations)
(MWFE estimator converged in 88 iterations)

Stored estimation results
-------------------------
----------------------------------------------------------------------------
             |           Dependent  Number of        
        Name | Command    variable     param.  Title 
-------------+--------------------------------------------------------------
_ivreg2_var3 | ivreg2         var3          5  First-stage regression: var3
_ivreg2_var5 | ivreg2         var5          5  First-stage regression: var5
_ivreg2_v~18 | ivreg2        var18          5  First-stage regression: var18
----------------------------------------------------------------------------

IV (2SLS) estimation
--------------------

Estimates efficient for homoskedasticity only
Statistics robust to heteroskedasticity and clustering on user_id

Number of clusters (user_id) =   34131                Number of obs =   214482
                                                      F(  5, 34130) =     1.21
                                                      Prob > F      =   0.2999
Total (centered) SS     =  59857050.22                Centered R2   =  -0.7724
Total (uncentered) SS   =  59857050.22                Uncentered R2 =  -0.7724
Residual SS             =  106091348.4                Root MSE      =    22.35

------------------------------------------------------------------------------
             |               Robust
total_co~100 | Coefficient  std. err.      t    P>|t|     [95% conf. interval]
-------------+----------------------------------------------------------------
        var3 |   392.7513   422.9293     0.93   0.353    -436.2042    1221.707
        var5 |  -106.4321   130.2595    -0.82   0.414    -361.7451    148.8809
       var18 |  -.0071719   .0074743    -0.96   0.337    -.0218217    .0074779
        var4 |   86.05544   104.5039     0.82   0.410    -118.7757    290.8866
       var17 |   .0050568   .0054128     0.93   0.350    -.0055523     .015666
------------------------------------------------------------------------------
Underidentification test (Kleibergen-Paap rk LM statistic):              0.930
                                                   Chi-sq(1) P-val =    0.3349
------------------------------------------------------------------------------
Weak identification test (Cragg-Donald Wald F statistic):               15.390
                         (Kleibergen-Paap rk Wald F statistic):          0.308
Stock-Yogo weak ID test critical values:                       <not available>
------------------------------------------------------------------------------
Hansen J statistic (overidentification test of all instruments):         0.000
                                                 (equation exactly identified)
------------------------------------------------------------------------------
Instrumented:         var3 var5 var18
Included instruments: var4 var17
Excluded instruments: var6 var7 var19
Partialled-out:       _cons
                      nb: total SS, model F and R2s are after partialling-out;
                          any small-sample adjustments include partialled-out
                          variables in regressor count K
------------------------------------------------------------------------------

Absorbed degrees of freedom:
-----------------------------------------------------+
 Absorbed FE | Categories  - Redundant  = Num. Coefs |
-------------+---------------------------------------|
     firm_id |      2109           1        2108     |
     user_id |     34131       34131           0    *|
          yh |        11           1          10     |
-----------------------------------------------------+
* = FE nested within cluster; treated as redundant for DoF computation
→ Spec 6: rent_hhi
(dropped 1490 singleton observations)
(MWFE estimator converged in 83 iterations)

HDFE Linear regression                            Number of obs   =    222,919
Absorbing 3 HDFE groups                           F(   7,  34861) =       5.93
Statistics robust to heteroskedasticity           Prob > F        =     0.0000
                                                  R-squared       =     0.6851
                                                  Adj R-squared   =     0.6227
                                                  Within R-sq.    =     0.0005
Number of clusters (user_id) =     34,862         Root MSE        =    18.4068

                           (Std. err. adjusted for 34,862 clusters in user_id)
------------------------------------------------------------------------------
             |               Robust
total_co~100 | Coefficient  std. err.      t    P>|t|     [95% conf. interval]
-------------+----------------------------------------------------------------
        var3 |   -1.38961   1.175254    -1.18   0.237    -3.693145    .9139249
        var5 |    3.29878   1.280149     2.58   0.010     .7896471    5.807913
        var4 |  -3.571928   1.107562    -3.23   0.001    -5.742784   -1.401072
        var8 |  -.0447046     .01668    -2.68   0.007     -.077398   -.0120112
        var9 |   .0251319   .0220945     1.14   0.255     -.018174    .0684379
       var11 |   .0008413   .0006257     1.34   0.179     -.000385    .0020676
       var12 |  -.0011969   .0007953    -1.50   0.132    -.0027557    .0003619
       _cons |   50.85014   .3711768   137.00   0.000     50.12262    51.57766
------------------------------------------------------------------------------

Absorbed degrees of freedom:
-----------------------------------------------------+
 Absorbed FE | Categories  - Redundant  = Num. Coefs |
-------------+---------------------------------------|
     firm_id |      2005           1        2004     |
     user_id |     34862       34862           0    *|
          yh |        11           1          10     |
-----------------------------------------------------+
* = FE nested within cluster; treated as redundant for DoF computation
(dropped 1669 singleton observations)
(MWFE estimator converged in 82 iterations)

Stored estimation results
-------------------------
----------------------------------------------------------------------------
             |           Dependent  Number of        
        Name | Command    variable     param.  Title 
-------------+--------------------------------------------------------------
_ivreg2_var3 | ivreg2         var3          7  First-stage regression: var3
_ivreg2_var5 | ivreg2         var5          7  First-stage regression: var5
_ivreg2_var9 | ivreg2         var9          7  First-stage regression: var9
_ivreg2_v~12 | ivreg2        var12          7  First-stage regression: var12
----------------------------------------------------------------------------

IV (2SLS) estimation
--------------------

Estimates efficient for homoskedasticity only
Statistics robust to heteroskedasticity and clustering on user_id

Number of clusters (user_id) =   33242                Number of obs =   208127
                                                      F(  7, 33241) =     0.91
                                                      Prob > F      =   0.4944
Total (centered) SS     =   57872273.7                Centered R2   =  -2.4329
Total (uncentered) SS   =   57872273.7                Uncentered R2 =  -2.4329
Residual SS             =  198672001.7                Root MSE      =    31.04

------------------------------------------------------------------------------
             |               Robust
total_co~100 | Coefficient  std. err.      t    P>|t|     [95% conf. interval]
-------------+----------------------------------------------------------------
        var3 |   478.3672   788.9248     0.61   0.544    -1067.953    2024.688
        var5 |   63.78023   215.2626     0.30   0.767     -358.142    485.7025
        var9 |  -5.061965    17.1399    -0.30   0.768    -38.65677    28.53284
       var12 |  -.1736355   .1158821    -1.50   0.134    -.4007685    .0534975
        var4 |  -70.54343   215.3728    -0.33   0.743    -492.6817    351.5948
        var8 |   2.870497   11.63555     0.25   0.805    -19.93559    25.67658
       var11 |   .1255172   .1062833     1.18   0.238    -.0828019    .3338362
------------------------------------------------------------------------------
Underidentification test (Kleibergen-Paap rk LM statistic):              1.210
                                                   Chi-sq(1) P-val =    0.2713
------------------------------------------------------------------------------
Weak identification test (Cragg-Donald Wald F statistic):                4.890
                         (Kleibergen-Paap rk Wald F statistic):          0.301
Stock-Yogo weak ID test critical values:                       <not available>
------------------------------------------------------------------------------
Hansen J statistic (overidentification test of all instruments):         0.000
                                                 (equation exactly identified)
------------------------------------------------------------------------------
Instrumented:         var3 var5 var9 var12
Included instruments: var4 var8 var11
Excluded instruments: var6 var7 var10 var13
Partialled-out:       _cons
                      nb: total SS, model F and R2s are after partialling-out;
                          any small-sample adjustments include partialled-out
                          variables in regressor count K
------------------------------------------------------------------------------

Absorbed degrees of freedom:
-----------------------------------------------------+
 Absorbed FE | Categories  - Redundant  = Num. Coefs |
-------------+---------------------------------------|
     firm_id |      1968           1        1967     |
     user_id |     33242       33242           0    *|
          yh |        11           1          10     |
-----------------------------------------------------+
* = FE nested within cluster; treated as redundant for DoF computation
→ Spec 7: rent_seniority
(dropped 1489 singleton observations)
(MWFE estimator converged in 83 iterations)

HDFE Linear regression                            Number of obs   =    223,003
Absorbing 3 HDFE groups                           F(   7,  34869) =       5.83
Statistics robust to heteroskedasticity           Prob > F        =     0.0000
                                                  R-squared       =     0.6852
                                                  Adj R-squared   =     0.6227
                                                  Within R-sq.    =     0.0004
Number of clusters (user_id) =     34,870         Root MSE        =    18.4065

                           (Std. err. adjusted for 34,870 clusters in user_id)
------------------------------------------------------------------------------
             |               Robust
total_co~100 | Coefficient  std. err.      t    P>|t|     [95% conf. interval]
-------------+----------------------------------------------------------------
        var3 |   4.087034   5.802845     0.70   0.481    -7.286728    15.46079
        var5 |   2.659819   1.243127     2.14   0.032     .2232509    5.096387
        var4 |  -3.017112     1.0628    -2.84   0.005    -5.100234   -.9339891
        var8 |  -.0425777   .0164443    -2.59   0.010    -.0748091   -.0103462
        var9 |   .0234257   .0219313     1.07   0.285    -.0195603    .0664117
       var14 |   6.620312   5.541139     1.19   0.232    -4.240498    17.48112
       var15 |  -5.956613   5.742252    -1.04   0.300    -17.21161    5.298384
       _cons |   47.97722   2.531833    18.95   0.000     43.01474    52.93969
------------------------------------------------------------------------------

Absorbed degrees of freedom:
-----------------------------------------------------+
 Absorbed FE | Categories  - Redundant  = Num. Coefs |
-------------+---------------------------------------|
     firm_id |      2020           1        2019     |
     user_id |     34870       34870           0    *|
          yh |        11           1          10     |
-----------------------------------------------------+
* = FE nested within cluster; treated as redundant for DoF computation
(dropped 1668 singleton observations)
(MWFE estimator converged in 82 iterations)

Stored estimation results
-------------------------
----------------------------------------------------------------------------
             |           Dependent  Number of        
        Name | Command    variable     param.  Title 
-------------+--------------------------------------------------------------
_ivreg2_var3 | ivreg2         var3          7  First-stage regression: var3
_ivreg2_var5 | ivreg2         var5          7  First-stage regression: var5
_ivreg2_var9 | ivreg2         var9          7  First-stage regression: var9
_ivreg2_v~15 | ivreg2        var15          7  First-stage regression: var15
----------------------------------------------------------------------------

IV (2SLS) estimation
--------------------

Estimates efficient for homoskedasticity only
Statistics robust to heteroskedasticity and clustering on user_id

Number of clusters (user_id) =   33250                Number of obs =   208209
                                                      F(  7, 33249) =     0.11
                                                      Prob > F      =   0.9976
Total (centered) SS     =  57889938.47                Centered R2   = -16.9129
Total (uncentered) SS   =  57889938.47                Uncentered R2 = -16.9129
Residual SS             =   1036974600                Root MSE      =    70.91

------------------------------------------------------------------------------
             |               Robust
total_co~100 | Coefficient  std. err.      t    P>|t|     [95% conf. interval]
-------------+----------------------------------------------------------------
        var3 |   2960.934   4621.336     0.64   0.522    -6097.048    12018.92
        var5 |  -67.74336   192.8592    -0.35   0.725    -445.7543    310.2675
        var9 |  -24.97661   40.17804    -0.62   0.534     -103.727    53.77376
       var15 |  -1638.814   4120.868    -0.40   0.691     -9715.86    6438.232
        var4 |   68.35085   169.9002     0.40   0.687    -264.6595    401.3612
        var8 |   16.44003    26.4024     0.62   0.534    -35.30961    68.18967
       var14 |   1586.829   3849.596     0.41   0.680    -5958.516    9132.174
------------------------------------------------------------------------------
Underidentification test (Kleibergen-Paap rk LM statistic):              0.408
                                                   Chi-sq(1) P-val =    0.5228
------------------------------------------------------------------------------
Weak identification test (Cragg-Donald Wald F statistic):                0.630
                         (Kleibergen-Paap rk Wald F statistic):          0.101
Stock-Yogo weak ID test critical values:                       <not available>
------------------------------------------------------------------------------
Hansen J statistic (overidentification test of all instruments):         0.000
                                                 (equation exactly identified)
------------------------------------------------------------------------------
Instrumented:         var3 var5 var9 var15
Included instruments: var4 var8 var14
Excluded instruments: var6 var7 var10 var16
Partialled-out:       _cons
                      nb: total SS, model F and R2s are after partialling-out;
                          any small-sample adjustments include partialled-out
                          variables in regressor count K
------------------------------------------------------------------------------

Absorbed degrees of freedom:
-----------------------------------------------------+
 Absorbed FE | Categories  - Redundant  = Num. Coefs |
-------------+---------------------------------------|
     firm_id |      1982           1        1981     |
     user_id |     33250       33250           0    *|
          yh |        11           1          10     |
-----------------------------------------------------+
* = FE nested within cluster; treated as redundant for DoF computation
→ Spec 8: rent_gap
(dropped 1489 singleton observations)
(MWFE estimator converged in 83 iterations)

HDFE Linear regression                            Number of obs   =    223,003
Absorbing 3 HDFE groups                           F(   7,  34869) =       6.73
Statistics robust to heteroskedasticity           Prob > F        =     0.0000
                                                  R-squared       =     0.6852
                                                  Adj R-squared   =     0.6228
                                                  Within R-sq.    =     0.0005
Number of clusters (user_id) =     34,870         Root MSE        =    18.4057

                           (Std. err. adjusted for 34,870 clusters in user_id)
------------------------------------------------------------------------------
             |               Robust
total_co~100 | Coefficient  std. err.      t    P>|t|     [95% conf. interval]
-------------+----------------------------------------------------------------
        var3 |   2.190315   1.902969     1.15   0.250    -1.539565    5.920194
        var5 |   2.736982   1.234776     2.22   0.027     .3167826    5.157182
        var4 |  -3.080281   1.059101    -2.91   0.004    -5.156153   -1.004408
        var8 |  -.0414538   .0164532    -2.52   0.012    -.0737026   -.0092051
        var9 |   .0236739   .0219081     1.08   0.280    -.0192667    .0666145
       var17 |    .000071   .0000242     2.93   0.003     .0000235    .0001184
       var18 |  -.0000838   .0000316    -2.65   0.008    -.0001458   -.0000219
       _cons |   49.38187   .6558075    75.30   0.000     48.09646    50.66727
------------------------------------------------------------------------------

Absorbed degrees of freedom:
-----------------------------------------------------+
 Absorbed FE | Categories  - Redundant  = Num. Coefs |
-------------+---------------------------------------|
     firm_id |      2020           1        2019     |
     user_id |     34870       34870           0    *|
          yh |        11           1          10     |
-----------------------------------------------------+
* = FE nested within cluster; treated as redundant for DoF computation
(dropped 1668 singleton observations)
(MWFE estimator converged in 82 iterations)

Stored estimation results
-------------------------
----------------------------------------------------------------------------
             |           Dependent  Number of        
        Name | Command    variable     param.  Title 
-------------+--------------------------------------------------------------
_ivreg2_var3 | ivreg2         var3          7  First-stage regression: var3
_ivreg2_var5 | ivreg2         var5          7  First-stage regression: var5
_ivreg2_var9 | ivreg2         var9          7  First-stage regression: var9
_ivreg2_v~18 | ivreg2        var18          7  First-stage regression: var18
----------------------------------------------------------------------------

IV (2SLS) estimation
--------------------

Estimates efficient for homoskedasticity only
Statistics robust to heteroskedasticity and clustering on user_id

Number of clusters (user_id) =   33250                Number of obs =   208209
                                                      F(  7, 33249) =     0.02
                                                      Prob > F      =   1.0000
Total (centered) SS     =  57889938.47                Centered R2   = -99.5002
Total (uncentered) SS   =  57889938.47                Uncentered R2 = -99.5002
Residual SS             =   5817951728                Root MSE      =      168

------------------------------------------------------------------------------
             |               Robust
total_co~100 | Coefficient  std. err.      t    P>|t|     [95% conf. interval]
-------------+----------------------------------------------------------------
        var3 |  -670.5378   7445.766    -0.09   0.928     -15264.5    13923.43
        var5 |  -507.0691   2079.329    -0.24   0.807    -4582.628     3568.49
        var9 |   57.20743   327.1389     0.17   0.861    -583.9965    698.4113
       var18 |  -.0418155   .1901861    -0.22   0.826     -.414587    .3309559
        var4 |    383.183   1548.498     0.25   0.805    -2651.928    3418.294
        var8 |  -38.16853   217.5738    -0.18   0.861    -464.6209    388.2839
       var17 |     .02893   .1305444     0.22   0.825    -.2269416    .2848015
------------------------------------------------------------------------------
Underidentification test (Kleibergen-Paap rk LM statistic):              0.035
                                                   Chi-sq(1) P-val =    0.8510
------------------------------------------------------------------------------
Weak identification test (Cragg-Donald Wald F statistic):                0.105
                         (Kleibergen-Paap rk Wald F statistic):          0.009
Stock-Yogo weak ID test critical values:                       <not available>
------------------------------------------------------------------------------
Hansen J statistic (overidentification test of all instruments):         0.000
                                                 (equation exactly identified)
------------------------------------------------------------------------------
Instrumented:         var3 var5 var9 var18
Included instruments: var4 var8 var17
Excluded instruments: var6 var7 var10 var19
Partialled-out:       _cons
                      nb: total SS, model F and R2s are after partialling-out;
                          any small-sample adjustments include partialled-out
                          variables in regressor count K
------------------------------------------------------------------------------

Absorbed degrees of freedom:
-----------------------------------------------------+
 Absorbed FE | Categories  - Redundant  = Num. Coefs |
-------------+---------------------------------------|
     firm_id |      1982           1        1981     |
     user_id |     33250       33250           0    *|
          yh |        11           1          10     |
-----------------------------------------------------+
* = FE nested within cluster; treated as redundant for DoF computation
→ Spec 9: hhi_seniority
(dropped 1446 singleton observations)
(MWFE estimator converged in 81 iterations)

HDFE Linear regression                            Number of obs   =    229,741
Absorbing 3 HDFE groups                           F(   7,  35777) =       5.32
Statistics robust to heteroskedasticity           Prob > F        =     0.0000
                                                  R-squared       =     0.6838
                                                  Adj R-squared   =     0.6213
                                                  Within R-sq.    =     0.0004
Number of clusters (user_id) =     35,778         Root MSE        =    18.4404

                           (Std. err. adjusted for 35,778 clusters in user_id)
------------------------------------------------------------------------------
             |               Robust
total_co~100 | Coefficient  std. err.      t    P>|t|     [95% conf. interval]
-------------+----------------------------------------------------------------
        var3 |   5.252029   5.896973     0.89   0.373    -6.306217    16.81027
        var5 |   5.426892   1.290041     4.21   0.000     2.898373    7.955412
        var4 |  -5.698632    1.12266    -5.08   0.000    -7.899079   -3.498184
       var11 |   .0008254   .0006152     1.34   0.180    -.0003803    .0020312
       var12 |  -.0011412   .0007907    -1.44   0.149    -.0026909    .0004086
       var14 |   5.826638   5.624715     1.04   0.300    -5.197974    16.85125
       var15 |  -5.761295   5.841013    -0.99   0.324    -17.20986    5.687267
       _cons |   47.31662   2.564771    18.45   0.000     42.28959    52.34365
------------------------------------------------------------------------------

Absorbed degrees of freedom:
-----------------------------------------------------+
 Absorbed FE | Categories  - Redundant  = Num. Coefs |
-------------+---------------------------------------|
     firm_id |      2134           1        2133     |
     user_id |     35778       35778           0    *|
          yh |        11           1          10     |
-----------------------------------------------------+
* = FE nested within cluster; treated as redundant for DoF computation
(dropped 1630 singleton observations)
(MWFE estimator converged in 90 iterations)

Stored estimation results
-------------------------
----------------------------------------------------------------------------
             |           Dependent  Number of        
        Name | Command    variable     param.  Title 
-------------+--------------------------------------------------------------
_ivreg2_var3 | ivreg2         var3          7  First-stage regression: var3
_ivreg2_var5 | ivreg2         var5          7  First-stage regression: var5
_ivreg2_v~12 | ivreg2        var12          7  First-stage regression: var12
_ivreg2_v~15 | ivreg2        var15          7  First-stage regression: var15
----------------------------------------------------------------------------

IV (2SLS) estimation
--------------------

Estimates efficient for homoskedasticity only
Statistics robust to heteroskedasticity and clustering on user_id

Number of clusters (user_id) =   34121                Number of obs =   214370
                                                      F(  7, 34120) =     0.68
                                                      Prob > F      =   0.6866
Total (centered) SS     =  59825899.35                Centered R2   =  -2.5173
Total (uncentered) SS   =  59825899.35                Uncentered R2 =  -2.5173
Residual SS             =  210423937.2                Root MSE      =    31.49

------------------------------------------------------------------------------
             |               Robust
total_co~100 | Coefficient  std. err.      t    P>|t|     [95% conf. interval]
-------------+----------------------------------------------------------------
        var3 |   2182.519   6953.642     0.31   0.754    -11446.85    15811.89
        var5 |   143.7267   100.0376     1.44   0.151    -52.35034    339.8037
       var12 |   -.173611   .1035857    -1.68   0.094    -.3766424    .0294204
       var15 |  -2017.471   6943.513    -0.29   0.771    -15626.99    11592.05
        var4 |  -136.3562   82.45932    -1.65   0.098    -297.9793    25.26681
       var11 |   .1256475   .0701605     1.79   0.073    -.0118694    .2631644
       var14 |   1849.381   6461.296     0.29   0.775    -10814.98    14513.74
------------------------------------------------------------------------------
Underidentification test (Kleibergen-Paap rk LM statistic):              0.272
                                                   Chi-sq(1) P-val =    0.6020
------------------------------------------------------------------------------
Weak identification test (Cragg-Donald Wald F statistic):                2.760
                         (Kleibergen-Paap rk Wald F statistic):          0.068
Stock-Yogo weak ID test critical values:                       <not available>
------------------------------------------------------------------------------
Hansen J statistic (overidentification test of all instruments):         0.000
                                                 (equation exactly identified)
------------------------------------------------------------------------------
Instrumented:         var3 var5 var12 var15
Included instruments: var4 var11 var14
Excluded instruments: var6 var7 var13 var16
Partialled-out:       _cons
                      nb: total SS, model F and R2s are after partialling-out;
                          any small-sample adjustments include partialled-out
                          variables in regressor count K
------------------------------------------------------------------------------

Absorbed degrees of freedom:
-----------------------------------------------------+
 Absorbed FE | Categories  - Redundant  = Num. Coefs |
-------------+---------------------------------------|
     firm_id |      2093           1        2092     |
     user_id |     34121       34121           0    *|
          yh |        11           1          10     |
-----------------------------------------------------+
* = FE nested within cluster; treated as redundant for DoF computation
→ Spec 10: hhi_gap
(dropped 1446 singleton observations)
(MWFE estimator converged in 81 iterations)

HDFE Linear regression                            Number of obs   =    229,741
Absorbing 3 HDFE groups                           F(   7,  35777) =       6.46
Statistics robust to heteroskedasticity           Prob > F        =     0.0000
                                                  R-squared       =     0.6838
                                                  Adj R-squared   =     0.6213
                                                  Within R-sq.    =     0.0005
Number of clusters (user_id) =     35,778         Root MSE        =    18.4394

                           (Std. err. adjusted for 35,778 clusters in user_id)
------------------------------------------------------------------------------
             |               Robust
total_co~100 | Coefficient  std. err.      t    P>|t|     [95% conf. interval]
-------------+----------------------------------------------------------------
        var3 |   3.623592   1.587388     2.28   0.022     .5122638     6.73492
        var5 |   5.355444   1.281297     4.18   0.000     2.844062    7.866825
        var4 |  -5.590835    1.11584    -5.01   0.000    -7.777916   -3.403754
       var11 |   .0006458   .0006078     1.06   0.288    -.0005455    .0018372
       var12 |  -.0009144   .0007686    -1.19   0.234     -.002421    .0005921
       var17 |   .0000758   .0000237     3.19   0.001     .0000292    .0001223
       var18 |  -.0000867   .0000313    -2.77   0.006     -.000148   -.0000255
       _cons |   48.30785   .5496099    87.89   0.000      47.2306    49.38511
------------------------------------------------------------------------------

Absorbed degrees of freedom:
-----------------------------------------------------+
 Absorbed FE | Categories  - Redundant  = Num. Coefs |
-------------+---------------------------------------|
     firm_id |      2134           1        2133     |
     user_id |     35778       35778           0    *|
          yh |        11           1          10     |
-----------------------------------------------------+
* = FE nested within cluster; treated as redundant for DoF computation
(dropped 1630 singleton observations)
(MWFE estimator converged in 88 iterations)

Stored estimation results
-------------------------
----------------------------------------------------------------------------
             |           Dependent  Number of        
        Name | Command    variable     param.  Title 
-------------+--------------------------------------------------------------
_ivreg2_var3 | ivreg2         var3          7  First-stage regression: var3
_ivreg2_var5 | ivreg2         var5          7  First-stage regression: var5
_ivreg2_v~12 | ivreg2        var12          7  First-stage regression: var12
_ivreg2_v~18 | ivreg2        var18          7  First-stage regression: var18
----------------------------------------------------------------------------

IV (2SLS) estimation
--------------------

Estimates efficient for homoskedasticity only
Statistics robust to heteroskedasticity and clustering on user_id

Number of clusters (user_id) =   34121                Number of obs =   214370
                                                      F(  7, 34120) =     1.06
                                                      Prob > F      =   0.3871
Total (centered) SS     =  59825899.35                Centered R2   =  -0.6535
Total (uncentered) SS   =  59825899.35                Uncentered R2 =  -0.6535
Residual SS             =  98921117.33                Root MSE      =    21.59

------------------------------------------------------------------------------
             |               Robust
total_co~100 | Coefficient  std. err.      t    P>|t|     [95% conf. interval]
-------------+----------------------------------------------------------------
        var3 |   366.7324   292.2753     1.25   0.210    -206.1369    939.6017
        var5 |   -86.8591   104.4765    -0.83   0.406    -291.6365    117.9183
       var12 |  -.0148583   .0913623    -0.16   0.871    -.1939315     .164215
       var18 |  -.0064347   .0047209    -1.36   0.173    -.0156879    .0028184
        var4 |   68.91632   94.25744     0.73   0.465    -115.8314    253.6641
       var11 |   .0100789   .0696573     0.14   0.885    -.1264518    .1466095
       var17 |    .004536   .0034043     1.33   0.183    -.0021365    .0112084
------------------------------------------------------------------------------
Underidentification test (Kleibergen-Paap rk LM statistic):              0.412
                                                   Chi-sq(1) P-val =    0.5211
------------------------------------------------------------------------------
Weak identification test (Cragg-Donald Wald F statistic):                9.348
                         (Kleibergen-Paap rk Wald F statistic):          0.100
Stock-Yogo weak ID test critical values:                       <not available>
------------------------------------------------------------------------------
Hansen J statistic (overidentification test of all instruments):         0.000
                                                 (equation exactly identified)
------------------------------------------------------------------------------
Instrumented:         var3 var5 var12 var18
Included instruments: var4 var11 var17
Excluded instruments: var6 var7 var13 var19
Partialled-out:       _cons
                      nb: total SS, model F and R2s are after partialling-out;
                          any small-sample adjustments include partialled-out
                          variables in regressor count K
------------------------------------------------------------------------------

Absorbed degrees of freedom:
-----------------------------------------------------+
 Absorbed FE | Categories  - Redundant  = Num. Coefs |
-------------+---------------------------------------|
     firm_id |      2093           1        2092     |
     user_id |     34121       34121           0    *|
          yh |        11           1          10     |
-----------------------------------------------------+
* = FE nested within cluster; treated as redundant for DoF computation
→ Spec 11: seniority_gap
(dropped 1443 singleton observations)
(MWFE estimator converged in 81 iterations)

HDFE Linear regression                            Number of obs   =    229,862
Absorbing 3 HDFE groups                           F(   7,  35788) =       6.41
Statistics robust to heteroskedasticity           Prob > F        =     0.0000
                                                  R-squared       =     0.6839
                                                  Adj R-squared   =     0.6214
                                                  Within R-sq.    =     0.0005
Number of clusters (user_id) =     35,789         Root MSE        =    18.4398

                           (Std. err. adjusted for 35,789 clusters in user_id)
------------------------------------------------------------------------------
             |               Robust
total_co~100 | Coefficient  std. err.      t    P>|t|     [95% conf. interval]
-------------+----------------------------------------------------------------
        var3 |   8.217546   6.068087     1.35   0.176    -3.676088    20.11118
        var5 |   4.881294   1.240772     3.93   0.000     2.449343    7.313244
        var4 |  -5.173278   1.066499    -4.85   0.000    -7.263648   -3.082908
       var17 |   .0000777   .0000236     3.29   0.001     .0000313     .000124
       var18 |  -.0000894   .0000311    -2.87   0.004    -.0001504   -.0000284
       var14 |   5.330007   5.717342     0.93   0.351    -5.876156    16.53617
       var15 |  -4.881303   5.906004    -0.83   0.409    -16.45725    6.694643
       _cons |   45.98013   2.637268    17.43   0.000     40.81101    51.14926
------------------------------------------------------------------------------

Absorbed degrees of freedom:
-----------------------------------------------------+
 Absorbed FE | Categories  - Redundant  = Num. Coefs |
-------------+---------------------------------------|
     firm_id |      2151           1        2150     |
     user_id |     35789       35789           0    *|
          yh |        11           1          10     |
-----------------------------------------------------+
* = FE nested within cluster; treated as redundant for DoF computation
(dropped 1629 singleton observations)
(MWFE estimator converged in 90 iterations)

Stored estimation results
-------------------------
----------------------------------------------------------------------------
             |           Dependent  Number of        
        Name | Command    variable     param.  Title 
-------------+--------------------------------------------------------------
_ivreg2_var3 | ivreg2         var3          7  First-stage regression: var3
_ivreg2_var5 | ivreg2         var5          7  First-stage regression: var5
_ivreg2_v~18 | ivreg2        var18          7  First-stage regression: var18
_ivreg2_v~15 | ivreg2        var15          7  First-stage regression: var15
----------------------------------------------------------------------------

IV (2SLS) estimation
--------------------

Estimates efficient for homoskedasticity only
Statistics robust to heteroskedasticity and clustering on user_id

Number of clusters (user_id) =   34131                Number of obs =   214482
                                                      F(  7, 34130) =     0.09
                                                      Prob > F      =   0.9989
Total (centered) SS     =  59857050.22                Centered R2   = -96.5083
Total (uncentered) SS   =  59857050.22                Uncentered R2 = -96.5083
Residual SS             =   5836561844                Root MSE      =    165.8

------------------------------------------------------------------------------
             |               Robust
total_co~100 | Coefficient  std. err.      t    P>|t|     [95% conf. interval]
-------------+----------------------------------------------------------------
        var3 |  -13850.97    39127.7    -0.35   0.723    -90542.58    62840.64
        var5 |  -553.7171   898.8188    -0.62   0.538    -2315.432    1207.998
       var18 |  -.0214983   .0333502    -0.64   0.519    -.0868657    .0438692
       var15 |   15123.77   39767.76     0.38   0.704    -62822.37    93069.91
        var4 |   431.1314   693.2206     0.62   0.534    -927.6043    1789.867
       var17 |   .0155265   .0240167     0.65   0.518    -.0315471    .0626001
       var14 |   -14176.1   37219.37    -0.38   0.703    -87127.31    58775.12
------------------------------------------------------------------------------
Underidentification test (Kleibergen-Paap rk LM statistic):              0.175
                                                   Chi-sq(1) P-val =    0.6754
------------------------------------------------------------------------------
Weak identification test (Cragg-Donald Wald F statistic):                0.081
                         (Kleibergen-Paap rk Wald F statistic):          0.043
Stock-Yogo weak ID test critical values:                       <not available>
------------------------------------------------------------------------------
Hansen J statistic (overidentification test of all instruments):         0.000
                                                 (equation exactly identified)
------------------------------------------------------------------------------
Instrumented:         var3 var5 var18 var15
Included instruments: var4 var17 var14
Excluded instruments: var6 var7 var19 var16
Partialled-out:       _cons
                      nb: total SS, model F and R2s are after partialling-out;
                          any small-sample adjustments include partialled-out
                          variables in regressor count K
------------------------------------------------------------------------------

Absorbed degrees of freedom:
-----------------------------------------------------+
 Absorbed FE | Categories  - Redundant  = Num. Coefs |
-------------+---------------------------------------|
     firm_id |      2109           1        2108     |
     user_id |     34131       34131           0    *|
          yh |        11           1          10     |
-----------------------------------------------------+
* = FE nested within cluster; treated as redundant for DoF computation
→ Spec 12: rent_hhi_seniority
(dropped 1490 singleton observations)
(MWFE estimator converged in 83 iterations)

HDFE Linear regression                            Number of obs   =    222,919
Absorbing 3 HDFE groups                           F(   9,  34861) =       4.73
Statistics robust to heteroskedasticity           Prob > F        =     0.0000
                                                  R-squared       =     0.6851
                                                  Adj R-squared   =     0.6227
                                                  Within R-sq.    =     0.0005
Number of clusters (user_id) =     34,862         Root MSE        =    18.4067

                           (Std. err. adjusted for 34,862 clusters in user_id)
------------------------------------------------------------------------------
             |               Robust
total_co~100 | Coefficient  std. err.      t    P>|t|     [95% conf. interval]
-------------+----------------------------------------------------------------
        var3 |    5.75622   5.891802     0.98   0.329    -5.791901    17.30434
        var5 |   3.082339   1.283248     2.40   0.016     .5671316    5.597547
        var4 |  -3.362821   1.108523    -3.03   0.002    -5.535561   -1.190081
        var8 |  -.0449889   .0166884    -2.70   0.007    -.0776986   -.0122791
        var9 |   .0253483   .0221096     1.15   0.252    -.0179873    .0686838
       var11 |   .0008921   .0006303     1.42   0.157    -.0003433    .0021276
       var12 |  -.0012387   .0008146    -1.52   0.128    -.0028354     .000358
       var14 |   7.305661   5.564424     1.31   0.189    -3.600788    18.21211
       var15 |   -7.13694   5.788485    -1.23   0.218    -18.48256    4.208675
       _cons |    47.5255   2.548657    18.65   0.000     42.53005    52.52095
------------------------------------------------------------------------------

Absorbed degrees of freedom:
-----------------------------------------------------+
 Absorbed FE | Categories  - Redundant  = Num. Coefs |
-------------+---------------------------------------|
     firm_id |      2005           1        2004     |
     user_id |     34862       34862           0    *|
          yh |        11           1          10     |
-----------------------------------------------------+
* = FE nested within cluster; treated as redundant for DoF computation
(dropped 1669 singleton observations)
(MWFE estimator converged in 82 iterations)

Stored estimation results
-------------------------
----------------------------------------------------------------------------
             |           Dependent  Number of        
        Name | Command    variable     param.  Title 
-------------+--------------------------------------------------------------
_ivreg2_var3 | ivreg2         var3          9  First-stage regression: var3
_ivreg2_var5 | ivreg2         var5          9  First-stage regression: var5
_ivreg2_var9 | ivreg2         var9          9  First-stage regression: var9
_ivreg2_v~12 | ivreg2        var12          9  First-stage regression: var12
_ivreg2_v~15 | ivreg2        var15          9  First-stage regression: var15
----------------------------------------------------------------------------

IV (2SLS) estimation
--------------------

Estimates efficient for homoskedasticity only
Statistics robust to heteroskedasticity and clustering on user_id

Number of clusters (user_id) =   33242                Number of obs =   208127
                                                      F(  9, 33241) =     0.87
                                                      Prob > F      =   0.5484
Total (centered) SS     =   57872273.7                Centered R2   =  -1.8111
Total (uncentered) SS   =   57872273.7                Uncentered R2 =  -1.8111
Residual SS             =  162686449.1                Root MSE      =    28.09

------------------------------------------------------------------------------
             |               Robust
total_co~100 | Coefficient  std. err.      t    P>|t|     [95% conf. interval]
-------------+----------------------------------------------------------------
        var3 |   1758.103   2378.191     0.74   0.460    -2903.236    6419.442
        var5 |   95.45178   199.0504     0.48   0.632     -294.694    485.5975
        var9 |  -.3366149   15.72668    -0.02   0.983    -31.16146    30.48823
       var12 |  -.1443746   .0898373    -1.61   0.108    -.3204589    .0317097
       var15 |    -1580.9   2450.838    -0.65   0.519    -6384.628    3222.828
        var4 |  -94.11025     194.63    -0.48   0.629    -475.5918    287.3714
        var8 |  -.1254208   10.63562    -0.01   0.991    -20.97161    20.72077
       var11 |   .1052184   .0841436     1.25   0.211    -.0597061    .2701428
       var14 |   1451.377   2280.104     0.64   0.524    -3017.707    5920.462
------------------------------------------------------------------------------
Underidentification test (Kleibergen-Paap rk LM statistic):              0.699
                                                   Chi-sq(1) P-val =    0.4032
------------------------------------------------------------------------------
Weak identification test (Cragg-Donald Wald F statistic):                3.169
                         (Kleibergen-Paap rk Wald F statistic):          0.138
Stock-Yogo weak ID test critical values:                       <not available>
------------------------------------------------------------------------------
Hansen J statistic (overidentification test of all instruments):         0.000
                                                 (equation exactly identified)
------------------------------------------------------------------------------
Instrumented:         var3 var5 var9 var12 var15
Included instruments: var4 var8 var11 var14
Excluded instruments: var6 var7 var10 var13 var16
Partialled-out:       _cons
                      nb: total SS, model F and R2s are after partialling-out;
                          any small-sample adjustments include partialled-out
                          variables in regressor count K
------------------------------------------------------------------------------

Absorbed degrees of freedom:
-----------------------------------------------------+
 Absorbed FE | Categories  - Redundant  = Num. Coefs |
-------------+---------------------------------------|
     firm_id |      1968           1        1967     |
     user_id |     33242       33242           0    *|
          yh |        11           1          10     |
-----------------------------------------------------+
* = FE nested within cluster; treated as redundant for DoF computation
→ Spec 13: rent_hhi_gap
(dropped 1490 singleton observations)
(MWFE estimator converged in 83 iterations)

HDFE Linear regression                            Number of obs   =    222,919
Absorbing 3 HDFE groups                           F(   9,  34861) =       5.38
Statistics robust to heteroskedasticity           Prob > F        =     0.0000
                                                  R-squared       =     0.6851
                                                  Adj R-squared   =     0.6227
                                                  Within R-sq.    =     0.0006
Number of clusters (user_id) =     34,862         Root MSE        =    18.4060

                           (Std. err. adjusted for 34,862 clusters in user_id)
------------------------------------------------------------------------------
             |               Robust
total_co~100 | Coefficient  std. err.      t    P>|t|     [95% conf. interval]
-------------+----------------------------------------------------------------
        var3 |   2.438619   1.916841     1.27   0.203    -1.318451     6.19569
        var5 |   3.113636   1.277669     2.44   0.015     .6093631    5.617908
        var4 |   -3.36791   1.105461    -3.05   0.002    -5.534649   -1.201171
        var8 |   -.043052   .0166942    -2.58   0.010    -.0757731   -.0103309
        var9 |   .0246429   .0220873     1.12   0.265    -.0186489    .0679347
       var11 |   .0006916   .0006226     1.11   0.267    -.0005287    .0019118
       var12 |  -.0009991   .0007932    -1.26   0.208    -.0025537    .0005555
       var17 |   .0000685   .0000243     2.82   0.005     .0000208    .0001161
       var18 |  -.0000801   .0000318    -2.52   0.012    -.0001424   -.0000178
       _cons |   49.32105   .6582619    74.93   0.000     48.03083    50.61126
------------------------------------------------------------------------------

Absorbed degrees of freedom:
-----------------------------------------------------+
 Absorbed FE | Categories  - Redundant  = Num. Coefs |
-------------+---------------------------------------|
     firm_id |      2005           1        2004     |
     user_id |     34862       34862           0    *|
          yh |        11           1          10     |
-----------------------------------------------------+
* = FE nested within cluster; treated as redundant for DoF computation
(dropped 1669 singleton observations)
(MWFE estimator converged in 82 iterations)

Stored estimation results
-------------------------
----------------------------------------------------------------------------
             |           Dependent  Number of        
        Name | Command    variable     param.  Title 
-------------+--------------------------------------------------------------
_ivreg2_var3 | ivreg2         var3          9  First-stage regression: var3
_ivreg2_var5 | ivreg2         var5          9  First-stage regression: var5
_ivreg2_var9 | ivreg2         var9          9  First-stage regression: var9
_ivreg2_v~12 | ivreg2        var12          9  First-stage regression: var12
_ivreg2_v~18 | ivreg2        var18          9  First-stage regression: var18
----------------------------------------------------------------------------

IV (2SLS) estimation
--------------------

Estimates efficient for homoskedasticity only
Statistics robust to heteroskedasticity and clustering on user_id

Number of clusters (user_id) =   33242                Number of obs =   208127
                                                      F(  9, 33241) =     0.00
                                                      Prob > F      =   1.0000
Total (centered) SS     =   57872273.7                Centered R2   = -4.0e+02
Total (uncentered) SS   =   57872273.7                Uncentered R2 = -4.0e+02
Residual SS             =  2.31873e+10                Root MSE      =    335.4

------------------------------------------------------------------------------
             |               Robust
total_co~100 | Coefficient  std. err.      t    P>|t|     [95% conf. interval]
-------------+----------------------------------------------------------------
        var3 |   737.3817   8406.163     0.09   0.930       -15739    17213.76
        var5 |   1589.939   22874.75     0.07   0.945    -43245.37    46425.25
        var9 |  -101.9569   1455.292    -0.07   0.944    -2954.381    2750.467
       var12 |  -.9491773   11.90913    -0.08   0.936    -24.29148    22.39313
       var18 |   .1002868   1.485822     0.07   0.946    -2.811976     3.01255
        var4 |   -1282.54   18209.76    -0.07   0.944    -36974.31    34409.23
        var8 |   66.29179   952.0345     0.07   0.944     -1799.73    1932.313
       var11 |   .6028112   7.385314     0.08   0.935    -13.87266    15.07829
       var17 |  -.0697017   1.034747    -0.07   0.946    -2.097842    1.958439
------------------------------------------------------------------------------
Underidentification test (Kleibergen-Paap rk LM statistic):              0.005
                                                   Chi-sq(1) P-val =    0.9442
------------------------------------------------------------------------------
Weak identification test (Cragg-Donald Wald F statistic):                0.018
                         (Kleibergen-Paap rk Wald F statistic):          0.001
Stock-Yogo weak ID test critical values:                       <not available>
------------------------------------------------------------------------------
Hansen J statistic (overidentification test of all instruments):         0.000
                                                 (equation exactly identified)
------------------------------------------------------------------------------
Instrumented:         var3 var5 var9 var12 var18
Included instruments: var4 var8 var11 var17
Excluded instruments: var6 var7 var10 var13 var19
Partialled-out:       _cons
                      nb: total SS, model F and R2s are after partialling-out;
                          any small-sample adjustments include partialled-out
                          variables in regressor count K
------------------------------------------------------------------------------

Absorbed degrees of freedom:
-----------------------------------------------------+
 Absorbed FE | Categories  - Redundant  = Num. Coefs |
-------------+---------------------------------------|
     firm_id |      1968           1        1967     |
     user_id |     33242       33242           0    *|
          yh |        11           1          10     |
-----------------------------------------------------+
* = FE nested within cluster; treated as redundant for DoF computation
→ Spec 14: rent_seniority_gap
(dropped 1489 singleton observations)
(MWFE estimator converged in 83 iterations)

HDFE Linear regression                            Number of obs   =    223,003
Absorbing 3 HDFE groups                           F(   9,  34869) =       5.38
Statistics robust to heteroskedasticity           Prob > F        =     0.0000
                                                  R-squared       =     0.6852
                                                  Adj R-squared   =     0.6228
                                                  Within R-sq.    =     0.0006
Number of clusters (user_id) =     34,870         Root MSE        =    18.4056

                           (Std. err. adjusted for 34,870 clusters in user_id)
------------------------------------------------------------------------------
             |               Robust
total_co~100 | Coefficient  std. err.      t    P>|t|     [95% conf. interval]
-------------+----------------------------------------------------------------
        var3 |     8.3608   6.069664     1.38   0.168    -3.535936    20.25754
        var5 |   2.543113   1.240504     2.05   0.040      .111686    4.974541
        var4 |  -2.869538   1.060293    -2.71   0.007    -4.947745   -.7913299
        var8 |  -.0413602   .0164528    -2.51   0.012    -.0736082   -.0091122
        var9 |   .0233433   .0219208     1.06   0.287    -.0196221    .0663087
       var14 |    6.75568   5.647583     1.20   0.232    -4.313764    17.82512
       var15 |  -6.180503   5.846045    -1.06   0.290    -17.63894    5.277933
       var17 |   .0000709   .0000242     2.93   0.003     .0000234    .0001183
       var18 |  -.0000831   .0000316    -2.63   0.009    -.0001451   -.0000212
       _cons |   46.30972   2.626111    17.63   0.000     41.16246    51.45698
------------------------------------------------------------------------------

Absorbed degrees of freedom:
-----------------------------------------------------+
 Absorbed FE | Categories  - Redundant  = Num. Coefs |
-------------+---------------------------------------|
     firm_id |      2020           1        2019     |
     user_id |     34870       34870           0    *|
          yh |        11           1          10     |
-----------------------------------------------------+
* = FE nested within cluster; treated as redundant for DoF computation
(dropped 1668 singleton observations)
(MWFE estimator converged in 82 iterations)

Stored estimation results
-------------------------
----------------------------------------------------------------------------
             |           Dependent  Number of        
        Name | Command    variable     param.  Title 
-------------+--------------------------------------------------------------
_ivreg2_var3 | ivreg2         var3          9  First-stage regression: var3
_ivreg2_var5 | ivreg2         var5          9  First-stage regression: var5
_ivreg2_var9 | ivreg2         var9          9  First-stage regression: var9
_ivreg2_v~15 | ivreg2        var15          9  First-stage regression: var15
_ivreg2_v~18 | ivreg2        var18          9  First-stage regression: var18
----------------------------------------------------------------------------

IV (2SLS) estimation
--------------------

Estimates efficient for homoskedasticity only
Statistics robust to heteroskedasticity and clustering on user_id

Number of clusters (user_id) =   33250                Number of obs =   208209
                                                      F(  9, 33249) =     0.01
                                                      Prob > F      =   1.0000
Total (centered) SS     =  57889938.47                Centered R2   = -1.9e+02
Total (uncentered) SS   =  57889938.47                Uncentered R2 = -1.9e+02
Residual SS             =  1.10930e+10                Root MSE      =    231.9

------------------------------------------------------------------------------
             |               Robust
total_co~100 | Coefficient  std. err.      t    P>|t|     [95% conf. interval]
-------------+----------------------------------------------------------------
        var3 |   12481.54   64336.38     0.19   0.846      -113620    138583.1
        var5 |   683.2291   4059.394     0.17   0.866    -7273.327    8639.785
        var9 |  -70.75967   357.0288    -0.20   0.843    -770.5488    629.0295
       var15 |   -11084.3   59429.44    -0.19   0.852    -127568.1    105399.5
       var18 |   .0405863   .2324291     0.17   0.861    -.4149829    .4961556
        var4 |  -504.6194   3046.582    -0.17   0.868    -6476.027    5466.788
        var8 |   47.17718   238.2656     0.20   0.843    -419.8318    514.1861
       var14 |   10569.93   56560.13     0.19   0.852    -100289.9    121429.8
       var17 |  -.0281263   .1620226    -0.17   0.862    -.3456964    .2894438
------------------------------------------------------------------------------
Underidentification test (Kleibergen-Paap rk LM statistic):              0.038
                                                   Chi-sq(1) P-val =    0.8457
------------------------------------------------------------------------------
Weak identification test (Cragg-Donald Wald F statistic):                0.043
                         (Kleibergen-Paap rk Wald F statistic):          0.008
Stock-Yogo weak ID test critical values:                       <not available>
------------------------------------------------------------------------------
Hansen J statistic (overidentification test of all instruments):         0.000
                                                 (equation exactly identified)
------------------------------------------------------------------------------
Instrumented:         var3 var5 var9 var15 var18
Included instruments: var4 var8 var14 var17
Excluded instruments: var6 var7 var10 var16 var19
Partialled-out:       _cons
                      nb: total SS, model F and R2s are after partialling-out;
                          any small-sample adjustments include partialled-out
                          variables in regressor count K
------------------------------------------------------------------------------

Absorbed degrees of freedom:
-----------------------------------------------------+
 Absorbed FE | Categories  - Redundant  = Num. Coefs |
-------------+---------------------------------------|
     firm_id |      1982           1        1981     |
     user_id |     33250       33250           0    *|
          yh |        11           1          10     |
-----------------------------------------------------+
* = FE nested within cluster; treated as redundant for DoF computation
→ Spec 15: hhi_seniority_gap
(dropped 1446 singleton observations)
(MWFE estimator converged in 81 iterations)

HDFE Linear regression                            Number of obs   =    229,741
Absorbing 3 HDFE groups                           F(   9,  35777) =       5.08
Statistics robust to heteroskedasticity           Prob > F        =     0.0000
                                                  R-squared       =     0.6838
                                                  Adj R-squared   =     0.6213
                                                  Within R-sq.    =     0.0005
Number of clusters (user_id) =     35,778         Root MSE        =    18.4393

                           (Std. err. adjusted for 35,778 clusters in user_id)
------------------------------------------------------------------------------
             |               Robust
total_co~100 | Coefficient  std. err.      t    P>|t|     [95% conf. interval]
-------------+----------------------------------------------------------------
        var3 |   9.466127    6.14344     1.54   0.123    -2.575201    21.50745
        var5 |   5.194076   1.285071     4.04   0.000     2.675298    7.712854
        var4 |  -5.436293   1.117936    -4.86   0.000    -7.627481   -3.245106
       var11 |   .0006918   .0006121     1.13   0.258    -.0005081    .0018916
       var12 |  -.0009607   .0007885    -1.22   0.223    -.0025061    .0005847
       var14 |   5.890262   5.738608     1.03   0.305    -5.357585    17.13811
       var15 |  -5.832778   5.951839    -0.98   0.327    -17.49856    5.833008
       var17 |   .0000758   .0000237     3.20   0.001     .0000293    .0001223
       var18 |  -.0000866   .0000313    -2.77   0.006    -.0001479   -.0000253
       _cons |   45.62501   2.653407    17.19   0.000     40.42425    50.82576
------------------------------------------------------------------------------

Absorbed degrees of freedom:
-----------------------------------------------------+
 Absorbed FE | Categories  - Redundant  = Num. Coefs |
-------------+---------------------------------------|
     firm_id |      2134           1        2133     |
     user_id |     35778       35778           0    *|
          yh |        11           1          10     |
-----------------------------------------------------+
* = FE nested within cluster; treated as redundant for DoF computation
(dropped 1630 singleton observations)
(MWFE estimator converged in 90 iterations)

Stored estimation results
-------------------------
----------------------------------------------------------------------------
             |           Dependent  Number of        
        Name | Command    variable     param.  Title 
-------------+--------------------------------------------------------------
_ivreg2_var3 | ivreg2         var3          9  First-stage regression: var3
_ivreg2_var5 | ivreg2         var5          9  First-stage regression: var5
_ivreg2_v~12 | ivreg2        var12          9  First-stage regression: var12
_ivreg2_v~15 | ivreg2        var15          9  First-stage regression: var15
_ivreg2_v~18 | ivreg2        var18          9  First-stage regression: var18
----------------------------------------------------------------------------

IV (2SLS) estimation
--------------------

Estimates efficient for homoskedasticity only
Statistics robust to heteroskedasticity and clustering on user_id

Number of clusters (user_id) =   34121                Number of obs =   214370
                                                      F(  9, 34120) =     0.09
                                                      Prob > F      =   0.9998
Total (centered) SS     =  59825899.35                Centered R2   = -49.6244
Total (uncentered) SS   =  59825899.35                Uncentered R2 = -49.6244
Residual SS             =   3028652546                Root MSE      =    119.5

------------------------------------------------------------------------------
             |               Robust
total_co~100 | Coefficient  std. err.      t    P>|t|     [95% conf. interval]
-------------+----------------------------------------------------------------
        var3 |   9846.549   58067.26     0.17   0.865    -103967.2    123660.3
        var5 |   616.1519   3171.633     0.19   0.846    -5600.354    6832.658
       var12 |  -.3103263   .9933496    -0.31   0.755    -2.257325    1.636672
       var15 |  -10597.88   63668.28    -0.17   0.868    -135389.8    114194.1
       var18 |   .0180121   .1186896     0.15   0.879    -.2146234    .2506477
        var4 |  -520.3453   2575.276    -0.20   0.840    -5567.973    4527.283
       var11 |   .2168393   .6606394     0.33   0.743    -1.078036    1.511715
       var14 |    9859.24   59401.03     0.17   0.868    -106568.8    126287.3
       var17 |  -.0129274   .0851644    -0.15   0.879    -.1798524    .1539976
------------------------------------------------------------------------------
Underidentification test (Kleibergen-Paap rk LM statistic):              0.034
                                                   Chi-sq(1) P-val =    0.8536
------------------------------------------------------------------------------
Weak identification test (Cragg-Donald Wald F statistic):                0.087
                         (Kleibergen-Paap rk Wald F statistic):          0.007
Stock-Yogo weak ID test critical values:                       <not available>
------------------------------------------------------------------------------
Hansen J statistic (overidentification test of all instruments):         0.000
                                                 (equation exactly identified)
------------------------------------------------------------------------------
Instrumented:         var3 var5 var12 var15 var18
Included instruments: var4 var11 var14 var17
Excluded instruments: var6 var7 var13 var16 var19
Partialled-out:       _cons
                      nb: total SS, model F and R2s are after partialling-out;
                          any small-sample adjustments include partialled-out
                          variables in regressor count K
------------------------------------------------------------------------------

Absorbed degrees of freedom:
-----------------------------------------------------+
 Absorbed FE | Categories  - Redundant  = Num. Coefs |
-------------+---------------------------------------|
     firm_id |      2093           1        2092     |
     user_id |     34121       34121           0    *|
          yh |        11           1          10     |
-----------------------------------------------------+
* = FE nested within cluster; treated as redundant for DoF computation
→ Spec 16: rent_hhi_seniority_gap
(dropped 1490 singleton observations)
(MWFE estimator converged in 83 iterations)

HDFE Linear regression                            Number of obs   =    222,919
Absorbing 3 HDFE groups                           F(  11,  34861) =       4.50
Statistics robust to heteroskedasticity           Prob > F        =     0.0000
                                                  R-squared       =     0.6851
                                                  Adj R-squared   =     0.6227
                                                  Within R-sq.    =     0.0006
Number of clusters (user_id) =     34,862         Root MSE        =    18.4059

                           (Std. err. adjusted for 34,862 clusters in user_id)
------------------------------------------------------------------------------
             |               Robust
total_co~100 | Coefficient  std. err.      t    P>|t|     [95% conf. interval]
-------------+----------------------------------------------------------------
        var3 |   9.615745   6.134478     1.57   0.117    -2.408028    21.63952
        var5 |   2.893895   1.279849     2.26   0.024     .3853508     5.40244
        var4 |  -3.156567   1.105436    -2.86   0.004    -5.323257   -.9898759
        var8 |  -.0433232    .016702    -2.59   0.009    -.0760597   -.0105867
        var9 |   .0248677   .0221021     1.13   0.261    -.0184532    .0681885
       var11 |   .0007442   .0006272     1.19   0.235    -.0004851    .0019736
       var12 |  -.0010449   .0008123    -1.29   0.198     -.002637    .0005472
       var14 |   7.333025    5.66757     1.29   0.196    -3.775594    18.44164
       var15 |  -7.183571    5.88854    -1.22   0.223     -18.7253    4.358156
       var17 |   .0000685   .0000243     2.82   0.005     .0000208    .0001161
       var18 |  -.0000798   .0000318    -2.51   0.012     -.000142   -.0000175
       _cons |   45.98292   2.637826    17.43   0.000      40.8127    51.15314
------------------------------------------------------------------------------

Absorbed degrees of freedom:
-----------------------------------------------------+
 Absorbed FE | Categories  - Redundant  = Num. Coefs |
-------------+---------------------------------------|
     firm_id |      2005           1        2004     |
     user_id |     34862       34862           0    *|
          yh |        11           1          10     |
-----------------------------------------------------+
* = FE nested within cluster; treated as redundant for DoF computation
(dropped 1669 singleton observations)
(MWFE estimator converged in 82 iterations)

Stored estimation results
-------------------------
----------------------------------------------------------------------------
             |           Dependent  Number of        
        Name | Command    variable     param.  Title 
-------------+--------------------------------------------------------------
_ivreg2_var3 | ivreg2         var3         11  First-stage regression: var3
_ivreg2_var5 | ivreg2         var5         11  First-stage regression: var5
_ivreg2_var9 | ivreg2         var9         11  First-stage regression: var9
_ivreg2_v~12 | ivreg2        var12         11  First-stage regression: var12
_ivreg2_v~15 | ivreg2        var15         11  First-stage regression: var15
_ivreg2_v~18 | ivreg2        var18         11  First-stage regression: var18
----------------------------------------------------------------------------

IV (2SLS) estimation
--------------------

Estimates efficient for homoskedasticity only
Statistics robust to heteroskedasticity and clustering on user_id

Number of clusters (user_id) =   33242                Number of obs =   208127
                                                      F( 11, 33241) =     0.40
                                                      Prob > F      =   0.9585
Total (centered) SS     =   57872273.7                Centered R2   =  -5.1701
Total (uncentered) SS   =   57872273.7                Uncentered R2 =  -5.1701
Residual SS             =  357077730.3                Root MSE      =    41.62

------------------------------------------------------------------------------
             |               Robust
total_co~100 | Coefficient  std. err.      t    P>|t|     [95% conf. interval]
-------------+----------------------------------------------------------------
        var3 |   2954.477   4723.429     0.63   0.532    -6303.611    12212.56
        var5 |   206.4571   288.9474     0.71   0.475      -359.89    772.8041
        var9 |  -5.028453   26.78428    -0.19   0.851    -57.52659    47.46968
       var12 |  -.1566516   .0952127    -1.65   0.100    -.3432719    .0299688
       var15 |   -2904.63   4601.015    -0.63   0.528    -11922.78    6113.522
       var18 |   .0065095     .01828     0.36   0.722      -.02932     .042339
        var4 |  -175.7846   235.6746    -0.75   0.456    -637.7151     286.146
        var8 |   3.064728   18.08413     0.17   0.865     -32.3808    38.51026
       var11 |   .1073681   .0851351     1.26   0.207    -.0594998     .274236
       var14 |   2692.879   4297.474     0.63   0.531    -5730.322    11116.08
       var17 |  -.0046313   .0127754    -0.36   0.717    -.0296715    .0204089
------------------------------------------------------------------------------
Underidentification test (Kleibergen-Paap rk LM statistic):              0.353
                                                   Chi-sq(1) P-val =    0.5527
------------------------------------------------------------------------------
Weak identification test (Cragg-Donald Wald F statistic):                1.013
                         (Kleibergen-Paap rk Wald F statistic):          0.059
Stock-Yogo weak ID test critical values:                       <not available>
------------------------------------------------------------------------------
Hansen J statistic (overidentification test of all instruments):         0.000
                                                 (equation exactly identified)
------------------------------------------------------------------------------
Instrumented:         var3 var5 var9 var12 var15 var18
Included instruments: var4 var8 var11 var14 var17
Excluded instruments: var6 var7 var10 var13 var16 var19
Partialled-out:       _cons
                      nb: total SS, model F and R2s are after partialling-out;
                          any small-sample adjustments include partialled-out
                          variables in regressor count K
------------------------------------------------------------------------------

Absorbed degrees of freedom:
-----------------------------------------------------+
 Absorbed FE | Categories  - Redundant  = Num. Coefs |
-------------+---------------------------------------|
     firm_id |      1968           1        1967     |
     user_id |     33242       33242           0    *|
          yh |        11           1          10     |
-----------------------------------------------------+
* = FE nested within cluster; treated as redundant for DoF computation

. 
. // 5) Close & export
. postclose handle

. use `out', clear

. export delimited using "`result_dir'/consolidated_results.csv", ///
>     replace delimiter(",") quote
file ../results/raw/user_mechanisms/consolidated_results.csv saved

. 
. display as result "→ CSV written to `result_dir'/consolidated_results.csv"
→ CSV written to ../results/raw/user_mechanisms/consolidated_results.csv

. capture log close
