---------------------------------------------------------------------------------------------------------------------------------
      name:  <unnamed>
       log:  /Users/saul/Dropbox/Remote Work Startups/main/src/../results/raw/het_hhi_loop.log
  log type:  text
 opened on:  18 Jul 2025, 11:53:04

. 
. args panel

. if "`panel'" == "" local panel "user"

. 
. if "`panel'" == "firm" {
.     local PANEL_FILE "$processed_data/firm_panel.dta"
.     local FE "firm_id yh"        // FE for firm-level outcome
.     local CLUSTER "firm_id"
.     local DEPVAR "growth_rate_we"
. }

. else if "`panel'" == "user" {
.     local PANEL_FILE "$processed_data/user_panel_precovid.dta"
.     local FE "firm_id#user_id yh" // FE for user-level outcome
.     local CLUSTER "user_id"
.     local DEPVAR "total_contributions_q100"
. }

. else {
.     di as error "Unknown panel type: `panel'. Use 'firm' or 'user'."
.     exit 198
. }

. 
. //--------------------------------------------------------------------
. // 1. Load panel
. //--------------------------------------------------------------------
. use "`PANEL_FILE'", clear

. 
. //--------------------------------------------------------------------
. // 2. Merge Lightcast concentration measures
. //--------------------------------------------------------------------
. 
. // -------------------------------------------------------------------
. // 2. Merge Lightcast concentration measures
. //     – first run filefilter to strip Windows carriage-returns (\r)
. //       from the CSV.  This guarantees that the column names we import
. //       are clean and prevents the “variable\ invalid name” issue.
. // -------------------------------------------------------------------
. 
. preserve

. 
. tempfile _csvclean

. filefilter "$processed_data/firm_hq_concentration.csv" "`_csvclean'", from("\r") to("")

. 
. import delimited "`_csvclean'", clear stringcols(_all)
(encoding automatically selected: ISO-8859-1)
(12 vars, 2,875 obs)

. rename companyname companyname_c

. 
. tempfile _hhi

. save `_hhi'
file /var/folders/hg/s3xm9w393gxby64_zklmhgbc0000gn/T//S_58965.000003 saved as .dta format

. 
. restore

. 
. gen companyname_c = lower(companyname)

. merge m:1 companyname_c using `_hhi', keep(1 3) nogen
(variable companyname_c was str52, now str72 to accommodate using data's values)

    Result                      Number of obs
    -----------------------------------------
    Not matched                       105,850
        from master                   105,850  
        from using                          0  

    Matched                           125,455  
    -----------------------------------------

. 
. // -------------------------------------------------------------------
. // 2b. Clean variable names – remove hidden control characters that may
. //      arrive from the CSV header (carriage-return, line-feed, tab).
. //      These invisible characters lead to mysterious “invalid name”
. //      errors later on when the variable is referenced.
. // -------------------------------------------------------------------
. 
. foreach v of varlist _all {
  2.     local clean = "`v'"
  3.     local clean = subinstr("`clean'", char(13), "", .)   // CR
  4.     local clean = subinstr("`clean'", char(10), "", .)   // LF
  5.     local clean = subinstr("`clean'", char(9),  "", .)   // TAB
  6.     local clean = trim("`clean'")
  7.     if "`clean'" != "`v'" rename `v' `clean'
  8. }

. 
. // Ensure numeric types (import may yield strings)
. // If new variants are added, include them here so they are coerced to numeric.
. destring hhi_hq_fw_lg hhi_hq_hq_lg hhi_hq_eq_lg hhi_fwavg_lg hhi_hq_fw_fr hhi_hq_hq_fr hhi_hq_eq_fr hhi_fwavg_fr, replace force
hhi_hq_fw_lg: all characters numeric; replaced as double
(111496 missing values generated)
hhi_hq_hq_lg: all characters numeric; replaced as double
(111541 missing values generated)
hhi_hq_eq_lg: all characters numeric; replaced as double
(110170 missing values generated)
hhi_fwavg_lg: all characters numeric; replaced as double
(107282 missing values generated)
hhi_hq_fw_fr: all characters numeric; replaced as double
(107625 missing values generated)
hhi_hq_hq_fr: all characters numeric; replaced as double
(107670 missing values generated)
hhi_hq_eq_fr: all characters numeric; replaced as double
(106292 missing values generated)
hhi_fwavg_fr: all characters numeric; replaced as double
(107185 missing values generated)

. 
. //--------------------------------------------------------------------
. // 3. Confirm baseline treatment variables exist
. //--------------------------------------------------------------------
. foreach v in var3 var4 var5 var6 var7 {
  2.     capture confirm variable `v'
  3.     if _rc {
  4.         di as error "Required variable `v' is missing from the panel."
  5.         exit 498
  6.     }
  7. }

. 
. //--------------------------------------------------------------------
. // 4. HHI variables to loop over
. //--------------------------------------------------------------------
. // List of HHI variables to iterate over (kept on a single physical line to
. // avoid CR/LF artefacts in names)
. local hhi_vars hhi_hq_fw_lg hhi_hq_hq_lg hhi_hq_eq_lg hhi_fwavg_lg hhi_hq_fw_fr hhi_hq_hq_fr hhi_hq_eq_fr hhi_fwavg_fr

. 
. //--------------------------------------------------------------------
. // 5. Loop – run IV for each HHI variant
. //--------------------------------------------------------------------
. 
. foreach h of local hhi_vars {
  2. 
.     // ----------------------------------------------------------------
.     // Some editors on Windows / macOS may leave an invisible carriage
.     // return (char(13)) attached to tokens when the file uses CR-LF line
.     // endings.  That hidden character turns, e.g., "hhi_hq_fw_lg" into
.     // "hhi_hq_fw_lg\" which Stata rightly rejects as an invalid name.
.     //
.     // Strip char(13) defensively before using the token.
.     // ----------------------------------------------------------------
. 
.     // Remove any carriage-return, line-feed, tab or leading/trailing spaces
.     // that might have hitch-hiked into the token.
.     local _clean = "`h'"
  3.     local _clean = subinstr("`_clean'", char(13), "", .)  // CR
  4.     local _clean = subinstr("`_clean'", char(10), "", .)  // LF
  5.     local _clean = subinstr("`_clean'", char(9),  "", .)  // TAB
  6.     local h = trim("`_clean'")
  7. 
. 
.     // Skip if variable not present
.     capture confirm variable `h'
  8.     if _rc {
  9.         di as txt "[skip] HHI variable `h' not found in data."
 10.         continue
 11.     }
 12. 
.     // ----------------------------------------------------------------
.     // Pretty header so the log clearly states which spec is running
.     // ----------------------------------------------------------------
. 
.     local desc ""
 13.     if "`h'" == "hhi_hq_fw_lg"  local desc "HQ metro, firm-wide weights (largest-CZ mapping)"
 14.     else if "`h'" == "hhi_hq_hq_lg"  local desc "HQ metro, HQ-only weights (largest-CZ mapping)"
 15.     else if "`h'" == "hhi_hq_eq_lg"  local desc "HQ metro, equal weights (largest-CZ mapping)"
 16.     else if "`h'" == "hhi_fwavg_lg"  local desc "Footprint-weighted average across metros (largest-CZ mapping)"
 17.     else if "`h'" == "hhi_hq_fw_fr"  local desc "HQ metro, firm-wide weights (fractional mapping)"
 18.     else if "`h'" == "hhi_hq_hq_fr"  local desc "HQ metro, HQ-only weights (fractional mapping)"
 19.     else if "`h'" == "hhi_hq_eq_fr"  local desc "HQ metro, equal weights (fractional mapping)"
 20.     else if "`h'" == "hhi_fwavg_fr"  local desc "Footprint-weighted average across metros (fractional mapping)"
 21. 
.     di as text "-------------------------------------------------------"
 22.     di as text "Running IV – HHI variable: `h'  ( `desc' ) – continuous + dummy"
 23.     di as text "-------------------------------------------------------"
 24. 
.     // ---------------- Continuous interaction ------------------------
. 
.     gen var3_`h' = var3 * `h'
 25.     gen var5_`h' = var5 * `h'
 26.     gen var6_`h' = var6 * `h'
 27.     gen var7_`h' = var7 * `h'
 28. 
.     di as text "[1/2] Continuous interaction"
 29. 
.     // IV regression – continuous
.     ivreghdfe `DEPVAR' ///
>         (var3 var5 var3_`h' var5_`h' = ///
>          var6 var7 var6_`h' var7_`h') ///
>         var4, absorb(`FE') vce(cluster `CLUSTER')
 30. 
.     // Clean-up
. 
.     drop var3_`h' var5_`h' var6_`h' var7_`h'
 31. 
.     // ---------------- High / Low dummy interaction ------------------
. 
.     quietly summarize `h', detail
 32.     scalar med_`h' = r(p50)
 33.     gen byte hi_`h' = (`h' > med_`h') if !missing(`h')
 34. 
.     di as text "[2/2] High (> median) dummy interaction  – cut-off: " med_`h'
 35. 
.     gen var3_hi_`h' = var3 * hi_`h'
 36.     gen var5_hi_`h' = var5 * hi_`h'
 37.     gen var6_hi_`h' = var6 * hi_`h'
 38.     gen var7_hi_`h' = var7 * hi_`h'
 39. 
.     ivreghdfe `DEPVAR' ///
>         (var3 var5 var3_hi_`h' var5_hi_`h' = ///
>          var6 var7 var6_hi_`h' var7_hi_`h') ///
>         var4, absorb(`FE') vce(cluster `CLUSTER')
 40. 
.     // Clean-up dummy vars
.     drop hi_`h' var3_hi_`h' var5_hi_`h' var6_hi_`h' var7_hi_`h'
 41. }
-------------------------------------------------------
Running IV – HHI variable: hhi_hq_fw_lg  ( HQ metro, firm-wide weights (largest-CZ mapping) ) – continuous + dummy
-------------------------------------------------------
(111,496 missing values generated)
(111,496 missing values generated)
(111,496 missing values generated)
(111,496 missing values generated)
[1/2] Continuous interaction
(dropped 3342 singleton observations)
(MWFE estimator converged in 8 iterations)

IV (2SLS) estimation
--------------------

Estimates efficient for homoskedasticity only
Statistics robust to heteroskedasticity and clustering on user_id

Number of clusters (user_id) =   20180                Number of obs =   116467
                                                      F(  5, 20179) =     6.42
                                                      Prob > F      =   0.0000
Total (centered) SS     =  29901907.23                Centered R2   =  -0.0069
Total (uncentered) SS   =  29901907.23                Uncentered R2 =  -0.0069
Residual SS             =  30108077.48                Root MSE      =    16.08

-----------------------------------------------------------------------------------
                  |               Robust
total_contrib~100 | Coefficient  std. err.      t    P>|t|     [95% conf. interval]
------------------+----------------------------------------------------------------
             var3 |  -1.390135   11.40842    -0.12   0.903    -23.75157     20.9713
             var5 |    38.5257   29.05968     1.33   0.185    -18.43364    95.48503
var3_hhi_hq_fw_lg |   .0011244   .0008337     1.35   0.177    -.0005098    .0027586
var5_hhi_hq_fw_lg |   -.000373   .0013109    -0.28   0.776    -.0029425    .0021964
             var4 |  -34.00807   23.51505    -1.45   0.148    -80.09948    12.08333
-----------------------------------------------------------------------------------
Underidentification test (Kleibergen-Paap rk LM statistic):              8.469
                                                   Chi-sq(1) P-val =    0.0036
------------------------------------------------------------------------------
Weak identification test (Cragg-Donald Wald F statistic):              117.265
                         (Kleibergen-Paap rk Wald F statistic):          2.110
Stock-Yogo weak ID test critical values:                       <not available>
------------------------------------------------------------------------------
Hansen J statistic (overidentification test of all instruments):         0.000
                                                 (equation exactly identified)
------------------------------------------------------------------------------
Instrumented:         var3 var5 var3_hhi_hq_fw_lg var5_hhi_hq_fw_lg
Included instruments: var4
Excluded instruments: var6 var7 var6_hhi_hq_fw_lg var7_hhi_hq_fw_lg
Partialled-out:       _cons
                      nb: total SS, model F and R2s are after partialling-out;
                          any small-sample adjustments include partialled-out
                          variables in regressor count K
------------------------------------------------------------------------------

Absorbed degrees of freedom:
-----------------------------------------------------------+
       Absorbed FE | Categories  - Redundant  = Num. Coefs |
-------------------+---------------------------------------|
   firm_id#user_id |     22256       22256           0    *|
                yh |        11           1          10     |
-----------------------------------------------------------+
* = FE nested within cluster; treated as redundant for DoF computation
(111,496 missing values generated)
[2/2] High (> median) dummy interaction  – cut-off: 921.05978
(111,496 missing values generated)
(111,496 missing values generated)
(111,496 missing values generated)
(111,496 missing values generated)
(dropped 3342 singleton observations)
(MWFE estimator converged in 8 iterations)

IV (2SLS) estimation
--------------------

Estimates efficient for homoskedasticity only
Statistics robust to heteroskedasticity and clustering on user_id

Number of clusters (user_id) =   20180                Number of obs =   116467
                                                      F(  5, 20179) =     5.60
                                                      Prob > F      =   0.0000
Total (centered) SS     =  29901907.23                Centered R2   =  -0.0094
Total (uncentered) SS   =  29901907.23                Uncentered R2 =  -0.0094
Residual SS             =  30183574.19                Root MSE      =     16.1

--------------------------------------------------------------------------------------
                     |               Robust
total_contributi~100 | Coefficient  std. err.      t    P>|t|     [95% conf. interval]
---------------------+----------------------------------------------------------------
                var3 |  -9.101808   9.493784    -0.96   0.338     -27.7104    9.506783
                var5 |   44.83292   28.32378     1.58   0.113    -10.68401    100.3498
var3_hi_hhi_hq_fw_lg |   .6326769   1.104519     0.57   0.567    -1.532271    2.797625
var5_hi_hhi_hq_fw_lg |  -.2586728   1.732542    -0.15   0.881    -3.654596    3.137251
                var4 |  -37.71483   23.01718    -1.64   0.101    -82.83037    7.400711
--------------------------------------------------------------------------------------
Underidentification test (Kleibergen-Paap rk LM statistic):              8.610
                                                   Chi-sq(1) P-val =    0.0033
------------------------------------------------------------------------------
Weak identification test (Cragg-Donald Wald F statistic):              119.418
                         (Kleibergen-Paap rk Wald F statistic):          2.165
Stock-Yogo weak ID test critical values:                       <not available>
------------------------------------------------------------------------------
Hansen J statistic (overidentification test of all instruments):         0.000
                                                 (equation exactly identified)
------------------------------------------------------------------------------
Instrumented:         var3 var5 var3_hi_hhi_hq_fw_lg var5_hi_hhi_hq_fw_lg
Included instruments: var4
Excluded instruments: var6 var7 var6_hi_hhi_hq_fw_lg var7_hi_hhi_hq_fw_lg
Partialled-out:       _cons
                      nb: total SS, model F and R2s are after partialling-out;
                          any small-sample adjustments include partialled-out
                          variables in regressor count K
------------------------------------------------------------------------------

Absorbed degrees of freedom:
-----------------------------------------------------------+
       Absorbed FE | Categories  - Redundant  = Num. Coefs |
-------------------+---------------------------------------|
   firm_id#user_id |     22256       22256           0    *|
                yh |        11           1          10     |
-----------------------------------------------------------+
* = FE nested within cluster; treated as redundant for DoF computation
-------------------------------------------------------
Running IV – HHI variable: hhi_hq_hq_lg  ( HQ metro, HQ-only weights (largest-CZ mapping) ) – continuous + dummy
-------------------------------------------------------
(111,541 missing values generated)
(111,541 missing values generated)
(111,541 missing values generated)
(111,541 missing values generated)
[1/2] Continuous interaction
(dropped 3341 singleton observations)
(MWFE estimator converged in 8 iterations)

IV (2SLS) estimation
--------------------

Estimates efficient for homoskedasticity only
Statistics robust to heteroskedasticity and clustering on user_id

Number of clusters (user_id) =   20173                Number of obs =   116423
                                                      F(  5, 20172) =     6.30
                                                      Prob > F      =   0.0000
Total (centered) SS     =  29895039.64                Centered R2   =  -0.0079
Total (uncentered) SS   =  29895039.64                Uncentered R2 =  -0.0079
Residual SS             =  30131623.65                Root MSE      =    16.09

-----------------------------------------------------------------------------------
                  |               Robust
total_contrib~100 | Coefficient  std. err.      t    P>|t|     [95% conf. interval]
------------------+----------------------------------------------------------------
             var3 |  -7.814728   15.72214    -0.50   0.619     -38.6314    23.00194
             var5 |    44.1378   30.06507     1.47   0.142    -14.79219    103.0678
var3_hhi_hq_hq_lg |   .0014759   .0010968     1.35   0.178     -.000674    .0036258
var5_hhi_hq_hq_lg |  -.0007997   .0014274    -0.56   0.575    -.0035976    .0019982
             var4 |  -37.04535   23.35641    -1.59   0.113    -82.82581    8.735109
-----------------------------------------------------------------------------------
Underidentification test (Kleibergen-Paap rk LM statistic):             19.214
                                                   Chi-sq(1) P-val =    0.0000
------------------------------------------------------------------------------
Weak identification test (Cragg-Donald Wald F statistic):               69.512
                         (Kleibergen-Paap rk Wald F statistic):          4.911
Stock-Yogo weak ID test critical values:                       <not available>
------------------------------------------------------------------------------
Hansen J statistic (overidentification test of all instruments):         0.000
                                                 (equation exactly identified)
------------------------------------------------------------------------------
Instrumented:         var3 var5 var3_hhi_hq_hq_lg var5_hhi_hq_hq_lg
Included instruments: var4
Excluded instruments: var6 var7 var6_hhi_hq_hq_lg var7_hhi_hq_hq_lg
Partialled-out:       _cons
                      nb: total SS, model F and R2s are after partialling-out;
                          any small-sample adjustments include partialled-out
                          variables in regressor count K
------------------------------------------------------------------------------

Absorbed degrees of freedom:
-----------------------------------------------------------+
       Absorbed FE | Categories  - Redundant  = Num. Coefs |
-------------------+---------------------------------------|
   firm_id#user_id |     22248       22248           0    *|
                yh |        11           1          10     |
-----------------------------------------------------------+
* = FE nested within cluster; treated as redundant for DoF computation
(111,541 missing values generated)
[2/2] High (> median) dummy interaction  – cut-off: 800.65676
(111,541 missing values generated)
(111,541 missing values generated)
(111,541 missing values generated)
(111,541 missing values generated)
(dropped 3341 singleton observations)
(MWFE estimator converged in 8 iterations)

IV (2SLS) estimation
--------------------

Estimates efficient for homoskedasticity only
Statistics robust to heteroskedasticity and clustering on user_id

Number of clusters (user_id) =   20173                Number of obs =   116423
                                                      F(  5, 20172) =     5.49
                                                      Prob > F      =   0.0000
Total (centered) SS     =  29895039.64                Centered R2   =  -0.0162
Total (uncentered) SS   =  29895039.64                Uncentered R2 =  -0.0162
Residual SS             =   30380426.1                Root MSE      =    16.15

--------------------------------------------------------------------------------------
                     |               Robust
total_contributi~100 | Coefficient  std. err.      t    P>|t|     [95% conf. interval]
---------------------+----------------------------------------------------------------
                var3 |   -14.3397   16.88102    -0.85   0.396    -47.42787    18.74848
                var5 |   52.21726    32.0569     1.63   0.103    -10.61688    115.0514
var3_hi_hhi_hq_hq_lg |   1.002699   2.073717     0.48   0.629    -3.061956    5.067354
var5_hi_hhi_hq_hq_lg |   1.887048    3.00563     0.63   0.530    -4.004232    7.778329
                var4 |  -43.73244   25.35499    -1.72   0.085     -93.4303    5.965415
--------------------------------------------------------------------------------------
Underidentification test (Kleibergen-Paap rk LM statistic):             16.900
                                                   Chi-sq(1) P-val =    0.0000
------------------------------------------------------------------------------
Weak identification test (Cragg-Donald Wald F statistic):               61.778
                         (Kleibergen-Paap rk Wald F statistic):          4.317
Stock-Yogo weak ID test critical values:                       <not available>
------------------------------------------------------------------------------
Hansen J statistic (overidentification test of all instruments):         0.000
                                                 (equation exactly identified)
------------------------------------------------------------------------------
Instrumented:         var3 var5 var3_hi_hhi_hq_hq_lg var5_hi_hhi_hq_hq_lg
Included instruments: var4
Excluded instruments: var6 var7 var6_hi_hhi_hq_hq_lg var7_hi_hhi_hq_hq_lg
Partialled-out:       _cons
                      nb: total SS, model F and R2s are after partialling-out;
                          any small-sample adjustments include partialled-out
                          variables in regressor count K
------------------------------------------------------------------------------

Absorbed degrees of freedom:
-----------------------------------------------------------+
       Absorbed FE | Categories  - Redundant  = Num. Coefs |
-------------------+---------------------------------------|
   firm_id#user_id |     22248       22248           0    *|
                yh |        11           1          10     |
-----------------------------------------------------------+
* = FE nested within cluster; treated as redundant for DoF computation
-------------------------------------------------------
Running IV – HHI variable: hhi_hq_eq_lg  ( HQ metro, equal weights (largest-CZ mapping) ) – continuous + dummy
-------------------------------------------------------
(110,170 missing values generated)
(110,170 missing values generated)
(110,170 missing values generated)
(110,170 missing values generated)
[1/2] Continuous interaction
(dropped 3376 singleton observations)
(MWFE estimator converged in 8 iterations)

IV (2SLS) estimation
--------------------

Estimates efficient for homoskedasticity only
Statistics robust to heteroskedasticity and clustering on user_id

Number of clusters (user_id) =   20353                Number of obs =   117759
                                                      F(  5, 20352) =     5.78
                                                      Prob > F      =   0.0000
Total (centered) SS     =  30189895.46                Centered R2   =  -0.0606
Total (uncentered) SS   =  30189895.46                Uncentered R2 =  -0.0606
Residual SS             =  32019950.64                Root MSE      =    16.49

-----------------------------------------------------------------------------------
                  |               Robust
total_contrib~100 | Coefficient  std. err.      t    P>|t|     [95% conf. interval]
------------------+----------------------------------------------------------------
             var3 |  -42.39919   50.62299    -0.84   0.402    -141.6243    56.82596
             var5 |   64.16694   55.33396     1.16   0.246    -44.29207     172.626
var3_hhi_hq_eq_lg |   .0025868   .0029027     0.89   0.373    -.0031028    .0082764
var5_hhi_hq_eq_lg |  -.0013939   .0029854    -0.47   0.641    -.0072454    .0044576
             var4 |  -45.51678   33.02746    -1.38   0.168    -110.2533     19.2197
-----------------------------------------------------------------------------------
Underidentification test (Kleibergen-Paap rk LM statistic):              2.723
                                                   Chi-sq(1) P-val =    0.0989
------------------------------------------------------------------------------
Weak identification test (Cragg-Donald Wald F statistic):               10.319
                         (Kleibergen-Paap rk Wald F statistic):          0.688
Stock-Yogo weak ID test critical values:                       <not available>
------------------------------------------------------------------------------
Hansen J statistic (overidentification test of all instruments):         0.000
                                                 (equation exactly identified)
------------------------------------------------------------------------------
Instrumented:         var3 var5 var3_hhi_hq_eq_lg var5_hhi_hq_eq_lg
Included instruments: var4
Excluded instruments: var6 var7 var6_hhi_hq_eq_lg var7_hhi_hq_eq_lg
Partialled-out:       _cons
                      nb: total SS, model F and R2s are after partialling-out;
                          any small-sample adjustments include partialled-out
                          variables in regressor count K
------------------------------------------------------------------------------

Absorbed degrees of freedom:
-----------------------------------------------------------+
       Absorbed FE | Categories  - Redundant  = Num. Coefs |
-------------------+---------------------------------------|
   firm_id#user_id |     22481       22481           0    *|
                yh |        11           1          10     |
-----------------------------------------------------------+
* = FE nested within cluster; treated as redundant for DoF computation
(110,170 missing values generated)
[2/2] High (> median) dummy interaction  – cut-off: 2212.5322
(110,170 missing values generated)
(110,170 missing values generated)
(110,170 missing values generated)
(110,170 missing values generated)
(dropped 3376 singleton observations)
(MWFE estimator converged in 8 iterations)

IV (2SLS) estimation
--------------------

Estimates efficient for homoskedasticity only
Statistics robust to heteroskedasticity and clustering on user_id

Number of clusters (user_id) =   20353                Number of obs =   117759
                                                      F(  5, 20352) =     6.14
                                                      Prob > F      =   0.0000
Total (centered) SS     =  30189895.46                Centered R2   =  -0.0097
Total (uncentered) SS   =  30189895.46                Uncentered R2 =  -0.0097
Residual SS             =  30481876.02                Root MSE      =    16.09

--------------------------------------------------------------------------------------
                     |               Robust
total_contributi~100 | Coefficient  std. err.      t    P>|t|     [95% conf. interval]
---------------------+----------------------------------------------------------------
                var3 |   13.53552   39.43998     0.34   0.731    -63.77002    90.84105
                var5 |   14.31307   46.31678     0.31   0.757    -76.47155    105.0977
var3_hi_hhi_hq_eq_lg |  -3.289977   6.371071    -0.52   0.606    -15.77779    9.197835
var5_hi_hhi_hq_eq_lg |   4.185713   6.477912     0.65   0.518    -8.511516    16.88294
                var4 |  -18.90133   30.16084    -0.63   0.531      -78.019    40.21634
--------------------------------------------------------------------------------------
Underidentification test (Kleibergen-Paap rk LM statistic):              2.847
                                                   Chi-sq(1) P-val =    0.0916
------------------------------------------------------------------------------
Weak identification test (Cragg-Donald Wald F statistic):               12.074
                         (Kleibergen-Paap rk Wald F statistic):          0.706
Stock-Yogo weak ID test critical values:                       <not available>
------------------------------------------------------------------------------
Hansen J statistic (overidentification test of all instruments):         0.000
                                                 (equation exactly identified)
------------------------------------------------------------------------------
Instrumented:         var3 var5 var3_hi_hhi_hq_eq_lg var5_hi_hhi_hq_eq_lg
Included instruments: var4
Excluded instruments: var6 var7 var6_hi_hhi_hq_eq_lg var7_hi_hhi_hq_eq_lg
Partialled-out:       _cons
                      nb: total SS, model F and R2s are after partialling-out;
                          any small-sample adjustments include partialled-out
                          variables in regressor count K
------------------------------------------------------------------------------

Absorbed degrees of freedom:
-----------------------------------------------------------+
       Absorbed FE | Categories  - Redundant  = Num. Coefs |
-------------------+---------------------------------------|
   firm_id#user_id |     22481       22481           0    *|
                yh |        11           1          10     |
-----------------------------------------------------------+
* = FE nested within cluster; treated as redundant for DoF computation
-------------------------------------------------------
Running IV – HHI variable: hhi_fwavg_lg  ( Footprint-weighted average across metros (largest-CZ mapping) ) – continuous + dummy
-------------------------------------------------------
(107,282 missing values generated)
(107,282 missing values generated)
(107,282 missing values generated)
(107,282 missing values generated)
[1/2] Continuous interaction
(dropped 3421 singleton observations)
(MWFE estimator converged in 8 iterations)

IV (2SLS) estimation
--------------------

Estimates efficient for homoskedasticity only
Statistics robust to heteroskedasticity and clustering on user_id

Number of clusters (user_id) =   20738                Number of obs =   120602
                                                      F(  5, 20737) =     8.45
                                                      Prob > F      =   0.0000
Total (centered) SS     =  30773748.77                Centered R2   =  -0.0069
Total (uncentered) SS   =  30773748.77                Uncentered R2 =  -0.0069
Residual SS             =   30986472.3                Root MSE      =    16.03

-----------------------------------------------------------------------------------
                  |               Robust
total_contrib~100 | Coefficient  std. err.      t    P>|t|     [95% conf. interval]
------------------+----------------------------------------------------------------
             var3 |   4.293246   8.212381     0.52   0.601    -11.80366    20.39016
             var5 |   27.81421   25.72999     1.08   0.280    -22.61859    78.24702
var3_hhi_fwavg_lg |   .0018071   .0006962     2.60   0.009     .0004425    .0031718
var5_hhi_fwavg_lg |  -.0006985   .0012572    -0.56   0.578    -.0031628    .0017658
             var4 |  -26.24433    21.3493    -1.23   0.219    -68.09064    15.60198
-----------------------------------------------------------------------------------
Underidentification test (Kleibergen-Paap rk LM statistic):              9.552
                                                   Chi-sq(1) P-val =    0.0020
------------------------------------------------------------------------------
Weak identification test (Cragg-Donald Wald F statistic):              135.878
                         (Kleibergen-Paap rk Wald F statistic):          2.384
Stock-Yogo weak ID test critical values:                       <not available>
------------------------------------------------------------------------------
Hansen J statistic (overidentification test of all instruments):         0.000
                                                 (equation exactly identified)
------------------------------------------------------------------------------
Instrumented:         var3 var5 var3_hhi_fwavg_lg var5_hhi_fwavg_lg
Included instruments: var4
Excluded instruments: var6 var7 var6_hhi_fwavg_lg var7_hhi_fwavg_lg
Partialled-out:       _cons
                      nb: total SS, model F and R2s are after partialling-out;
                          any small-sample adjustments include partialled-out
                          variables in regressor count K
------------------------------------------------------------------------------

Absorbed degrees of freedom:
-----------------------------------------------------------+
       Absorbed FE | Categories  - Redundant  = Num. Coefs |
-------------------+---------------------------------------|
   firm_id#user_id |     22919       22919           0    *|
                yh |        11           1          10     |
-----------------------------------------------------------+
* = FE nested within cluster; treated as redundant for DoF computation
(107,282 missing values generated)
[2/2] High (> median) dummy interaction  – cut-off: 977.11123
(107,282 missing values generated)
(107,282 missing values generated)
(107,282 missing values generated)
(107,282 missing values generated)
(dropped 3421 singleton observations)
(MWFE estimator converged in 8 iterations)

IV (2SLS) estimation
--------------------

Estimates efficient for homoskedasticity only
Statistics robust to heteroskedasticity and clustering on user_id

Number of clusters (user_id) =   20738                Number of obs =   120602
                                                      F(  5, 20737) =     6.41
                                                      Prob > F      =   0.0000
Total (centered) SS     =  30773748.77                Centered R2   =  -0.0041
Total (uncentered) SS   =  30773748.77                Uncentered R2 =  -0.0041
Residual SS             =  30898566.92                Root MSE      =    16.01

--------------------------------------------------------------------------------------
                     |               Robust
total_contributi~100 | Coefficient  std. err.      t    P>|t|     [95% conf. interval]
---------------------+----------------------------------------------------------------
                var3 |  -3.131751   8.175381    -0.38   0.702    -19.15614    12.89264
                var5 |   33.94281   26.41333     1.29   0.199    -17.82939    85.71501
var3_hi_hhi_fwavg_lg |   1.313571   .8020402     1.64   0.101    -.2584911    2.885632
var5_hi_hhi_fwavg_lg |  -.5411981   1.672154    -0.32   0.746    -3.818752    2.736355
                var4 |   -30.0359     21.764    -1.38   0.168    -72.69505    12.62325
--------------------------------------------------------------------------------------
Underidentification test (Kleibergen-Paap rk LM statistic):              9.288
                                                   Chi-sq(1) P-val =    0.0023
------------------------------------------------------------------------------
Weak identification test (Cragg-Donald Wald F statistic):              130.802
                         (Kleibergen-Paap rk Wald F statistic):          2.333
Stock-Yogo weak ID test critical values:                       <not available>
------------------------------------------------------------------------------
Hansen J statistic (overidentification test of all instruments):         0.000
                                                 (equation exactly identified)
------------------------------------------------------------------------------
Instrumented:         var3 var5 var3_hi_hhi_fwavg_lg var5_hi_hhi_fwavg_lg
Included instruments: var4
Excluded instruments: var6 var7 var6_hi_hhi_fwavg_lg var7_hi_hhi_fwavg_lg
Partialled-out:       _cons
                      nb: total SS, model F and R2s are after partialling-out;
                          any small-sample adjustments include partialled-out
                          variables in regressor count K
------------------------------------------------------------------------------

Absorbed degrees of freedom:
-----------------------------------------------------------+
       Absorbed FE | Categories  - Redundant  = Num. Coefs |
-------------------+---------------------------------------|
   firm_id#user_id |     22919       22919           0    *|
                yh |        11           1          10     |
-----------------------------------------------------------+
* = FE nested within cluster; treated as redundant for DoF computation
-------------------------------------------------------
Running IV – HHI variable: hhi_hq_fw_fr  ( HQ metro, firm-wide weights (fractional mapping) ) – continuous + dummy
-------------------------------------------------------
(107,625 missing values generated)
(107,625 missing values generated)
(107,625 missing values generated)
(107,625 missing values generated)
[1/2] Continuous interaction
(dropped 3406 singleton observations)
(MWFE estimator converged in 8 iterations)

IV (2SLS) estimation
--------------------

Estimates efficient for homoskedasticity only
Statistics robust to heteroskedasticity and clustering on user_id

Number of clusters (user_id) =   20682                Number of obs =   120274
                                                      F(  5, 20681) =     7.76
                                                      Prob > F      =   0.0000
Total (centered) SS     =  30681322.49                Centered R2   =  -0.0058
Total (uncentered) SS   =  30681322.49                Uncentered R2 =  -0.0058
Residual SS             =  30857776.16                Root MSE      =    16.02

-----------------------------------------------------------------------------------
                  |               Robust
total_contrib~100 | Coefficient  std. err.      t    P>|t|     [95% conf. interval]
------------------+----------------------------------------------------------------
             var3 |  -.9576653   8.560297    -0.11   0.911    -17.73652    15.82119
             var5 |   35.26169   26.79498     1.32   0.188    -17.25858    87.78196
var3_hhi_hq_fw_fr |   .0015378   .0006704     2.29   0.022     .0002239    .0028518
var5_hhi_hq_fw_fr |    .000115   .0014457     0.08   0.937    -.0027186    .0029486
             var4 |  -31.91474   22.36259    -1.43   0.154    -75.74717     11.9177
-----------------------------------------------------------------------------------
Underidentification test (Kleibergen-Paap rk LM statistic):              8.930
                                                   Chi-sq(1) P-val =    0.0028
------------------------------------------------------------------------------
Weak identification test (Cragg-Donald Wald F statistic):              127.629
                         (Kleibergen-Paap rk Wald F statistic):          2.228
Stock-Yogo weak ID test critical values:                       <not available>
------------------------------------------------------------------------------
Hansen J statistic (overidentification test of all instruments):         0.000
                                                 (equation exactly identified)
------------------------------------------------------------------------------
Instrumented:         var3 var5 var3_hhi_hq_fw_fr var5_hhi_hq_fw_fr
Included instruments: var4
Excluded instruments: var6 var7 var6_hhi_hq_fw_fr var7_hhi_hq_fw_fr
Partialled-out:       _cons
                      nb: total SS, model F and R2s are after partialling-out;
                          any small-sample adjustments include partialled-out
                          variables in regressor count K
------------------------------------------------------------------------------

Absorbed degrees of freedom:
-----------------------------------------------------------+
       Absorbed FE | Categories  - Redundant  = Num. Coefs |
-------------------+---------------------------------------|
   firm_id#user_id |     22850       22850           0    *|
                yh |        11           1          10     |
-----------------------------------------------------------+
* = FE nested within cluster; treated as redundant for DoF computation
(107,625 missing values generated)
[2/2] High (> median) dummy interaction  – cut-off: 886.21822
(107,625 missing values generated)
(107,625 missing values generated)
(107,625 missing values generated)
(107,625 missing values generated)
(dropped 3406 singleton observations)
(MWFE estimator converged in 8 iterations)

IV (2SLS) estimation
--------------------

Estimates efficient for homoskedasticity only
Statistics robust to heteroskedasticity and clustering on user_id

Number of clusters (user_id) =   20682                Number of obs =   120274
                                                      F(  5, 20681) =     5.93
                                                      Prob > F      =   0.0000
Total (centered) SS     =  30681322.49                Centered R2   =  -0.0072
Total (uncentered) SS   =  30681322.49                Uncentered R2 =  -0.0072
Residual SS             =  30903475.65                Root MSE      =    16.03

--------------------------------------------------------------------------------------
                     |               Robust
total_contributi~100 | Coefficient  std. err.      t    P>|t|     [95% conf. interval]
---------------------+----------------------------------------------------------------
                var3 |  -8.180577   7.092486    -1.15   0.249    -22.08241    5.721255
                var5 |   40.47527   25.66045     1.58   0.115    -9.821235    90.77178
var3_hi_hhi_hq_fw_fr |   .8615882   .9255204     0.93   0.352    -.9525047    2.675681
var5_hi_hhi_hq_fw_fr |    .345778   1.710329     0.20   0.840    -3.006602    3.698158
                var4 |  -34.67968   21.24734    -1.63   0.103    -76.32614    6.966784
--------------------------------------------------------------------------------------
Underidentification test (Kleibergen-Paap rk LM statistic):              9.639
                                                   Chi-sq(1) P-val =    0.0019
------------------------------------------------------------------------------
Weak identification test (Cragg-Donald Wald F statistic):              137.429
                         (Kleibergen-Paap rk Wald F statistic):          2.429
Stock-Yogo weak ID test critical values:                       <not available>
------------------------------------------------------------------------------
Hansen J statistic (overidentification test of all instruments):         0.000
                                                 (equation exactly identified)
------------------------------------------------------------------------------
Instrumented:         var3 var5 var3_hi_hhi_hq_fw_fr var5_hi_hhi_hq_fw_fr
Included instruments: var4
Excluded instruments: var6 var7 var6_hi_hhi_hq_fw_fr var7_hi_hhi_hq_fw_fr
Partialled-out:       _cons
                      nb: total SS, model F and R2s are after partialling-out;
                          any small-sample adjustments include partialled-out
                          variables in regressor count K
------------------------------------------------------------------------------

Absorbed degrees of freedom:
-----------------------------------------------------------+
       Absorbed FE | Categories  - Redundant  = Num. Coefs |
-------------------+---------------------------------------|
   firm_id#user_id |     22850       22850           0    *|
                yh |        11           1          10     |
-----------------------------------------------------------+
* = FE nested within cluster; treated as redundant for DoF computation
-------------------------------------------------------
Running IV – HHI variable: hhi_hq_hq_fr  ( HQ metro, HQ-only weights (fractional mapping) ) – continuous + dummy
-------------------------------------------------------
(107,670 missing values generated)
(107,670 missing values generated)
(107,670 missing values generated)
(107,670 missing values generated)
[1/2] Continuous interaction
(dropped 3405 singleton observations)
(MWFE estimator converged in 8 iterations)

IV (2SLS) estimation
--------------------

Estimates efficient for homoskedasticity only
Statistics robust to heteroskedasticity and clustering on user_id

Number of clusters (user_id) =   20675                Number of obs =   120230
                                                      F(  5, 20674) =     7.74
                                                      Prob > F      =   0.0000
Total (centered) SS     =  30674474.99                Centered R2   =  -0.0059
Total (uncentered) SS   =  30674474.99                Uncentered R2 =  -0.0059
Residual SS             =  30856485.91                Root MSE      =    16.02

-----------------------------------------------------------------------------------
                  |               Robust
total_contrib~100 | Coefficient  std. err.      t    P>|t|     [95% conf. interval]
------------------+----------------------------------------------------------------
             var3 |  -6.838768   10.81044    -0.63   0.527    -28.02809    14.35055
             var5 |   40.02839   26.46009     1.51   0.130    -11.83548    91.89225
var3_hhi_hq_hq_fr |   .0018755   .0007952     2.36   0.018     .0003168    .0034341
var5_hhi_hq_hq_fr |  -.0002666   .0014004    -0.19   0.849    -.0030116    .0024783
             var4 |  -34.44253   21.58579    -1.60   0.111    -76.75238    7.867323
-----------------------------------------------------------------------------------
Underidentification test (Kleibergen-Paap rk LM statistic):             40.050
                                                   Chi-sq(1) P-val =    0.0000
------------------------------------------------------------------------------
Weak identification test (Cragg-Donald Wald F statistic):              134.623
                         (Kleibergen-Paap rk Wald F statistic):         10.332
Stock-Yogo weak ID test critical values:                       <not available>
------------------------------------------------------------------------------
Hansen J statistic (overidentification test of all instruments):         0.000
                                                 (equation exactly identified)
------------------------------------------------------------------------------
Instrumented:         var3 var5 var3_hhi_hq_hq_fr var5_hhi_hq_hq_fr
Included instruments: var4
Excluded instruments: var6 var7 var6_hhi_hq_hq_fr var7_hhi_hq_hq_fr
Partialled-out:       _cons
                      nb: total SS, model F and R2s are after partialling-out;
                          any small-sample adjustments include partialled-out
                          variables in regressor count K
------------------------------------------------------------------------------

Absorbed degrees of freedom:
-----------------------------------------------------------+
       Absorbed FE | Categories  - Redundant  = Num. Coefs |
-------------------+---------------------------------------|
   firm_id#user_id |     22842       22842           0    *|
                yh |        11           1          10     |
-----------------------------------------------------------+
* = FE nested within cluster; treated as redundant for DoF computation
(107,670 missing values generated)
[2/2] High (> median) dummy interaction  – cut-off: 800.65676
(107,670 missing values generated)
(107,670 missing values generated)
(107,670 missing values generated)
(107,670 missing values generated)
(dropped 3405 singleton observations)
(MWFE estimator converged in 8 iterations)

IV (2SLS) estimation
--------------------

Estimates efficient for homoskedasticity only
Statistics robust to heteroskedasticity and clustering on user_id

Number of clusters (user_id) =   20675                Number of obs =   120230
                                                      F(  5, 20674) =     5.85
                                                      Prob > F      =   0.0000
Total (centered) SS     =  30674474.99                Centered R2   =  -0.0105
Total (uncentered) SS   =  30674474.99                Uncentered R2 =  -0.0105
Residual SS             =  30997561.62                Root MSE      =    16.06

--------------------------------------------------------------------------------------
                     |               Robust
total_contributi~100 | Coefficient  std. err.      t    P>|t|     [95% conf. interval]
---------------------+----------------------------------------------------------------
                var3 |  -12.25188    11.2009    -1.09   0.274    -34.20653    9.702775
                var5 |   43.78739   26.55711     1.65   0.099    -8.266638    95.84143
var3_hi_hhi_hq_hq_fr |   1.553152   1.459469     1.06   0.287    -1.307521    4.413826
var5_hi_hhi_hq_hq_fr |   1.360122   2.554288     0.53   0.594    -3.646483    6.366727
                var4 |  -37.21613    21.8124    -1.71   0.088    -79.97015    5.537897
--------------------------------------------------------------------------------------
Underidentification test (Kleibergen-Paap rk LM statistic):             37.151
                                                   Chi-sq(1) P-val =    0.0000
------------------------------------------------------------------------------
Weak identification test (Cragg-Donald Wald F statistic):              128.858
                         (Kleibergen-Paap rk Wald F statistic):          9.591
Stock-Yogo weak ID test critical values:                       <not available>
------------------------------------------------------------------------------
Hansen J statistic (overidentification test of all instruments):         0.000
                                                 (equation exactly identified)
------------------------------------------------------------------------------
Instrumented:         var3 var5 var3_hi_hhi_hq_hq_fr var5_hi_hhi_hq_hq_fr
Included instruments: var4
Excluded instruments: var6 var7 var6_hi_hhi_hq_hq_fr var7_hi_hhi_hq_hq_fr
Partialled-out:       _cons
                      nb: total SS, model F and R2s are after partialling-out;
                          any small-sample adjustments include partialled-out
                          variables in regressor count K
------------------------------------------------------------------------------

Absorbed degrees of freedom:
-----------------------------------------------------------+
       Absorbed FE | Categories  - Redundant  = Num. Coefs |
-------------------+---------------------------------------|
   firm_id#user_id |     22842       22842           0    *|
                yh |        11           1          10     |
-----------------------------------------------------------+
* = FE nested within cluster; treated as redundant for DoF computation
-------------------------------------------------------
Running IV – HHI variable: hhi_hq_eq_fr  ( HQ metro, equal weights (fractional mapping) ) – continuous + dummy
-------------------------------------------------------
(106,292 missing values generated)
(106,292 missing values generated)
(106,292 missing values generated)
(106,292 missing values generated)
[1/2] Continuous interaction
(dropped 3440 singleton observations)
(MWFE estimator converged in 8 iterations)

IV (2SLS) estimation
--------------------

Estimates efficient for homoskedasticity only
Statistics robust to heteroskedasticity and clustering on user_id

Number of clusters (user_id) =   20855                Number of obs =   121573
                                                      F(  5, 20854) =     7.10
                                                      Prob > F      =   0.0000
Total (centered) SS     =  30969634.38                Centered R2   =  -0.0321
Total (uncentered) SS   =  30969634.38                Uncentered R2 =  -0.0321
Residual SS             =  31962817.67                Root MSE      =    16.22

-----------------------------------------------------------------------------------
                  |               Robust
total_contrib~100 | Coefficient  std. err.      t    P>|t|     [95% conf. interval]
------------------+----------------------------------------------------------------
             var3 |  -32.63543   23.30393    -1.40   0.161    -78.31294    13.04209
             var5 |   47.55983   29.94912     1.59   0.112    -11.14278    106.2624
var3_hhi_hq_eq_fr |   .0027575   .0015719     1.75   0.079    -.0003236    .0058386
var5_hhi_hq_eq_fr |  -.0010906   .0017572    -0.62   0.535    -.0045349    .0023537
             var4 |  -34.63988   20.51931    -1.69   0.091    -74.85931    5.579555
-----------------------------------------------------------------------------------
Underidentification test (Kleibergen-Paap rk LM statistic):             11.181
                                                   Chi-sq(1) P-val =    0.0008
------------------------------------------------------------------------------
Weak identification test (Cragg-Donald Wald F statistic):               41.449
                         (Kleibergen-Paap rk Wald F statistic):          2.852
Stock-Yogo weak ID test critical values:                       <not available>
------------------------------------------------------------------------------
Hansen J statistic (overidentification test of all instruments):         0.000
                                                 (equation exactly identified)
------------------------------------------------------------------------------
Instrumented:         var3 var5 var3_hhi_hq_eq_fr var5_hhi_hq_eq_fr
Included instruments: var4
Excluded instruments: var6 var7 var6_hhi_hq_eq_fr var7_hhi_hq_eq_fr
Partialled-out:       _cons
                      nb: total SS, model F and R2s are after partialling-out;
                          any small-sample adjustments include partialled-out
                          variables in regressor count K
------------------------------------------------------------------------------

Absorbed degrees of freedom:
-----------------------------------------------------------+
       Absorbed FE | Categories  - Redundant  = Num. Coefs |
-------------------+---------------------------------------|
   firm_id#user_id |     23076       23076           0    *|
                yh |        11           1          10     |
-----------------------------------------------------------+
* = FE nested within cluster; treated as redundant for DoF computation
(106,292 missing values generated)
[2/2] High (> median) dummy interaction  – cut-off: 2212.5321
(106,292 missing values generated)
(106,292 missing values generated)
(106,292 missing values generated)
(106,292 missing values generated)
(dropped 3440 singleton observations)
(MWFE estimator converged in 8 iterations)

IV (2SLS) estimation
--------------------

Estimates efficient for homoskedasticity only
Statistics robust to heteroskedasticity and clustering on user_id

Number of clusters (user_id) =   20855                Number of obs =   121573
                                                      F(  5, 20854) =     2.82
                                                      Prob > F      =   0.0151
Total (centered) SS     =  30969634.38                Centered R2   =  -1.7994
Total (uncentered) SS   =  30969634.38                Uncentered R2 =  -1.7994
Residual SS             =  86697168.95                Root MSE      =    26.71

--------------------------------------------------------------------------------------
                     |               Robust
total_contributi~100 | Coefficient  std. err.      t    P>|t|     [95% conf. interval]
---------------------+----------------------------------------------------------------
                var3 |  -207.1429   716.8856    -0.29   0.773    -1612.294    1198.009
                var5 |   228.7749   717.9642     0.32   0.750    -1178.491     1636.04
var3_hi_hhi_hq_eq_fr |   32.13402   113.4434     0.28   0.777    -190.2238    254.4918
var5_hi_hhi_hq_eq_fr |  -30.60854   113.3986    -0.27   0.787    -252.8785    191.6614
                var4 |  -140.5908   412.3503    -0.34   0.733    -948.8294    667.6479
--------------------------------------------------------------------------------------
Underidentification test (Kleibergen-Paap rk LM statistic):              0.091
                                                   Chi-sq(1) P-val =    0.7631
------------------------------------------------------------------------------
Weak identification test (Cragg-Donald Wald F statistic):                0.373
                         (Kleibergen-Paap rk Wald F statistic):          0.023
Stock-Yogo weak ID test critical values:                       <not available>
------------------------------------------------------------------------------
Hansen J statistic (overidentification test of all instruments):         0.000
                                                 (equation exactly identified)
------------------------------------------------------------------------------
Instrumented:         var3 var5 var3_hi_hhi_hq_eq_fr var5_hi_hhi_hq_eq_fr
Included instruments: var4
Excluded instruments: var6 var7 var6_hi_hhi_hq_eq_fr var7_hi_hhi_hq_eq_fr
Partialled-out:       _cons
                      nb: total SS, model F and R2s are after partialling-out;
                          any small-sample adjustments include partialled-out
                          variables in regressor count K
------------------------------------------------------------------------------

Absorbed degrees of freedom:
-----------------------------------------------------------+
       Absorbed FE | Categories  - Redundant  = Num. Coefs |
-------------------+---------------------------------------|
   firm_id#user_id |     23076       23076           0    *|
                yh |        11           1          10     |
-----------------------------------------------------------+
* = FE nested within cluster; treated as redundant for DoF computation
-------------------------------------------------------
Running IV – HHI variable: hhi_fwavg_fr  ( Footprint-weighted average across metros (fractional mapping) ) – continuous + dummy
-------------------------------------------------------
(107,185 missing values generated)
(107,185 missing values generated)
(107,185 missing values generated)
(107,185 missing values generated)
[1/2] Continuous interaction
(dropped 3423 singleton observations)
(MWFE estimator converged in 8 iterations)

IV (2SLS) estimation
--------------------

Estimates efficient for homoskedasticity only
Statistics robust to heteroskedasticity and clustering on user_id

Number of clusters (user_id) =   20751                Number of obs =   120697
                                                      F(  5, 20750) =     8.92
                                                      Prob > F      =   0.0000
Total (centered) SS     =  30797299.16                Centered R2   =  -0.0090
Total (uncentered) SS   =  30797299.16                Uncentered R2 =  -0.0090
Residual SS             =  31075788.83                Root MSE      =    16.05

-----------------------------------------------------------------------------------
                  |               Robust
total_contrib~100 | Coefficient  std. err.      t    P>|t|     [95% conf. interval]
------------------+----------------------------------------------------------------
             var3 |   6.028427   7.881701     0.76   0.444    -9.420324    21.47718
             var5 |   27.69319   26.33621     1.05   0.293    -23.92784    79.31423
var3_hhi_fwavg_fr |   .0018905   .0006963     2.71   0.007     .0005257    .0032554
var5_hhi_fwavg_fr |  -.0005616   .0013753    -0.41   0.683    -.0032574    .0021342
             var4 |  -26.59071   21.98336    -1.21   0.226    -69.67982     16.4984
-----------------------------------------------------------------------------------
Underidentification test (Kleibergen-Paap rk LM statistic):              9.095
                                                   Chi-sq(1) P-val =    0.0026
------------------------------------------------------------------------------
Weak identification test (Cragg-Donald Wald F statistic):              128.774
                         (Kleibergen-Paap rk Wald F statistic):          2.275
Stock-Yogo weak ID test critical values:                       <not available>
------------------------------------------------------------------------------
Hansen J statistic (overidentification test of all instruments):         0.000
                                                 (equation exactly identified)
------------------------------------------------------------------------------
Instrumented:         var3 var5 var3_hhi_fwavg_fr var5_hhi_fwavg_fr
Included instruments: var4
Excluded instruments: var6 var7 var6_hhi_fwavg_fr var7_hhi_fwavg_fr
Partialled-out:       _cons
                      nb: total SS, model F and R2s are after partialling-out;
                          any small-sample adjustments include partialled-out
                          variables in regressor count K
------------------------------------------------------------------------------

Absorbed degrees of freedom:
-----------------------------------------------------------+
       Absorbed FE | Categories  - Redundant  = Num. Coefs |
-------------------+---------------------------------------|
   firm_id#user_id |     22939       22939           0    *|
                yh |        11           1          10     |
-----------------------------------------------------------+
* = FE nested within cluster; treated as redundant for DoF computation
(107,185 missing values generated)
[2/2] High (> median) dummy interaction  – cut-off: 962.04544
(107,185 missing values generated)
(107,185 missing values generated)
(107,185 missing values generated)
(107,185 missing values generated)
(dropped 3423 singleton observations)
(MWFE estimator converged in 8 iterations)

IV (2SLS) estimation
--------------------

Estimates efficient for homoskedasticity only
Statistics robust to heteroskedasticity and clustering on user_id

Number of clusters (user_id) =   20751                Number of obs =   120697
                                                      F(  5, 20750) =     6.61
                                                      Prob > F      =   0.0000
Total (centered) SS     =  30797299.16                Centered R2   =  -0.0027
Total (uncentered) SS   =  30797299.16                Uncentered R2 =  -0.0027
Residual SS             =  30881931.53                Root MSE      =       16

--------------------------------------------------------------------------------------
                     |               Robust
total_contributi~100 | Coefficient  std. err.      t    P>|t|     [95% conf. interval]
---------------------+----------------------------------------------------------------
                var3 |  -2.461984   6.614096    -0.37   0.710    -15.42613    10.50216
                var5 |   30.34535   23.41514     1.30   0.195    -15.55016    76.24086
var3_hi_hhi_fwavg_fr |   1.426991   .9169875     1.56   0.120    -.3703763    3.224358
var5_hi_hhi_fwavg_fr |  -1.355484   1.501831    -0.90   0.367    -4.299192    1.588223
                var4 |  -26.92994   19.24805    -1.40   0.162    -64.65763    10.79775
--------------------------------------------------------------------------------------
Underidentification test (Kleibergen-Paap rk LM statistic):             11.682
                                                   Chi-sq(1) P-val =    0.0006
------------------------------------------------------------------------------
Weak identification test (Cragg-Donald Wald F statistic):              160.614
                         (Kleibergen-Paap rk Wald F statistic):          2.939
Stock-Yogo weak ID test critical values:                       <not available>
------------------------------------------------------------------------------
Hansen J statistic (overidentification test of all instruments):         0.000
                                                 (equation exactly identified)
------------------------------------------------------------------------------
Instrumented:         var3 var5 var3_hi_hhi_fwavg_fr var5_hi_hhi_fwavg_fr
Included instruments: var4
Excluded instruments: var6 var7 var6_hi_hhi_fwavg_fr var7_hi_hhi_fwavg_fr
Partialled-out:       _cons
                      nb: total SS, model F and R2s are after partialling-out;
                          any small-sample adjustments include partialled-out
                          variables in regressor count K
------------------------------------------------------------------------------

Absorbed degrees of freedom:
-----------------------------------------------------------+
       Absorbed FE | Categories  - Redundant  = Num. Coefs |
-------------------+---------------------------------------|
   firm_id#user_id |     22939       22939           0    *|
                yh |        11           1          10     |
-----------------------------------------------------------+
* = FE nested within cluster; treated as redundant for DoF computation

. 
. di as result "✓ All HHI heterogeneity regressions completed."
✓ All HHI heterogeneity regressions completed.

. 
. // Close the log so that output is written to disk
. log close
      name:  <unnamed>
       log:  /Users/saul/Dropbox/Remote Work Startups/main/src/../results/raw/het_hhi_loop.log
  log type:  text
 closed on:  18 Jul 2025, 11:54:46
---------------------------------------------------------------------------------------------------------------------------------
