---------------------------------------------------------------------------------------------------------------------------------
      name:  <unnamed>
       log:  /Users/saul/Dropbox/Remote Work Startups/main/src/../results/raw/het_vac_loop.log
  log type:  text
 opened on:  18 Jul 2025, 11:42:26

. 
. args panel

. if "`panel'" == "" local panel "user"

. 
. if "`panel'" == "firm" {
.     local PANEL_FILE "$processed_data/firm_panel.dta"
.     local FE "firm_id yh"        // FE for firm-level outcome
.     local CLUSTER "firm_id"
.     local DEPVAR "growth_rate_we"
. }

. else if "`panel'" == "user" {
.     local PANEL_FILE "$processed_data/user_panel_precovid.dta"
.     local FE "firm_id#user_id yh" // FE for user-level outcome
.     local CLUSTER "user_id"
.     local DEPVAR "total_contributions_q100"
. }

. else {
.     di as error "Unknown panel type: `panel'. Use 'firm' or 'user'."
.     exit 198
. }

. 
. //--------------------------------------------------------------------
. // 1. Load panel
. //--------------------------------------------------------------------
. use "`PANEL_FILE'", clear

. 
. //--------------------------------------------------------------------
. // 2. Merge vacancy concentration measures
. //--------------------------------------------------------------------
. 
. preserve

. 
. // Import vacancy measures
. // Import vacancy measures produced by build_vacancy_measures.py
. import delimited "$processed_data/vacancy_measures_2020.csv", clear stringcols(_all)
(encoding automatically selected: ISO-8859-1)
(7 vars, 3,298 obs)

. rename companyname companyname_c

. 
. tempfile _vac

. save "`_vac'"
file /var/folders/hg/s3xm9w393gxby64_zklmhgbc0000gn/T//S_58965.000002 saved as .dta format

. 
. restore

. 
. gen companyname_c = lower(companyname)

. merge m:1 companyname_c using "`_vac'", keep(1 3) nogen
(variable companyname_c was str52, now str72 to accommodate using data's values)

    Result                      Number of obs
    -----------------------------------------
    Not matched                        12,794
        from master                    12,794  
        from using                          0  

    Matched                           218,511  
    -----------------------------------------

. 
. 
. 
. // Ensure numeric types (import may yield strings)
. // Ensure numeric types (import may yield strings) for the measures we use
. destring vacancy gap vacancy_per_size vacancy_per_hire, replace force
vacancy: all characters numeric; replaced as long
(12794 missing values generated)
gap: all characters numeric; replaced as double
(14111 missing values generated)
vacancy_per_size: all characters numeric; replaced as double
(12794 missing values generated)
vacancy_per_hire: all characters numeric; replaced as double
(13139 missing values generated)

. 
. //--------------------------------------------------------------------
. // 3. Confirm baseline treatment variables exist
. //--------------------------------------------------------------------
. foreach v in var3 var4 var5 var6 var7 {
  2.     capture confirm variable `v'
  3.     if _rc {
  4.         di as error "Required variable `v' is missing from the panel."
  5.         exit 498
  6.     }
  7. }

. 
. //--------------------------------------------------------------------
. // 4. Vacancy variables to loop over
. //--------------------------------------------------------------------
. // Vacancy variables (raw count, ratios, and gap) to test heterogeneity
. local vac_vars vacancy vacancy_per_size vacancy_per_hire gap

. 
. //--------------------------------------------------------------------
. // 5. Loop – run IV for each vacancy variant
. //--------------------------------------------------------------------
. 
. foreach v of local vac_vars {
  2. 
. 
. 
.     // Skip if variable not present
.     capture confirm variable `v'
  3.     if _rc {
  4.         di as txt "[skip] Vacancy variable `v' not found in data."
  5.         continue
  6.     }
  7. 
.     // Description for logging
.     local desc ""
  8.     if "`v'" == "vacancy"            local desc "Raw vacancy count"
  9.     else if "`v'" == "vacancy_per_size"  local desc "Vacancies per 2019-H2 headcount"
 10.     else if "`v'" == "vacancy_per_hire"  local desc "Vacancies per 2019-H2 hires"
 11.     else if "`v'" == "gap"               local desc "Vacancy gap (vacancies vs hires)"
 12. 
.     di as text "-------------------------------------------------------"
 13.     di as text "Running IV – vacancy variable: `v'  ( `desc' ) – continuous + dummy"
 14.     di as text "-------------------------------------------------------"
 15. 
.     // ---------------- Continuous interaction ------------------------
.     gen var3_`v' = var3 * `v'
 16.     gen var5_`v' = var5 * `v'
 17.     gen var6_`v' = var6 * `v'
 18.     gen var7_`v' = var7 * `v'
 19. 
.     di as text "[1/2] Continuous interaction"
 20.     ivreghdfe `DEPVAR' ///
>         (var3 var5 var3_`v' var5_`v' = ///
>          var6 var7 var6_`v' var7_`v') ///
>         var4, absorb(`FE') vce(cluster `CLUSTER')
 21. 
.     drop var3_`v' var5_`v' var6_`v' var7_`v'
 22. 
.     // ---------------- High / Low dummy interaction ------------------
.     quietly summarize `v', detail
 23.     scalar med_`v' = r(p50)
 24.     gen byte hi_`v' = (`v' > med_`v') if !missing(`v')
 25. 
.     di as text "[2/2] High (> median) dummy interaction – cut-off: " med_`v'
 26. 
.     gen var3_hi_`v' = var3 * hi_`v'
 27.     gen var5_hi_`v' = var5 * hi_`v'
 28.     gen var6_hi_`v' = var6 * hi_`v'
 29.     gen var7_hi_`v' = var7 * hi_`v'
 30. 
.     ivreghdfe `DEPVAR' ///
>         (var3 var5 var3_hi_`v' var5_hi_`v' = ///
>          var6 var7 var6_hi_`v' var7_hi_`v') ///
>         var4, absorb(`FE') vce(cluster `CLUSTER')
 31. 
.     drop hi_`v' var3_hi_`v' var5_hi_`v' var6_hi_`v' var7_hi_`v'
 32. }
-------------------------------------------------------
Running IV – vacancy variable: vacancy  ( Raw vacancy count ) – continuous + dummy
-------------------------------------------------------
(12,794 missing values generated)
(12,794 missing values generated)
(12,794 missing values generated)
(12,794 missing values generated)
[1/2] Continuous interaction
(dropped 6148 singleton observations)
(MWFE estimator converged in 8 iterations)

IV (2SLS) estimation
--------------------

Estimates efficient for homoskedasticity only
Statistics robust to heteroskedasticity and clustering on user_id

Number of clusters (user_id) =   34040                Number of obs =   212363
                                                      F(  5, 34039) =     6.41
                                                      Prob > F      =   0.0000
Total (centered) SS     =  54021087.24                Centered R2   =  -0.0103
Total (uncentered) SS   =  54021087.24                Uncentered R2 =  -0.0103
Residual SS             =  54575885.14                Root MSE      =    16.03

------------------------------------------------------------------------------
             |               Robust
total_co~100 | Coefficient  std. err.      t    P>|t|     [95% conf. interval]
-------------+----------------------------------------------------------------
        var3 |  -15.43315   9.065889    -1.70   0.089     -33.2026    2.336298
        var5 |   14.79668   10.91932     1.36   0.175    -6.605548    36.19891
var3_vacancy |  -.0000599   .0000595    -1.01   0.314    -.0001766    .0000568
var5_vacancy |  -.0009897   .0008816    -1.12   0.262    -.0027177    .0007384
        var4 |  -10.96071   8.084808    -1.36   0.175    -26.80721     4.88578
------------------------------------------------------------------------------
Underidentification test (Kleibergen-Paap rk LM statistic):             35.195
                                                   Chi-sq(1) P-val =    0.0000
------------------------------------------------------------------------------
Weak identification test (Cragg-Donald Wald F statistic):              184.332
                         (Kleibergen-Paap rk Wald F statistic):          9.590
Stock-Yogo weak ID test critical values:                       <not available>
------------------------------------------------------------------------------
Hansen J statistic (overidentification test of all instruments):         0.000
                                                 (equation exactly identified)
------------------------------------------------------------------------------
Instrumented:         var3 var5 var3_vacancy var5_vacancy
Included instruments: var4
Excluded instruments: var6 var7 var6_vacancy var7_vacancy
Partialled-out:       _cons
                      nb: total SS, model F and R2s are after partialling-out;
                          any small-sample adjustments include partialled-out
                          variables in regressor count K
------------------------------------------------------------------------------

Absorbed degrees of freedom:
-----------------------------------------------------------+
       Absorbed FE | Categories  - Redundant  = Num. Coefs |
-------------------+---------------------------------------|
   firm_id#user_id |     40471       40471           0    *|
                yh |        11           1          10     |
-----------------------------------------------------------+
* = FE nested within cluster; treated as redundant for DoF computation
(12,794 missing values generated)
[2/2] High (> median) dummy interaction – cut-off: 925
(12,794 missing values generated)
(12,794 missing values generated)
(12,794 missing values generated)
(12,794 missing values generated)
(dropped 6148 singleton observations)
(MWFE estimator converged in 8 iterations)

IV (2SLS) estimation
--------------------

Estimates efficient for homoskedasticity only
Statistics robust to heteroskedasticity and clustering on user_id

Number of clusters (user_id) =   34040                Number of obs =   212363
                                                      F(  5, 34039) =     8.49
                                                      Prob > F      =   0.0000
Total (centered) SS     =  54021087.24                Centered R2   =  -0.0077
Total (uncentered) SS   =  54021087.24                Uncentered R2 =  -0.0077
Residual SS             =  54435394.63                Root MSE      =    16.01

---------------------------------------------------------------------------------
                |               Robust
total_contr~100 | Coefficient  std. err.      t    P>|t|     [95% conf. interval]
----------------+----------------------------------------------------------------
           var3 |  -12.62496   9.826934    -1.28   0.199    -31.88608     6.63616
           var5 |   7.201524   12.80197     0.56   0.574    -17.89076    32.29381
var3_hi_vacancy |  -1.143037   2.557079    -0.45   0.655    -6.154997    3.868923
var5_hi_vacancy |  -2.788836   3.750898    -0.74   0.457    -10.14072     4.56305
           var4 |  -5.201957    10.1564    -0.51   0.609    -25.10885    14.70494
---------------------------------------------------------------------------------
Underidentification test (Kleibergen-Paap rk LM statistic):             32.929
                                                   Chi-sq(1) P-val =    0.0000
------------------------------------------------------------------------------
Weak identification test (Cragg-Donald Wald F statistic):              134.685
                         (Kleibergen-Paap rk Wald F statistic):          8.318
Stock-Yogo weak ID test critical values:                       <not available>
------------------------------------------------------------------------------
Hansen J statistic (overidentification test of all instruments):         0.000
                                                 (equation exactly identified)
------------------------------------------------------------------------------
Instrumented:         var3 var5 var3_hi_vacancy var5_hi_vacancy
Included instruments: var4
Excluded instruments: var6 var7 var6_hi_vacancy var7_hi_vacancy
Partialled-out:       _cons
                      nb: total SS, model F and R2s are after partialling-out;
                          any small-sample adjustments include partialled-out
                          variables in regressor count K
------------------------------------------------------------------------------

Absorbed degrees of freedom:
-----------------------------------------------------------+
       Absorbed FE | Categories  - Redundant  = Num. Coefs |
-------------------+---------------------------------------|
   firm_id#user_id |     40471       40471           0    *|
                yh |        11           1          10     |
-----------------------------------------------------------+
* = FE nested within cluster; treated as redundant for DoF computation
-------------------------------------------------------
Running IV – vacancy variable: vacancy_per_size  ( Vacancies per 2019-H2 headcount ) – continuous + dummy
-------------------------------------------------------
(12,794 missing values generated)
(12,794 missing values generated)
(12,794 missing values generated)
(12,794 missing values generated)
[1/2] Continuous interaction
(dropped 6148 singleton observations)
(MWFE estimator converged in 8 iterations)

IV (2SLS) estimation
--------------------

Estimates efficient for homoskedasticity only
Statistics robust to heteroskedasticity and clustering on user_id

Number of clusters (user_id) =   34040                Number of obs =   212363
                                                      F(  5, 34039) =     6.09
                                                      Prob > F      =   0.0000
Total (centered) SS     =  54021087.24                Centered R2   =  -0.0037
Total (uncentered) SS   =  54021087.24                Uncentered R2 =  -0.0037
Residual SS             =  54219402.14                Root MSE      =    15.98

---------------------------------------------------------------------------------------
                      |               Robust
total_contributio~100 | Coefficient  std. err.      t    P>|t|     [95% conf. interval]
----------------------+----------------------------------------------------------------
                 var3 |  -10.39012   4.790309    -2.17   0.030    -19.77929   -1.000958
                 var5 |   15.82912   6.193532     2.56   0.011     3.689591    27.96865
var3_vacancy_per_size |   .6951711    .460202     1.51   0.131    -.2068402    1.597182
var5_vacancy_per_size |  -2.563935   1.719831    -1.49   0.136    -5.934861    .8069913
                 var4 |  -12.22832   4.440452    -2.75   0.006    -20.93175   -3.524882
---------------------------------------------------------------------------------------
Underidentification test (Kleibergen-Paap rk LM statistic):            172.580
                                                   Chi-sq(1) P-val =    0.0000
------------------------------------------------------------------------------
Weak identification test (Cragg-Donald Wald F statistic):              673.207
                         (Kleibergen-Paap rk Wald F statistic):         45.730
Stock-Yogo weak ID test critical values:                       <not available>
------------------------------------------------------------------------------
Hansen J statistic (overidentification test of all instruments):         0.000
                                                 (equation exactly identified)
------------------------------------------------------------------------------
Instrumented:         var3 var5 var3_vacancy_per_size var5_vacancy_per_size
Included instruments: var4
Excluded instruments: var6 var7 var6_vacancy_per_size var7_vacancy_per_size
Partialled-out:       _cons
                      nb: total SS, model F and R2s are after partialling-out;
                          any small-sample adjustments include partialled-out
                          variables in regressor count K
------------------------------------------------------------------------------

Absorbed degrees of freedom:
-----------------------------------------------------------+
       Absorbed FE | Categories  - Redundant  = Num. Coefs |
-------------------+---------------------------------------|
   firm_id#user_id |     40471       40471           0    *|
                yh |        11           1          10     |
-----------------------------------------------------------+
* = FE nested within cluster; treated as redundant for DoF computation
(12,794 missing values generated)
[2/2] High (> median) dummy interaction – cut-off: .2031746
(12,794 missing values generated)
(12,794 missing values generated)
(12,794 missing values generated)
(12,794 missing values generated)
(dropped 6148 singleton observations)
(MWFE estimator converged in 8 iterations)

IV (2SLS) estimation
--------------------

Estimates efficient for homoskedasticity only
Statistics robust to heteroskedasticity and clustering on user_id

Number of clusters (user_id) =   34040                Number of obs =   212363
                                                      F(  5, 34039) =     7.28
                                                      Prob > F      =   0.0000
Total (centered) SS     =  54021087.24                Centered R2   =  -0.0042
Total (uncentered) SS   =  54021087.24                Uncentered R2 =  -0.0042
Residual SS             =  54246525.98                Root MSE      =    15.98

------------------------------------------------------------------------------------------
                         |               Robust
total_contributions_q100 | Coefficient  std. err.      t    P>|t|     [95% conf. interval]
-------------------------+----------------------------------------------------------------
                    var3 |  -11.49229    5.42084    -2.12   0.034    -22.11732   -.8672649
                    var5 |   17.30298   6.366108     2.72   0.007     4.825189    29.78076
var3_hi_vacancy_per_size |    1.28102   .8492638     1.51   0.131    -.3835657    2.945606
var5_hi_vacancy_per_size |  -2.709053   1.186194    -2.28   0.022    -5.034034   -.3840729
                    var4 |  -12.82471   4.431487    -2.89   0.004    -21.51058    -4.13885
------------------------------------------------------------------------------------------
Underidentification test (Kleibergen-Paap rk LM statistic):            153.565
                                                   Chi-sq(1) P-val =    0.0000
------------------------------------------------------------------------------
Weak identification test (Cragg-Donald Wald F statistic):              593.084
                         (Kleibergen-Paap rk Wald F statistic):         40.910
Stock-Yogo weak ID test critical values:                       <not available>
------------------------------------------------------------------------------
Hansen J statistic (overidentification test of all instruments):         0.000
                                                 (equation exactly identified)
------------------------------------------------------------------------------
Instrumented:         var3 var5 var3_hi_vacancy_per_size
                      var5_hi_vacancy_per_size
Included instruments: var4
Excluded instruments: var6 var7 var6_hi_vacancy_per_size
                      var7_hi_vacancy_per_size
Partialled-out:       _cons
                      nb: total SS, model F and R2s are after partialling-out;
                          any small-sample adjustments include partialled-out
                          variables in regressor count K
------------------------------------------------------------------------------

Absorbed degrees of freedom:
-----------------------------------------------------------+
       Absorbed FE | Categories  - Redundant  = Num. Coefs |
-------------------+---------------------------------------|
   firm_id#user_id |     40471       40471           0    *|
                yh |        11           1          10     |
-----------------------------------------------------------+
* = FE nested within cluster; treated as redundant for DoF computation
-------------------------------------------------------
Running IV – vacancy variable: vacancy_per_hire  ( Vacancies per 2019-H2 hires ) – continuous + dummy
-------------------------------------------------------
(13,139 missing values generated)
(13,139 missing values generated)
(13,139 missing values generated)
(13,139 missing values generated)
[1/2] Continuous interaction
(dropped 6135 singleton observations)
(MWFE estimator converged in 8 iterations)

IV (2SLS) estimation
--------------------

Estimates efficient for homoskedasticity only
Statistics robust to heteroskedasticity and clustering on user_id

Number of clusters (user_id) =   34004                Number of obs =   212031
                                                      F(  5, 34003) =     7.28
                                                      Prob > F      =   0.0000
Total (centered) SS     =  53953818.75                Centered R2   =  -0.0034
Total (uncentered) SS   =  53953818.75                Uncentered R2 =  -0.0034
Residual SS             =  54136444.75                Root MSE      =    15.98

---------------------------------------------------------------------------------------
                      |               Robust
total_contributio~100 | Coefficient  std. err.      t    P>|t|     [95% conf. interval]
----------------------+----------------------------------------------------------------
                 var3 |  -10.14016   4.735585    -2.14   0.032    -19.42206   -.8582483
                 var5 |   15.10635   6.070073     2.49   0.013     3.208802     27.0039
var3_vacancy_per_hire |    .103406   .0478985     2.16   0.031     .0095233    .1972886
var5_vacancy_per_hire |   -.382432   .1941907    -1.97   0.049    -.7630523   -.0018116
                 var4 |  -11.80764   4.422147    -2.67   0.008     -20.4752   -3.140085
---------------------------------------------------------------------------------------
Underidentification test (Kleibergen-Paap rk LM statistic):            169.994
                                                   Chi-sq(1) P-val =    0.0000
------------------------------------------------------------------------------
Weak identification test (Cragg-Donald Wald F statistic):              664.469
                         (Kleibergen-Paap rk Wald F statistic):         44.758
Stock-Yogo weak ID test critical values:                       <not available>
------------------------------------------------------------------------------
Hansen J statistic (overidentification test of all instruments):         0.000
                                                 (equation exactly identified)
------------------------------------------------------------------------------
Instrumented:         var3 var5 var3_vacancy_per_hire var5_vacancy_per_hire
Included instruments: var4
Excluded instruments: var6 var7 var6_vacancy_per_hire var7_vacancy_per_hire
Partialled-out:       _cons
                      nb: total SS, model F and R2s are after partialling-out;
                          any small-sample adjustments include partialled-out
                          variables in regressor count K
------------------------------------------------------------------------------

Absorbed degrees of freedom:
-----------------------------------------------------------+
       Absorbed FE | Categories  - Redundant  = Num. Coefs |
-------------------+---------------------------------------|
   firm_id#user_id |     40423       40423           0    *|
                yh |        11           1          10     |
-----------------------------------------------------------+
* = FE nested within cluster; treated as redundant for DoF computation
(13,139 missing values generated)
[2/2] High (> median) dummy interaction – cut-off: 1.4230769
(13,139 missing values generated)
(13,139 missing values generated)
(13,139 missing values generated)
(13,139 missing values generated)
(dropped 6135 singleton observations)
(MWFE estimator converged in 8 iterations)

IV (2SLS) estimation
--------------------

Estimates efficient for homoskedasticity only
Statistics robust to heteroskedasticity and clustering on user_id

Number of clusters (user_id) =   34004                Number of obs =   212031
                                                      F(  5, 34003) =     8.79
                                                      Prob > F      =   0.0000
Total (centered) SS     =  53953818.75                Centered R2   =  -0.0031
Total (uncentered) SS   =  53953818.75                Uncentered R2 =  -0.0031
Residual SS             =  54118522.23                Root MSE      =    15.98

------------------------------------------------------------------------------------------
                         |               Robust
total_contributions_q100 | Coefficient  std. err.      t    P>|t|     [95% conf. interval]
-------------------------+----------------------------------------------------------------
                    var3 |  -10.63473   4.785922    -2.22   0.026     -20.0153   -1.254164
                    var5 |   17.20756   5.964079     2.89   0.004     5.517768    28.89736
var3_hi_vacancy_per_hire |   1.602068   .5889119     2.72   0.007     .4477805    2.756355
var5_hi_vacancy_per_hire |   -3.54661   .9520202    -3.73   0.000    -5.412602   -1.680618
                    var4 |  -12.83836   4.258189    -3.01   0.003    -21.18456   -4.492169
------------------------------------------------------------------------------------------
Underidentification test (Kleibergen-Paap rk LM statistic):            182.439
                                                   Chi-sq(1) P-val =    0.0000
------------------------------------------------------------------------------
Weak identification test (Cragg-Donald Wald F statistic):              706.158
                         (Kleibergen-Paap rk Wald F statistic):         48.571
Stock-Yogo weak ID test critical values:                       <not available>
------------------------------------------------------------------------------
Hansen J statistic (overidentification test of all instruments):         0.000
                                                 (equation exactly identified)
------------------------------------------------------------------------------
Instrumented:         var3 var5 var3_hi_vacancy_per_hire
                      var5_hi_vacancy_per_hire
Included instruments: var4
Excluded instruments: var6 var7 var6_hi_vacancy_per_hire
                      var7_hi_vacancy_per_hire
Partialled-out:       _cons
                      nb: total SS, model F and R2s are after partialling-out;
                          any small-sample adjustments include partialled-out
                          variables in regressor count K
------------------------------------------------------------------------------

Absorbed degrees of freedom:
-----------------------------------------------------------+
       Absorbed FE | Categories  - Redundant  = Num. Coefs |
-------------------+---------------------------------------|
   firm_id#user_id |     40423       40423           0    *|
                yh |        11           1          10     |
-----------------------------------------------------------+
* = FE nested within cluster; treated as redundant for DoF computation
-------------------------------------------------------
Running IV – vacancy variable: gap  ( Vacancy gap (vacancies vs hires) ) – continuous + dummy
-------------------------------------------------------
(14,111 missing values generated)
(14,111 missing values generated)
(14,111 missing values generated)
(14,111 missing values generated)
[1/2] Continuous interaction
(dropped 6113 singleton observations)
(MWFE estimator converged in 8 iterations)

IV (2SLS) estimation
--------------------

Estimates efficient for homoskedasticity only
Statistics robust to heteroskedasticity and clustering on user_id

Number of clusters (user_id) =   33873                Number of obs =   211081
                                                      F(  5, 33872) =     5.90
                                                      Prob > F      =   0.0000
Total (centered) SS     =  53772066.49                Centered R2   =  -0.0033
Total (uncentered) SS   =  53772066.49                Uncentered R2 =  -0.0033
Residual SS             =  53951243.73                Root MSE      =    15.99

------------------------------------------------------------------------------
             |               Robust
total_co~100 | Coefficient  std. err.      t    P>|t|     [95% conf. interval]
-------------+----------------------------------------------------------------
        var3 |  -8.969967   4.145627    -2.16   0.030    -17.09554    -.844396
        var5 |   12.98237   5.474328     2.37   0.018     2.252501    23.71224
    var3_gap |  -.0272409   .0252979    -1.08   0.282    -.0768256    .0223438
    var5_gap |   .0196965   .0325426     0.61   0.545     -.044088     .083481
        var4 |  -11.13198   4.245987    -2.62   0.009    -19.45426   -2.809702
------------------------------------------------------------------------------
Underidentification test (Kleibergen-Paap rk LM statistic):            195.958
                                                   Chi-sq(1) P-val =    0.0000
------------------------------------------------------------------------------
Weak identification test (Cragg-Donald Wald F statistic):              747.783
                         (Kleibergen-Paap rk Wald F statistic):         52.282
Stock-Yogo weak ID test critical values:                       <not available>
------------------------------------------------------------------------------
Hansen J statistic (overidentification test of all instruments):         0.000
                                                 (equation exactly identified)
------------------------------------------------------------------------------
Instrumented:         var3 var5 var3_gap var5_gap
Included instruments: var4
Excluded instruments: var6 var7 var6_gap var7_gap
Partialled-out:       _cons
                      nb: total SS, model F and R2s are after partialling-out;
                          any small-sample adjustments include partialled-out
                          variables in regressor count K
------------------------------------------------------------------------------

Absorbed degrees of freedom:
-----------------------------------------------------------+
       Absorbed FE | Categories  - Redundant  = Num. Coefs |
-------------------+---------------------------------------|
   firm_id#user_id |     40246       40246           0    *|
                yh |        11           1          10     |
-----------------------------------------------------------+
* = FE nested within cluster; treated as redundant for DoF computation
(14,111 missing values generated)
[2/2] High (> median) dummy interaction – cut-off: 27.983607
(14,111 missing values generated)
(14,111 missing values generated)
(14,111 missing values generated)
(14,111 missing values generated)
(dropped 6113 singleton observations)
(MWFE estimator converged in 8 iterations)

IV (2SLS) estimation
--------------------

Estimates efficient for homoskedasticity only
Statistics robust to heteroskedasticity and clustering on user_id

Number of clusters (user_id) =   33873                Number of obs =   211081
                                                      F(  5, 33872) =     6.04
                                                      Prob > F      =   0.0000
Total (centered) SS     =  53772066.49                Centered R2   =  -0.0025
Total (uncentered) SS   =  53772066.49                Uncentered R2 =  -0.0025
Residual SS             =  53907586.07                Root MSE      =    15.98

------------------------------------------------------------------------------
             |               Robust
total_co~100 | Coefficient  std. err.      t    P>|t|     [95% conf. interval]
-------------+----------------------------------------------------------------
        var3 |  -8.110707   3.938814    -2.06   0.039    -15.83092   -.3904971
        var5 |   12.73678   5.310155     2.40   0.016     2.328698    23.14487
 var3_hi_gap |  -1.280168    .668301    -1.92   0.055     -2.59006    .0297253
 var5_hi_gap |   .7528932   1.000911     0.75   0.452    -1.208927    2.714714
        var4 |   -10.9727   4.046372    -2.71   0.007    -18.90373   -3.041675
------------------------------------------------------------------------------
Underidentification test (Kleibergen-Paap rk LM statistic):            227.403
                                                   Chi-sq(1) P-val =    0.0000
------------------------------------------------------------------------------
Weak identification test (Cragg-Donald Wald F statistic):              858.220
                         (Kleibergen-Paap rk Wald F statistic):         60.942
Stock-Yogo weak ID test critical values:                       <not available>
------------------------------------------------------------------------------
Hansen J statistic (overidentification test of all instruments):         0.000
                                                 (equation exactly identified)
------------------------------------------------------------------------------
Instrumented:         var3 var5 var3_hi_gap var5_hi_gap
Included instruments: var4
Excluded instruments: var6 var7 var6_hi_gap var7_hi_gap
Partialled-out:       _cons
                      nb: total SS, model F and R2s are after partialling-out;
                          any small-sample adjustments include partialled-out
                          variables in regressor count K
------------------------------------------------------------------------------

Absorbed degrees of freedom:
-----------------------------------------------------------+
       Absorbed FE | Categories  - Redundant  = Num. Coefs |
-------------------+---------------------------------------|
   firm_id#user_id |     40246       40246           0    *|
                yh |        11           1          10     |
-----------------------------------------------------------+
* = FE nested within cluster; treated as redundant for DoF computation

. 
. di as result "✓ Vacancy heterogeneity regressions completed."
✓ Vacancy heterogeneity regressions completed.

. 
. log close
      name:  <unnamed>
       log:  /Users/saul/Dropbox/Remote Work Startups/main/src/../results/raw/het_vac_loop.log
  log type:  text
 closed on:  18 Jul 2025, 11:43:32
---------------------------------------------------------------------------------------------------------------------------------
