-----------------------------------------------------------------------------------------------------------------------------------------
      name:  <unnamed>
       log:  /Users/saul/Dropbox/Remote Work Startups/main/src/log/build_firm_panel.log
  log type:  text
 opened on:  19 Jun 2025, 00:30:52

. 
. 
. import delimited "$raw_data/Scoop_alt.csv", clear
(encoding automatically selected: ISO-8859-1)
(6 vars, 323,593 obs)

. 
. gen date_numeric = date(date, "YMD")

. drop date

. rename date_numeric date

. format date %td

. 
. gen yh = hofd(date)

. gen year = yofd(date)

. format yh %th

. 
. collapse (last) date (sum) join leave, by(companyname yh)

. 
. 
. keep companyname yh join leave

. tempfile join_leave

. save `join_leave'
file /var/folders/hg/s3xm9w393gxby64_zklmhgbc0000gn/T//S_97664.000001 saved as .dta format

. 
. 
. import delimited "$processed_data/Scoop_Positions_Firm_Collapse2.csv", clear
(encoding automatically selected: ISO-8859-1)
(6 vars, 323,675 obs)

. drop v1

. 
. gen date_numeric = date(date, "YMD")

. drop date

. rename date_numeric date

. format date %td

. 
. gen yh = hofd(date)

. gen year = yofd(date)

. format yh %th

. 
. // Drop one-off observations in June 2022
. drop if date == 22797
(4,345 observations deleted)

. 
. 
. // Collapse to have one observation per firm-half-year, and calculate growth & rates:
. collapse (last) total_employees date (sum) join leave, by(companyname yh)

. 
. drop join leave

. merge 1:1 companyname yh using `join_leave'

    Result                      Number of obs
    -----------------------------------------
    Not matched                            16
        from master                        14  (_merge==1)
        from using                          2  (_merge==2)

    Matched                            54,161  (_merge==3)
    -----------------------------------------

. drop _merge

. 
. encode companyname, gen(company_numeric)

. xtset company_numeric yh

Panel variable: company_numeric (unbalanced)
 Time variable: yh, 2016h1 to 2022h1, but with gaps
         Delta: 1 halfyear

. sort company_numeric yh

. 
. gen growth_rate = (total_employees / L.total_employees) - 1 if _n > 1
(4,422 missing values generated)

. gen join_rate = join / L.total_employees if _n > 1
(4,427 missing values generated)

. gen leave_rate = leave / L.total_employees if _n > 1
(4,427 missing values generated)

. 
. xtset, clear

. 
. winsor2 growth_rate join_rate leave_rate, cuts(1 99) suffix(_we)

. label variable growth_rate_we "Winsorized growth rate [1,99]"

. label variable join_rate_we "Winsorized join rate [1,99]"

. label variable leave_rate_we "Winsorized leave rate [1,99]"

. 
. drop growth_rate join_rate leave_rate company_numeric

. 
. 
. /*************************************************************************
>  * 4) Merge firm-level characteristics into worker-level data
>  *************************************************************************/
. 
. // Merge teleworkable data:
. merge m:1 companyname using "$processed_data/scoop_firm_tele_2.dta"

    Result                      Number of obs
    -----------------------------------------
    Not matched                           518
        from master                       517  (_merge==1)
        from using                          1  (_merge==2)

    Matched                            53,660  (_merge==3)
    -----------------------------------------

. drop if _merge == 2
(1 observation deleted)

. drop _merge

. 
. // Merge with flexibility measures (e.g., remote/flexibility scores):
. merge m:1 companyname using "$raw_data/Scoop_clean_public.dta"

    Result                      Number of obs
    -----------------------------------------
    Not matched                         5,787
        from master                     4,889  (_merge==1)
        from using                        898  (_merge==2)

    Matched                            49,288  (_merge==3)
    -----------------------------------------

. drop if _merge == 2
(898 observations deleted)

. drop _merge

. 
. // Merge with founding year data:
. merge m:1 companyname using "$raw_data/Scoop_founding.dta"

    Result                      Number of obs
    -----------------------------------------
    Not matched                            37
        from master                         0  (_merge==1)
        from using                         37  (_merge==2)

    Matched                            54,177  (_merge==3)
    -----------------------------------------

. drop if _merge == 2
(37 observations deleted)

. drop _merge

. 
. tempfile snapshot_clean

. save `snapshot_clean', replace
(file /var/folders/hg/s3xm9w393gxby64_zklmhgbc0000gn/T//S_97664.000002 not found)
file /var/folders/hg/s3xm9w393gxby64_zklmhgbc0000gn/T//S_97664.000002 saved as .dta format

. 
. 
. * Merge Hierarchy Data (Centrality/HHI Analysis)
. use "$processed_data/Firm_role_level.dta", clear

. 
. keep companyname hhi_1000 seniority_levels

. 
. merge 1:m companyname using `snapshot_clean'

    Result                      Number of obs
    -----------------------------------------
    Not matched                           958
        from master                         0  (_merge==1)
        from using                        958  (_merge==2)

    Matched                            53,219  (_merge==3)
    -----------------------------------------

. drop if _merge == 1 
(0 observations deleted)

. drop _merge

. 
. save `snapshot_clean', replace
file /var/folders/hg/s3xm9w393gxby64_zklmhgbc0000gn/T//S_97664.000002 saved as .dta format

. 
. 
. * Merge Rent Data 
. use "$raw_data/data_20240523_lease.dta", clear

. drop id_Lease

. 
. gen half = ceil(execution_month/6)

. gen yh  = yh(execution_year, half)

. format yh %th

. 
. 
. keep if yh < yh(2020, 1)
(112,516 observations deleted)

. collapse (mean) effectiverent2212usdperyear [fweight=transactionsqft], by(city state)

. 
. 
. gen hqcity  = strtrim(city)

. gen hqstate = strtrim(state)

. sort hqcity hqstate

. egen hqID = group(hqcity hqstate), label

. label var hqID "Unique numeric ID of HQ city & state"

. 
. tempfile _lease

. save `_lease', replace
(file /var/folders/hg/s3xm9w393gxby64_zklmhgbc0000gn/T//S_97664.000003 not found)
file /var/folders/hg/s3xm9w393gxby64_zklmhgbc0000gn/T//S_97664.000003 saved as .dta format

. 
. 
. use `snapshot_clean', clear 

. 
. merge m:1 hqcity hqstate using `_lease'
(variable hqcity was str25, now str40 to accommodate using data's values)

    Result                      Number of obs
    -----------------------------------------
    Not matched                        12,470
        from master                     8,307  (_merge==1)
        from using                      4,163  (_merge==2)

    Matched                            45,870  (_merge==3)
    -----------------------------------------

. drop if _merge == 2          
(4,163 observations deleted)

. drop _merge                  

. 
. rename effectiverent2212usdperyear rent

. 
. 
. * Merge firm modal role 
. merge m:1 companyname using "$processed_data/modal_role_per_firm.dta"

    Result                      Number of obs
    -----------------------------------------
    Not matched                           590
        from master                       589  (_merge==1)
        from using                          1  (_merge==2)

    Matched                            53,588  (_merge==3)
    -----------------------------------------

. drop if _merge == 2   
(1 observation deleted)

. drop _merge

. 
. 
. * Merge Wage dispersion 
. merge m:1 companyname using "$processed_data/wages_firm.dta"

    Result                      Number of obs
    -----------------------------------------
    Not matched                           590
        from master                       589  (_merge==1)
        from using                          1  (_merge==2)

    Matched                            53,588  (_merge==3)
    -----------------------------------------

. drop if _merge == 2    // drop observations that only exist in using data
(1 observation deleted)

. drop _merge

. 
. 
. gen age = 2020 - founded

. label var age "Firm age as of 2020"

. encode companyname, gen(firm_id)

. 
. 
. gen startup = (age <= 10)

. gen covid = yh >= 120

. 
. 
. rename flexibility_score2 remote

. 
. gen hybrid  = (remote>0 & remote<1)

. gen fullrem = (remote==1)

. 
. * For the hybrid treatment
. gen var3_hybrid = hybrid * covid

. gen var5_hybrid = hybrid * covid * startup

. 
. * For the fully-remote treatment
. gen var3_fullrem = fullrem * covid

. gen var5_fullrem = fullrem * covid * startup

. 
. 
. summarize yh

    Variable |        Obs        Mean    Std. dev.       Min        Max
-------------+---------------------------------------------------------
          yh |     54,177     118.138    3.727565        112        124

. local global_min = r(min)

. bys firm_id: egen min_time = min(yh)

. 
. preserve

.     contract yh, freq(count_yh)

.     local total_periods = _N

. restore

. 
. keep if min_time == `global_min'
(3,790 observations deleted)

. drop min_time

. 
. // Generate key interactions:
. gen var3 = remote * covid
(4,783 missing values generated)

. gen var4 = covid * startup

. gen var5 = remote * covid * startup
(4,783 missing values generated)

. gen var6 = covid * teleworkable
(95 missing values generated)

. gen var7 = startup * covid * teleworkable
(95 missing values generated)

. 
. 
. local keep_vars ///
>     firm_id yh covid remote startup teleworkable ///
>     growth_rate_we leave_rate_we join_rate_we ///
>     var3 var4 var5 var6 var7

. 
. * Count how many of those variables are missing in each row
. egen miss_ct = rowmiss(`keep_vars')

. 
. * Keep rows with zero missing values
. gen  byte common_sample = (miss_ct == 0)   // 1 = complete row

. count if common_sample == 0
  8,407

. di as error "Dropping " r(N) " observation(s) with missing values for variables: `keep_vars'"
Dropping 8407 observation(s) with missing values for variables: firm_id yh covid remote startup teleworkable     growth_rate_we leave_rat
> e_we join_rate_we     var3 var4 var5 var6 var7

. 
. keep if common_sample == 1
(8,407 observations deleted)

. drop miss_ct common_sample    

. 
. save "$processed_data/firm_panel.dta", replace
file ../data/processed/firm_panel.dta saved

. export delimited "../data/samples/firm_panel.csv", replace
file ../data/samples/firm_panel.csv saved

. 
. log close
      name:  <unnamed>
       log:  /Users/saul/Dropbox/Remote Work Startups/main/src/log/build_firm_panel.log
  log type:  text
 closed on:  19 Jun 2025, 00:31:01
-----------------------------------------------------------------------------------------------------------------------------------------
