-----------------------------------------------------------------------------------------------------------------------------------------
      name:  <unnamed>
       log:  /Users/saul/Dropbox/Remote Work Startups/main/src/log/dynamic_het_growth_base.log
  log type:  text
 opened on:  27 Jun 2025, 07:25:49

. 
. local result_dir "$results/dynamic_growth_base_`panel_variant'"

. cap mkdir "`result_dir'"

. 
. tempfile out

. capture postclose handle

. postfile handle ///
>     str8   bucket       ///  1, 2, 3
>     double coef3 se3 pval3   /// var3 stats
>     double coef5 se5 pval5   /// var5 stats
>     double rkf nobs          /// first‐stage F and N
>     using `out', replace
(file /var/folders/hg/s3xm9w393gxby64_zklmhgbc0000gn/T//S_22469.000005 not found)

. 
. *--------------------------------------------------------------*
. *  Loop over growth buckets, run base-spec IV                  *
. *--------------------------------------------------------------*
. foreach g in 1 2 3{
  2. 
.     di as text "=== growth bucket `g' ==="
  3. 
.     ivreghdfe total_contributions_q100                 ///
>         (var3 var5 = var6 var7) var4                  ///
>         if lg_tile == `g',                             ///
>         absorb(firm_id#user_id yh) vce(cluster user_id) savefirst
  4. 
.     // compute stats for var3
.     local b3   = _b[var3]
  5.     local se3  = _se[var3]
  6.     local p3   = 2*ttail(e(df_r), abs(`b3'/`se3'))
  7. 
.     // compute stats for var5
.     local b5   = _b[var5]
  8.     local se5  = _se[var5]
  9.     local p5   = 2*ttail(e(df_r), abs(`b5'/`se5'))
 10. 
.     post handle ("`g'") ///
>         (`b3') (`se3') (`p3') ///
>         (`b5') (`se5') (`p5') ///
>         (e(rkf)) (e(N))
 11. 
. }
=== growth bucket 1 ===
(dropped 9721 singleton observations)
(MWFE estimator converged in 9 iterations)

Stored estimation results
-------------------------
---------------------------------------------------------------------------
             |           Dependent  Number of        
        Name | Command    variable     param.  Title 
-------------+-------------------------------------------------------------
_ivreg2_var3 | ivreg2         var3          3  First-stage regression: var3
_ivreg2_var5 | ivreg2         var5          3  First-stage regression: var5
---------------------------------------------------------------------------

IV (2SLS) estimation
--------------------

Estimates efficient for homoskedasticity only
Statistics robust to heteroskedasticity and clustering on user_id

Number of clusters (user_id) =   11250                Number of obs =    36785
                                                      F(  3, 11249) =    13.03
                                                      Prob > F      =   0.0000
Total (centered) SS     =  7716479.522                Centered R2   =  -0.0160
Total (uncentered) SS   =  7716479.522                Uncentered R2 =  -0.0160
Residual SS             =  7840017.131                Root MSE      =     14.6

------------------------------------------------------------------------------
             |               Robust
total_co~100 | Coefficient  std. err.      t    P>|t|     [95% conf. interval]
-------------+----------------------------------------------------------------
        var3 |  -21.67022   8.314231    -2.61   0.009    -37.96756    -5.37287
        var5 |   16.98557   9.466479     1.79   0.073    -1.570386    35.54152
        var4 |  -14.34405   6.533172    -2.20   0.028    -27.15021   -1.537891
------------------------------------------------------------------------------
Underidentification test (Kleibergen-Paap rk LM statistic):             60.780
                                                   Chi-sq(1) P-val =    0.0000
------------------------------------------------------------------------------
Weak identification test (Cragg-Donald Wald F statistic):              362.500
                         (Kleibergen-Paap rk Wald F statistic):         31.218
Stock-Yogo weak ID test critical values: 10% maximal IV size              7.03
                                         15% maximal IV size              4.58
                                         20% maximal IV size              3.95
                                         25% maximal IV size              3.63
Source: Stock-Yogo (2005).  Reproduced by permission.
NB: Critical values are for Cragg-Donald F statistic and i.i.d. errors.
------------------------------------------------------------------------------
Hansen J statistic (overidentification test of all instruments):         0.000
                                                 (equation exactly identified)
------------------------------------------------------------------------------
Instrumented:         var3 var5
Included instruments: var4
Excluded instruments: var6 var7
Partialled-out:       _cons
                      nb: total SS, model F and R2s are after partialling-out;
                          any small-sample adjustments include partialled-out
                          variables in regressor count K
------------------------------------------------------------------------------

Absorbed degrees of freedom:
-----------------------------------------------------------+
       Absorbed FE | Categories  - Redundant  = Num. Coefs |
-------------------+---------------------------------------|
   firm_id#user_id |     11538       11538           0    *|
                yh |        11           1          10     |
-----------------------------------------------------------+
* = FE nested within cluster; treated as redundant for DoF computation
=== growth bucket 2 ===
(dropped 11865 singleton observations)
(MWFE estimator converged in 9 iterations)

Stored estimation results
-------------------------
---------------------------------------------------------------------------
             |           Dependent  Number of        
        Name | Command    variable     param.  Title 
-------------+-------------------------------------------------------------
_ivreg2_var3 | ivreg2         var3          3  First-stage regression: var3
_ivreg2_var5 | ivreg2         var5          3  First-stage regression: var5
---------------------------------------------------------------------------

IV (2SLS) estimation
--------------------

Estimates efficient for homoskedasticity only
Statistics robust to heteroskedasticity and clustering on user_id

Number of clusters (user_id) =   23201                Number of obs =    95617
                                                      F(  3, 23200) =     0.18
                                                      Prob > F      =   0.9121
Total (centered) SS     =  23367063.19                Centered R2   = -1.9e+02
Total (uncentered) SS   =  23367063.19                Uncentered R2 = -1.9e+02
Residual SS             =   4481444186                Root MSE      =    216.5

------------------------------------------------------------------------------
             |               Robust
total_co~100 | Coefficient  std. err.      t    P>|t|     [95% conf. interval]
-------------+----------------------------------------------------------------
        var3 |  -1999.185   47319.41    -0.04   0.966    -94748.36    90749.99
        var5 |   2060.627   48326.98     0.04   0.966    -92663.46    96784.71
        var4 |  -1225.715   28630.08    -0.04   0.966    -57342.57    54891.14
------------------------------------------------------------------------------
Underidentification test (Kleibergen-Paap rk LM statistic):              0.002
                                                   Chi-sq(1) P-val =    0.9663
------------------------------------------------------------------------------
Weak identification test (Cragg-Donald Wald F statistic):                0.009
                         (Kleibergen-Paap rk Wald F statistic):          0.001
Stock-Yogo weak ID test critical values: 10% maximal IV size              7.03
                                         15% maximal IV size              4.58
                                         20% maximal IV size              3.95
                                         25% maximal IV size              3.63
Source: Stock-Yogo (2005).  Reproduced by permission.
NB: Critical values are for Cragg-Donald F statistic and i.i.d. errors.
------------------------------------------------------------------------------
Hansen J statistic (overidentification test of all instruments):         0.000
                                                 (equation exactly identified)
------------------------------------------------------------------------------
Instrumented:         var3 var5
Included instruments: var4
Excluded instruments: var6 var7
Partialled-out:       _cons
                      nb: total SS, model F and R2s are after partialling-out;
                          any small-sample adjustments include partialled-out
                          variables in regressor count K
------------------------------------------------------------------------------

Absorbed degrees of freedom:
-----------------------------------------------------------+
       Absorbed FE | Categories  - Redundant  = Num. Coefs |
-------------------+---------------------------------------|
   firm_id#user_id |     24716       24716           0    *|
                yh |        11           1          10     |
-----------------------------------------------------------+
* = FE nested within cluster; treated as redundant for DoF computation
=== growth bucket 3 ===
(dropped 10320 singleton observations)
(MWFE estimator converged in 9 iterations)

Stored estimation results
-------------------------
---------------------------------------------------------------------------
             |           Dependent  Number of        
        Name | Command    variable     param.  Title 
-------------+-------------------------------------------------------------
_ivreg2_var3 | ivreg2         var3          3  First-stage regression: var3
_ivreg2_var5 | ivreg2         var5          3  First-stage regression: var5
---------------------------------------------------------------------------

IV (2SLS) estimation
--------------------

Estimates efficient for homoskedasticity only
Statistics robust to heteroskedasticity and clustering on user_id

Number of clusters (user_id) =   16025                Number of obs =    66963
                                                      F(  3, 16024) =     0.28
                                                      Prob > F      =   0.8385
Total (centered) SS     =  14031020.88                Centered R2   =  -0.0013
Total (uncentered) SS   =  14031020.88                Uncentered R2 =  -0.0013
Residual SS             =  14049087.76                Root MSE      =    14.49

------------------------------------------------------------------------------
             |               Robust
total_co~100 | Coefficient  std. err.      t    P>|t|     [95% conf. interval]
-------------+----------------------------------------------------------------
        var3 |  -.0609793   3.689596    -0.02   0.987    -7.293001    7.171042
        var5 |  -4.697526   6.618696    -0.71   0.478    -17.67091     8.27586
        var4 |    3.89108   5.555692     0.70   0.484    -6.998699    14.78086
------------------------------------------------------------------------------
Underidentification test (Kleibergen-Paap rk LM statistic):             66.901
                                                   Chi-sq(1) P-val =    0.0000
------------------------------------------------------------------------------
Weak identification test (Cragg-Donald Wald F statistic):             1995.530
                         (Kleibergen-Paap rk Wald F statistic):         51.933
Stock-Yogo weak ID test critical values: 10% maximal IV size              7.03
                                         15% maximal IV size              4.58
                                         20% maximal IV size              3.95
                                         25% maximal IV size              3.63
Source: Stock-Yogo (2005).  Reproduced by permission.
NB: Critical values are for Cragg-Donald F statistic and i.i.d. errors.
------------------------------------------------------------------------------
Hansen J statistic (overidentification test of all instruments):         0.000
                                                 (equation exactly identified)
------------------------------------------------------------------------------
Instrumented:         var3 var5
Included instruments: var4
Excluded instruments: var6 var7
Partialled-out:       _cons
                      nb: total SS, model F and R2s are after partialling-out;
                          any small-sample adjustments include partialled-out
                          variables in regressor count K
------------------------------------------------------------------------------

Absorbed degrees of freedom:
-----------------------------------------------------------+
       Absorbed FE | Categories  - Redundant  = Num. Coefs |
-------------------+---------------------------------------|
   firm_id#user_id |     17119       17119           0    *|
                yh |        11           1          10     |
-----------------------------------------------------------+
* = FE nested within cluster; treated as redundant for DoF computation

. 
. postclose handle

. use `out', clear

. export delimited using "`result_dir'/var5_growth_base.csv", replace
(file ../results/raw/dynamic_growth_base_precovid/var5_growth_base.csv not found)
file ../results/raw/dynamic_growth_base_precovid/var5_growth_base.csv saved

. 
. log close
      name:  <unnamed>
       log:  /Users/saul/Dropbox/Remote Work Startups/main/src/log/dynamic_het_growth_base.log
  log type:  text
 closed on:  27 Jun 2025, 07:26:05
-----------------------------------------------------------------------------------------------------------------------------------------
