-----------------------------------------------------------------------------------------------------------------------------------------
      name:  <unnamed>
       log:  /Users/saul/Dropbox/Remote Work Startups/main/src/log/het_dist_base.log
  log type:  text
 opened on:  27 Jun 2025, 07:24:20

. 
. local result_dir "$results/het_dist_base_`panel_variant'"

. cap mkdir "`result_dir'"

. 
. 
. *--------------------------------------------------------------
. * Open postfile
. *--------------------------------------------------------------
. tempfile out

. capture postclose handle

. postfile handle ///
>     str8   bucket       ///  1, 2, 3
>     double coef3 se3 pval3   /// var3 stats
>     double coef5 se5 pval5   /// var5 stats
>     double rkf nobs          /// first‐stage F and N
>     using `out', replace
(file /var/folders/hg/s3xm9w393gxby64_zklmhgbc0000gn/T//S_22469.000003 not found)

. 
. *--------------------------------------------------------------
. * Loop over buckets
. *--------------------------------------------------------------
. foreach g in 1 2 3 {
  2. 
.     di as text "=== Distance bucket `g' ==="
  3. 
.     ivreghdfe total_contributions_q100 ///
>         (var3 var5 = var6 var7)  var4 ///
>         if gdist_tile == `g', ///
>         absorb(firm_id#user_id yh) vce(cluster user_id) savefirst
  4. 
.     // compute stats for var3
.     local b3   = _b[var3]
  5.     local se3  = _se[var3]
  6.     local p3   = 2*ttail(e(df_r), abs(`b3'/`se3'))
  7. 
.     // compute stats for var5
.     local b5   = _b[var5]
  8.     local se5  = _se[var5]
  9.     local p5   = 2*ttail(e(df_r), abs(`b5'/`se5'))
 10. 
.     post handle ("`g'") ///
>         (`b3') (`se3') (`p3') ///
>         (`b5') (`se5') (`p5') ///
>         (e(rkf)) (e(N))
 11. 
. }
=== Distance bucket 1 ===
(dropped 716 singleton observations)
(MWFE estimator converged in 8 iterations)

Stored estimation results
-------------------------
---------------------------------------------------------------------------
             |           Dependent  Number of        
        Name | Command    variable     param.  Title 
-------------+-------------------------------------------------------------
_ivreg2_var3 | ivreg2         var3          3  First-stage regression: var3
_ivreg2_var5 | ivreg2         var5          3  First-stage regression: var5
---------------------------------------------------------------------------

IV (2SLS) estimation
--------------------

Estimates efficient for homoskedasticity only
Statistics robust to heteroskedasticity and clustering on user_id

Number of clusters (user_id) =    4846                Number of obs =    27504
                                                      F(  3,  4845) =     4.51
                                                      Prob > F      =   0.0036
Total (centered) SS     =  6617897.806                Centered R2   =  -0.0290
Total (uncentered) SS   =  6617897.806                Uncentered R2 =  -0.0290
Residual SS             =  6809589.015                Root MSE      =    15.74

------------------------------------------------------------------------------
             |               Robust
total_co~100 | Coefficient  std. err.      t    P>|t|     [95% conf. interval]
-------------+----------------------------------------------------------------
        var3 |  -22.31469   6.835455    -3.26   0.001    -35.71528   -8.914097
        var5 |   10.14339   17.33402     0.59   0.558    -23.83916    44.12594
        var4 |  -6.363736   15.12811    -0.42   0.674     -36.0217    23.29422
------------------------------------------------------------------------------
Underidentification test (Kleibergen-Paap rk LM statistic):             27.431
                                                   Chi-sq(1) P-val =    0.0000
------------------------------------------------------------------------------
Weak identification test (Cragg-Donald Wald F statistic):              222.659
                         (Kleibergen-Paap rk Wald F statistic):         13.884
Stock-Yogo weak ID test critical values: 10% maximal IV size              7.03
                                         15% maximal IV size              4.58
                                         20% maximal IV size              3.95
                                         25% maximal IV size              3.63
Source: Stock-Yogo (2005).  Reproduced by permission.
NB: Critical values are for Cragg-Donald F statistic and i.i.d. errors.
------------------------------------------------------------------------------
Hansen J statistic (overidentification test of all instruments):         0.000
                                                 (equation exactly identified)
------------------------------------------------------------------------------
Instrumented:         var3 var5
Included instruments: var4
Excluded instruments: var6 var7
Partialled-out:       _cons
                      nb: total SS, model F and R2s are after partialling-out;
                          any small-sample adjustments include partialled-out
                          variables in regressor count K
------------------------------------------------------------------------------

Absorbed degrees of freedom:
-----------------------------------------------------------+
       Absorbed FE | Categories  - Redundant  = Num. Coefs |
-------------------+---------------------------------------|
   firm_id#user_id |      4991        4991           0    *|
                yh |        11           1          10     |
-----------------------------------------------------------+
* = FE nested within cluster; treated as redundant for DoF computation
=== Distance bucket 2 ===
(dropped 1401 singleton observations)
(MWFE estimator converged in 8 iterations)

Stored estimation results
-------------------------
---------------------------------------------------------------------------
             |           Dependent  Number of        
        Name | Command    variable     param.  Title 
-------------+-------------------------------------------------------------
_ivreg2_var3 | ivreg2         var3          3  First-stage regression: var3
_ivreg2_var5 | ivreg2         var5          3  First-stage regression: var5
---------------------------------------------------------------------------

IV (2SLS) estimation
--------------------

Estimates efficient for homoskedasticity only
Statistics robust to heteroskedasticity and clustering on user_id

Number of clusters (user_id) =    9047                Number of obs =    49129
                                                      F(  3,  9046) =     8.37
                                                      Prob > F      =   0.0000
Total (centered) SS     =  12319468.36                Centered R2   =  -0.0201
Total (uncentered) SS   =  12319468.36                Uncentered R2 =  -0.0201
Residual SS             =  12567096.08                Root MSE      =       16

------------------------------------------------------------------------------
             |               Robust
total_co~100 | Coefficient  std. err.      t    P>|t|     [95% conf. interval]
-------------+----------------------------------------------------------------
        var3 |  -17.56954   10.54356    -1.67   0.096     -38.2373    3.098214
        var5 |   31.29654   13.51736     2.32   0.021     4.799456    57.79362
        var4 |  -24.61827   9.228793    -2.67   0.008    -42.70879   -6.527747
------------------------------------------------------------------------------
Underidentification test (Kleibergen-Paap rk LM statistic):             26.084
                                                   Chi-sq(1) P-val =    0.0000
------------------------------------------------------------------------------
Weak identification test (Cragg-Donald Wald F statistic):              200.151
                         (Kleibergen-Paap rk Wald F statistic):         14.008
Stock-Yogo weak ID test critical values: 10% maximal IV size              7.03
                                         15% maximal IV size              4.58
                                         20% maximal IV size              3.95
                                         25% maximal IV size              3.63
Source: Stock-Yogo (2005).  Reproduced by permission.
NB: Critical values are for Cragg-Donald F statistic and i.i.d. errors.
------------------------------------------------------------------------------
Hansen J statistic (overidentification test of all instruments):         0.000
                                                 (equation exactly identified)
------------------------------------------------------------------------------
Instrumented:         var3 var5
Included instruments: var4
Excluded instruments: var6 var7
Partialled-out:       _cons
                      nb: total SS, model F and R2s are after partialling-out;
                          any small-sample adjustments include partialled-out
                          variables in regressor count K
------------------------------------------------------------------------------

Absorbed degrees of freedom:
-----------------------------------------------------------+
       Absorbed FE | Categories  - Redundant  = Num. Coefs |
-------------------+---------------------------------------|
   firm_id#user_id |      9433        9433           0    *|
                yh |        11           1          10     |
-----------------------------------------------------------+
* = FE nested within cluster; treated as redundant for DoF computation
=== Distance bucket 3 ===
(dropped 4479 singleton observations)
(MWFE estimator converged in 8 iterations)

Stored estimation results
-------------------------
---------------------------------------------------------------------------
             |           Dependent  Number of        
        Name | Command    variable     param.  Title 
-------------+-------------------------------------------------------------
_ivreg2_var3 | ivreg2         var3          3  First-stage regression: var3
_ivreg2_var5 | ivreg2         var5          3  First-stage regression: var5
---------------------------------------------------------------------------

IV (2SLS) estimation
--------------------

Estimates efficient for homoskedasticity only
Statistics robust to heteroskedasticity and clustering on user_id

Number of clusters (user_id) =   24723                Number of obs =   147989
                                                      F(  3, 24722) =     2.84
                                                      Prob > F      =   0.0363
Total (centered) SS     =  37710730.09                Centered R2   =   0.0002
Total (uncentered) SS   =  37710730.09                Uncentered R2 =   0.0002
Residual SS             =  37702043.63                Root MSE      =    15.96

------------------------------------------------------------------------------
             |               Robust
total_co~100 | Coefficient  std. err.      t    P>|t|     [95% conf. interval]
-------------+----------------------------------------------------------------
        var3 |  -2.737375   4.939517    -0.55   0.579    -12.41912    6.944374
        var5 |   6.628716   6.474456     1.02   0.306    -6.061606    19.31904
        var4 |  -6.303332   4.845148    -1.30   0.193    -15.80011    3.193448
------------------------------------------------------------------------------
Underidentification test (Kleibergen-Paap rk LM statistic):            198.805
                                                   Chi-sq(1) P-val =    0.0000
------------------------------------------------------------------------------
Weak identification test (Cragg-Donald Wald F statistic):             1473.052
                         (Kleibergen-Paap rk Wald F statistic):        103.685
Stock-Yogo weak ID test critical values: 10% maximal IV size              7.03
                                         15% maximal IV size              4.58
                                         20% maximal IV size              3.95
                                         25% maximal IV size              3.63
Source: Stock-Yogo (2005).  Reproduced by permission.
NB: Critical values are for Cragg-Donald F statistic and i.i.d. errors.
------------------------------------------------------------------------------
Hansen J statistic (overidentification test of all instruments):         0.000
                                                 (equation exactly identified)
------------------------------------------------------------------------------
Instrumented:         var3 var5
Included instruments: var4
Excluded instruments: var6 var7
Partialled-out:       _cons
                      nb: total SS, model F and R2s are after partialling-out;
                          any small-sample adjustments include partialled-out
                          variables in regressor count K
------------------------------------------------------------------------------

Absorbed degrees of freedom:
-----------------------------------------------------------+
       Absorbed FE | Categories  - Redundant  = Num. Coefs |
-------------------+---------------------------------------|
   firm_id#user_id |     28271       28271           0    *|
                yh |        11           1          10     |
-----------------------------------------------------------+
* = FE nested within cluster; treated as redundant for DoF computation

. 
. postclose handle

. use `out', clear

. export delimited using "`result_dir'/var5_distance_base.csv", replace
file ../results/raw/het_dist_base_precovid/var5_distance_base.csv saved

. log close
      name:  <unnamed>
       log:  /Users/saul/Dropbox/Remote Work Startups/main/src/log/het_dist_base.log
  log type:  text
 closed on:  27 Jun 2025, 07:24:35
-----------------------------------------------------------------------------------------------------------------------------------------
