-----------------------------------------------------------------------------------------------------------------------------------------
      name:  <unnamed>
       log:  /Users/saul/Dropbox/Remote Work Startups/main/src/log/het_modal_base.log
  log type:  text
 opened on:  27 Jun 2025, 07:24:38

. 
. local result_dir "$results/het_modal_base_`panel_variant'"

. cap mkdir "`result_dir'"

. 
. tempfile out

. capture postclose handle

. postfile handle ///
>     str8   bucket       ///  1, 2, 3
>     double coef3 se3 pval3   /// var3 stats
>     double coef5 se5 pval5   /// var5 stats
>     double rkf nobs          /// firstâ€stage F and N
>     using `out', replace
(file /var/folders/hg/s3xm9w393gxby64_zklmhgbc0000gn/T//S_22469.000001 not found)

. 
. 
. *----------------------------------------------------------------------
. * 2.  Loop over the three modal buckets
. *----------------------------------------------------------------------
. foreach g in 0 1 2 {
  2. 
.     di as text "=== modal_cat `g'  (0=out,1=in,2=unk) ==="
  3. 
.     ivreghdfe total_contributions_q100                       ///
>         (var3 var5 = var6 var7)  var4                       ///
>         if modal_cat == `g',                                ///
>         absorb(firm_id#user_id yh) vce(cluster user_id) savefirst
  4. 
.     // compute stats for var3
.     local b3   = _b[var3]
  5.     local se3  = _se[var3]
  6.     local p3   = 2*ttail(e(df_r), abs(`b3'/`se3'))
  7. 
.     // compute stats for var5
.     local b5   = _b[var5]
  8.     local se5  = _se[var5]
  9.     local p5   = 2*ttail(e(df_r), abs(`b5'/`se5'))
 10. 
.     post handle ("`g'") ///
>         (`b3') (`se3') (`p3') ///
>         (`b5') (`se5') (`p5') ///
>         (e(rkf)) (e(N))
 11. 
. }
=== modal_cat 0  (0=out,1=in,2=unk) ===
(dropped 3208 singleton observations)
(MWFE estimator converged in 9 iterations)

Stored estimation results
-------------------------
---------------------------------------------------------------------------
             |           Dependent  Number of        
        Name | Command    variable     param.  Title 
-------------+-------------------------------------------------------------
_ivreg2_var3 | ivreg2         var3          3  First-stage regression: var3
_ivreg2_var5 | ivreg2         var5          3  First-stage regression: var5
---------------------------------------------------------------------------

IV (2SLS) estimation
--------------------

Estimates efficient for homoskedasticity only
Statistics robust to heteroskedasticity and clustering on user_id

Number of clusters (user_id) =   13851                Number of obs =    72334
                                                      F(  3, 13850) =     2.52
                                                      Prob > F      =   0.0559
Total (centered) SS     =  17855976.09                Centered R2   =  -0.0008
Total (uncentered) SS   =  17855976.09                Uncentered R2 =  -0.0008
Residual SS             =  17870932.71                Root MSE      =    15.72

------------------------------------------------------------------------------
             |               Robust
total_co~100 | Coefficient  std. err.      t    P>|t|     [95% conf. interval]
-------------+----------------------------------------------------------------
        var3 |  -5.396864   4.536467    -1.19   0.234    -14.28895    3.495225
        var5 |      18.97   7.396385     2.56   0.010     4.472088    33.46792
        var4 |  -15.89191   5.906559    -2.69   0.007    -27.46957   -4.314257
------------------------------------------------------------------------------
Underidentification test (Kleibergen-Paap rk LM statistic):            176.206
                                                   Chi-sq(1) P-val =    0.0000
------------------------------------------------------------------------------
Weak identification test (Cragg-Donald Wald F statistic):             1550.581
                         (Kleibergen-Paap rk Wald F statistic):        102.352
Stock-Yogo weak ID test critical values: 10% maximal IV size              7.03
                                         15% maximal IV size              4.58
                                         20% maximal IV size              3.95
                                         25% maximal IV size              3.63
Source: Stock-Yogo (2005).  Reproduced by permission.
NB: Critical values are for Cragg-Donald F statistic and i.i.d. errors.
------------------------------------------------------------------------------
Hansen J statistic (overidentification test of all instruments):         0.000
                                                 (equation exactly identified)
------------------------------------------------------------------------------
Instrumented:         var3 var5
Included instruments: var4
Excluded instruments: var6 var7
Partialled-out:       _cons
                      nb: total SS, model F and R2s are after partialling-out;
                          any small-sample adjustments include partialled-out
                          variables in regressor count K
------------------------------------------------------------------------------

Absorbed degrees of freedom:
-----------------------------------------------------------+
       Absorbed FE | Categories  - Redundant  = Num. Coefs |
-------------------+---------------------------------------|
   firm_id#user_id |     14969       14969           0    *|
                yh |        11           1          10     |
-----------------------------------------------------------+
* = FE nested within cluster; treated as redundant for DoF computation
=== modal_cat 1  (0=out,1=in,2=unk) ===
(dropped 3134 singleton observations)
(MWFE estimator converged in 9 iterations)

Stored estimation results
-------------------------
---------------------------------------------------------------------------
             |           Dependent  Number of        
        Name | Command    variable     param.  Title 
-------------+-------------------------------------------------------------
_ivreg2_var3 | ivreg2         var3          3  First-stage regression: var3
_ivreg2_var5 | ivreg2         var5          3  First-stage regression: var5
---------------------------------------------------------------------------

IV (2SLS) estimation
--------------------

Estimates efficient for homoskedasticity only
Statistics robust to heteroskedasticity and clustering on user_id

Number of clusters (user_id) =   17506                Number of obs =    95685
                                                      F(  3, 17505) =     9.09
                                                      Prob > F      =   0.0000
Total (centered) SS     =  23622005.38                Centered R2   =  -0.0068
Total (uncentered) SS   =  23622005.38                Uncentered R2 =  -0.0068
Residual SS             =  23781775.53                Root MSE      =    15.77

------------------------------------------------------------------------------
             |               Robust
total_co~100 | Coefficient  std. err.      t    P>|t|     [95% conf. interval]
-------------+----------------------------------------------------------------
        var3 |  -14.68513   12.46053    -1.18   0.239    -39.10901    9.738741
        var5 |   16.13478   16.99753     0.95   0.343    -17.18207    49.45163
        var4 |  -13.20101    12.6053    -1.05   0.295    -37.90864    11.50663
------------------------------------------------------------------------------
Underidentification test (Kleibergen-Paap rk LM statistic):             25.796
                                                   Chi-sq(1) P-val =    0.0000
------------------------------------------------------------------------------
Weak identification test (Cragg-Donald Wald F statistic):              208.653
                         (Kleibergen-Paap rk Wald F statistic):         13.292
Stock-Yogo weak ID test critical values: 10% maximal IV size              7.03
                                         15% maximal IV size              4.58
                                         20% maximal IV size              3.95
                                         25% maximal IV size              3.63
Source: Stock-Yogo (2005).  Reproduced by permission.
NB: Critical values are for Cragg-Donald F statistic and i.i.d. errors.
------------------------------------------------------------------------------
Hansen J statistic (overidentification test of all instruments):         0.000
                                                 (equation exactly identified)
------------------------------------------------------------------------------
Instrumented:         var3 var5
Included instruments: var4
Excluded instruments: var6 var7
Partialled-out:       _cons
                      nb: total SS, model F and R2s are after partialling-out;
                          any small-sample adjustments include partialled-out
                          variables in regressor count K
------------------------------------------------------------------------------

Absorbed degrees of freedom:
-----------------------------------------------------------+
       Absorbed FE | Categories  - Redundant  = Num. Coefs |
-------------------+---------------------------------------|
   firm_id#user_id |     18985       18985           0    *|
                yh |        11           1          10     |
-----------------------------------------------------------+
* = FE nested within cluster; treated as redundant for DoF computation
=== modal_cat 2  (0=out,1=in,2=unk) ===
(dropped 2049 singleton observations)
(MWFE estimator converged in 9 iterations)

Stored estimation results
-------------------------
---------------------------------------------------------------------------
             |           Dependent  Number of        
        Name | Command    variable     param.  Title 
-------------+-------------------------------------------------------------
_ivreg2_var3 | ivreg2         var3          3  First-stage regression: var3
_ivreg2_var5 | ivreg2         var5          3  First-stage regression: var5
---------------------------------------------------------------------------

IV (2SLS) estimation
--------------------

Estimates efficient for homoskedasticity only
Statistics robust to heteroskedasticity and clustering on user_id

Number of clusters (user_id) =   10222                Number of obs =    54895
                                                      F(  3, 10221) =     1.18
                                                      Prob > F      =   0.3167
Total (centered) SS     =  12897235.12                Centered R2   =  -0.0022
Total (uncentered) SS   =  12897235.12                Uncentered R2 =  -0.0022
Residual SS             =  12925448.41                Root MSE      =    15.35

------------------------------------------------------------------------------
             |               Robust
total_co~100 | Coefficient  std. err.      t    P>|t|     [95% conf. interval]
-------------+----------------------------------------------------------------
        var3 |  -8.417552   8.151432    -1.03   0.302    -24.39596    7.560854
        var5 |   11.19846   9.863044     1.14   0.256    -8.135039    30.53196
        var4 |  -9.147346   7.419146    -1.23   0.218    -23.69033    5.395634
------------------------------------------------------------------------------
Underidentification test (Kleibergen-Paap rk LM statistic):             54.340
                                                   Chi-sq(1) P-val =    0.0000
------------------------------------------------------------------------------
Weak identification test (Cragg-Donald Wald F statistic):              482.238
                         (Kleibergen-Paap rk Wald F statistic):         28.088
Stock-Yogo weak ID test critical values: 10% maximal IV size              7.03
                                         15% maximal IV size              4.58
                                         20% maximal IV size              3.95
                                         25% maximal IV size              3.63
Source: Stock-Yogo (2005).  Reproduced by permission.
NB: Critical values are for Cragg-Donald F statistic and i.i.d. errors.
------------------------------------------------------------------------------
Hansen J statistic (overidentification test of all instruments):         0.000
                                                 (equation exactly identified)
------------------------------------------------------------------------------
Instrumented:         var3 var5
Included instruments: var4
Excluded instruments: var6 var7
Partialled-out:       _cons
                      nb: total SS, model F and R2s are after partialling-out;
                          any small-sample adjustments include partialled-out
                          variables in regressor count K
------------------------------------------------------------------------------

Absorbed degrees of freedom:
-----------------------------------------------------------+
       Absorbed FE | Categories  - Redundant  = Num. Coefs |
-------------------+---------------------------------------|
   firm_id#user_id |     11204       11204           0    *|
                yh |        11           1          10     |
-----------------------------------------------------------+
* = FE nested within cluster; treated as redundant for DoF computation

. 
. postclose handle

. use `out', clear

. export delimited using "`result_dir'/var5_modal_base.csv", replace
file ../results/raw/het_modal_base_precovid/var5_modal_base.csv saved

. 
. log close
      name:  <unnamed>
       log:  /Users/saul/Dropbox/Remote Work Startups/main/src/log/het_modal_base.log
  log type:  text
 closed on:  27 Jun 2025, 07:24:54
-----------------------------------------------------------------------------------------------------------------------------------------
