-----------------------------------------------------------------------------------------------------------------------------------------
      name:  <unnamed>
       log:  /Users/saul/Dropbox/Remote Work Startups/main/src/log/het_growth_base.log
  log type:  text
 opened on:  27 Jun 2025, 07:19:44

. 
. local result_dir "$results/het_growth_base_`panel_variant'"

. cap mkdir "`result_dir'"

. 
. tempfile out

. capture postclose handle

. postfile handle ///
>     str8   bucket       ///  1, 2, 3
>     double coef3 se3 pval3   /// var3 stats
>     double coef5 se5 pval5   /// var5 stats
>     double rkf nobs          /// first‐stage F and N
>     using `out', replace
(file /var/folders/hg/s3xm9w393gxby64_zklmhgbc0000gn/T//S_22469.000005 not found)

. 
. *--------------------------------------------------------------*
. *  Loop over growth buckets, run base-spec IV                  *
. *--------------------------------------------------------------*
. foreach g in 1 2 3{
  2. 
.     di as text "=== growth bucket `g' ==="
  3. 
.     ivreghdfe total_contributions_q100                 ///
>         (var3 var5 = var6 var7) var4                  ///
>         if lg_tile == `g',                             ///
>         absorb(firm_id#user_id yh) vce(cluster user_id) savefirst
  4. 
.     // compute stats for var3
.     local b3   = _b[var3]
  5.     local se3  = _se[var3]
  6.     local p3   = 2*ttail(e(df_r), abs(`b3'/`se3'))
  7. 
.     // compute stats for var5
.     local b5   = _b[var5]
  8.     local se5  = _se[var5]
  9.     local p5   = 2*ttail(e(df_r), abs(`b5'/`se5'))
 10. 
.     post handle ("`g'") ///
>         (`b3') (`se3') (`p3') ///
>         (`b5') (`se5') (`p5') ///
>         (e(rkf)) (e(N))
 11. 
. }
=== growth bucket 1 ===
(dropped 9741 singleton observations)
(MWFE estimator converged in 9 iterations)

Stored estimation results
-------------------------
---------------------------------------------------------------------------
             |           Dependent  Number of        
        Name | Command    variable     param.  Title 
-------------+-------------------------------------------------------------
_ivreg2_var3 | ivreg2         var3          3  First-stage regression: var3
_ivreg2_var5 | ivreg2         var5          3  First-stage regression: var5
---------------------------------------------------------------------------

IV (2SLS) estimation
--------------------

Estimates efficient for homoskedasticity only
Statistics robust to heteroskedasticity and clustering on user_id

Number of clusters (user_id) =   11369                Number of obs =    37257
                                                      F(  3, 11368) =    12.73
                                                      Prob > F      =   0.0000
Total (centered) SS     =  7831345.421                Centered R2   =  -0.0167
Total (uncentered) SS   =  7831345.421                Uncentered R2 =  -0.0167
Residual SS             =  7961793.457                Root MSE      =    14.62

------------------------------------------------------------------------------
             |               Robust
total_co~100 | Coefficient  std. err.      t    P>|t|     [95% conf. interval]
-------------+----------------------------------------------------------------
        var3 |  -21.85703   8.410977    -2.60   0.009      -38.344    -5.37006
        var5 |   16.93107   9.557537     1.77   0.077    -1.803357    35.66549
        var4 |  -14.18425   6.581117    -2.16   0.031    -27.08438   -1.284125
------------------------------------------------------------------------------
Underidentification test (Kleibergen-Paap rk LM statistic):             59.470
                                                   Chi-sq(1) P-val =    0.0000
------------------------------------------------------------------------------
Weak identification test (Cragg-Donald Wald F statistic):              356.851
                         (Kleibergen-Paap rk Wald F statistic):         30.482
Stock-Yogo weak ID test critical values: 10% maximal IV size              7.03
                                         15% maximal IV size              4.58
                                         20% maximal IV size              3.95
                                         25% maximal IV size              3.63
Source: Stock-Yogo (2005).  Reproduced by permission.
NB: Critical values are for Cragg-Donald F statistic and i.i.d. errors.
------------------------------------------------------------------------------
Hansen J statistic (overidentification test of all instruments):         0.000
                                                 (equation exactly identified)
------------------------------------------------------------------------------
Instrumented:         var3 var5
Included instruments: var4
Excluded instruments: var6 var7
Partialled-out:       _cons
                      nb: total SS, model F and R2s are after partialling-out;
                          any small-sample adjustments include partialled-out
                          variables in regressor count K
------------------------------------------------------------------------------

Absorbed degrees of freedom:
-----------------------------------------------------------+
       Absorbed FE | Categories  - Redundant  = Num. Coefs |
-------------------+---------------------------------------|
   firm_id#user_id |     11665       11665           0    *|
                yh |        11           1          10     |
-----------------------------------------------------------+
* = FE nested within cluster; treated as redundant for DoF computation
=== growth bucket 2 ===
(dropped 11707 singleton observations)
(MWFE estimator converged in 9 iterations)

Stored estimation results
-------------------------
---------------------------------------------------------------------------
             |           Dependent  Number of        
        Name | Command    variable     param.  Title 
-------------+-------------------------------------------------------------
_ivreg2_var3 | ivreg2         var3          3  First-stage regression: var3
_ivreg2_var5 | ivreg2         var5          3  First-stage regression: var5
---------------------------------------------------------------------------

IV (2SLS) estimation
--------------------

Estimates efficient for homoskedasticity only
Statistics robust to heteroskedasticity and clustering on user_id

Number of clusters (user_id) =   23487                Number of obs =    96910
                                                      F(  3, 23486) =     0.45
                                                      Prob > F      =   0.7182
Total (centered) SS     =  23625731.41                Centered R2   =  -2.4574
Total (uncentered) SS   =  23625731.41                Uncentered R2 =  -2.4574
Residual SS             =  81682662.81                Root MSE      =    29.03

------------------------------------------------------------------------------
             |               Robust
total_co~100 | Coefficient  std. err.      t    P>|t|     [95% conf. interval]
-------------+----------------------------------------------------------------
        var3 |  -227.0779   560.1744    -0.41   0.685    -1325.056    870.9004
        var5 |   250.6139   572.8785     0.44   0.662    -872.2652    1373.493
        var4 |  -154.1588    341.427    -0.45   0.652    -823.3779    515.0604
------------------------------------------------------------------------------
Underidentification test (Kleibergen-Paap rk LM statistic):              0.181
                                                   Chi-sq(1) P-val =    0.6703
------------------------------------------------------------------------------
Weak identification test (Cragg-Donald Wald F statistic):                0.894
                         (Kleibergen-Paap rk Wald F statistic):          0.090
Stock-Yogo weak ID test critical values: 10% maximal IV size              7.03
                                         15% maximal IV size              4.58
                                         20% maximal IV size              3.95
                                         25% maximal IV size              3.63
Source: Stock-Yogo (2005).  Reproduced by permission.
NB: Critical values are for Cragg-Donald F statistic and i.i.d. errors.
------------------------------------------------------------------------------
Hansen J statistic (overidentification test of all instruments):         0.000
                                                 (equation exactly identified)
------------------------------------------------------------------------------
Instrumented:         var3 var5
Included instruments: var4
Excluded instruments: var6 var7
Partialled-out:       _cons
                      nb: total SS, model F and R2s are after partialling-out;
                          any small-sample adjustments include partialled-out
                          variables in regressor count K
------------------------------------------------------------------------------

Absorbed degrees of freedom:
-----------------------------------------------------------+
       Absorbed FE | Categories  - Redundant  = Num. Coefs |
-------------------+---------------------------------------|
   firm_id#user_id |     25043       25043           0    *|
                yh |        11           1          10     |
-----------------------------------------------------------+
* = FE nested within cluster; treated as redundant for DoF computation
=== growth bucket 3 ===
(dropped 10154 singleton observations)
(MWFE estimator converged in 9 iterations)

Stored estimation results
-------------------------
---------------------------------------------------------------------------
             |           Dependent  Number of        
        Name | Command    variable     param.  Title 
-------------+-------------------------------------------------------------
_ivreg2_var3 | ivreg2         var3          3  First-stage regression: var3
_ivreg2_var5 | ivreg2         var5          3  First-stage regression: var5
---------------------------------------------------------------------------

IV (2SLS) estimation
--------------------

Estimates efficient for homoskedasticity only
Statistics robust to heteroskedasticity and clustering on user_id

Number of clusters (user_id) =   15776                Number of obs =    65502
                                                      F(  3, 15775) =     0.32
                                                      Prob > F      =   0.8124
Total (centered) SS     =  13687828.61                Centered R2   =  -0.0014
Total (uncentered) SS   =  13687828.61                Uncentered R2 =  -0.0014
Residual SS             =  13706696.48                Root MSE      =    14.47

------------------------------------------------------------------------------
             |               Robust
total_co~100 | Coefficient  std. err.      t    P>|t|     [95% conf. interval]
-------------+----------------------------------------------------------------
        var3 |   .7712494   4.152664     0.19   0.853    -7.368448    8.910946
        var5 |  -6.070445   6.904115    -0.88   0.379     -19.6033    7.462409
        var4 |   5.106077   5.774295     0.88   0.377    -6.212201    16.42436
------------------------------------------------------------------------------
Underidentification test (Kleibergen-Paap rk LM statistic):             66.499
                                                   Chi-sq(1) P-val =    0.0000
------------------------------------------------------------------------------
Weak identification test (Cragg-Donald Wald F statistic):             1939.516
                         (Kleibergen-Paap rk Wald F statistic):         51.622
Stock-Yogo weak ID test critical values: 10% maximal IV size              7.03
                                         15% maximal IV size              4.58
                                         20% maximal IV size              3.95
                                         25% maximal IV size              3.63
Source: Stock-Yogo (2005).  Reproduced by permission.
NB: Critical values are for Cragg-Donald F statistic and i.i.d. errors.
------------------------------------------------------------------------------
Hansen J statistic (overidentification test of all instruments):         0.000
                                                 (equation exactly identified)
------------------------------------------------------------------------------
Instrumented:         var3 var5
Included instruments: var4
Excluded instruments: var6 var7
Partialled-out:       _cons
                      nb: total SS, model F and R2s are after partialling-out;
                          any small-sample adjustments include partialled-out
                          variables in regressor count K
------------------------------------------------------------------------------

Absorbed degrees of freedom:
-----------------------------------------------------------+
       Absorbed FE | Categories  - Redundant  = Num. Coefs |
-------------------+---------------------------------------|
   firm_id#user_id |     16836       16836           0    *|
                yh |        11           1          10     |
-----------------------------------------------------------+
* = FE nested within cluster; treated as redundant for DoF computation

. 
. postclose handle

. use `out', clear

. export delimited using "`result_dir'/var5_growth_base.csv", replace
file ../results/raw/het_growth_base_precovid/var5_growth_base.csv saved

. 
. log close
      name:  <unnamed>
       log:  /Users/saul/Dropbox/Remote Work Startups/main/src/log/het_growth_base.log
  log type:  text
 closed on:  27 Jun 2025, 07:20:03
-----------------------------------------------------------------------------------------------------------------------------------------
