-----------------------------------------------------------------------------------------------------------------------------------------
      name:  <unnamed>
       log:  /Users/saul/Dropbox/Remote Work Startups/main/src/log/post_het_growth_base.log
  log type:  text
 opened on:  27 Jun 2025, 07:25:27

. 
. local result_dir "$results/post_growth_base_`panel_variant'"

. cap mkdir "`result_dir'"

. 
. tempfile out

. capture postclose handle

. postfile handle ///
>     str8   bucket       ///  1, 2, 3
>     double coef3 se3 pval3   /// var3 stats
>     double coef5 se5 pval5   /// var5 stats
>     double rkf nobs          /// firstâ€stage F and N
>     using `out', replace
(file /var/folders/hg/s3xm9w393gxby64_zklmhgbc0000gn/T//S_22469.000005 not found)

. 
. *--------------------------------------------------------------*
. *  Loop over growth buckets, run base-spec IV                  *
. *--------------------------------------------------------------*
. foreach g in 1 2 3{
  2. 
.     di as text "=== growth bucket `g' ==="
  3. 
.     ivreghdfe total_contributions_q100                 ///
>         (var3 var5 = var6 var7) var4                  ///
>         if lg_tile == `g',                             ///
>         absorb(firm_id#user_id yh) vce(cluster user_id) savefirst
  4. 
.     // compute stats for var3
.     local b3   = _b[var3]
  5.     local se3  = _se[var3]
  6.     local p3   = 2*ttail(e(df_r), abs(`b3'/`se3'))
  7. 
.     // compute stats for var5
.     local b5   = _b[var5]
  8.     local se5  = _se[var5]
  9.     local p5   = 2*ttail(e(df_r), abs(`b5'/`se5'))
 10. 
.     post handle ("`g'") ///
>         (`b3') (`se3') (`p3') ///
>         (`b5') (`se5') (`p5') ///
>         (e(rkf)) (e(N))
 11. 
. }
=== growth bucket 1 ===
(dropped 1623 singleton observations)
(MWFE estimator converged in 8 iterations)

Stored estimation results
-------------------------
---------------------------------------------------------------------------
             |           Dependent  Number of        
        Name | Command    variable     param.  Title 
-------------+-------------------------------------------------------------
_ivreg2_var3 | ivreg2         var3          3  First-stage regression: var3
_ivreg2_var5 | ivreg2         var5          3  First-stage regression: var5
---------------------------------------------------------------------------

IV (2SLS) estimation
--------------------

Estimates efficient for homoskedasticity only
Statistics robust to heteroskedasticity and clustering on user_id

Number of clusters (user_id) =    8987                Number of obs =    45951
                                                      F(  3,  8986) =     3.80
                                                      Prob > F      =   0.0098
Total (centered) SS     =  11909607.55                Centered R2   =  -0.0145
Total (uncentered) SS   =  11909607.55                Uncentered R2 =  -0.0145
Residual SS             =  12081984.95                Root MSE      =    16.22

------------------------------------------------------------------------------
             |               Robust
total_co~100 | Coefficient  std. err.      t    P>|t|     [95% conf. interval]
-------------+----------------------------------------------------------------
        var3 |  -16.39788    7.90596    -2.07   0.038    -31.89537   -.9003953
        var5 |  -17.30331   21.48006    -0.81   0.421    -59.40912     24.8025
        var4 |   13.98879   16.61485     0.84   0.400    -18.58011    46.55768
------------------------------------------------------------------------------
Underidentification test (Kleibergen-Paap rk LM statistic):             55.005
                                                   Chi-sq(1) P-val =    0.0000
------------------------------------------------------------------------------
Weak identification test (Cragg-Donald Wald F statistic):              412.510
                         (Kleibergen-Paap rk Wald F statistic):         29.488
Stock-Yogo weak ID test critical values: 10% maximal IV size              7.03
                                         15% maximal IV size              4.58
                                         20% maximal IV size              3.95
                                         25% maximal IV size              3.63
Source: Stock-Yogo (2005).  Reproduced by permission.
NB: Critical values are for Cragg-Donald F statistic and i.i.d. errors.
------------------------------------------------------------------------------
Hansen J statistic (overidentification test of all instruments):         0.000
                                                 (equation exactly identified)
------------------------------------------------------------------------------
Instrumented:         var3 var5
Included instruments: var4
Excluded instruments: var6 var7
Partialled-out:       _cons
                      nb: total SS, model F and R2s are after partialling-out;
                          any small-sample adjustments include partialled-out
                          variables in regressor count K
------------------------------------------------------------------------------

Absorbed degrees of freedom:
-----------------------------------------------------------+
       Absorbed FE | Categories  - Redundant  = Num. Coefs |
-------------------+---------------------------------------|
   firm_id#user_id |      9363        9363           0    *|
                yh |        11           1          10     |
-----------------------------------------------------------+
* = FE nested within cluster; treated as redundant for DoF computation
=== growth bucket 2 ===
(dropped 3026 singleton observations)
(MWFE estimator converged in 8 iterations)

Stored estimation results
-------------------------
---------------------------------------------------------------------------
             |           Dependent  Number of        
        Name | Command    variable     param.  Title 
-------------+-------------------------------------------------------------
_ivreg2_var3 | ivreg2         var3          3  First-stage regression: var3
_ivreg2_var5 | ivreg2         var5          3  First-stage regression: var5
---------------------------------------------------------------------------

IV (2SLS) estimation
--------------------

Estimates efficient for homoskedasticity only
Statistics robust to heteroskedasticity and clustering on user_id

Number of clusters (user_id) =   19465                Number of obs =   112354
                                                      F(  3, 19464) =     4.41
                                                      Prob > F      =   0.0042
Total (centered) SS     =  29815976.52                Centered R2   =  -0.0024
Total (uncentered) SS   =  29815976.52                Uncentered R2 =  -0.0024
Residual SS             =  29888884.69                Root MSE      =    16.31

------------------------------------------------------------------------------
             |               Robust
total_co~100 | Coefficient  std. err.      t    P>|t|     [95% conf. interval]
-------------+----------------------------------------------------------------
        var3 |   6.876435   18.37072     0.37   0.708    -29.13176    42.88463
        var5 |  -1.171726   18.73753    -0.06   0.950    -37.89888    35.55543
        var4 |  -2.620163   11.64924    -0.22   0.822    -25.45367    20.21334
------------------------------------------------------------------------------
Underidentification test (Kleibergen-Paap rk LM statistic):             11.474
                                                   Chi-sq(1) P-val =    0.0007
------------------------------------------------------------------------------
Weak identification test (Cragg-Donald Wald F statistic):               83.153
                         (Kleibergen-Paap rk Wald F statistic):          5.772
Stock-Yogo weak ID test critical values: 10% maximal IV size              7.03
                                         15% maximal IV size              4.58
                                         20% maximal IV size              3.95
                                         25% maximal IV size              3.63
Source: Stock-Yogo (2005).  Reproduced by permission.
NB: Critical values are for Cragg-Donald F statistic and i.i.d. errors.
------------------------------------------------------------------------------
Hansen J statistic (overidentification test of all instruments):         0.000
                                                 (equation exactly identified)
------------------------------------------------------------------------------
Instrumented:         var3 var5
Included instruments: var4
Excluded instruments: var6 var7
Partialled-out:       _cons
                      nb: total SS, model F and R2s are after partialling-out;
                          any small-sample adjustments include partialled-out
                          variables in regressor count K
------------------------------------------------------------------------------

Absorbed degrees of freedom:
-----------------------------------------------------------+
       Absorbed FE | Categories  - Redundant  = Num. Coefs |
-------------------+---------------------------------------|
   firm_id#user_id |     21092       21092           0    *|
                yh |        11           1          10     |
-----------------------------------------------------------+
* = FE nested within cluster; treated as redundant for DoF computation
=== growth bucket 3 ===
(dropped 1948 singleton observations)
(MWFE estimator converged in 8 iterations)

Stored estimation results
-------------------------
---------------------------------------------------------------------------
             |           Dependent  Number of        
        Name | Command    variable     param.  Title 
-------------+-------------------------------------------------------------
_ivreg2_var3 | ivreg2         var3          3  First-stage regression: var3
_ivreg2_var5 | ivreg2         var5          3  First-stage regression: var5
---------------------------------------------------------------------------

IV (2SLS) estimation
--------------------

Estimates efficient for homoskedasticity only
Statistics robust to heteroskedasticity and clustering on user_id

Number of clusters (user_id) =   11366                Number of obs =    66403
                                                      F(  3, 11365) =     0.95
                                                      Prob > F      =   0.4170
Total (centered) SS     =  14911070.85                Centered R2   =  -0.0021
Total (uncentered) SS   =  14911070.85                Uncentered R2 =  -0.0021
Residual SS             =  14941833.24                Root MSE      =       15

------------------------------------------------------------------------------
             |               Robust
total_co~100 | Coefficient  std. err.      t    P>|t|     [95% conf. interval]
-------------+----------------------------------------------------------------
        var3 |  -4.275063    3.54613    -1.21   0.228    -11.22609    2.675964
        var5 |  -.1577791   7.518516    -0.02   0.983    -14.89537    14.57981
        var4 |  -.0606032   6.371792    -0.01   0.992    -12.55042    12.42921
------------------------------------------------------------------------------
Underidentification test (Kleibergen-Paap rk LM statistic):             46.346
                                                   Chi-sq(1) P-val =    0.0000
------------------------------------------------------------------------------
Weak identification test (Cragg-Donald Wald F statistic):             1254.807
                         (Kleibergen-Paap rk Wald F statistic):         28.779
Stock-Yogo weak ID test critical values: 10% maximal IV size              7.03
                                         15% maximal IV size              4.58
                                         20% maximal IV size              3.95
                                         25% maximal IV size              3.63
Source: Stock-Yogo (2005).  Reproduced by permission.
NB: Critical values are for Cragg-Donald F statistic and i.i.d. errors.
------------------------------------------------------------------------------
Hansen J statistic (overidentification test of all instruments):         0.000
                                                 (equation exactly identified)
------------------------------------------------------------------------------
Instrumented:         var3 var5
Included instruments: var4
Excluded instruments: var6 var7
Partialled-out:       _cons
                      nb: total SS, model F and R2s are after partialling-out;
                          any small-sample adjustments include partialled-out
                          variables in regressor count K
------------------------------------------------------------------------------

Absorbed degrees of freedom:
-----------------------------------------------------------+
       Absorbed FE | Categories  - Redundant  = Num. Coefs |
-------------------+---------------------------------------|
   firm_id#user_id |     12255       12255           0    *|
                yh |        11           1          10     |
-----------------------------------------------------------+
* = FE nested within cluster; treated as redundant for DoF computation

. 
. postclose handle

. use `out', clear

. export delimited using "`result_dir'/var5_growth_base.csv", replace
(file ../results/raw/post_growth_base_precovid/var5_growth_base.csv not found)
file ../results/raw/post_growth_base_precovid/var5_growth_base.csv saved

. 
. log close
      name:  <unnamed>
       log:  /Users/saul/Dropbox/Remote Work Startups/main/src/log/post_het_growth_base.log
  log type:  text
 closed on:  27 Jun 2025, 07:25:43
-----------------------------------------------------------------------------------------------------------------------------------------
