---------------------------------------------------------------------------------------------------------------------------------
      name:  <unnamed>
       log:  /Users/saul/Dropbox/Remote Work Startups/main/src/log/user_mechanisms_lean_precovid.log
  log type:  text
 opened on:  11 Jul 2025, 11:43:08

. 
. 
. // 1) Globals + setup
. do "../src/globals.do"

. global raw_data "../data/raw"

. global processed_data  "../data/processed"

. global results "../results/raw"

. global clean_results "../results/cleaned"

. 
. 
. 
. 
. 
end of do-file

. local result_dir "$results/`specname'"

. capture mkdir "`result_dir'"

. 
. // 1) Load & prepare once
. use "$processed_data/user_panel_`panel_variant'.dta", clear

. gen seniority_4 = !inrange(seniority_levels,1,3)

. 
. 
. 
. 
. 
. preserve

. 
. 
. args panel_variant

. if "`panel_variant'" == "" local panel_variant "precovid"

. 
. 
. use "$processed_data/user_panel_`panel_variant'.dta", clear

. collapse (last) industry (last) company_msa (last) hqcity (last) hqstate, by(companyname)

. keep companyname industry company_msa

. tempfile industries

. save `industries', replace
(file /var/folders/hg/s3xm9w393gxby64_zklmhgbc0000gn/T//S_20662.000002 not found)
file /var/folders/hg/s3xm9w393gxby64_zklmhgbc0000gn/T//S_20662.000002 saved as .dta format

. 
. 
. 
. import delimited "$processed_data/Scoop_Positions_Firm_Collapse2.csv", clear
(encoding automatically selected: ISO-8859-1)
(6 vars, 323,675 obs)

. drop v1

. 
. gen date_numeric = date(date, "YMD")

. drop date

. rename date_numeric date

. format date %td

. 
. gen yh = hofd(date)

. gen year = yofd(date)

. format yh %th

. 
. 
. drop if date == 22797
(4,345 observations deleted)

. gen byte covid = yh >= 120     

. 
. merge m:1 companyname using `industries', nogenerate   

    Result                      Number of obs
    -----------------------------------------
    Not matched                       151,372
        from master                   151,372  
        from using                          0  

    Matched                           167,958  
    -----------------------------------------

. 
. 
. 
. collapse (last) total_employees date (sum) join leave (last) covid, by(yh industry)

. 
. 
. 
. encode companyname, gen(company_numeric)
variable companyname not found
r(111);

end of do-file

r(111);

. do "/var/folders/hg/s3xm9w393gxby64_zklmhgbc0000gn/T//SD20662.000000"

. *============================================================*
. * do/user_mechanisms_regressions.do
. *  â€” Automated export of OLS, IV & first-stage F's
. *    across 8 specification columns
. *============================================================*
. 
. capture log close
